[0.004s] Invoking command in '/home/zhang/self_project/arm_study_ws/build/rebot_moveit_configuration': AMENT_PREFIX_PATH=/home/zhang/self_project/arm_study_ws/install/rebot_description:${AMENT_PREFIX_PATH} CMAKE_PREFIX_PATH=/home/zhang/self_project/arm_study_ws/install/rebot_description:/opt/ros/jazzy/opt/gz_sim_vendor:/opt/ros/jazzy/opt/gz_sensors_vendor:/opt/ros/jazzy/opt/gz_physics_vendor:/opt/ros/jazzy/opt/sdformat_vendor:/opt/ros/jazzy/opt/gz_gui_vendor:/opt/ros/jazzy/opt/gz_transport_vendor:/opt/ros/jazzy/opt/gz_rendering_vendor:/opt/ros/jazzy/opt/gz_plugin_vendor:/opt/ros/jazzy/opt/gz_fuel_tools_vendor:/opt/ros/jazzy/opt/gz_msgs_vendor:/opt/ros/jazzy/opt/gz_common_vendor:/opt/ros/jazzy/opt/gz_math_vendor:/opt/ros/jazzy/opt/gz_utils_vendor:/opt/ros/jazzy/opt/gz_tools_vendor:/opt/ros/jazzy/opt/gz_ogre_next_vendor:/opt/ros/jazzy/opt/gz_dartsim_vendor:/opt/ros/jazzy/opt/gz_cmake_vendor:/opt/ros/jazzy DEBUGINFOD_URLS=https://debuginfod.ubuntu.com /usr/bin/cmake /home/zhang/self_project/arm_study_ws/src/rebot_moveit_configuration -DCMAKE_INSTALL_PREFIX=/home/zhang/self_project/arm_study_ws/install/rebot_moveit_configuration
[0.038s] -- The C compiler identification is GNU 13.3.0
[0.071s] -- The CXX compiler identification is GNU 13.3.0
[0.080s] -- Detecting C compiler ABI info
[0.131s] -- Detecting C compiler ABI info - done
[0.137s] -- Check for working C compiler: /usr/bin/cc - skipped
[0.137s] -- Detecting C compile features
[0.137s] -- Detecting C compile features - done
[0.142s] -- Detecting CXX compiler ABI info
[0.200s] -- Detecting CXX compiler ABI info - done
[0.206s] -- Check for working CXX compiler: /usr/bin/c++ - skipped
[0.206s] -- Detecting CXX compile features
[0.206s] -- Detecting CXX compile features - done
[0.208s] -- Found ament_cmake: 2.5.4 (/opt/ros/jazzy/share/ament_cmake/cmake)
[0.298s] -- Found Python3: /usr/bin/python3 (found version "3.12.3") found components: Interpreter 
[0.418s] -- Configuring done (0.4s)
[0.419s] -- Generating done (0.0s)
[0.420s] -- Build files have been written to: /home/zhang/self_project/arm_study_ws/build/rebot_moveit_configuration
[0.423s] Invoked command in '/home/zhang/self_project/arm_study_ws/build/rebot_moveit_configuration' returned '0': AMENT_PREFIX_PATH=/home/zhang/self_project/arm_study_ws/install/rebot_description:${AMENT_PREFIX_PATH} CMAKE_PREFIX_PATH=/home/zhang/self_project/arm_study_ws/install/rebot_description:/opt/ros/jazzy/opt/gz_sim_vendor:/opt/ros/jazzy/opt/gz_sensors_vendor:/opt/ros/jazzy/opt/gz_physics_vendor:/opt/ros/jazzy/opt/sdformat_vendor:/opt/ros/jazzy/opt/gz_gui_vendor:/opt/ros/jazzy/opt/gz_transport_vendor:/opt/ros/jazzy/opt/gz_rendering_vendor:/opt/ros/jazzy/opt/gz_plugin_vendor:/opt/ros/jazzy/opt/gz_fuel_tools_vendor:/opt/ros/jazzy/opt/gz_msgs_vendor:/opt/ros/jazzy/opt/gz_common_vendor:/opt/ros/jazzy/opt/gz_math_vendor:/opt/ros/jazzy/opt/gz_utils_vendor:/opt/ros/jazzy/opt/gz_tools_vendor:/opt/ros/jazzy/opt/gz_ogre_next_vendor:/opt/ros/jazzy/opt/gz_dartsim_vendor:/opt/ros/jazzy/opt/gz_cmake_vendor:/opt/ros/jazzy DEBUGINFOD_URLS=https://debuginfod.ubuntu.com /usr/bin/cmake /home/zhang/self_project/arm_study_ws/src/rebot_moveit_configuration -DCMAKE_INSTALL_PREFIX=/home/zhang/self_project/arm_study_ws/install/rebot_moveit_configuration
[0.424s] Invoking command in '/home/zhang/self_project/arm_study_ws/build/rebot_moveit_configuration': AMENT_PREFIX_PATH=/home/zhang/self_project/arm_study_ws/install/rebot_description:${AMENT_PREFIX_PATH} CMAKE_PREFIX_PATH=/home/zhang/self_project/arm_study_ws/install/rebot_description:/opt/ros/jazzy/opt/gz_sim_vendor:/opt/ros/jazzy/opt/gz_sensors_vendor:/opt/ros/jazzy/opt/gz_physics_vendor:/opt/ros/jazzy/opt/sdformat_vendor:/opt/ros/jazzy/opt/gz_gui_vendor:/opt/ros/jazzy/opt/gz_transport_vendor:/opt/ros/jazzy/opt/gz_rendering_vendor:/opt/ros/jazzy/opt/gz_plugin_vendor:/opt/ros/jazzy/opt/gz_fuel_tools_vendor:/opt/ros/jazzy/opt/gz_msgs_vendor:/opt/ros/jazzy/opt/gz_common_vendor:/opt/ros/jazzy/opt/gz_math_vendor:/opt/ros/jazzy/opt/gz_utils_vendor:/opt/ros/jazzy/opt/gz_tools_vendor:/opt/ros/jazzy/opt/gz_ogre_next_vendor:/opt/ros/jazzy/opt/gz_dartsim_vendor:/opt/ros/jazzy/opt/gz_cmake_vendor:/opt/ros/jazzy DEBUGINFOD_URLS=https://debuginfod.ubuntu.com /usr/bin/cmake --build /home/zhang/self_project/arm_study_ws/build/rebot_moveit_configuration -- -j20 -l20
[0.447s] Invoked command in '/home/zhang/self_project/arm_study_ws/build/rebot_moveit_configuration' returned '0': AMENT_PREFIX_PATH=/home/zhang/self_project/arm_study_ws/install/rebot_description:${AMENT_PREFIX_PATH} CMAKE_PREFIX_PATH=/home/zhang/self_project/arm_study_ws/install/rebot_description:/opt/ros/jazzy/opt/gz_sim_vendor:/opt/ros/jazzy/opt/gz_sensors_vendor:/opt/ros/jazzy/opt/gz_physics_vendor:/opt/ros/jazzy/opt/sdformat_vendor:/opt/ros/jazzy/opt/gz_gui_vendor:/opt/ros/jazzy/opt/gz_transport_vendor:/opt/ros/jazzy/opt/gz_rendering_vendor:/opt/ros/jazzy/opt/gz_plugin_vendor:/opt/ros/jazzy/opt/gz_fuel_tools_vendor:/opt/ros/jazzy/opt/gz_msgs_vendor:/opt/ros/jazzy/opt/gz_common_vendor:/opt/ros/jazzy/opt/gz_math_vendor:/opt/ros/jazzy/opt/gz_utils_vendor:/opt/ros/jazzy/opt/gz_tools_vendor:/opt/ros/jazzy/opt/gz_ogre_next_vendor:/opt/ros/jazzy/opt/gz_dartsim_vendor:/opt/ros/jazzy/opt/gz_cmake_vendor:/opt/ros/jazzy DEBUGINFOD_URLS=https://debuginfod.ubuntu.com /usr/bin/cmake --build /home/zhang/self_project/arm_study_ws/build/rebot_moveit_configuration -- -j20 -l20
[0.448s] Invoking command in '/home/zhang/self_project/arm_study_ws/build/rebot_moveit_configuration': AMENT_PREFIX_PATH=/home/zhang/self_project/arm_study_ws/install/rebot_description:${AMENT_PREFIX_PATH} CMAKE_PREFIX_PATH=/home/zhang/self_project/arm_study_ws/install/rebot_description:/opt/ros/jazzy/opt/gz_sim_vendor:/opt/ros/jazzy/opt/gz_sensors_vendor:/opt/ros/jazzy/opt/gz_physics_vendor:/opt/ros/jazzy/opt/sdformat_vendor:/opt/ros/jazzy/opt/gz_gui_vendor:/opt/ros/jazzy/opt/gz_transport_vendor:/opt/ros/jazzy/opt/gz_rendering_vendor:/opt/ros/jazzy/opt/gz_plugin_vendor:/opt/ros/jazzy/opt/gz_fuel_tools_vendor:/opt/ros/jazzy/opt/gz_msgs_vendor:/opt/ros/jazzy/opt/gz_common_vendor:/opt/ros/jazzy/opt/gz_math_vendor:/opt/ros/jazzy/opt/gz_utils_vendor:/opt/ros/jazzy/opt/gz_tools_vendor:/opt/ros/jazzy/opt/gz_ogre_next_vendor:/opt/ros/jazzy/opt/gz_dartsim_vendor:/opt/ros/jazzy/opt/gz_cmake_vendor:/opt/ros/jazzy DEBUGINFOD_URLS=https://debuginfod.ubuntu.com /usr/bin/cmake --install /home/zhang/self_project/arm_study_ws/build/rebot_moveit_configuration
[0.452s] -- Install configuration: ""
[0.452s] -- Installing: /home/zhang/self_project/arm_study_ws/install/rebot_moveit_configuration/share/ament_index/resource_index/package_run_dependencies/rebot_moveit_configuration
[0.452s] -- Installing: /home/zhang/self_project/arm_study_ws/install/rebot_moveit_configuration/share/ament_index/resource_index/parent_prefix_path/rebot_moveit_configuration
[0.452s] -- Installing: /home/zhang/self_project/arm_study_ws/install/rebot_moveit_configuration/share/rebot_moveit_configuration/environment/ament_prefix_path.sh
[0.453s] -- Installing: /home/zhang/self_project/arm_study_ws/install/rebot_moveit_configuration/share/rebot_moveit_configuration/environment/ament_prefix_path.dsv
[0.453s] -- Installing: /home/zhang/self_project/arm_study_ws/install/rebot_moveit_configuration/share/rebot_moveit_configuration/environment/path.sh
[0.453s] -- Installing: /home/zhang/self_project/arm_study_ws/install/rebot_moveit_configuration/share/rebot_moveit_configuration/environment/path.dsv
[0.453s] -- Installing: /home/zhang/self_project/arm_study_ws/install/rebot_moveit_configuration/share/rebot_moveit_configuration/local_setup.bash
[0.453s] -- Installing: /home/zhang/self_project/arm_study_ws/install/rebot_moveit_configuration/share/rebot_moveit_configuration/local_setup.sh
[0.453s] -- Installing: /home/zhang/self_project/arm_study_ws/install/rebot_moveit_configuration/share/rebot_moveit_configuration/local_setup.zsh
[0.453s] -- Installing: /home/zhang/self_project/arm_study_ws/install/rebot_moveit_configuration/share/rebot_moveit_configuration/local_setup.dsv
[0.453s] -- Installing: /home/zhang/self_project/arm_study_ws/install/rebot_moveit_configuration/share/rebot_moveit_configuration/package.dsv
[0.453s] -- Installing: /home/zhang/self_project/arm_study_ws/install/rebot_moveit_configuration/share/ament_index/resource_index/packages/rebot_moveit_configuration
[0.453s] -- Installing: /home/zhang/self_project/arm_study_ws/install/rebot_moveit_configuration/share/rebot_moveit_configuration/cmake/rebot_moveit_configurationConfig.cmake
[0.453s] -- Installing: /home/zhang/self_project/arm_study_ws/install/rebot_moveit_configuration/share/rebot_moveit_configuration/cmake/rebot_moveit_configurationConfig-version.cmake
[0.453s] -- Installing: /home/zhang/self_project/arm_study_ws/install/rebot_moveit_configuration/share/rebot_moveit_configuration/package.xml
[0.453s] -- Installing: /home/zhang/self_project/arm_study_ws/install/rebot_moveit_configuration/share/rebot_moveit_configuration/launch
[0.453s] -- Installing: /home/zhang/self_project/arm_study_ws/install/rebot_moveit_configuration/share/rebot_moveit_configuration/launch/demo.launch.py
[0.453s] -- Installing: /home/zhang/self_project/arm_study_ws/install/rebot_moveit_configuration/share/rebot_moveit_configuration/launch/rsp.launch.py
[0.453s] -- Installing: /home/zhang/self_project/arm_study_ws/install/rebot_moveit_configuration/share/rebot_moveit_configuration/launch/warehouse_db.launch.py
[0.453s] -- Installing: /home/zhang/self_project/arm_study_ws/install/rebot_moveit_configuration/share/rebot_moveit_configuration/launch/moveit_rviz.launch.py
[0.453s] -- Installing: /home/zhang/self_project/arm_study_ws/install/rebot_moveit_configuration/share/rebot_moveit_configuration/launch/setup_assistant.launch.py
[0.453s] -- Installing: /home/zhang/self_project/arm_study_ws/install/rebot_moveit_configuration/share/rebot_moveit_configuration/launch/spawn_controllers.launch.py
[0.453s] -- Installing: /home/zhang/self_project/arm_study_ws/install/rebot_moveit_configuration/share/rebot_moveit_configuration/launch/rebot_rviz.launch.py
[0.453s] -- Installing: /home/zhang/self_project/arm_study_ws/install/rebot_moveit_configuration/share/rebot_moveit_configuration/launch/static_virtual_joint_tfs.launch.py
[0.453s] -- Installing: /home/zhang/self_project/arm_study_ws/install/rebot_moveit_configuration/share/rebot_moveit_configuration/launch/move_group.launch.py
[0.453s] -- Installing: /home/zhang/self_project/arm_study_ws/install/rebot_moveit_configuration/share/rebot_moveit_configuration/config
[0.454s] -- Installing: /home/zhang/self_project/arm_study_ws/install/rebot_moveit_configuration/share/rebot_moveit_configuration/config/moveit.rviz
[0.454s] -- Installing: /home/zhang/self_project/arm_study_ws/install/rebot_moveit_configuration/share/rebot_moveit_configuration/config/kinematics.yaml
[0.454s] -- Installing: /home/zhang/self_project/arm_study_ws/install/rebot_moveit_configuration/share/rebot_moveit_configuration/config/pilz_cartesian_limits.yaml
[0.454s] -- Installing: /home/zhang/self_project/arm_study_ws/install/rebot_moveit_configuration/share/rebot_moveit_configuration/config/joint_limits.yaml
[0.454s] -- Installing: /home/zhang/self_project/arm_study_ws/install/rebot_moveit_configuration/share/rebot_moveit_configuration/config/reBot_B601_DM_with_gripper.srdf
[0.454s] -- Installing: /home/zhang/self_project/arm_study_ws/install/rebot_moveit_configuration/share/rebot_moveit_configuration/config/moveit_controllers.yaml
[0.454s] -- Installing: /home/zhang/self_project/arm_study_ws/install/rebot_moveit_configuration/share/rebot_moveit_configuration/config/initial_positions.yaml
[0.454s] -- Installing: /home/zhang/self_project/arm_study_ws/install/rebot_moveit_configuration/share/rebot_moveit_configuration/config/ros2_controllers.yaml
[0.454s] -- Installing: /home/zhang/self_project/arm_study_ws/install/rebot_moveit_configuration/share/rebot_moveit_configuration/config/reBot_B601_DM_with_gripper.urdf.xacro
[0.454s] -- Installing: /home/zhang/self_project/arm_study_ws/install/rebot_moveit_configuration/share/rebot_moveit_configuration/config/reBot_B601_DM_with_gripper.ros2_control.xacro
[0.454s] -- Installing: /home/zhang/self_project/arm_study_ws/install/rebot_moveit_configuration/share/rebot_moveit_configuration/.setup_assistant
[0.456s] Invoked command in '/home/zhang/self_project/arm_study_ws/build/rebot_moveit_configuration' returned '0': AMENT_PREFIX_PATH=/home/zhang/self_project/arm_study_ws/install/rebot_description:${AMENT_PREFIX_PATH} CMAKE_PREFIX_PATH=/home/zhang/self_project/arm_study_ws/install/rebot_description:/opt/ros/jazzy/opt/gz_sim_vendor:/opt/ros/jazzy/opt/gz_sensors_vendor:/opt/ros/jazzy/opt/gz_physics_vendor:/opt/ros/jazzy/opt/sdformat_vendor:/opt/ros/jazzy/opt/gz_gui_vendor:/opt/ros/jazzy/opt/gz_transport_vendor:/opt/ros/jazzy/opt/gz_rendering_vendor:/opt/ros/jazzy/opt/gz_plugin_vendor:/opt/ros/jazzy/opt/gz_fuel_tools_vendor:/opt/ros/jazzy/opt/gz_msgs_vendor:/opt/ros/jazzy/opt/gz_common_vendor:/opt/ros/jazzy/opt/gz_math_vendor:/opt/ros/jazzy/opt/gz_utils_vendor:/opt/ros/jazzy/opt/gz_tools_vendor:/opt/ros/jazzy/opt/gz_ogre_next_vendor:/opt/ros/jazzy/opt/gz_dartsim_vendor:/opt/ros/jazzy/opt/gz_cmake_vendor:/opt/ros/jazzy DEBUGINFOD_URLS=https://debuginfod.ubuntu.com /usr/bin/cmake --install /home/zhang/self_project/arm_study_ws/build/rebot_moveit_configuration
