-- Found ament_cmake: 2.5.6 (/opt/ros/jazzy/share/ament_cmake/cmake)
-- Found rclcpp: 28.1.21 (/opt/ros/jazzy/share/rclcpp/cmake)
-- Found rosidl_generator_c: 4.6.9 (/opt/ros/jazzy/share/rosidl_generator_c/cmake)
-- Found rosidl_generator_cpp: 4.6.9 (/opt/ros/jazzy/share/rosidl_generator_cpp/cmake)
-- Using all available rosidl_typesupport_c: rosidl_typesupport_fastrtps_c;rosidl_typesupport_introspection_c
-- Using all available rosidl_typesupport_cpp: rosidl_typesupport_fastrtps_cpp;rosidl_typesupport_introspection_cpp
-- Found rmw_implementation_cmake: 7.3.3 (/opt/ros/jazzy/share/rmw_implementation_cmake/cmake)
-- Found rmw_fastrtps_cpp: 8.4.4 (/opt/ros/jazzy/share/rmw_fastrtps_cpp/cmake)
-- Using RMW implementation 'rmw_fastrtps_cpp' as default
-- Found std_msgs: 5.3.8 (/opt/ros/jazzy/share/std_msgs/cmake)
-- Found sensor_msgs: 5.3.8 (/opt/ros/jazzy/share/sensor_msgs/cmake)
-- Found robot_msgs: 0.0.0 (/home/zme/self_project/rebotArm_mujoco/install/robot_msgs/share/robot_msgs/cmake)
-- pinocchio_default FOUND. pinocchio_default at /usr/local/lib/libpinocchio_default.so
-- pinocchio_parsers FOUND. pinocchio_parsers at /usr/local/lib/libpinocchio_parsers.so
-- pinocchio_casadi FOUND. pinocchio_casadi at /usr/local/lib/libpinocchio_casadi.so
-- boost_filesystem FOUND. boost_filesystem at /usr/lib/x86_64-linux-gnu/libboost_filesystem.so
-- Found Boost: /usr/include (found version "1.83.0") found components: filesystem serialization system 
-- hpp-fcl FOUND. hpp-fcl at /usr/local/lib/libhpp-fcl.so
-- Found Boost: /usr/include (found version "1.83.0") found components: chrono serialization 
-- Default C++ standard: 201703
-- C++ standard sufficient: Minimal required 11, currently defined: 17
-- C++ standard sufficient: Minimal required 11, currently defined: 17
-- Configuring done (2.4s)
-- Generating done (0.0s)
-- Build files have been written to: /home/zme/self_project/rebotArm_mujoco/build/robot_motion
[100%] Built target robot_motion
-- Install configuration: ""
-- Up-to-date: /home/zme/self_project/rebotArm_mujoco/install/robot_motion/lib/librobot_motion.so
-- Up-to-date: /home/zme/self_project/rebotArm_mujoco/install/robot_motion/include
-- Up-to-date: /home/zme/self_project/rebotArm_mujoco/install/robot_motion/include/ik
-- Up-to-date: /home/zme/self_project/rebotArm_mujoco/install/robot_motion/include/ik/pseudo_inverse_ik.hpp
-- Up-to-date: /home/zme/self_project/rebotArm_mujoco/install/robot_motion/share/robot_motion/cmake/robot_motionTargets.cmake
-- Up-to-date: /home/zme/self_project/rebotArm_mujoco/install/robot_motion/share/robot_motion/cmake/robot_motionTargets-noconfig.cmake
-- Installing: /home/zme/self_project/rebotArm_mujoco/install/robot_motion/share/robot_motion/environment/library_path.sh
-- Installing: /home/zme/self_project/rebotArm_mujoco/install/robot_motion/share/robot_motion/environment/library_path.dsv
-- Up-to-date: /home/zme/self_project/rebotArm_mujoco/install/robot_motion/share/ament_index/resource_index/package_run_dependencies/robot_motion
-- Up-to-date: /home/zme/self_project/rebotArm_mujoco/install/robot_motion/share/ament_index/resource_index/parent_prefix_path/robot_motion
-- Up-to-date: /home/zme/self_project/rebotArm_mujoco/install/robot_motion/share/robot_motion/environment/ament_prefix_path.sh
-- Up-to-date: /home/zme/self_project/rebotArm_mujoco/install/robot_motion/share/robot_motion/environment/ament_prefix_path.dsv
-- Up-to-date: /home/zme/self_project/rebotArm_mujoco/install/robot_motion/share/robot_motion/environment/path.sh
-- Up-to-date: /home/zme/self_project/rebotArm_mujoco/install/robot_motion/share/robot_motion/environment/path.dsv
-- Up-to-date: /home/zme/self_project/rebotArm_mujoco/install/robot_motion/share/robot_motion/local_setup.bash
-- Installing: /home/zme/self_project/rebotArm_mujoco/install/robot_motion/share/robot_motion/local_setup.sh
-- Up-to-date: /home/zme/self_project/rebotArm_mujoco/install/robot_motion/share/robot_motion/local_setup.zsh
-- Installing: /home/zme/self_project/rebotArm_mujoco/install/robot_motion/share/robot_motion/local_setup.dsv
-- Installing: /home/zme/self_project/rebotArm_mujoco/install/robot_motion/share/robot_motion/package.dsv
-- Up-to-date: /home/zme/self_project/rebotArm_mujoco/install/robot_motion/share/ament_index/resource_index/packages/robot_motion
-- Installing: /home/zme/self_project/rebotArm_mujoco/install/robot_motion/share/robot_motion/cmake/robot_motionTargetsExport.cmake
-- Installing: /home/zme/self_project/rebotArm_mujoco/install/robot_motion/share/robot_motion/cmake/robot_motionTargetsExport-noconfig.cmake
-- Installing: /home/zme/self_project/rebotArm_mujoco/install/robot_motion/share/robot_motion/cmake/ament_cmake_export_include_directories-extras.cmake
-- Installing: /home/zme/self_project/rebotArm_mujoco/install/robot_motion/share/robot_motion/cmake/ament_cmake_export_targets-extras.cmake
-- Installing: /home/zme/self_project/rebotArm_mujoco/install/robot_motion/share/robot_motion/cmake/ament_cmake_export_dependencies-extras.cmake
-- Installing: /home/zme/self_project/rebotArm_mujoco/install/robot_motion/share/robot_motion/cmake/robot_motionConfig.cmake
-- Up-to-date: /home/zme/self_project/rebotArm_mujoco/install/robot_motion/share/robot_motion/cmake/robot_motionConfig-version.cmake
-- Up-to-date: /home/zme/self_project/rebotArm_mujoco/install/robot_motion/share/robot_motion/package.xml
