[0.020s] Invoking command in '/home/zme/self_project/rebotArm_mujoco/build/robot_motion': AMENT_PREFIX_PATH=/home/zme/self_project/rebotArm_mujoco/install/robot_msgs:${AMENT_PREFIX_PATH} CMAKE_PREFIX_PATH=/home/zme/self_project/rebotArm_mujoco/install/robot_msgs:/opt/ros/jazzy/opt/sdformat_vendor:/opt/ros/jazzy/opt/gz_math_vendor:/opt/ros/jazzy/opt/gz_utils_vendor:/opt/ros/jazzy/opt/gz_tools_vendor:/opt/ros/jazzy/opt/gz_cmake_vendor:/opt/ros/jazzy DEBUGINFOD_URLS=https://debuginfod.ubuntu.com LD_LIBRARY_PATH=/home/zme/self_project/rebotArm_mujoco/install/robot_msgs/lib:${LD_LIBRARY_PATH} PYTHONPATH=/home/zme/self_project/rebotArm_mujoco/install/robot_msgs/lib/python3.12/site-packages:${PYTHONPATH} /usr/bin/cmake --build /home/zme/self_project/rebotArm_mujoco/build/robot_motion -- -j8 -l8
[0.073s] -- Found ament_cmake: 2.5.6 (/opt/ros/jazzy/share/ament_cmake/cmake)
[0.577s] -- Found rclcpp: 28.1.21 (/opt/ros/jazzy/share/rclcpp/cmake)
[0.651s] -- Found rosidl_generator_c: 4.6.9 (/opt/ros/jazzy/share/rosidl_generator_c/cmake)
[0.680s] -- Found rosidl_generator_cpp: 4.6.9 (/opt/ros/jazzy/share/rosidl_generator_cpp/cmake)
[0.714s] -- Using all available rosidl_typesupport_c: rosidl_typesupport_fastrtps_c;rosidl_typesupport_introspection_c
[0.753s] -- Using all available rosidl_typesupport_cpp: rosidl_typesupport_fastrtps_cpp;rosidl_typesupport_introspection_cpp
[0.943s] -- Found rmw_implementation_cmake: 7.3.3 (/opt/ros/jazzy/share/rmw_implementation_cmake/cmake)
[0.946s] -- Found rmw_fastrtps_cpp: 8.4.4 (/opt/ros/jazzy/share/rmw_fastrtps_cpp/cmake)
[1.089s] -- Using RMW implementation 'rmw_fastrtps_cpp' as default
[1.255s] -- Found std_msgs: 5.3.8 (/opt/ros/jazzy/share/std_msgs/cmake)
[1.286s] -- Found sensor_msgs: 5.3.8 (/opt/ros/jazzy/share/sensor_msgs/cmake)
[1.365s] -- Found robot_msgs: 0.0.0 (/home/zme/self_project/rebotArm_mujoco/install/robot_msgs/share/robot_msgs/cmake)
[1.389s] -- pinocchio_default FOUND. pinocchio_default at /usr/local/lib/libpinocchio_default.so
[1.390s] -- pinocchio_parsers FOUND. pinocchio_parsers at /usr/local/lib/libpinocchio_parsers.so
[1.392s] -- pinocchio_casadi FOUND. pinocchio_casadi at /usr/local/lib/libpinocchio_casadi.so
[1.395s] -- boost_filesystem FOUND. boost_filesystem at /usr/lib/x86_64-linux-gnu/libboost_filesystem.so
[1.417s] -- Found Boost: /usr/include (found version "1.83.0") found components: filesystem serialization system 
[1.420s] -- hpp-fcl FOUND. hpp-fcl at /usr/local/lib/libhpp-fcl.so
[1.433s] -- Found Boost: /usr/include (found version "1.83.0") found components: chrono serialization 
[2.232s] -- Default C++ standard: 201703
[2.233s] -- C++ standard sufficient: Minimal required 11, currently defined: 17
[2.236s] -- C++ standard sufficient: Minimal required 11, currently defined: 17
[2.449s] -- Configuring done (2.4s)
[2.484s] -- Generating done (0.0s)
[2.502s] -- Build files have been written to: /home/zme/self_project/rebotArm_mujoco/build/robot_motion
[2.628s] [100%] Built target robot_motion
[2.653s] Invoked command in '/home/zme/self_project/rebotArm_mujoco/build/robot_motion' returned '0': AMENT_PREFIX_PATH=/home/zme/self_project/rebotArm_mujoco/install/robot_msgs:${AMENT_PREFIX_PATH} CMAKE_PREFIX_PATH=/home/zme/self_project/rebotArm_mujoco/install/robot_msgs:/opt/ros/jazzy/opt/sdformat_vendor:/opt/ros/jazzy/opt/gz_math_vendor:/opt/ros/jazzy/opt/gz_utils_vendor:/opt/ros/jazzy/opt/gz_tools_vendor:/opt/ros/jazzy/opt/gz_cmake_vendor:/opt/ros/jazzy DEBUGINFOD_URLS=https://debuginfod.ubuntu.com LD_LIBRARY_PATH=/home/zme/self_project/rebotArm_mujoco/install/robot_msgs/lib:${LD_LIBRARY_PATH} PYTHONPATH=/home/zme/self_project/rebotArm_mujoco/install/robot_msgs/lib/python3.12/site-packages:${PYTHONPATH} /usr/bin/cmake --build /home/zme/self_project/rebotArm_mujoco/build/robot_motion -- -j8 -l8
[2.660s] Invoking command in '/home/zme/self_project/rebotArm_mujoco/build/robot_motion': AMENT_PREFIX_PATH=/home/zme/self_project/rebotArm_mujoco/install/robot_msgs:${AMENT_PREFIX_PATH} CMAKE_PREFIX_PATH=/home/zme/self_project/rebotArm_mujoco/install/robot_msgs:/opt/ros/jazzy/opt/sdformat_vendor:/opt/ros/jazzy/opt/gz_math_vendor:/opt/ros/jazzy/opt/gz_utils_vendor:/opt/ros/jazzy/opt/gz_tools_vendor:/opt/ros/jazzy/opt/gz_cmake_vendor:/opt/ros/jazzy DEBUGINFOD_URLS=https://debuginfod.ubuntu.com LD_LIBRARY_PATH=/home/zme/self_project/rebotArm_mujoco/install/robot_msgs/lib:${LD_LIBRARY_PATH} PYTHONPATH=/home/zme/self_project/rebotArm_mujoco/install/robot_msgs/lib/python3.12/site-packages:${PYTHONPATH} /usr/bin/cmake --install /home/zme/self_project/rebotArm_mujoco/build/robot_motion
[2.673s] -- Install configuration: ""
[2.673s] -- Up-to-date: /home/zme/self_project/rebotArm_mujoco/install/robot_motion/lib/librobot_motion.so
[2.674s] -- Up-to-date: /home/zme/self_project/rebotArm_mujoco/install/robot_motion/include
[2.674s] -- Up-to-date: /home/zme/self_project/rebotArm_mujoco/install/robot_motion/include/ik
[2.675s] -- Up-to-date: /home/zme/self_project/rebotArm_mujoco/install/robot_motion/include/ik/pseudo_inverse_ik.hpp
[2.675s] -- Up-to-date: /home/zme/self_project/rebotArm_mujoco/install/robot_motion/share/robot_motion/cmake/robot_motionTargets.cmake
[2.676s] -- Up-to-date: /home/zme/self_project/rebotArm_mujoco/install/robot_motion/share/robot_motion/cmake/robot_motionTargets-noconfig.cmake
[2.677s] -- Installing: /home/zme/self_project/rebotArm_mujoco/install/robot_motion/share/robot_motion/environment/library_path.sh
[2.678s] -- Installing: /home/zme/self_project/rebotArm_mujoco/install/robot_motion/share/robot_motion/environment/library_path.dsv
[2.679s] -- Up-to-date: /home/zme/self_project/rebotArm_mujoco/install/robot_motion/share/ament_index/resource_index/package_run_dependencies/robot_motion
[2.679s] -- Up-to-date: /home/zme/self_project/rebotArm_mujoco/install/robot_motion/share/ament_index/resource_index/parent_prefix_path/robot_motion
[2.679s] -- Up-to-date: /home/zme/self_project/rebotArm_mujoco/install/robot_motion/share/robot_motion/environment/ament_prefix_path.sh
[2.679s] -- Up-to-date: /home/zme/self_project/rebotArm_mujoco/install/robot_motion/share/robot_motion/environment/ament_prefix_path.dsv
[2.680s] -- Up-to-date: /home/zme/self_project/rebotArm_mujoco/install/robot_motion/share/robot_motion/environment/path.sh
[2.680s] -- Up-to-date: /home/zme/self_project/rebotArm_mujoco/install/robot_motion/share/robot_motion/environment/path.dsv
[2.681s] -- Up-to-date: /home/zme/self_project/rebotArm_mujoco/install/robot_motion/share/robot_motion/local_setup.bash
[2.682s] -- Installing: /home/zme/self_project/rebotArm_mujoco/install/robot_motion/share/robot_motion/local_setup.sh
[2.685s] -- Up-to-date: /home/zme/self_project/rebotArm_mujoco/install/robot_motion/share/robot_motion/local_setup.zsh
[2.686s] -- Installing: /home/zme/self_project/rebotArm_mujoco/install/robot_motion/share/robot_motion/local_setup.dsv
[2.686s] -- Installing: /home/zme/self_project/rebotArm_mujoco/install/robot_motion/share/robot_motion/package.dsv
[2.687s] -- Up-to-date: /home/zme/self_project/rebotArm_mujoco/install/robot_motion/share/ament_index/resource_index/packages/robot_motion
[2.688s] -- Installing: /home/zme/self_project/rebotArm_mujoco/install/robot_motion/share/robot_motion/cmake/robot_motionTargetsExport.cmake
[2.689s] -- Installing: /home/zme/self_project/rebotArm_mujoco/install/robot_motion/share/robot_motion/cmake/robot_motionTargetsExport-noconfig.cmake
[2.689s] -- Installing: /home/zme/self_project/rebotArm_mujoco/install/robot_motion/share/robot_motion/cmake/ament_cmake_export_include_directories-extras.cmake
[2.689s] -- Installing: /home/zme/self_project/rebotArm_mujoco/install/robot_motion/share/robot_motion/cmake/ament_cmake_export_targets-extras.cmake
[2.690s] -- Installing: /home/zme/self_project/rebotArm_mujoco/install/robot_motion/share/robot_motion/cmake/ament_cmake_export_dependencies-extras.cmake
[2.690s] -- Installing: /home/zme/self_project/rebotArm_mujoco/install/robot_motion/share/robot_motion/cmake/robot_motionConfig.cmake
[2.690s] -- Up-to-date: /home/zme/self_project/rebotArm_mujoco/install/robot_motion/share/robot_motion/cmake/robot_motionConfig-version.cmake
[2.691s] -- Up-to-date: /home/zme/self_project/rebotArm_mujoco/install/robot_motion/share/robot_motion/package.xml
[2.692s] Invoked command in '/home/zme/self_project/rebotArm_mujoco/build/robot_motion' returned '0': AMENT_PREFIX_PATH=/home/zme/self_project/rebotArm_mujoco/install/robot_msgs:${AMENT_PREFIX_PATH} CMAKE_PREFIX_PATH=/home/zme/self_project/rebotArm_mujoco/install/robot_msgs:/opt/ros/jazzy/opt/sdformat_vendor:/opt/ros/jazzy/opt/gz_math_vendor:/opt/ros/jazzy/opt/gz_utils_vendor:/opt/ros/jazzy/opt/gz_tools_vendor:/opt/ros/jazzy/opt/gz_cmake_vendor:/opt/ros/jazzy DEBUGINFOD_URLS=https://debuginfod.ubuntu.com LD_LIBRARY_PATH=/home/zme/self_project/rebotArm_mujoco/install/robot_msgs/lib:${LD_LIBRARY_PATH} PYTHONPATH=/home/zme/self_project/rebotArm_mujoco/install/robot_msgs/lib/python3.12/site-packages:${PYTHONPATH} /usr/bin/cmake --install /home/zme/self_project/rebotArm_mujoco/build/robot_motion
