-- Found ament_cmake: 2.5.4 (/opt/ros/jazzy/share/ament_cmake/cmake)
-- Found Python3: /usr/bin/python3 (found version "3.12.3") found components: Interpreter 
-- Found rclcpp: 28.1.13 (/opt/ros/jazzy/share/rclcpp/cmake)
-- Found rosidl_generator_c: 4.6.6 (/opt/ros/jazzy/share/rosidl_generator_c/cmake)
-- Found rosidl_generator_cpp: 4.6.6 (/opt/ros/jazzy/share/rosidl_generator_cpp/cmake)
-- Using all available rosidl_typesupport_c: rosidl_typesupport_fastrtps_c;rosidl_typesupport_introspection_c
-- Using all available rosidl_typesupport_cpp: rosidl_typesupport_fastrtps_cpp;rosidl_typesupport_introspection_cpp
-- Found rmw_implementation_cmake: 7.3.2 (/opt/ros/jazzy/share/rmw_implementation_cmake/cmake)
-- Found rmw_fastrtps_cpp: 8.4.3 (/opt/ros/jazzy/share/rmw_fastrtps_cpp/cmake)
-- Using RMW implementation 'rmw_fastrtps_cpp' as default
-- Found std_msgs: 5.3.6 (/opt/ros/jazzy/share/std_msgs/cmake)
-- Found sensor_msgs: 5.3.6 (/opt/ros/jazzy/share/sensor_msgs/cmake)
-- Found robot_msgs: 0.0.0 (/home/zhang/self_project/arm_study_ws/install/robot_msgs/share/robot_msgs/cmake)
-- pinocchio_default FOUND. pinocchio_default at /opt/ros/jazzy/lib/x86_64-linux-gnu/libpinocchio_default.so
-- pinocchio_parsers FOUND. pinocchio_parsers at /opt/ros/jazzy/lib/x86_64-linux-gnu/libpinocchio_parsers.so
-- boost_filesystem FOUND. boost_filesystem at /lib/x86_64-linux-gnu/libboost_filesystem.so
-- Found Boost: /usr/include (found version "1.83.0") found components: filesystem serialization 
-- eigenpy FOUND. eigenpy at /opt/ros/jazzy/lib/x86_64-linux-gnu/libeigenpy.so
-- Checking for NumPy
--   NUMPY_INCLUDE_DIRS=/usr/lib/python3/dist-packages/numpy/core/include
--   NUMPY_VERSION=1.26.4
-- Found Python3: /usr/bin/python3 (found version "3.12.3") found components: Interpreter Development.Module NumPy 
-- PythonLibraryDirs: 
-- PythonLibVersionString: 3.12.3
-- Python site lib: lib/python3.12/site-packages
-- Python include dirs: /usr/include/python3.12
-- Checking for NumPy
--   NUMPY_INCLUDE_DIRS=/usr/lib/python3/dist-packages/numpy/core/include
--   NUMPY_VERSION=1.26.4
-- NumPy include dir: /usr/lib/python3/dist-packages/numpy/core/include
-- Found Boost: /usr/include (found version "1.83.0") found components: python312 
-- Default C++ standard: 201703
-- C++ standard sufficient: Minimal required 14, currently defined: 17
-- CMAKE_CXX_STANDARD was not set: automatically set to currently defined standard 17
-- hpp-fcl FOUND. hpp-fcl at /opt/ros/jazzy/lib/x86_64-linux-gnu/libhpp-fcl.so
-- Found Boost: /usr/include (found version "1.83.0") found components: chrono serialization filesystem 
-- C++ standard sufficient: Minimal required 14, currently defined: 17
-- C++ standard sufficient: Minimal required 14, currently defined: 17
-- CasADi include: /usr/local/include
-- CasADi library: /usr/local/lib/libcasadi.so
-- Configuring done (1.0s)
-- Generating done (0.0s)
-- Build files have been written to: /home/zhang/self_project/arm_study_ws/build/robot_motion
[ 33%] [32m[1mLinking CXX shared library librobot_motion.so[0m
[100%] Built target robot_motion
-- Install configuration: ""
-- Installing: /home/zhang/self_project/arm_study_ws/install/robot_motion/lib/librobot_motion.so
-- Set non-toolchain portion of runtime path of "/home/zhang/self_project/arm_study_ws/install/robot_motion/lib/librobot_motion.so" to ""
-- Up-to-date: /home/zhang/self_project/arm_study_ws/install/robot_motion/include
-- Up-to-date: /home/zhang/self_project/arm_study_ws/install/robot_motion/include/ik
-- Installing: /home/zhang/self_project/arm_study_ws/install/robot_motion/include/ik/nlp_ik.hpp
-- Up-to-date: /home/zhang/self_project/arm_study_ws/install/robot_motion/include/ik/pseudo_inverse_ik.hpp
-- Old export file "/home/zhang/self_project/arm_study_ws/install/robot_motion/share/robot_motion/cmake/robot_motionTargets.cmake" will be replaced.  Removing files [/home/zhang/self_project/arm_study_ws/install/robot_motion/share/robot_motion/cmake/robot_motionTargets-noconfig.cmake].
-- Installing: /home/zhang/self_project/arm_study_ws/install/robot_motion/share/robot_motion/cmake/robot_motionTargets.cmake
-- Installing: /home/zhang/self_project/arm_study_ws/install/robot_motion/share/robot_motion/cmake/robot_motionTargets-noconfig.cmake
-- Up-to-date: /home/zhang/self_project/arm_study_ws/install/robot_motion/share/robot_motion/environment/library_path.sh
-- Up-to-date: /home/zhang/self_project/arm_study_ws/install/robot_motion/share/robot_motion/environment/library_path.dsv
-- Installing: /home/zhang/self_project/arm_study_ws/install/robot_motion/share/ament_index/resource_index/package_run_dependencies/robot_motion
-- Installing: /home/zhang/self_project/arm_study_ws/install/robot_motion/share/ament_index/resource_index/parent_prefix_path/robot_motion
-- Up-to-date: /home/zhang/self_project/arm_study_ws/install/robot_motion/share/robot_motion/environment/ament_prefix_path.sh
-- Up-to-date: /home/zhang/self_project/arm_study_ws/install/robot_motion/share/robot_motion/environment/ament_prefix_path.dsv
-- Up-to-date: /home/zhang/self_project/arm_study_ws/install/robot_motion/share/robot_motion/environment/path.sh
-- Up-to-date: /home/zhang/self_project/arm_study_ws/install/robot_motion/share/robot_motion/environment/path.dsv
-- Up-to-date: /home/zhang/self_project/arm_study_ws/install/robot_motion/share/robot_motion/local_setup.bash
-- Up-to-date: /home/zhang/self_project/arm_study_ws/install/robot_motion/share/robot_motion/local_setup.sh
-- Up-to-date: /home/zhang/self_project/arm_study_ws/install/robot_motion/share/robot_motion/local_setup.zsh
-- Up-to-date: /home/zhang/self_project/arm_study_ws/install/robot_motion/share/robot_motion/local_setup.dsv
-- Installing: /home/zhang/self_project/arm_study_ws/install/robot_motion/share/robot_motion/package.dsv
-- Up-to-date: /home/zhang/self_project/arm_study_ws/install/robot_motion/share/ament_index/resource_index/packages/robot_motion
-- Old export file "/home/zhang/self_project/arm_study_ws/install/robot_motion/share/robot_motion/cmake/robot_motionTargetsExport.cmake" will be replaced.  Removing files [/home/zhang/self_project/arm_study_ws/install/robot_motion/share/robot_motion/cmake/robot_motionTargetsExport-noconfig.cmake].
-- Installing: /home/zhang/self_project/arm_study_ws/install/robot_motion/share/robot_motion/cmake/robot_motionTargetsExport.cmake
-- Installing: /home/zhang/self_project/arm_study_ws/install/robot_motion/share/robot_motion/cmake/robot_motionTargetsExport-noconfig.cmake
-- Up-to-date: /home/zhang/self_project/arm_study_ws/install/robot_motion/share/robot_motion/cmake/ament_cmake_export_include_directories-extras.cmake
-- Up-to-date: /home/zhang/self_project/arm_study_ws/install/robot_motion/share/robot_motion/cmake/ament_cmake_export_targets-extras.cmake
-- Up-to-date: /home/zhang/self_project/arm_study_ws/install/robot_motion/share/robot_motion/cmake/ament_cmake_export_dependencies-extras.cmake
-- Up-to-date: /home/zhang/self_project/arm_study_ws/install/robot_motion/share/robot_motion/cmake/robot_motionConfig.cmake
-- Up-to-date: /home/zhang/self_project/arm_study_ws/install/robot_motion/share/robot_motion/cmake/robot_motionConfig-version.cmake
-- Installing: /home/zhang/self_project/arm_study_ws/install/robot_motion/share/robot_motion/package.xml
