[0.005s] Invoking command in '/home/zhang/self_project/arm_study_ws/build/robot_motion': AMENT_PREFIX_PATH=/home/zhang/self_project/arm_study_ws/install/robot_msgs:${AMENT_PREFIX_PATH} CMAKE_PREFIX_PATH=/home/zhang/self_project/arm_study_ws/install/robot_msgs:/opt/ros/jazzy/opt/gz_sim_vendor:/opt/ros/jazzy/opt/gz_sensors_vendor:/opt/ros/jazzy/opt/gz_physics_vendor:/opt/ros/jazzy/opt/sdformat_vendor:/opt/ros/jazzy/opt/gz_gui_vendor:/opt/ros/jazzy/opt/gz_transport_vendor:/opt/ros/jazzy/opt/gz_rendering_vendor:/opt/ros/jazzy/opt/gz_plugin_vendor:/opt/ros/jazzy/opt/gz_fuel_tools_vendor:/opt/ros/jazzy/opt/gz_msgs_vendor:/opt/ros/jazzy/opt/gz_common_vendor:/opt/ros/jazzy/opt/gz_math_vendor:/opt/ros/jazzy/opt/gz_utils_vendor:/opt/ros/jazzy/opt/gz_tools_vendor:/opt/ros/jazzy/opt/gz_ogre_next_vendor:/opt/ros/jazzy/opt/gz_dartsim_vendor:/opt/ros/jazzy/opt/gz_cmake_vendor:/opt/ros/jazzy DEBUGINFOD_URLS=https://debuginfod.ubuntu.com LD_LIBRARY_PATH=/home/zhang/self_project/arm_study_ws/install/robot_msgs/lib:${LD_LIBRARY_PATH} PYTHONPATH=/home/zhang/self_project/arm_study_ws/install/robot_msgs/lib/python3.12/site-packages:${PYTHONPATH} /usr/bin/cmake --build /home/zhang/self_project/arm_study_ws/build/robot_motion -- -j20 -l20
[0.029s] -- Found ament_cmake: 2.5.4 (/opt/ros/jazzy/share/ament_cmake/cmake)
[0.048s] -- Found Python3: /usr/bin/python3 (found version "3.12.3") found components: Interpreter 
[0.102s] -- Found rclcpp: 28.1.13 (/opt/ros/jazzy/share/rclcpp/cmake)
[0.121s] -- Found rosidl_generator_c: 4.6.6 (/opt/ros/jazzy/share/rosidl_generator_c/cmake)
[0.125s] -- Found rosidl_generator_cpp: 4.6.6 (/opt/ros/jazzy/share/rosidl_generator_cpp/cmake)
[0.132s] -- Using all available rosidl_typesupport_c: rosidl_typesupport_fastrtps_c;rosidl_typesupport_introspection_c
[0.139s] -- Using all available rosidl_typesupport_cpp: rosidl_typesupport_fastrtps_cpp;rosidl_typesupport_introspection_cpp
[0.175s] -- Found rmw_implementation_cmake: 7.3.2 (/opt/ros/jazzy/share/rmw_implementation_cmake/cmake)
[0.175s] -- Found rmw_fastrtps_cpp: 8.4.3 (/opt/ros/jazzy/share/rmw_fastrtps_cpp/cmake)
[0.213s] -- Using RMW implementation 'rmw_fastrtps_cpp' as default
[0.251s] -- Found std_msgs: 5.3.6 (/opt/ros/jazzy/share/std_msgs/cmake)
[0.259s] -- Found sensor_msgs: 5.3.6 (/opt/ros/jazzy/share/sensor_msgs/cmake)
[0.282s] -- Found robot_msgs: 0.0.0 (/home/zhang/self_project/arm_study_ws/install/robot_msgs/share/robot_msgs/cmake)
[0.288s] -- pinocchio_default FOUND. pinocchio_default at /opt/ros/jazzy/lib/x86_64-linux-gnu/libpinocchio_default.so
[0.288s] -- pinocchio_parsers FOUND. pinocchio_parsers at /opt/ros/jazzy/lib/x86_64-linux-gnu/libpinocchio_parsers.so
[0.289s] -- boost_filesystem FOUND. boost_filesystem at /lib/x86_64-linux-gnu/libboost_filesystem.so
[0.294s] -- Found Boost: /usr/include (found version "1.83.0") found components: filesystem serialization 
[0.294s] -- eigenpy FOUND. eigenpy at /opt/ros/jazzy/lib/x86_64-linux-gnu/libeigenpy.so
[0.310s] -- Checking for NumPy
[0.449s] --   NUMPY_INCLUDE_DIRS=/usr/lib/python3/dist-packages/numpy/core/include
[0.511s] --   NUMPY_VERSION=1.26.4
[0.649s] -- Found Python3: /usr/bin/python3 (found version "3.12.3") found components: Interpreter Development.Module NumPy 
[0.649s] -- PythonLibraryDirs: 
[0.649s] -- PythonLibVersionString: 3.12.3
[0.662s] -- Python site lib: lib/python3.12/site-packages
[0.662s] -- Python include dirs: /usr/include/python3.12
[0.689s] -- Checking for NumPy
[0.748s] --   NUMPY_INCLUDE_DIRS=/usr/lib/python3/dist-packages/numpy/core/include
[0.807s] --   NUMPY_VERSION=1.26.4
[0.807s] -- NumPy include dir: /usr/lib/python3/dist-packages/numpy/core/include
[0.810s] -- Found Boost: /usr/include (found version "1.83.0") found components: python312 
[1.025s] -- Default C++ standard: 201703
[1.025s] -- C++ standard sufficient: Minimal required 14, currently defined: 17
[1.025s] -- CMAKE_CXX_STANDARD was not set: automatically set to currently defined standard 17
[1.025s] -- hpp-fcl FOUND. hpp-fcl at /opt/ros/jazzy/lib/x86_64-linux-gnu/libhpp-fcl.so
[1.029s] -- Found Boost: /usr/include (found version "1.83.0") found components: chrono serialization filesystem 
[1.030s] -- C++ standard sufficient: Minimal required 14, currently defined: 17
[1.031s] -- C++ standard sufficient: Minimal required 14, currently defined: 17
[1.036s] -- Found qpOASES: /usr/local/include  
[1.036s] -- CasADi include: /usr/local/include
[1.036s] -- CasADi library: /usr/local/lib/libcasadi.so
[1.094s] -- Configuring done (1.1s)
[1.105s] -- Generating done (0.0s)
[1.107s] -- Build files have been written to: /home/zhang/self_project/arm_study_ws/build/robot_motion
[1.153s] [ 33%] [32mBuilding CXX object CMakeFiles/robot_motion.dir/src/nlp_ik.cpp.o[0m
[2.458s] [01m[K/home/zhang/self_project/arm_study_ws/src/robot_motion/src/nlp_ik.cpp:4:23:[m[K [01;35m[Kwarning: [m[Kextra tokens at end of #include directive
[2.458s]     4 | #include <qpOASES.hpp>[01;35m[K>[m[K
[2.458s]       |                       [01;35m[K^[m[K
[4.003s] In file included from [01m[K/home/zhang/self_project/arm_study_ws/src/robot_motion/src/nlp_ik.cpp:1[m[K:
[4.003s] [01m[K/home/zhang/self_project/arm_study_ws/src/robot_motion/include/ik/nlp_ik.hpp:45:145:[m[K [01;31m[Kerror: [m[Kexpected ‘[01m[K;[m[K’ at end of member declaration
[4.003s]    45 | igen::VectorXd& dq_lb,const Eigen::VectorXd& dq_ub,Eigen::VectorXd& dq[01;31m[K)[m[K
[4.003s]       |                                                                       [01;31m[K^[m[K
[4.003s]       |                                                                        [32m[K;[m[K
[4.020s] [01m[K/home/zhang/self_project/arm_study_ws/src/robot_motion/src/nlp_ik.cpp:[m[K In constructor ‘[01m[KNlpIK::[01;32m[KNlpIK[m[K(const std::string&, const std::string&, const std::string&)[m[K’:
[4.020s] [01m[K/home/zhang/self_project/arm_study_ws/src/robot_motion/src/nlp_ik.cpp:6:119:[m[K [01;31m[Kerror: [m[K‘[01m[Kmodel[m[K’ was not declared in this scope; did you mean ‘[01m[KModel[m[K’?
[4.021s]     6 | tring& base_link,const std::string& end_effector_link) : model_([01;31m[Kmodel[m[K),
[4.021s]       |                                                                 [01;31m[K^~~~~[m[K
[4.021s]       |                                                                 [32m[KModel[m[K
[4.183s] [01m[K/home/zhang/self_project/arm_study_ws/src/robot_motion/src/nlp_ik.cpp:[m[K In member function ‘[01m[Kbool NlpIK::[01;32m[Kget_sqp_ik[m[K(Eigen::VectorXd&, const Eigen::VectorXd&, const std::string&, Eigen::VectorXd&)[m[K’:
[4.183s] [01m[K/home/zhang/self_project/arm_study_ws/src/robot_motion/src/nlp_ik.cpp:246:37:[m[K [01;31m[Kerror: [m[Kno matching function for call to ‘[01m[KforwardKinematics(pinocchio::Model&, std::unique_ptr<pinocchio::DataTpl<double, 0> >&, Eigen::VectorXd&)[m[K’
[4.183s]   246 |         [01;31m[Kpinocchio::forwardKinematics(model_,data_,q)[m[K;
[4.183s]       |         [01;31m[K~~~~~~~~~~~~~~~~~~~~~~~~~~~~^~~~~~~~~~~~~~~~[m[K
[4.183s] In file included from [01m[K/opt/ros/jazzy/include/pinocchio/algorithm/kinematics.hpp:199[m[K,
[4.183s]                  from [01m[K/home/zhang/self_project/arm_study_ws/src/robot_motion/include/ik/nlp_ik.hpp:11[m[K:
[4.183s] [01m[K/opt/ros/jazzy/include/pinocchio/algorithm/kinematics.hxx:395:8:[m[K [01;36m[Knote: [m[Kcandidate: ‘[01m[Ktemplate<class Scalar, int Options, template<class, int <anonymous> > class JointCollectionTpl, class ConfigVectorType> void pinocchio::[01;32m[KforwardKinematics[m[K(const ModelTpl<_Scalar, _Options, JointCollectionTpl>&, DataTpl<S1, O1, JointCollectionTpl>&, const Eigen::MatrixBase<Matrix3Like>&)[m[K’
[4.183s]   395 |   void [01;36m[KforwardKinematics[m[K(
[4.183s]       |        [01;36m[K^~~~~~~~~~~~~~~~~[m[K
[4.183s] [01m[K/opt/ros/jazzy/include/pinocchio/algorithm/kinematics.hxx:395:8:[m[K [01;36m[Knote: [m[K  template argument deduction/substitution failed:
[4.183s] [01m[K/home/zhang/self_project/arm_study_ws/src/robot_motion/src/nlp_ik.cpp:246:37:[m[K [01;36m[Knote: [m[K  ‘[01m[Kstd::unique_ptr<pinocchio::DataTpl<double, 0> >[m[K’ is not derived from ‘[01m[Kpinocchio::DataTpl<S1, O1, JointCollectionTpl>[m[K’
[4.184s]   246 |         [01;36m[Kpinocchio::forwardKinematics(model_,data_,q)[m[K;
[4.184s]       |         [01;36m[K~~~~~~~~~~~~~~~~~~~~~~~~~~~~^~~~~~~~~~~~~~~~[m[K
[4.184s] [01m[K/opt/ros/jazzy/include/pinocchio/algorithm/kinematics.hxx:409:8:[m[K [01;36m[Knote: [m[Kcandidate: ‘[01m[Ktemplate<class Scalar, int Options, template<class, int <anonymous> > class JointCollectionTpl, class ConfigVectorType, class TangentVectorType> void pinocchio::[01;32m[KforwardKinematics[m[K(const ModelTpl<_Scalar, _Options, JointCollectionTpl>&, DataTpl<S1, O1, JointCollectionTpl>&, const Eigen::MatrixBase<Matrix3Like>&, const Eigen::MatrixBase<MatRet>&)[m[K’
[4.184s]   409 |   void [01;36m[KforwardKinematics[m[K(
[4.184s]       |        [01;36m[K^~~~~~~~~~~~~~~~~[m[K
[4.184s] [01m[K/opt/ros/jazzy/include/pinocchio/algorithm/kinematics.hxx:409:8:[m[K [01;36m[Knote: [m[K  template argument deduction/substitution failed:
[4.184s] [01m[K/home/zhang/self_project/arm_study_ws/src/robot_motion/src/nlp_ik.cpp:246:37:[m[K [01;36m[Knote: [m[K  ‘[01m[Kstd::unique_ptr<pinocchio::DataTpl<double, 0> >[m[K’ is not derived from ‘[01m[Kpinocchio::DataTpl<S1, O1, JointCollectionTpl>[m[K’
[4.184s]   246 |         [01;36m[Kpinocchio::forwardKinematics(model_,data_,q)[m[K;
[4.184s]       |         [01;36m[K~~~~~~~~~~~~~~~~~~~~~~~~~~~~^~~~~~~~~~~~~~~~[m[K
[4.184s] [01m[K/opt/ros/jazzy/include/pinocchio/algorithm/kinematics.hxx:425:8:[m[K [01;36m[Knote: [m[Kcandidate: ‘[01m[Ktemplate<class Scalar, int Options, template<class, int <anonymous> > class JointCollectionTpl, class ConfigVectorType, class TangentVectorType1, class TangentVectorType2> void pinocchio::[01;32m[KforwardKinematics[m[K(const ModelTpl<_Scalar, _Options, JointCollectionTpl>&, DataTpl<S1, O1, JointCollectionTpl>&, const Eigen::MatrixBase<Matrix3Like>&, const Eigen::MatrixBase<MatRet>&, const Eigen::MatrixBase<TangentVectorType>&)[m[K’
[4.184s]   425 |   void [01;36m[KforwardKinematics[m[K(
[4.184s]       |        [01;36m[K^~~~~~~~~~~~~~~~~[m[K
[4.184s] [01m[K/opt/ros/jazzy/include/pinocchio/algorithm/kinematics.hxx:425:8:[m[K [01;36m[Knote: [m[K  template argument deduction/substitution failed:
[4.184s] [01m[K/home/zhang/self_project/arm_study_ws/src/robot_motion/src/nlp_ik.cpp:246:37:[m[K [01;36m[Knote: [m[K  ‘[01m[Kstd::unique_ptr<pinocchio::DataTpl<double, 0> >[m[K’ is not derived from ‘[01m[Kpinocchio::DataTpl<S1, O1, JointCollectionTpl>[m[K’
[4.184s]   246 |         [01;36m[Kpinocchio::forwardKinematics(model_,data_,q)[m[K;
[4.184s]       |         [01;36m[K~~~~~~~~~~~~~~~~~~~~~~~~~~~~^~~~~~~~~~~~~~~~[m[K
[4.184s] [01m[K/home/zhang/self_project/arm_study_ws/src/robot_motion/src/nlp_ik.cpp:247:41:[m[K [01;31m[Kerror: [m[Kno matching function for call to ‘[01m[KupdateFramePlacements(pinocchio::Model&, std::unique_ptr<pinocchio::DataTpl<double, 0> >&)[m[K’
[4.184s]   247 |         [01;31m[Kpinocchio::updateFramePlacements(model_,data_)[m[K;
[4.184s]       |         [01;31m[K~~~~~~~~~~~~~~~~~~~~~~~~~~~~~~~~^~~~~~~~~~~~~~[m[K
[4.184s] In file included from [01m[K/opt/ros/jazzy/include/pinocchio/algorithm/frames.hpp:598[m[K,
[4.184s]                  from [01m[K/home/zhang/self_project/arm_study_ws/src/robot_motion/include/ik/nlp_ik.hpp:12[m[K:
[4.184s] [01m[K/opt/ros/jazzy/include/pinocchio/algorithm/frames.hxx:16:15:[m[K [01;36m[Knote: [m[Kcandidate: ‘[01m[Ktemplate<class Scalar, int Options, template<class, int <anonymous> > class JointCollectionTpl> void pinocchio::[01;32m[KupdateFramePlacements[m[K(const ModelTpl<_Scalar, _Options, JointCollectionTpl>&, DataTpl<S1, O1, JointCollectionTpl>&)[m[K’
[4.184s]    16 |   inline void [01;36m[KupdateFramePlacements[m[K(
[4.184s]       |               [01;36m[K^~~~~~~~~~~~~~~~~~~~~[m[K
[4.184s] [01m[K/opt/ros/jazzy/include/pinocchio/algorithm/frames.hxx:16:15:[m[K [01;36m[Knote: [m[K  template argument deduction/substitution failed:
[4.184s] [01m[K/home/zhang/self_project/arm_study_ws/src/robot_motion/src/nlp_ik.cpp:247:41:[m[K [01;36m[Knote: [m[K  ‘[01m[Kstd::unique_ptr<pinocchio::DataTpl<double, 0> >[m[K’ is not derived from ‘[01m[Kpinocchio::DataTpl<S1, O1, JointCollectionTpl>[m[K’
[4.184s]   247 |         [01;36m[Kpinocchio::updateFramePlacements(model_,data_)[m[K;
[4.184s]       |         [01;36m[K~~~~~~~~~~~~~~~~~~~~~~~~~~~~~~~~^~~~~~~~~~~~~~[m[K
[4.184s] [01m[K/home/zhang/self_project/arm_study_ws/src/robot_motion/src/nlp_ik.cpp:248:40:[m[K [01;31m[Kerror: [m[K‘[01m[Kclass std::unique_ptr<pinocchio::DataTpl<double, 0> >[m[K’ has no member named ‘[01m[KoMf[m[K’
[4.184s]   248 |         pinocchio::SE3 current = data_.[01;31m[KoMf[m[K[ee_frame_id_];
[4.185s]       |                                        [01;31m[K^~~[m[K
[4.189s] [01m[K/home/zhang/self_project/arm_study_ws/src/robot_motion/src/nlp_ik.cpp:257:13:[m[K [01;31m[Kerror: [m[K‘[01m[Kq_result[m[K’ was not declared in this scope
[4.189s]   257 |             [01;31m[Kq_result[m[K = q;
[4.189s]       |             [01;31m[K^~~~~~~~[m[K
[4.189s] [01m[K/home/zhang/self_project/arm_study_ws/src/robot_motion/src/nlp_ik.cpp:263:40:[m[K [01;31m[Kerror: [m[Kno matching function for call to ‘[01m[KcomputeFrameJacobian(pinocchio::Model&, std::unique_ptr<pinocchio::DataTpl<double, 0> >&, Eigen::VectorXd&, pinocchio::FrameIndex&, pinocchio::ReferenceFrame, Eigen::MatrixXd&)[m[K’
[4.189s]   263 |         [01;31m[Kpinocchio::computeFrameJacobian( model_,data_,q,ee_frame_id_,pinocchio::LOCAL,J)[m[K;
[4.189s]       |         [01;31m[K~~~~~~~~~~~~~~~~~~~~~~~~~~~~~~~^~~~~~~~~~~~~~~~~~~~~~~~~~~~~~~~~~~~~~~~~~~~~~~~~[m[K
[4.189s] [01m[K/opt/ros/jazzy/include/pinocchio/algorithm/frames.hxx:183:15:[m[K [01;36m[Knote: [m[Kcandidate: ‘[01m[Ktemplate<class Scalar, int Options, template<class, int <anonymous> > class JointCollectionTpl, class ConfigVectorType, class Matrix6xLike> void pinocchio::[01;32m[KcomputeFrameJacobian[m[K(const ModelTpl<_Scalar, _Options, JointCollectionTpl>&, DataTpl<S1, O1, JointCollectionTpl>&, const Eigen::MatrixBase<Matrix3Like>&, FrameIndex, ReferenceFrame, const Eigen::MatrixBase<MatRet>&)[m[K’
[4.189s]   183 |   inline void [01;36m[KcomputeFrameJacobian[m[K(
[4.189s]       |               [01;36m[K^~~~~~~~~~~~~~~~~~~~[m[K
[4.190s] [01m[K/opt/ros/jazzy/include/pinocchio/algorithm/frames.hxx:183:15:[m[K [01;36m[Knote: [m[K  template argument deduction/substitution failed:
[4.190s] [01m[K/home/zhang/self_project/arm_study_ws/src/robot_motion/src/nlp_ik.cpp:263:40:[m[K [01;36m[Knote: [m[K  ‘[01m[Kstd::unique_ptr<pinocchio::DataTpl<double, 0> >[m[K’ is not derived from ‘[01m[Kpinocchio::DataTpl<S1, O1, JointCollectionTpl>[m[K’
[4.190s]   263 |         [01;36m[Kpinocchio::computeFrameJacobian( model_,data_,q,ee_frame_id_,pinocchio::LOCAL,J)[m[K;
[4.190s]       |         [01;36m[K~~~~~~~~~~~~~~~~~~~~~~~~~~~~~~~^~~~~~~~~~~~~~~~~~~~~~~~~~~~~~~~~~~~~~~~~~~~~~~~~[m[K
[4.190s] [01m[K/opt/ros/jazzy/include/pinocchio/algorithm/frames.hpp:475:15:[m[K [01;36m[Knote: [m[Kcandidate: ‘[01m[Ktemplate<class Scalar, int Options, template<class, int <anonymous> > class JointCollectionTpl, class ConfigVectorType, class Matrix6xLike> void pinocchio::[01;32m[KcomputeFrameJacobian[m[K(const ModelTpl<_Scalar, _Options, JointCollectionTpl>&, DataTpl<S1, O1, JointCollectionTpl>&, const Eigen::MatrixBase<Matrix3Like>&, FrameIndex, const Eigen::MatrixBase<MatRet>&)[m[K’
[4.190s]   475 |   inline void [01;36m[KcomputeFrameJacobian[m[K(
[4.190s]       |               [01;36m[K^~~~~~~~~~~~~~~~~~~~[m[K
[4.190s] [01m[K/opt/ros/jazzy/include/pinocchio/algorithm/frames.hpp:475:15:[m[K [01;36m[Knote: [m[K  template argument deduction/substitution failed:
[4.190s] [01m[K/home/zhang/self_project/arm_study_ws/src/robot_motion/src/nlp_ik.cpp:263:40:[m[K [01;36m[Knote: [m[K  ‘[01m[Kstd::unique_ptr<pinocchio::DataTpl<double, 0> >[m[K’ is not derived from ‘[01m[Kpinocchio::DataTpl<S1, O1, JointCollectionTpl>[m[K’
[4.190s]   263 |         [01;36m[Kpinocchio::computeFrameJacobian( model_,data_,q,ee_frame_id_,pinocchio::LOCAL,J)[m[K;
[4.190s]       |         [01;36m[K~~~~~~~~~~~~~~~~~~~~~~~~~~~~~~~^~~~~~~~~~~~~~~~~~~~~~~~~~~~~~~~~~~~~~~~~~~~~~~~~[m[K
[4.251s] [01m[K/home/zhang/self_project/arm_study_ws/src/robot_motion/src/nlp_ik.cpp:298:5:[m[K [01;31m[Kerror: [m[K‘[01m[Kq_result[m[K’ was not declared in this scope
[4.251s]   298 |     [01;31m[Kq_result[m[K = q;
[4.251s]       |     [01;31m[K^~~~~~~~[m[K
[4.252s] [01m[K/home/zhang/self_project/arm_study_ws/src/robot_motion/src/nlp_ik.cpp:[m[K In member function ‘[01m[Kbool NlpIK::[01;32m[KsolveQP[m[K(const Eigen::MatrixXd&, const Eigen::VectorXd&, const Eigen::VectorXd&, const Eigen::VectorXd&, Eigen::VectorXd&)[m[K’:
[4.252s] [01m[K/home/zhang/self_project/arm_study_ws/src/robot_motion/src/nlp_ik.cpp:308:17:[m[K [01;31m[Kerror: [m[K‘[01m[Kreal_t[m[K’ was not declared in this scope; did you mean ‘[01m[KqpOASES::real_t[m[K’?
[4.252s]   308 |     std::vector<[01;31m[Kreal_t[m[K> H_qp(n * n);
[4.252s]       |                 [01;31m[K^~~~~~[m[K
[4.252s]       |                 [32m[KqpOASES::real_t[m[K
[4.252s] In file included from [01m[K/usr/local/include/qpOASES/Constants.hpp:39[m[K,
[4.252s]                  from [01m[K/usr/local/include/qpOASES/MessageHandling.hpp:46[m[K,
[4.252s]                  from [01m[K/usr/local/include/qpOASES/Utils.hpp:39[m[K,
[4.253s]                  from [01m[K/usr/local/include/qpOASES/Indexlist.hpp:40[m[K,
[4.253s]                  from [01m[K/usr/local/include/qpOASES/SubjectTo.hpp:40[m[K,
[4.253s]                  from [01m[K/usr/local/include/qpOASES/Bounds.hpp:40[m[K,
[4.253s]                  from [01m[K/usr/local/include/qpOASES/Flipper.hpp:40[m[K,
[4.253s]                  from [01m[K/usr/local/include/qpOASES/QProblemB.hpp:42[m[K,
[4.253s]                  from [01m[K/usr/local/include/qpOASES.hpp:66[m[K,
[4.253s]                  from [01m[K/home/zhang/self_project/arm_study_ws/src/robot_motion/src/nlp_ik.cpp:4[m[K:
[4.253s] [01m[K/usr/local/include/qpOASES/Types.hpp:171:16:[m[K [01;36m[Knote: [m[K‘[01m[KqpOASES::real_t[m[K’ declared here
[4.253s]   171 | typedef double [01;36m[Kreal_t[m[K;
[4.253s]       |                [01;36m[K^~~~~~[m[K
[4.253s] [01m[K/home/zhang/self_project/arm_study_ws/src/robot_motion/src/nlp_ik.cpp:308:23:[m[K [01;31m[Kerror: [m[Ktemplate argument 1 is invalid
[4.253s]   308 |     std::vector<real_t[01;31m[K>[m[K H_qp(n * n);
[4.253s]       |                       [01;31m[K^[m[K
[4.253s] [01m[K/home/zhang/self_project/arm_study_ws/src/robot_motion/src/nlp_ik.cpp:308:23:[m[K [01;31m[Kerror: [m[Ktemplate argument 2 is invalid
[4.253s] [01m[K/home/zhang/self_project/arm_study_ws/src/robot_motion/src/nlp_ik.cpp:309:23:[m[K [01;31m[Kerror: [m[Ktemplate argument 2 is invalid
[4.253s]   309 |     std::vector<real_t[01;31m[K>[m[K g_qp(n);
[4.253s]       |                       [01;31m[K^[m[K
[4.253s] [01m[K/home/zhang/self_project/arm_study_ws/src/robot_motion/src/nlp_ik.cpp:310:23:[m[K [01;31m[Kerror: [m[Ktemplate argument 2 is invalid
[4.253s]   310 |     std::vector<real_t[01;31m[K>[m[K lb(n);
[4.253s]       |                       [01;31m[K^[m[K
[4.253s] [01m[K/home/zhang/self_project/arm_study_ws/src/robot_motion/src/nlp_ik.cpp:311:23:[m[K [01;31m[Kerror: [m[Ktemplate argument 2 is invalid
[4.253s]   311 |     std::vector<real_t[01;31m[K>[m[K ub(n);
[4.253s]       |                       [01;31m[K^[m[K
[4.253s] [01m[K/home/zhang/self_project/arm_study_ws/src/robot_motion/src/nlp_ik.cpp:315:13:[m[K [01;31m[Kerror: [m[Kinvalid types ‘[01m[Kint[int][m[K’ for array subscript
[4.253s]   315 |         g_qp[01;31m[K[[m[Ki] = g[i];
[4.253s]       |             [01;31m[K^[m[K
[4.253s] [01m[K/home/zhang/self_project/arm_study_ws/src/robot_motion/src/nlp_ik.cpp:317:11:[m[K [01;31m[Kerror: [m[Kinvalid types ‘[01m[Kint[int][m[K’ for array subscript
[4.253s]   317 |         lb[01;31m[K[[m[Ki] = dq_lb[i];
[4.253s]       |           [01;31m[K^[m[K
[4.253s] [01m[K/home/zhang/self_project/arm_study_ws/src/robot_motion/src/nlp_ik.cpp:318:11:[m[K [01;31m[Kerror: [m[Kinvalid types ‘[01m[Kint[int][m[K’ for array subscript
[4.254s]   318 |         ub[01;31m[K[[m[Ki] = dq_ub[i];
[4.254s]       |           [01;31m[K^[m[K
[4.254s] [01m[K/home/zhang/self_project/arm_study_ws/src/robot_motion/src/nlp_ik.cpp:322:17:[m[K [01;31m[Kerror: [m[Kinvalid types ‘[01m[Kint[int][m[K’ for array subscript
[4.254s]   322 |             H_qp[01;31m[K[[m[Ki * n + j] = H(i, j);
[4.254s]       |                 [01;31m[K^[m[K
[4.254s] [01m[K/home/zhang/self_project/arm_study_ws/src/robot_motion/src/nlp_ik.cpp:326:5:[m[K [01;31m[Kerror: [m[K‘[01m[KQProblem[m[K’ was not declared in this scope; did you mean ‘[01m[KqpOASES::QProblem[m[K’?
[4.254s]   326 |     [01;31m[KQProblem[m[K qp(n,0);
[4.254s]       |     [01;31m[K^~~~~~~~[m[K
[4.254s]       |     [32m[KqpOASES::QProblem[m[K
[4.254s] In file included from [01m[K/usr/local/include/qpOASES.hpp:67[m[K:
[4.254s] [01m[K/usr/local/include/qpOASES/QProblem.hpp:61:7:[m[K [01;36m[Knote: [m[K‘[01m[KqpOASES::QProblem[m[K’ declared here
[4.254s]    61 | class [01;36m[KQProblem[m[K : public QProblemB
[4.254s]       |       [01;36m[K^~~~~~~~[m[K
[4.254s] [01m[K/home/zhang/self_project/arm_study_ws/src/robot_motion/src/nlp_ik.cpp:327:5:[m[K [01;31m[Kerror: [m[K‘[01m[KOptions[m[K’ was not declared in this scope
[4.254s]   327 |     [01;31m[KOptions[m[K options;
[4.254s]       |     [01;31m[K^~~~~~~[m[K
[4.254s] [01m[K/home/zhang/self_project/arm_study_ws/src/robot_motion/src/nlp_ik.cpp:327:5:[m[K [01;36m[Knote: [m[Ksuggested alternatives:
[4.254s] In file included from [01m[K/usr/local/include/casadi/core/core.hpp:73[m[K,
[4.254s]                  from [01m[K/usr/local/include/casadi/casadi.hpp:29[m[K,
[4.254s]                  from [01m[K/home/zhang/self_project/arm_study_ws/src/robot_motion/include/ik/nlp_ik.hpp:13[m[K:
[4.254s] [01m[K/usr/local/include/casadi/core/options.hpp:40:24:[m[K [01;36m[Knote: [m[K  ‘[01m[Kcasadi::Options[m[K’
[4.254s]    40 |   struct CASADI_EXPORT [01;36m[KOptions[m[K {
[4.254s]       |                        [01;36m[K^~~~~~~[m[K
[4.254s] In file included from [01m[K/usr/local/include/qpOASES/QProblemB.hpp:43[m[K:
[4.254s] [01m[K/usr/local/include/qpOASES/Options.hpp:56:7:[m[K [01;36m[Knote: [m[K  ‘[01m[KqpOASES::Options[m[K’
[4.254s]    56 | class [01;36m[KOptions[m[K
[4.254s]       |       [01;36m[K^~~~~~~[m[K
[4.254s] In file included from [01m[K/opt/ros/jazzy/include/pinocchio/context/default.hpp:10[m[K,
[4.254s]                  from [01m[K/opt/ros/jazzy/include/pinocchio/context.hpp:17[m[K,
[4.254s]                  from [01m[K/opt/ros/jazzy/include/pinocchio/fwd.hpp:149[m[K,
[4.255s]                  from [01m[K/opt/ros/jazzy/include/pinocchio/spatial/fwd.hpp:9[m[K,
[4.255s]                  from [01m[K/opt/ros/jazzy/include/pinocchio/multibody/model.hpp:9[m[K,
[4.255s]                  from [01m[K/opt/ros/jazzy/include/pinocchio/parsers/urdf.hpp:9[m[K,
[4.255s]                  from [01m[K/home/zhang/self_project/arm_study_ws/src/robot_motion/include/ik/nlp_ik.hpp:10[m[K:
[4.255s] [01m[K/opt/ros/jazzy/include/pinocchio/context/generic.hpp:82:7:[m[K [01;36m[Knote: [m[K  ‘[01m[Kpinocchio::context::Options[m[K’
[4.255s]    82 |       [01;36m[KOptions[m[K = PINOCCHIO_OPTIONS_DEFAULT
[4.255s]       |       [01;36m[K^~~~~~~[m[K
[4.257s] [01m[K/home/zhang/self_project/arm_study_ws/src/robot_motion/src/nlp_ik.cpp:328:5:[m[K [01;31m[Kerror: [m[K‘[01m[Koptions[m[K’ was not declared in this scope; did you mean ‘[01m[Koptind[m[K’?
[4.257s]   328 |     [01;31m[Koptions[m[K.printLevel = PL_NONE;       //把优化器的输出日志级别设置为“不打印”。
[4.257s]       |     [01;31m[K^~~~~~~[m[K
[4.257s]       |     [32m[Koptind[m[K
[4.258s] [01m[K/home/zhang/self_project/arm_study_ws/src/robot_motion/src/nlp_ik.cpp:328:26:[m[K [01;31m[Kerror: [m[K‘[01m[KPL_NONE[m[K’ was not declared in this scope; did you mean ‘[01m[KqpOASES::PL_NONE[m[K’?
[4.258s]   328 |     options.printLevel = [01;31m[KPL_NONE[m[K;       //把优化器的输出日志级别设置为“不打印”。
[4.258s]       |                          [01;31m[K^~~~~~~[m[K
[4.258s]       |                          [32m[KqpOASES::PL_NONE[m[K
[4.258s] [01m[K/usr/local/include/qpOASES/Types.hpp:216:9:[m[K [01;36m[Knote: [m[K‘[01m[KqpOASES::PL_NONE[m[K’ declared here
[4.258s]   216 |         [01;36m[KPL_NONE[m[K,                                        /**< No output. */
[4.258s]       |         [01;36m[K^~~~~~~[m[K
[4.260s] [01m[K/home/zhang/self_project/arm_study_ws/src/robot_motion/src/nlp_ik.cpp:329:5:[m[K [01;31m[Kerror: [m[K‘[01m[Kqp[m[K’ was not declared in this scope
[4.260s]   329 |     [01;31m[Kqp[m[K.setOptions(options);
[4.260s]       |     [01;31m[K^~[m[K
[4.261s] [01m[K/home/zhang/self_project/arm_study_ws/src/robot_motion/src/nlp_ik.cpp:332:5:[m[K [01;31m[Kerror: [m[K‘[01m[KreturnValue[m[K’ was not declared in this scope; did you mean ‘[01m[KqpOASES::returnValue[m[K’?
[4.261s]   332 |     [01;31m[KreturnValue[m[K ret =
[4.261s]       |     [01;31m[K^~~~~~~~~~~[m[K
[4.261s]       |     [32m[KqpOASES::returnValue[m[K
[4.261s] [01m[K/usr/local/include/qpOASES/MessageHandling.hpp:64:6:[m[K [01;36m[Knote: [m[K‘[01m[KqpOASES::returnValue[m[K’ declared here
[4.261s]    64 | enum [01;36m[KreturnValue[m[K
[4.261s]       |      [01;36m[K^~~~~~~~~~~[m[K
[4.263s] [01m[K/home/zhang/self_project/arm_study_ws/src/robot_motion/src/nlp_ik.cpp:344:9:[m[K [01;31m[Kerror: [m[K‘[01m[Kret[m[K’ was not declared in this scope
[4.263s]   344 |     if ([01;31m[Kret[m[K != SUCCESSFUL_RETURN)
[4.263s]       |         [01;31m[K^~~[m[K
[4.263s] [01m[K/home/zhang/self_project/arm_study_ws/src/robot_motion/src/nlp_ik.cpp:344:16:[m[K [01;31m[Kerror: [m[K‘[01m[KSUCCESSFUL_RETURN[m[K’ was not declared in this scope; did you mean ‘[01m[KqpOASES::SUCCESSFUL_RETURN[m[K’?
[4.264s]   344 |     if (ret != [01;31m[KSUCCESSFUL_RETURN[m[K)
[4.264s]       |                [01;31m[K^~~~~~~~~~~~~~~~~[m[K
[4.264s]       |                [32m[KqpOASES::SUCCESSFUL_RETURN[m[K
[4.264s] [01m[K/usr/local/include/qpOASES/MessageHandling.hpp:68:1:[m[K [01;36m[Knote: [m[K‘[01m[KqpOASES::SUCCESSFUL_RETURN[m[K’ declared here
[4.264s]    68 | [01;36m[KSUCCESSFUL_RETURN[m[K = 0,                                                  /**< Successful return. */
[4.264s]       | [01;36m[K^~~~~~~~~~~~~~~~~[m[K
[4.264s] [01m[K/home/zhang/self_project/arm_study_ws/src/robot_motion/src/nlp_ik.cpp:349:23:[m[K [01;31m[Kerror: [m[Ktemplate argument 2 is invalid
[4.264s]   349 |     std::vector<real_t[01;31m[K>[m[K x_opt(n);
[4.264s]       |                       [01;31m[K^[m[K
[4.264s] [01m[K/home/zhang/self_project/arm_study_ws/src/robot_motion/src/nlp_ik.cpp:351:32:[m[K [01;31m[Kerror: [m[Krequest for member ‘[01m[Kdata[m[K’ in ‘[01m[Kx_opt[m[K’, which is of non-class type ‘[01m[Kint[m[K’
[4.264s]   351 |     qp.getPrimalSolution(x_opt.[01;31m[Kdata[m[K());
[4.264s]       |                                [01;31m[K^~~~[m[K
[4.264s] [01m[K/home/zhang/self_project/arm_study_ws/src/robot_motion/src/nlp_ik.cpp:355:22:[m[K [01;31m[Kerror: [m[Kinvalid types ‘[01m[Kint[int][m[K’ for array subscript
[4.264s]   355 |         dq[i] = x_opt[01;31m[K[[m[Ki];
[4.264s]       |                      [01;31m[K^[m[K
[4.270s] [01m[K/home/zhang/self_project/arm_study_ws/src/robot_motion/src/nlp_ik.cpp:[m[K In member function ‘[01m[KEigen::VectorXd NlpIK::[01;32m[KcomputePoseError[m[K(const pinocchio::SE3&, const pinocchio::SE3&)[m[K’:
[4.270s] [01m[K/home/zhang/self_project/arm_study_ws/src/robot_motion/src/nlp_ik.cpp:369:19:[m[K [01;31m[Kerror: [m[K‘[01m[Kerror[m[K’ was not declared in this scope; did you mean ‘[01m[Kboost::serialization::smart_cast_impl::error[m[K’?
[4.270s]   369 |     e.head<3>() = [01;31m[Kerror[m[K.linear();
[4.270s]       |                   [01;31m[K^~~~~[m[K
[4.270s]       |                   [32m[Kboost::serialization::smart_cast_impl::error[m[K
[4.270s] In file included from [01m[K/usr/include/boost/archive/detail/oserializer.hpp:45[m[K,
[4.270s]                  from [01m[K/usr/include/boost/archive/detail/interface_oarchive.hpp:23[m[K,
[4.270s]                  from [01m[K/usr/include/boost/archive/detail/common_oarchive.hpp:22[m[K,
[4.270s]                  from [01m[K/usr/include/boost/archive/basic_text_oarchive.hpp:29[m[K,
[4.270s]                  from [01m[K/usr/include/boost/archive/text_oarchive.hpp:31[m[K,
[4.270s]                  from [01m[K/opt/ros/jazzy/include/pinocchio/serialization/archive.hpp:15[m[K,
[4.270s]                  from [01m[K/opt/ros/jazzy/include/pinocchio/serialization/serializable.hpp:8[m[K,
[4.270s]                  from [01m[K/opt/ros/jazzy/include/pinocchio/multibody/model.hpp:21[m[K:
[4.270s] [01m[K/usr/include/boost/serialization/smart_cast.hpp:221:12:[m[K [01;36m[Knote: [m[K‘[01m[Kboost::serialization::smart_cast_impl::error[m[K’ declared here
[4.270s]   221 |     struct [01;36m[Kerror[m[K {
[4.270s]       |            [01;36m[K^~~~~[m[K
[12.247s] gmake[2]: *** [CMakeFiles/robot_motion.dir/build.make:90：CMakeFiles/robot_motion.dir/src/nlp_ik.cpp.o] 错误 1
[12.247s] gmake[1]: *** [CMakeFiles/Makefile2:137：CMakeFiles/robot_motion.dir/all] 错误 2
[12.247s] gmake: *** [Makefile:146：all] 错误 2
[12.249s] Invoked command in '/home/zhang/self_project/arm_study_ws/build/robot_motion' returned '2': AMENT_PREFIX_PATH=/home/zhang/self_project/arm_study_ws/install/robot_msgs:${AMENT_PREFIX_PATH} CMAKE_PREFIX_PATH=/home/zhang/self_project/arm_study_ws/install/robot_msgs:/opt/ros/jazzy/opt/gz_sim_vendor:/opt/ros/jazzy/opt/gz_sensors_vendor:/opt/ros/jazzy/opt/gz_physics_vendor:/opt/ros/jazzy/opt/sdformat_vendor:/opt/ros/jazzy/opt/gz_gui_vendor:/opt/ros/jazzy/opt/gz_transport_vendor:/opt/ros/jazzy/opt/gz_rendering_vendor:/opt/ros/jazzy/opt/gz_plugin_vendor:/opt/ros/jazzy/opt/gz_fuel_tools_vendor:/opt/ros/jazzy/opt/gz_msgs_vendor:/opt/ros/jazzy/opt/gz_common_vendor:/opt/ros/jazzy/opt/gz_math_vendor:/opt/ros/jazzy/opt/gz_utils_vendor:/opt/ros/jazzy/opt/gz_tools_vendor:/opt/ros/jazzy/opt/gz_ogre_next_vendor:/opt/ros/jazzy/opt/gz_dartsim_vendor:/opt/ros/jazzy/opt/gz_cmake_vendor:/opt/ros/jazzy DEBUGINFOD_URLS=https://debuginfod.ubuntu.com LD_LIBRARY_PATH=/home/zhang/self_project/arm_study_ws/install/robot_msgs/lib:${LD_LIBRARY_PATH} PYTHONPATH=/home/zhang/self_project/arm_study_ws/install/robot_msgs/lib/python3.12/site-packages:${PYTHONPATH} /usr/bin/cmake --build /home/zhang/self_project/arm_study_ws/build/robot_motion -- -j20 -l20
