[0.025s] Invoking command in '/home/zme/self_project/rebotArm_mujoco/build/rebot_description': CMAKE_PREFIX_PATH=${CMAKE_PREFIX_PATH}:/opt/ros/jazzy DEBUGINFOD_URLS=https://debuginfod.ubuntu.com /usr/bin/cmake --build /home/zme/self_project/rebotArm_mujoco/build/rebot_description -- -j8 -l8
[0.109s] Invoked command in '/home/zme/self_project/rebotArm_mujoco/build/rebot_description' returned '0': CMAKE_PREFIX_PATH=${CMAKE_PREFIX_PATH}:/opt/ros/jazzy DEBUGINFOD_URLS=https://debuginfod.ubuntu.com /usr/bin/cmake --build /home/zme/self_project/rebotArm_mujoco/build/rebot_description -- -j8 -l8
[0.138s] Invoking command in '/home/zme/self_project/rebotArm_mujoco/build/rebot_description': CMAKE_PREFIX_PATH=${CMAKE_PREFIX_PATH}:/opt/ros/jazzy DEBUGINFOD_URLS=https://debuginfod.ubuntu.com /usr/bin/cmake --install /home/zme/self_project/rebotArm_mujoco/build/rebot_description
[0.157s] -- Install configuration: ""
[0.157s] -- Up-to-date: /home/zme/self_project/rebotArm_mujoco/install/rebot_description/lib/rebot_description/arm_mujoco_node.py
[0.158s] -- Up-to-date: /home/zme/self_project/rebotArm_mujoco/install/rebot_description/share/rebot_description/urdf
[0.159s] -- Up-to-date: /home/zme/self_project/rebotArm_mujoco/install/rebot_description/share/rebot_description/urdf/reBot-DevArm_fixend.urdf
[0.160s] -- Up-to-date: /home/zme/self_project/rebotArm_mujoco/install/rebot_description/share/rebot_description/urdf/reBot_B601_DM_with_gripper.xml
[0.160s] -- Up-to-date: /home/zme/self_project/rebotArm_mujoco/install/rebot_description/share/rebot_description/urdf/00-arm-rs_asm-v3.urdf
[0.160s] -- Up-to-date: /home/zme/self_project/rebotArm_mujoco/install/rebot_description/share/rebot_description/urdf/meshes_b601_gripper
[0.161s] -- Up-to-date: /home/zme/self_project/rebotArm_mujoco/install/rebot_description/share/rebot_description/urdf/meshes_b601_gripper/link3.STL
[0.161s] -- Up-to-date: /home/zme/self_project/rebotArm_mujoco/install/rebot_description/share/rebot_description/urdf/meshes_b601_gripper/link1.STL
[0.162s] -- Up-to-date: /home/zme/self_project/rebotArm_mujoco/install/rebot_description/share/rebot_description/urdf/meshes_b601_gripper/link2.STL
[0.162s] -- Up-to-date: /home/zme/self_project/rebotArm_mujoco/install/rebot_description/share/rebot_description/urdf/meshes_b601_gripper/link4.STL
[0.163s] -- Up-to-date: /home/zme/self_project/rebotArm_mujoco/install/rebot_description/share/rebot_description/urdf/meshes_b601_gripper/gripper_link.STL
[0.163s] -- Up-to-date: /home/zme/self_project/rebotArm_mujoco/install/rebot_description/share/rebot_description/urdf/meshes_b601_gripper/link5.STL
[0.164s] -- Up-to-date: /home/zme/self_project/rebotArm_mujoco/install/rebot_description/share/rebot_description/urdf/meshes_b601_gripper/link6.STL
[0.165s] -- Up-to-date: /home/zme/self_project/rebotArm_mujoco/install/rebot_description/share/rebot_description/urdf/meshes_b601_gripper/base_link.STL
[0.166s] -- Up-to-date: /home/zme/self_project/rebotArm_mujoco/install/rebot_description/share/rebot_description/urdf/meshes_b601_gripper/gripper_left.STL
[0.169s] -- Up-to-date: /home/zme/self_project/rebotArm_mujoco/install/rebot_description/share/rebot_description/urdf/meshes_b601_gripper/gripper_right.STL
[0.169s] -- Up-to-date: /home/zme/self_project/rebotArm_mujoco/install/rebot_description/share/rebot_description/urdf/meshes
[0.170s] -- Up-to-date: /home/zme/self_project/rebotArm_mujoco/install/rebot_description/share/rebot_description/urdf/meshes/link5.stl
[0.170s] -- Up-to-date: /home/zme/self_project/rebotArm_mujoco/install/rebot_description/share/rebot_description/urdf/meshes/link4.stl
[0.170s] -- Up-to-date: /home/zme/self_project/rebotArm_mujoco/install/rebot_description/share/rebot_description/urdf/meshes/end_link.stl
[0.171s] -- Up-to-date: /home/zme/self_project/rebotArm_mujoco/install/rebot_description/share/rebot_description/urdf/meshes/link1.stl
[0.171s] -- Up-to-date: /home/zme/self_project/rebotArm_mujoco/install/rebot_description/share/rebot_description/urdf/meshes/base_link.stl
[0.171s] -- Up-to-date: /home/zme/self_project/rebotArm_mujoco/install/rebot_description/share/rebot_description/urdf/meshes/link2.stl
[0.171s] -- Up-to-date: /home/zme/self_project/rebotArm_mujoco/install/rebot_description/share/rebot_description/urdf/meshes/link6.stl
[0.171s] -- Up-to-date: /home/zme/self_project/rebotArm_mujoco/install/rebot_description/share/rebot_description/urdf/meshes/link3.stl
[0.172s] -- Up-to-date: /home/zme/self_project/rebotArm_mujoco/install/rebot_description/share/rebot_description/urdf/reBot_B601_DM_with_gripper.urdf
[0.172s] -- Up-to-date: /home/zme/self_project/rebotArm_mujoco/install/rebot_description/share/rebot_description/urdf/meshes_rs
[0.172s] -- Up-to-date: /home/zme/self_project/rebotArm_mujoco/install/rebot_description/share/rebot_description/urdf/meshes_rs/cnc_right.STL
[0.172s] -- Up-to-date: /home/zme/self_project/rebotArm_mujoco/install/rebot_description/share/rebot_description/urdf/meshes_rs/link3.STL
[0.172s] -- Up-to-date: /home/zme/self_project/rebotArm_mujoco/install/rebot_description/share/rebot_description/urdf/meshes_rs/gripper_end.STL
[0.173s] -- Up-to-date: /home/zme/self_project/rebotArm_mujoco/install/rebot_description/share/rebot_description/urdf/meshes_rs/motor_2_3.STL
[0.173s] -- Up-to-date: /home/zme/self_project/rebotArm_mujoco/install/rebot_description/share/rebot_description/urdf/meshes_rs/pla3_black.STL
[0.173s] -- Up-to-date: /home/zme/self_project/rebotArm_mujoco/install/rebot_description/share/rebot_description/urdf/meshes_rs/cnc_left.STL
[0.173s] -- Up-to-date: /home/zme/self_project/rebotArm_mujoco/install/rebot_description/share/rebot_description/urdf/meshes_rs/link1.STL
[0.180s] -- Up-to-date: /home/zme/self_project/rebotArm_mujoco/install/rebot_description/share/rebot_description/urdf/meshes_rs/link2.STL
[0.181s] -- Up-to-date: /home/zme/self_project/rebotArm_mujoco/install/rebot_description/share/rebot_description/urdf/meshes_rs/link4.STL
[0.181s] -- Up-to-date: /home/zme/self_project/rebotArm_mujoco/install/rebot_description/share/rebot_description/urdf/meshes_rs/pla2_black.STL
[0.181s] -- Up-to-date: /home/zme/self_project/rebotArm_mujoco/install/rebot_description/share/rebot_description/urdf/meshes_rs/pla_left.STL
[0.182s] -- Up-to-date: /home/zme/self_project/rebotArm_mujoco/install/rebot_description/share/rebot_description/urdf/meshes_rs/link5.STL
[0.182s] -- Up-to-date: /home/zme/self_project/rebotArm_mujoco/install/rebot_description/share/rebot_description/urdf/meshes_rs/link6.STL
[0.182s] -- Up-to-date: /home/zme/self_project/rebotArm_mujoco/install/rebot_description/share/rebot_description/urdf/meshes_rs/pla3_green.STL
[0.183s] -- Up-to-date: /home/zme/self_project/rebotArm_mujoco/install/rebot_description/share/rebot_description/urdf/meshes_rs/motor_4.STL
[0.186s] -- Up-to-date: /home/zme/self_project/rebotArm_mujoco/install/rebot_description/share/rebot_description/urdf/meshes_rs/base_link.STL
[0.186s] -- Up-to-date: /home/zme/self_project/rebotArm_mujoco/install/rebot_description/share/rebot_description/urdf/meshes_rs/pla7_green.STL
[0.188s] -- Up-to-date: /home/zme/self_project/rebotArm_mujoco/install/rebot_description/share/rebot_description/urdf/meshes_rs/motor_5.STL
[0.190s] -- Up-to-date: /home/zme/self_project/rebotArm_mujoco/install/rebot_description/share/rebot_description/urdf/meshes_rs/cnc3.STL
[0.190s] -- Up-to-date: /home/zme/self_project/rebotArm_mujoco/install/rebot_description/share/rebot_description/urdf/meshes_rs/motor_6.STL
[0.190s] -- Up-to-date: /home/zme/self_project/rebotArm_mujoco/install/rebot_description/share/rebot_description/urdf/meshes_rs/pla2_green.STL
[0.190s] -- Up-to-date: /home/zme/self_project/rebotArm_mujoco/install/rebot_description/share/rebot_description/urdf/meshes_rs/cnc4.STL
[0.191s] -- Up-to-date: /home/zme/self_project/rebotArm_mujoco/install/rebot_description/share/rebot_description/urdf/meshes_rs/motor_7.STL
[0.191s] -- Up-to-date: /home/zme/self_project/rebotArm_mujoco/install/rebot_description/share/rebot_description/urdf/meshes_rs/cnc5.STL
[0.191s] -- Up-to-date: /home/zme/self_project/rebotArm_mujoco/install/rebot_description/share/rebot_description/urdf/meshes_rs/pla5_green.STL
[0.191s] -- Up-to-date: /home/zme/self_project/rebotArm_mujoco/install/rebot_description/share/rebot_description/urdf/meshes_rs/gripper_left.STL
[0.191s] -- Up-to-date: /home/zme/self_project/rebotArm_mujoco/install/rebot_description/share/rebot_description/urdf/meshes_rs/cnc7.STL
[0.192s] -- Up-to-date: /home/zme/self_project/rebotArm_mujoco/install/rebot_description/share/rebot_description/urdf/meshes_rs/pla_right.STL
[0.197s] -- Up-to-date: /home/zme/self_project/rebotArm_mujoco/install/rebot_description/share/rebot_description/urdf/meshes_rs/gripper_right.STL
[0.198s] -- Up-to-date: /home/zme/self_project/rebotArm_mujoco/install/rebot_description/share/rebot_description/urdf/meshes_rs/cnc2.STL
[0.199s] -- Up-to-date: /home/zme/self_project/rebotArm_mujoco/install/rebot_description/share/rebot_description/urdf/reBot_DevArm_fixend.xml
[0.199s] -- Up-to-date: /home/zme/self_project/rebotArm_mujoco/install/rebot_description/share/ament_index/resource_index/package_run_dependencies/rebot_description
[0.199s] -- Up-to-date: /home/zme/self_project/rebotArm_mujoco/install/rebot_description/share/ament_index/resource_index/parent_prefix_path/rebot_description
[0.199s] -- Up-to-date: /home/zme/self_project/rebotArm_mujoco/install/rebot_description/share/rebot_description/environment/ament_prefix_path.sh
[0.208s] -- Up-to-date: /home/zme/self_project/rebotArm_mujoco/install/rebot_description/share/rebot_description/environment/ament_prefix_path.dsv
[0.209s] -- Up-to-date: /home/zme/self_project/rebotArm_mujoco/install/rebot_description/share/rebot_description/environment/path.sh
[0.209s] -- Up-to-date: /home/zme/self_project/rebotArm_mujoco/install/rebot_description/share/rebot_description/environment/path.dsv
[0.209s] -- Up-to-date: /home/zme/self_project/rebotArm_mujoco/install/rebot_description/share/rebot_description/local_setup.bash
[0.209s] -- Up-to-date: /home/zme/self_project/rebotArm_mujoco/install/rebot_description/share/rebot_description/local_setup.sh
[0.210s] -- Up-to-date: /home/zme/self_project/rebotArm_mujoco/install/rebot_description/share/rebot_description/local_setup.zsh
[0.210s] -- Up-to-date: /home/zme/self_project/rebotArm_mujoco/install/rebot_description/share/rebot_description/local_setup.dsv
[0.210s] -- Up-to-date: /home/zme/self_project/rebotArm_mujoco/install/rebot_description/share/rebot_description/package.dsv
[0.210s] -- Up-to-date: /home/zme/self_project/rebotArm_mujoco/install/rebot_description/share/ament_index/resource_index/packages/rebot_description
[0.210s] -- Up-to-date: /home/zme/self_project/rebotArm_mujoco/install/rebot_description/share/rebot_description/cmake/rebot_descriptionConfig.cmake
[0.211s] -- Up-to-date: /home/zme/self_project/rebotArm_mujoco/install/rebot_description/share/rebot_description/cmake/rebot_descriptionConfig-version.cmake
[0.211s] -- Up-to-date: /home/zme/self_project/rebotArm_mujoco/install/rebot_description/share/rebot_description/package.xml
[0.214s] Invoked command in '/home/zme/self_project/rebotArm_mujoco/build/rebot_description' returned '0': CMAKE_PREFIX_PATH=${CMAKE_PREFIX_PATH}:/opt/ros/jazzy DEBUGINFOD_URLS=https://debuginfod.ubuntu.com /usr/bin/cmake --install /home/zme/self_project/rebotArm_mujoco/build/rebot_description
