-- The C compiler identification is GNU 13.3.0
-- The CXX compiler identification is GNU 13.3.0
-- Detecting C compiler ABI info
-- Detecting C compiler ABI info - done
-- Check for working C compiler: /usr/bin/cc - skipped
-- Detecting C compile features
-- Detecting C compile features - done
-- Detecting CXX compiler ABI info
-- Detecting CXX compiler ABI info - done
-- Check for working CXX compiler: /usr/bin/c++ - skipped
-- Detecting CXX compile features
-- Detecting CXX compile features - done
-- Found ament_cmake: 2.5.4 (/opt/ros/jazzy/share/ament_cmake/cmake)
-- Found Python3: /usr/bin/python3 (found version "3.12.3") found components: Interpreter 
-- Found rosidl_default_generators: 1.6.0 (/opt/ros/jazzy/share/rosidl_default_generators/cmake)
-- Using all available rosidl_typesupport_c: rosidl_typesupport_fastrtps_c;rosidl_typesupport_introspection_c
-- Using all available rosidl_typesupport_cpp: rosidl_typesupport_fastrtps_cpp;rosidl_typesupport_introspection_cpp
-- Found rosidl_adapter: 4.6.6 (/opt/ros/jazzy/share/rosidl_adapter/cmake)
-- Found ament_cmake_ros: 0.12.0 (/opt/ros/jazzy/share/ament_cmake_ros/cmake)
-- Using all available rosidl_typesupport_c: rosidl_typesupport_fastrtps_c;rosidl_typesupport_introspection_c
-- Using all available rosidl_typesupport_cpp: rosidl_typesupport_fastrtps_cpp;rosidl_typesupport_introspection_cpp
-- Found python_cmake_module: 0.11.1 (/opt/ros/jazzy/share/python_cmake_module/cmake)
-- Found PythonExtra: /usr/bin/python3  
-- Found Python3: /usr/bin/python3 (found version "3.12.3") found components: Interpreter Development NumPy Development.Module Development.Embed 
-- Configuring done (1.7s)
-- Generating done (0.0s)
-- Build files have been written to: /home/zhang/self_project/arm_study_ws/build/robot_msgs
[  2%] [34m[1mGenerating type hashes for ROS interfaces[0m
[  2%] Built target ament_cmake_python_copy_robot_msgs
[  2%] Built target robot_msgs__rosidl_generator_type_description
[  5%] [34m[1mGenerating C code for ROS interfaces[0m
running egg_info
creating robot_msgs.egg-info
[  8%] [34m[1mGenerating C++ code for ROS interfaces[0m
writing robot_msgs.egg-info/PKG-INFO
writing dependency_links to robot_msgs.egg-info/dependency_links.txt
writing top-level names to robot_msgs.egg-info/top_level.txt
writing manifest file 'robot_msgs.egg-info/SOURCES.txt'
reading manifest file 'robot_msgs.egg-info/SOURCES.txt'
writing manifest file 'robot_msgs.egg-info/SOURCES.txt'
[  8%] Built target ament_cmake_python_build_robot_msgs_egg
[  8%] Built target robot_msgs__cpp
[ 17%] [32mBuilding C object CMakeFiles/robot_msgs__rosidl_generator_c.dir/rosidl_generator_c/robot_msgs/msg/detail/arm_position_cmd__description.c.o[0m
[ 17%] [32mBuilding C object CMakeFiles/robot_msgs__rosidl_generator_c.dir/rosidl_generator_c/robot_msgs/msg/detail/arm_position_cmd__functions.c.o[0m
[ 17%] [32mBuilding C object CMakeFiles/robot_msgs__rosidl_generator_c.dir/rosidl_generator_c/robot_msgs/msg/detail/arm_position_cmd__type_support.c.o[0m
[ 20%] [32m[1mLinking C shared library librobot_msgs__rosidl_generator_c.so[0m
[ 20%] Built target robot_msgs__rosidl_generator_c
[ 23%] [34m[1mGenerating C++ introspection for ROS interfaces[0m
[ 29%] [34m[1mGenerating C introspection for ROS interfaces[0m
[ 29%] [34m[1mGenerating C type support for eProsima Fast-RTPS[0m
[ 38%] [34m[1mGenerating C++ type support for eProsima Fast-RTPS[0m
[ 38%] [34m[1mGenerating C type support dispatch for ROS interfaces[0m
[ 38%] [34m[1mGenerating C++ type support dispatch for ROS interfaces[0m
[ 41%] [32mBuilding CXX object CMakeFiles/robot_msgs__rosidl_typesupport_c.dir/rosidl_typesupport_c/robot_msgs/msg/arm_position_cmd__type_support.cpp.o[0m
[ 44%] [32mBuilding CXX object CMakeFiles/robot_msgs__rosidl_typesupport_cpp.dir/rosidl_typesupport_cpp/robot_msgs/msg/arm_position_cmd__type_support.cpp.o[0m
[ 47%] [32mBuilding C object CMakeFiles/robot_msgs__rosidl_typesupport_introspection_c.dir/rosidl_typesupport_introspection_c/robot_msgs/msg/detail/arm_position_cmd__type_support.c.o[0m
[ 50%] [32mBuilding CXX object CMakeFiles/robot_msgs__rosidl_typesupport_introspection_cpp.dir/rosidl_typesupport_introspection_cpp/robot_msgs/msg/detail/arm_position_cmd__type_support.cpp.o[0m
[ 52%] [32mBuilding CXX object CMakeFiles/robot_msgs__rosidl_typesupport_fastrtps_cpp.dir/rosidl_typesupport_fastrtps_cpp/robot_msgs/msg/detail/dds_fastrtps/arm_position_cmd__type_support.cpp.o[0m
[ 55%] [32m[1mLinking CXX shared library librobot_msgs__rosidl_typesupport_c.so[0m
[ 58%] [32mBuilding CXX object CMakeFiles/robot_msgs__rosidl_typesupport_fastrtps_c.dir/rosidl_typesupport_fastrtps_c/robot_msgs/msg/detail/arm_position_cmd__type_support_c.cpp.o[0m
[ 61%] [32m[1mLinking C shared library librobot_msgs__rosidl_typesupport_introspection_c.so[0m
[ 61%] Built target robot_msgs__rosidl_typesupport_c
[ 61%] Built target robot_msgs__rosidl_typesupport_introspection_c
[ 64%] [32m[1mLinking CXX shared library librobot_msgs__rosidl_typesupport_cpp.so[0m
[ 67%] [32m[1mLinking CXX shared library librobot_msgs__rosidl_typesupport_introspection_cpp.so[0m
[ 67%] Built target robot_msgs__rosidl_typesupport_cpp
[ 67%] Built target robot_msgs__rosidl_typesupport_introspection_cpp
[ 70%] [32m[1mLinking CXX shared library librobot_msgs__rosidl_typesupport_fastrtps_c.so[0m
[ 73%] [32m[1mLinking CXX shared library librobot_msgs__rosidl_typesupport_fastrtps_cpp.so[0m
[ 73%] Built target robot_msgs__rosidl_typesupport_fastrtps_c
[ 73%] Built target robot_msgs__rosidl_typesupport_fastrtps_cpp
[ 73%] Built target robot_msgs
[ 76%] [34m[1mGenerating Python code for ROS interfaces[0m
[ 76%] Built target robot_msgs__py
[ 79%] [32mBuilding C object CMakeFiles/robot_msgs__rosidl_generator_py.dir/rosidl_generator_py/robot_msgs/msg/_arm_position_cmd_s.c.o[0m
[ 82%] [32m[1mLinking C shared library librobot_msgs__rosidl_generator_py.so[0m
[ 82%] Built target robot_msgs__rosidl_generator_py
[ 91%] [32mBuilding C object CMakeFiles/robot_msgs_s__rosidl_typesupport_introspection_c.dir/rosidl_generator_py/robot_msgs/_robot_msgs_s.ep.rosidl_typesupport_introspection_c.c.o[0m
[ 91%] [32mBuilding C object CMakeFiles/robot_msgs_s__rosidl_typesupport_c.dir/rosidl_generator_py/robot_msgs/_robot_msgs_s.ep.rosidl_typesupport_c.c.o[0m
[ 91%] [32mBuilding C object CMakeFiles/robot_msgs_s__rosidl_typesupport_fastrtps_c.dir/rosidl_generator_py/robot_msgs/_robot_msgs_s.ep.rosidl_typesupport_fastrtps_c.c.o[0m
[ 94%] [32m[1mLinking C shared module rosidl_generator_py/robot_msgs/robot_msgs_s__rosidl_typesupport_introspection_c.so[0m
[ 97%] [32m[1mLinking C shared module rosidl_generator_py/robot_msgs/robot_msgs_s__rosidl_typesupport_c.so[0m
[100%] [32m[1mLinking C shared module rosidl_generator_py/robot_msgs/robot_msgs_s__rosidl_typesupport_fastrtps_c.so[0m
[100%] Built target robot_msgs_s__rosidl_typesupport_introspection_c
[100%] Built target robot_msgs_s__rosidl_typesupport_c
[100%] Built target robot_msgs_s__rosidl_typesupport_fastrtps_c
-- Install configuration: ""
-- Installing: /home/zhang/self_project/arm_study_ws/install/robot_msgs/share/ament_index/resource_index/rosidl_interfaces/robot_msgs
-- Installing: /home/zhang/self_project/arm_study_ws/install/robot_msgs/share/robot_msgs/msg/ArmPositionCmd.json
-- Installing: /home/zhang/self_project/arm_study_ws/install/robot_msgs/include/robot_msgs/robot_msgs
-- Installing: /home/zhang/self_project/arm_study_ws/install/robot_msgs/include/robot_msgs/robot_msgs/msg
-- Installing: /home/zhang/self_project/arm_study_ws/install/robot_msgs/include/robot_msgs/robot_msgs/msg/rosidl_generator_c__visibility_control.h
-- Installing: /home/zhang/self_project/arm_study_ws/install/robot_msgs/include/robot_msgs/robot_msgs/msg/arm_position_cmd.h
-- Installing: /home/zhang/self_project/arm_study_ws/install/robot_msgs/include/robot_msgs/robot_msgs/msg/detail
-- Installing: /home/zhang/self_project/arm_study_ws/install/robot_msgs/include/robot_msgs/robot_msgs/msg/detail/arm_position_cmd__type_support.h
-- Installing: /home/zhang/self_project/arm_study_ws/install/robot_msgs/include/robot_msgs/robot_msgs/msg/detail/arm_position_cmd__description.c
-- Installing: /home/zhang/self_project/arm_study_ws/install/robot_msgs/include/robot_msgs/robot_msgs/msg/detail/arm_position_cmd__struct.h
-- Installing: /home/zhang/self_project/arm_study_ws/install/robot_msgs/include/robot_msgs/robot_msgs/msg/detail/arm_position_cmd__functions.c
-- Installing: /home/zhang/self_project/arm_study_ws/install/robot_msgs/include/robot_msgs/robot_msgs/msg/detail/arm_position_cmd__functions.h
-- Installing: /home/zhang/self_project/arm_study_ws/install/robot_msgs/include/robot_msgs/robot_msgs/msg/detail/arm_position_cmd__type_support.c
-- Installing: /home/zhang/self_project/arm_study_ws/install/robot_msgs/share/robot_msgs/environment/library_path.sh
-- Installing: /home/zhang/self_project/arm_study_ws/install/robot_msgs/share/robot_msgs/environment/library_path.dsv
-- Installing: /home/zhang/self_project/arm_study_ws/install/robot_msgs/lib/librobot_msgs__rosidl_generator_c.so
-- Set non-toolchain portion of runtime path of "/home/zhang/self_project/arm_study_ws/install/robot_msgs/lib/librobot_msgs__rosidl_generator_c.so" to ""
-- Up-to-date: /home/zhang/self_project/arm_study_ws/install/robot_msgs/include/robot_msgs/robot_msgs
-- Up-to-date: /home/zhang/self_project/arm_study_ws/install/robot_msgs/include/robot_msgs/robot_msgs/msg
-- Up-to-date: /home/zhang/self_project/arm_study_ws/install/robot_msgs/include/robot_msgs/robot_msgs/msg/detail
-- Installing: /home/zhang/self_project/arm_study_ws/install/robot_msgs/include/robot_msgs/robot_msgs/msg/detail/arm_position_cmd__rosidl_typesupport_fastrtps_c.h
-- Installing: /home/zhang/self_project/arm_study_ws/install/robot_msgs/include/robot_msgs/robot_msgs/msg/rosidl_typesupport_fastrtps_c__visibility_control.h
-- Installing: /home/zhang/self_project/arm_study_ws/install/robot_msgs/lib/librobot_msgs__rosidl_typesupport_fastrtps_c.so
-- Set non-toolchain portion of runtime path of "/home/zhang/self_project/arm_study_ws/install/robot_msgs/lib/librobot_msgs__rosidl_typesupport_fastrtps_c.so" to ""
-- Up-to-date: /home/zhang/self_project/arm_study_ws/install/robot_msgs/include/robot_msgs/robot_msgs
-- Up-to-date: /home/zhang/self_project/arm_study_ws/install/robot_msgs/include/robot_msgs/robot_msgs/msg
-- Installing: /home/zhang/self_project/arm_study_ws/install/robot_msgs/include/robot_msgs/robot_msgs/msg/rosidl_typesupport_introspection_c__visibility_control.h
-- Up-to-date: /home/zhang/self_project/arm_study_ws/install/robot_msgs/include/robot_msgs/robot_msgs/msg/detail
-- Installing: /home/zhang/self_project/arm_study_ws/install/robot_msgs/include/robot_msgs/robot_msgs/msg/detail/arm_position_cmd__rosidl_typesupport_introspection_c.h
-- Up-to-date: /home/zhang/self_project/arm_study_ws/install/robot_msgs/include/robot_msgs/robot_msgs/msg/detail/arm_position_cmd__type_support.c
-- Installing: /home/zhang/self_project/arm_study_ws/install/robot_msgs/lib/librobot_msgs__rosidl_typesupport_introspection_c.so
-- Set non-toolchain portion of runtime path of "/home/zhang/self_project/arm_study_ws/install/robot_msgs/lib/librobot_msgs__rosidl_typesupport_introspection_c.so" to ""
-- Installing: /home/zhang/self_project/arm_study_ws/install/robot_msgs/lib/librobot_msgs__rosidl_typesupport_c.so
-- Set non-toolchain portion of runtime path of "/home/zhang/self_project/arm_study_ws/install/robot_msgs/lib/librobot_msgs__rosidl_typesupport_c.so" to ""
-- Up-to-date: /home/zhang/self_project/arm_study_ws/install/robot_msgs/include/robot_msgs/robot_msgs
-- Up-to-date: /home/zhang/self_project/arm_study_ws/install/robot_msgs/include/robot_msgs/robot_msgs/msg
-- Installing: /home/zhang/self_project/arm_study_ws/install/robot_msgs/include/robot_msgs/robot_msgs/msg/arm_position_cmd.hpp
-- Installing: /home/zhang/self_project/arm_study_ws/install/robot_msgs/include/robot_msgs/robot_msgs/msg/rosidl_generator_cpp__visibility_control.hpp
-- Up-to-date: /home/zhang/self_project/arm_study_ws/install/robot_msgs/include/robot_msgs/robot_msgs/msg/detail
-- Installing: /home/zhang/self_project/arm_study_ws/install/robot_msgs/include/robot_msgs/robot_msgs/msg/detail/arm_position_cmd__struct.hpp
-- Installing: /home/zhang/self_project/arm_study_ws/install/robot_msgs/include/robot_msgs/robot_msgs/msg/detail/arm_position_cmd__type_support.hpp
-- Installing: /home/zhang/self_project/arm_study_ws/install/robot_msgs/include/robot_msgs/robot_msgs/msg/detail/arm_position_cmd__builder.hpp
-- Installing: /home/zhang/self_project/arm_study_ws/install/robot_msgs/include/robot_msgs/robot_msgs/msg/detail/arm_position_cmd__traits.hpp
-- Up-to-date: /home/zhang/self_project/arm_study_ws/install/robot_msgs/include/robot_msgs/robot_msgs
-- Up-to-date: /home/zhang/self_project/arm_study_ws/install/robot_msgs/include/robot_msgs/robot_msgs/msg
-- Installing: /home/zhang/self_project/arm_study_ws/install/robot_msgs/include/robot_msgs/robot_msgs/msg/rosidl_typesupport_fastrtps_cpp__visibility_control.h
-- Up-to-date: /home/zhang/self_project/arm_study_ws/install/robot_msgs/include/robot_msgs/robot_msgs/msg/detail
-- Installing: /home/zhang/self_project/arm_study_ws/install/robot_msgs/include/robot_msgs/robot_msgs/msg/detail/dds_fastrtps
-- Installing: /home/zhang/self_project/arm_study_ws/install/robot_msgs/include/robot_msgs/robot_msgs/msg/detail/arm_position_cmd__rosidl_typesupport_fastrtps_cpp.hpp
-- Installing: /home/zhang/self_project/arm_study_ws/install/robot_msgs/lib/librobot_msgs__rosidl_typesupport_fastrtps_cpp.so
-- Set non-toolchain portion of runtime path of "/home/zhang/self_project/arm_study_ws/install/robot_msgs/lib/librobot_msgs__rosidl_typesupport_fastrtps_cpp.so" to ""
-- Up-to-date: /home/zhang/self_project/arm_study_ws/install/robot_msgs/include/robot_msgs/robot_msgs
-- Up-to-date: /home/zhang/self_project/arm_study_ws/install/robot_msgs/include/robot_msgs/robot_msgs/msg
-- Up-to-date: /home/zhang/self_project/arm_study_ws/install/robot_msgs/include/robot_msgs/robot_msgs/msg/detail
-- Installing: /home/zhang/self_project/arm_study_ws/install/robot_msgs/include/robot_msgs/robot_msgs/msg/detail/arm_position_cmd__type_support.cpp
-- Installing: /home/zhang/self_project/arm_study_ws/install/robot_msgs/include/robot_msgs/robot_msgs/msg/detail/arm_position_cmd__rosidl_typesupport_introspection_cpp.hpp
-- Installing: /home/zhang/self_project/arm_study_ws/install/robot_msgs/lib/librobot_msgs__rosidl_typesupport_introspection_cpp.so
-- Set non-toolchain portion of runtime path of "/home/zhang/self_project/arm_study_ws/install/robot_msgs/lib/librobot_msgs__rosidl_typesupport_introspection_cpp.so" to ""
-- Installing: /home/zhang/self_project/arm_study_ws/install/robot_msgs/lib/librobot_msgs__rosidl_typesupport_cpp.so
-- Set non-toolchain portion of runtime path of "/home/zhang/self_project/arm_study_ws/install/robot_msgs/lib/librobot_msgs__rosidl_typesupport_cpp.so" to ""
-- Installing: /home/zhang/self_project/arm_study_ws/install/robot_msgs/share/robot_msgs/environment/pythonpath.sh
-- Installing: /home/zhang/self_project/arm_study_ws/install/robot_msgs/share/robot_msgs/environment/pythonpath.dsv
-- Installing: /home/zhang/self_project/arm_study_ws/install/robot_msgs/lib/python3.12/site-packages/robot_msgs-0.0.0-py3.12.egg-info
-- Installing: /home/zhang/self_project/arm_study_ws/install/robot_msgs/lib/python3.12/site-packages/robot_msgs-0.0.0-py3.12.egg-info/top_level.txt
-- Installing: /home/zhang/self_project/arm_study_ws/install/robot_msgs/lib/python3.12/site-packages/robot_msgs-0.0.0-py3.12.egg-info/dependency_links.txt
-- Installing: /home/zhang/self_project/arm_study_ws/install/robot_msgs/lib/python3.12/site-packages/robot_msgs-0.0.0-py3.12.egg-info/PKG-INFO
-- Installing: /home/zhang/self_project/arm_study_ws/install/robot_msgs/lib/python3.12/site-packages/robot_msgs-0.0.0-py3.12.egg-info/SOURCES.txt
-- Installing: /home/zhang/self_project/arm_study_ws/install/robot_msgs/lib/python3.12/site-packages/robot_msgs
-- Installing: /home/zhang/self_project/arm_study_ws/install/robot_msgs/lib/python3.12/site-packages/robot_msgs/robot_msgs_s__rosidl_typesupport_c.so
-- Installing: /home/zhang/self_project/arm_study_ws/install/robot_msgs/lib/python3.12/site-packages/robot_msgs/msg
-- Installing: /home/zhang/self_project/arm_study_ws/install/robot_msgs/lib/python3.12/site-packages/robot_msgs/msg/_arm_position_cmd.py
-- Installing: /home/zhang/self_project/arm_study_ws/install/robot_msgs/lib/python3.12/site-packages/robot_msgs/msg/_arm_position_cmd_s.c
-- Installing: /home/zhang/self_project/arm_study_ws/install/robot_msgs/lib/python3.12/site-packages/robot_msgs/msg/__init__.py
-- Installing: /home/zhang/self_project/arm_study_ws/install/robot_msgs/lib/python3.12/site-packages/robot_msgs/_robot_msgs_s.ep.rosidl_typesupport_introspection_c.c
-- Installing: /home/zhang/self_project/arm_study_ws/install/robot_msgs/lib/python3.12/site-packages/robot_msgs/robot_msgs_s__rosidl_typesupport_introspection_c.so
-- Installing: /home/zhang/self_project/arm_study_ws/install/robot_msgs/lib/python3.12/site-packages/robot_msgs/_robot_msgs_s.ep.rosidl_typesupport_c.c
-- Installing: /home/zhang/self_project/arm_study_ws/install/robot_msgs/lib/python3.12/site-packages/robot_msgs/_robot_msgs_s.ep.rosidl_typesupport_fastrtps_c.c
-- Installing: /home/zhang/self_project/arm_study_ws/install/robot_msgs/lib/python3.12/site-packages/robot_msgs/__init__.py
-- Installing: /home/zhang/self_project/arm_study_ws/install/robot_msgs/lib/python3.12/site-packages/robot_msgs/robot_msgs_s__rosidl_typesupport_fastrtps_c.so
Listing '/home/zhang/self_project/arm_study_ws/install/robot_msgs/lib/python3.12/site-packages/robot_msgs'...
Compiling '/home/zhang/self_project/arm_study_ws/install/robot_msgs/lib/python3.12/site-packages/robot_msgs/__init__.py'...
Listing '/home/zhang/self_project/arm_study_ws/install/robot_msgs/lib/python3.12/site-packages/robot_msgs/msg'...
Compiling '/home/zhang/self_project/arm_study_ws/install/robot_msgs/lib/python3.12/site-packages/robot_msgs/msg/__init__.py'...
Compiling '/home/zhang/self_project/arm_study_ws/install/robot_msgs/lib/python3.12/site-packages/robot_msgs/msg/_arm_position_cmd.py'...
-- Installing: /home/zhang/self_project/arm_study_ws/install/robot_msgs/lib/python3.12/site-packages/robot_msgs/robot_msgs_s__rosidl_typesupport_fastrtps_c.so
-- Set non-toolchain portion of runtime path of "/home/zhang/self_project/arm_study_ws/install/robot_msgs/lib/python3.12/site-packages/robot_msgs/robot_msgs_s__rosidl_typesupport_fastrtps_c.so" to ""
-- Installing: /home/zhang/self_project/arm_study_ws/install/robot_msgs/lib/python3.12/site-packages/robot_msgs/robot_msgs_s__rosidl_typesupport_introspection_c.so
-- Set non-toolchain portion of runtime path of "/home/zhang/self_project/arm_study_ws/install/robot_msgs/lib/python3.12/site-packages/robot_msgs/robot_msgs_s__rosidl_typesupport_introspection_c.so" to ""
-- Installing: /home/zhang/self_project/arm_study_ws/install/robot_msgs/lib/python3.12/site-packages/robot_msgs/robot_msgs_s__rosidl_typesupport_c.so
-- Set non-toolchain portion of runtime path of "/home/zhang/self_project/arm_study_ws/install/robot_msgs/lib/python3.12/site-packages/robot_msgs/robot_msgs_s__rosidl_typesupport_c.so" to ""
-- Installing: /home/zhang/self_project/arm_study_ws/install/robot_msgs/lib/librobot_msgs__rosidl_generator_py.so
-- Set non-toolchain portion of runtime path of "/home/zhang/self_project/arm_study_ws/install/robot_msgs/lib/librobot_msgs__rosidl_generator_py.so" to ""
-- Installing: /home/zhang/self_project/arm_study_ws/install/robot_msgs/share/robot_msgs/msg/ArmPositionCmd.idl
-- Installing: /home/zhang/self_project/arm_study_ws/install/robot_msgs/share/robot_msgs/msg/ArmPositionCmd.msg
-- Installing: /home/zhang/self_project/arm_study_ws/install/robot_msgs/share/ament_index/resource_index/package_run_dependencies/robot_msgs
-- Installing: /home/zhang/self_project/arm_study_ws/install/robot_msgs/share/ament_index/resource_index/parent_prefix_path/robot_msgs
-- Installing: /home/zhang/self_project/arm_study_ws/install/robot_msgs/share/robot_msgs/environment/ament_prefix_path.sh
-- Installing: /home/zhang/self_project/arm_study_ws/install/robot_msgs/share/robot_msgs/environment/ament_prefix_path.dsv
-- Installing: /home/zhang/self_project/arm_study_ws/install/robot_msgs/share/robot_msgs/environment/path.sh
-- Installing: /home/zhang/self_project/arm_study_ws/install/robot_msgs/share/robot_msgs/environment/path.dsv
-- Installing: /home/zhang/self_project/arm_study_ws/install/robot_msgs/share/robot_msgs/local_setup.bash
-- Installing: /home/zhang/self_project/arm_study_ws/install/robot_msgs/share/robot_msgs/local_setup.sh
-- Installing: /home/zhang/self_project/arm_study_ws/install/robot_msgs/share/robot_msgs/local_setup.zsh
-- Installing: /home/zhang/self_project/arm_study_ws/install/robot_msgs/share/robot_msgs/local_setup.dsv
-- Installing: /home/zhang/self_project/arm_study_ws/install/robot_msgs/share/robot_msgs/package.dsv
-- Installing: /home/zhang/self_project/arm_study_ws/install/robot_msgs/share/ament_index/resource_index/packages/robot_msgs
-- Installing: /home/zhang/self_project/arm_study_ws/install/robot_msgs/share/robot_msgs/cmake/export_robot_msgs__rosidl_generator_cExport.cmake
-- Installing: /home/zhang/self_project/arm_study_ws/install/robot_msgs/share/robot_msgs/cmake/export_robot_msgs__rosidl_generator_cExport-noconfig.cmake
-- Installing: /home/zhang/self_project/arm_study_ws/install/robot_msgs/share/robot_msgs/cmake/export_robot_msgs__rosidl_typesupport_fastrtps_cExport.cmake
-- Installing: /home/zhang/self_project/arm_study_ws/install/robot_msgs/share/robot_msgs/cmake/export_robot_msgs__rosidl_typesupport_fastrtps_cExport-noconfig.cmake
-- Installing: /home/zhang/self_project/arm_study_ws/install/robot_msgs/share/robot_msgs/cmake/robot_msgs__rosidl_typesupport_introspection_cExport.cmake
-- Installing: /home/zhang/self_project/arm_study_ws/install/robot_msgs/share/robot_msgs/cmake/robot_msgs__rosidl_typesupport_introspection_cExport-noconfig.cmake
-- Installing: /home/zhang/self_project/arm_study_ws/install/robot_msgs/share/robot_msgs/cmake/robot_msgs__rosidl_typesupport_cExport.cmake
-- Installing: /home/zhang/self_project/arm_study_ws/install/robot_msgs/share/robot_msgs/cmake/robot_msgs__rosidl_typesupport_cExport-noconfig.cmake
-- Installing: /home/zhang/self_project/arm_study_ws/install/robot_msgs/share/robot_msgs/cmake/export_robot_msgs__rosidl_generator_cppExport.cmake
-- Installing: /home/zhang/self_project/arm_study_ws/install/robot_msgs/share/robot_msgs/cmake/export_robot_msgs__rosidl_typesupport_fastrtps_cppExport.cmake
-- Installing: /home/zhang/self_project/arm_study_ws/install/robot_msgs/share/robot_msgs/cmake/export_robot_msgs__rosidl_typesupport_fastrtps_cppExport-noconfig.cmake
-- Installing: /home/zhang/self_project/arm_study_ws/install/robot_msgs/share/robot_msgs/cmake/robot_msgs__rosidl_typesupport_introspection_cppExport.cmake
-- Installing: /home/zhang/self_project/arm_study_ws/install/robot_msgs/share/robot_msgs/cmake/robot_msgs__rosidl_typesupport_introspection_cppExport-noconfig.cmake
-- Installing: /home/zhang/self_project/arm_study_ws/install/robot_msgs/share/robot_msgs/cmake/robot_msgs__rosidl_typesupport_cppExport.cmake
-- Installing: /home/zhang/self_project/arm_study_ws/install/robot_msgs/share/robot_msgs/cmake/robot_msgs__rosidl_typesupport_cppExport-noconfig.cmake
-- Installing: /home/zhang/self_project/arm_study_ws/install/robot_msgs/share/robot_msgs/cmake/export_robot_msgs__rosidl_generator_pyExport.cmake
-- Installing: /home/zhang/self_project/arm_study_ws/install/robot_msgs/share/robot_msgs/cmake/export_robot_msgs__rosidl_generator_pyExport-noconfig.cmake
-- Installing: /home/zhang/self_project/arm_study_ws/install/robot_msgs/share/robot_msgs/cmake/rosidl_cmake-extras.cmake
-- Installing: /home/zhang/self_project/arm_study_ws/install/robot_msgs/share/robot_msgs/cmake/ament_cmake_export_include_directories-extras.cmake
-- Installing: /home/zhang/self_project/arm_study_ws/install/robot_msgs/share/robot_msgs/cmake/ament_cmake_export_libraries-extras.cmake
-- Installing: /home/zhang/self_project/arm_study_ws/install/robot_msgs/share/robot_msgs/cmake/ament_cmake_export_targets-extras.cmake
-- Installing: /home/zhang/self_project/arm_study_ws/install/robot_msgs/share/robot_msgs/cmake/rosidl_cmake_export_typesupport_targets-extras.cmake
-- Installing: /home/zhang/self_project/arm_study_ws/install/robot_msgs/share/robot_msgs/cmake/ament_cmake_export_dependencies-extras.cmake
-- Installing: /home/zhang/self_project/arm_study_ws/install/robot_msgs/share/robot_msgs/cmake/rosidl_cmake_export_typesupport_libraries-extras.cmake
-- Installing: /home/zhang/self_project/arm_study_ws/install/robot_msgs/share/robot_msgs/cmake/robot_msgsConfig.cmake
-- Installing: /home/zhang/self_project/arm_study_ws/install/robot_msgs/share/robot_msgs/cmake/robot_msgsConfig-version.cmake
-- Installing: /home/zhang/self_project/arm_study_ws/install/robot_msgs/share/robot_msgs/package.xml
