[0.006s] Invoking command in '/home/zhang/self_project/arm_study_ws/build/robot_msgs': CMAKE_PREFIX_PATH=${CMAKE_PREFIX_PATH}:/opt/ros/jazzy DEBUGINFOD_URLS=https://debuginfod.ubuntu.com /usr/bin/cmake /home/zhang/self_project/arm_study_ws/src/robot_msgs -DCMAKE_INSTALL_PREFIX=/home/zhang/self_project/arm_study_ws/install/robot_msgs
[0.036s] -- The C compiler identification is GNU 13.3.0
[0.067s] -- The CXX compiler identification is GNU 13.3.0
[0.077s] -- Detecting C compiler ABI info
[0.126s] -- Detecting C compiler ABI info - done
[0.130s] -- Check for working C compiler: /usr/bin/cc - skipped
[0.130s] -- Detecting C compile features
[0.130s] -- Detecting C compile features - done
[0.136s] -- Detecting CXX compiler ABI info
[0.193s] -- Detecting CXX compiler ABI info - done
[0.198s] -- Check for working CXX compiler: /usr/bin/c++ - skipped
[0.199s] -- Detecting CXX compile features
[0.199s] -- Detecting CXX compile features - done
[0.201s] -- Found ament_cmake: 2.5.4 (/opt/ros/jazzy/share/ament_cmake/cmake)
[0.288s] -- Found Python3: /usr/bin/python3 (found version "3.12.3") found components: Interpreter 
[0.358s] -- Found rosidl_default_generators: 1.6.0 (/opt/ros/jazzy/share/rosidl_default_generators/cmake)
[0.362s] -- Using all available rosidl_typesupport_c: rosidl_typesupport_fastrtps_c;rosidl_typesupport_introspection_c
[0.398s] -- Using all available rosidl_typesupport_cpp: rosidl_typesupport_fastrtps_cpp;rosidl_typesupport_introspection_cpp
[0.421s] -- Found rosidl_adapter: 4.6.6 (/opt/ros/jazzy/share/rosidl_adapter/cmake)
[0.762s] -- Found ament_cmake_ros: 0.12.0 (/opt/ros/jazzy/share/ament_cmake_ros/cmake)
[1.021s] -- Using all available rosidl_typesupport_c: rosidl_typesupport_fastrtps_c;rosidl_typesupport_introspection_c
[1.358s] -- Using all available rosidl_typesupport_cpp: rosidl_typesupport_fastrtps_cpp;rosidl_typesupport_introspection_cpp
[1.358s] -- Found python_cmake_module: 0.11.1 (/opt/ros/jazzy/share/python_cmake_module/cmake)
[1.441s] -- Found PythonExtra: /usr/bin/python3  
[1.693s] -- Found Python3: /usr/bin/python3 (found version "3.12.3") found components: Interpreter Development NumPy Development.Module Development.Embed 
[1.715s] -- Configuring done (1.7s)
[1.729s] -- Generating done (0.0s)
[1.734s] -- Build files have been written to: /home/zhang/self_project/arm_study_ws/build/robot_msgs
[1.741s] Invoked command in '/home/zhang/self_project/arm_study_ws/build/robot_msgs' returned '0': CMAKE_PREFIX_PATH=${CMAKE_PREFIX_PATH}:/opt/ros/jazzy DEBUGINFOD_URLS=https://debuginfod.ubuntu.com /usr/bin/cmake /home/zhang/self_project/arm_study_ws/src/robot_msgs -DCMAKE_INSTALL_PREFIX=/home/zhang/self_project/arm_study_ws/install/robot_msgs
[1.741s] Invoking command in '/home/zhang/self_project/arm_study_ws/build/robot_msgs': CMAKE_PREFIX_PATH=${CMAKE_PREFIX_PATH}:/opt/ros/jazzy DEBUGINFOD_URLS=https://debuginfod.ubuntu.com /usr/bin/cmake --build /home/zhang/self_project/arm_study_ws/build/robot_msgs -- -j20 -l20
[1.772s] [  2%] [34m[1mGenerating type hashes for ROS interfaces[0m
[1.777s] [  2%] Built target ament_cmake_python_copy_robot_msgs
[1.863s] [  2%] Built target robot_msgs__rosidl_generator_type_description
[1.870s] [  5%] [34m[1mGenerating C code for ROS interfaces[0m
[1.875s] running egg_info
[1.875s] creating robot_msgs.egg-info
[1.876s] [  8%] [34m[1mGenerating C++ code for ROS interfaces[0m
[1.882s] writing robot_msgs.egg-info/PKG-INFO
[1.882s] writing dependency_links to robot_msgs.egg-info/dependency_links.txt
[1.882s] writing top-level names to robot_msgs.egg-info/top_level.txt
[1.882s] writing manifest file 'robot_msgs.egg-info/SOURCES.txt'
[1.904s] reading manifest file 'robot_msgs.egg-info/SOURCES.txt'
[1.904s] writing manifest file 'robot_msgs.egg-info/SOURCES.txt'
[1.919s] [  8%] Built target ament_cmake_python_build_robot_msgs_egg
[1.984s] [  8%] Built target robot_msgs__cpp
[1.991s] [ 17%] [32mBuilding C object CMakeFiles/robot_msgs__rosidl_generator_c.dir/rosidl_generator_c/robot_msgs/msg/detail/arm_position_cmd__description.c.o[0m
[1.991s] [ 17%] [32mBuilding C object CMakeFiles/robot_msgs__rosidl_generator_c.dir/rosidl_generator_c/robot_msgs/msg/detail/arm_position_cmd__functions.c.o[0m
[1.991s] [ 17%] [32mBuilding C object CMakeFiles/robot_msgs__rosidl_generator_c.dir/rosidl_generator_c/robot_msgs/msg/detail/arm_position_cmd__type_support.c.o[0m
[2.018s] [ 20%] [32m[1mLinking C shared library librobot_msgs__rosidl_generator_c.so[0m
[2.041s] [ 20%] Built target robot_msgs__rosidl_generator_c
[2.049s] [ 23%] [34m[1mGenerating C++ introspection for ROS interfaces[0m
[2.049s] [ 29%] [34m[1mGenerating C introspection for ROS interfaces[0m
[2.049s] [ 29%] [34m[1mGenerating C type support for eProsima Fast-RTPS[0m
[2.050s] [ 38%] [34m[1mGenerating C++ type support for eProsima Fast-RTPS[0m
[2.050s] [ 38%] [34m[1mGenerating C type support dispatch for ROS interfaces[0m
[2.050s] [ 38%] [34m[1mGenerating C++ type support dispatch for ROS interfaces[0m
[2.153s] [ 41%] [32mBuilding CXX object CMakeFiles/robot_msgs__rosidl_typesupport_c.dir/rosidl_typesupport_c/robot_msgs/msg/arm_position_cmd__type_support.cpp.o[0m
[2.160s] [ 44%] [32mBuilding CXX object CMakeFiles/robot_msgs__rosidl_typesupport_cpp.dir/rosidl_typesupport_cpp/robot_msgs/msg/arm_position_cmd__type_support.cpp.o[0m
[2.166s] [ 47%] [32mBuilding C object CMakeFiles/robot_msgs__rosidl_typesupport_introspection_c.dir/rosidl_typesupport_introspection_c/robot_msgs/msg/detail/arm_position_cmd__type_support.c.o[0m
[2.166s] [ 50%] [32mBuilding CXX object CMakeFiles/robot_msgs__rosidl_typesupport_introspection_cpp.dir/rosidl_typesupport_introspection_cpp/robot_msgs/msg/detail/arm_position_cmd__type_support.cpp.o[0m
[2.172s] [ 52%] [32mBuilding CXX object CMakeFiles/robot_msgs__rosidl_typesupport_fastrtps_cpp.dir/rosidl_typesupport_fastrtps_cpp/robot_msgs/msg/detail/dds_fastrtps/arm_position_cmd__type_support.cpp.o[0m
[2.175s] [ 55%] [32m[1mLinking CXX shared library librobot_msgs__rosidl_typesupport_c.so[0m
[2.177s] [ 58%] [32mBuilding CXX object CMakeFiles/robot_msgs__rosidl_typesupport_fastrtps_c.dir/rosidl_typesupport_fastrtps_c/robot_msgs/msg/detail/arm_position_cmd__type_support_c.cpp.o[0m
[2.197s] [ 61%] [32m[1mLinking C shared library librobot_msgs__rosidl_typesupport_introspection_c.so[0m
[2.203s] [ 61%] Built target robot_msgs__rosidl_typesupport_c
[2.214s] [ 61%] Built target robot_msgs__rosidl_typesupport_introspection_c
[2.298s] [ 64%] [32m[1mLinking CXX shared library librobot_msgs__rosidl_typesupport_cpp.so[0m
[2.322s] [ 67%] [32m[1mLinking CXX shared library librobot_msgs__rosidl_typesupport_introspection_cpp.so[0m
[2.323s] [ 67%] Built target robot_msgs__rosidl_typesupport_cpp
[2.367s] [ 67%] Built target robot_msgs__rosidl_typesupport_introspection_cpp
[2.374s] [ 70%] [32m[1mLinking CXX shared library librobot_msgs__rosidl_typesupport_fastrtps_c.so[0m
[2.386s] [ 73%] [32m[1mLinking CXX shared library librobot_msgs__rosidl_typesupport_fastrtps_cpp.so[0m
[2.402s] [ 73%] Built target robot_msgs__rosidl_typesupport_fastrtps_c
[2.431s] [ 73%] Built target robot_msgs__rosidl_typesupport_fastrtps_cpp
[2.445s] [ 73%] Built target robot_msgs
[2.457s] [ 76%] [34m[1mGenerating Python code for ROS interfaces[0m
[2.580s] [ 76%] Built target robot_msgs__py
[2.594s] [ 79%] [32mBuilding C object CMakeFiles/robot_msgs__rosidl_generator_py.dir/rosidl_generator_py/robot_msgs/msg/_arm_position_cmd_s.c.o[0m
[2.670s] [ 82%] [32m[1mLinking C shared library librobot_msgs__rosidl_generator_py.so[0m
[2.694s] [ 82%] Built target robot_msgs__rosidl_generator_py
[2.708s] [ 91%] [32mBuilding C object CMakeFiles/robot_msgs_s__rosidl_typesupport_introspection_c.dir/rosidl_generator_py/robot_msgs/_robot_msgs_s.ep.rosidl_typesupport_introspection_c.c.o[0m
[2.708s] [ 91%] [32mBuilding C object CMakeFiles/robot_msgs_s__rosidl_typesupport_c.dir/rosidl_generator_py/robot_msgs/_robot_msgs_s.ep.rosidl_typesupport_c.c.o[0m
[2.708s] [ 91%] [32mBuilding C object CMakeFiles/robot_msgs_s__rosidl_typesupport_fastrtps_c.dir/rosidl_generator_py/robot_msgs/_robot_msgs_s.ep.rosidl_typesupport_fastrtps_c.c.o[0m
[2.759s] [ 94%] [32m[1mLinking C shared module rosidl_generator_py/robot_msgs/robot_msgs_s__rosidl_typesupport_introspection_c.so[0m
[2.759s] [ 97%] [32m[1mLinking C shared module rosidl_generator_py/robot_msgs/robot_msgs_s__rosidl_typesupport_c.so[0m
[2.761s] [100%] [32m[1mLinking C shared module rosidl_generator_py/robot_msgs/robot_msgs_s__rosidl_typesupport_fastrtps_c.so[0m
[2.776s] [100%] Built target robot_msgs_s__rosidl_typesupport_introspection_c
[2.776s] [100%] Built target robot_msgs_s__rosidl_typesupport_c
[2.777s] [100%] Built target robot_msgs_s__rosidl_typesupport_fastrtps_c
[2.784s] Invoked command in '/home/zhang/self_project/arm_study_ws/build/robot_msgs' returned '0': CMAKE_PREFIX_PATH=${CMAKE_PREFIX_PATH}:/opt/ros/jazzy DEBUGINFOD_URLS=https://debuginfod.ubuntu.com /usr/bin/cmake --build /home/zhang/self_project/arm_study_ws/build/robot_msgs -- -j20 -l20
[2.789s] Invoking command in '/home/zhang/self_project/arm_study_ws/build/robot_msgs': CMAKE_PREFIX_PATH=${CMAKE_PREFIX_PATH}:/opt/ros/jazzy DEBUGINFOD_URLS=https://debuginfod.ubuntu.com /usr/bin/cmake --install /home/zhang/self_project/arm_study_ws/build/robot_msgs
[2.794s] -- Install configuration: ""
[2.794s] -- Installing: /home/zhang/self_project/arm_study_ws/install/robot_msgs/share/ament_index/resource_index/rosidl_interfaces/robot_msgs
[2.794s] -- Installing: /home/zhang/self_project/arm_study_ws/install/robot_msgs/share/robot_msgs/msg/ArmPositionCmd.json
[2.795s] -- Installing: /home/zhang/self_project/arm_study_ws/install/robot_msgs/include/robot_msgs/robot_msgs
[2.795s] -- Installing: /home/zhang/self_project/arm_study_ws/install/robot_msgs/include/robot_msgs/robot_msgs/msg
[2.795s] -- Installing: /home/zhang/self_project/arm_study_ws/install/robot_msgs/include/robot_msgs/robot_msgs/msg/rosidl_generator_c__visibility_control.h
[2.795s] -- Installing: /home/zhang/self_project/arm_study_ws/install/robot_msgs/include/robot_msgs/robot_msgs/msg/arm_position_cmd.h
[2.795s] -- Installing: /home/zhang/self_project/arm_study_ws/install/robot_msgs/include/robot_msgs/robot_msgs/msg/detail
[2.795s] -- Installing: /home/zhang/self_project/arm_study_ws/install/robot_msgs/include/robot_msgs/robot_msgs/msg/detail/arm_position_cmd__type_support.h
[2.795s] -- Installing: /home/zhang/self_project/arm_study_ws/install/robot_msgs/include/robot_msgs/robot_msgs/msg/detail/arm_position_cmd__description.c
[2.795s] -- Installing: /home/zhang/self_project/arm_study_ws/install/robot_msgs/include/robot_msgs/robot_msgs/msg/detail/arm_position_cmd__struct.h
[2.795s] -- Installing: /home/zhang/self_project/arm_study_ws/install/robot_msgs/include/robot_msgs/robot_msgs/msg/detail/arm_position_cmd__functions.c
[2.795s] -- Installing: /home/zhang/self_project/arm_study_ws/install/robot_msgs/include/robot_msgs/robot_msgs/msg/detail/arm_position_cmd__functions.h
[2.795s] -- Installing: /home/zhang/self_project/arm_study_ws/install/robot_msgs/include/robot_msgs/robot_msgs/msg/detail/arm_position_cmd__type_support.c
[2.795s] -- Installing: /home/zhang/self_project/arm_study_ws/install/robot_msgs/share/robot_msgs/environment/library_path.sh
[2.795s] -- Installing: /home/zhang/self_project/arm_study_ws/install/robot_msgs/share/robot_msgs/environment/library_path.dsv
[2.795s] -- Installing: /home/zhang/self_project/arm_study_ws/install/robot_msgs/lib/librobot_msgs__rosidl_generator_c.so
[2.795s] -- Set non-toolchain portion of runtime path of "/home/zhang/self_project/arm_study_ws/install/robot_msgs/lib/librobot_msgs__rosidl_generator_c.so" to ""
[2.795s] -- Up-to-date: /home/zhang/self_project/arm_study_ws/install/robot_msgs/include/robot_msgs/robot_msgs
[2.795s] -- Up-to-date: /home/zhang/self_project/arm_study_ws/install/robot_msgs/include/robot_msgs/robot_msgs/msg
[2.795s] -- Up-to-date: /home/zhang/self_project/arm_study_ws/install/robot_msgs/include/robot_msgs/robot_msgs/msg/detail
[2.795s] -- Installing: /home/zhang/self_project/arm_study_ws/install/robot_msgs/include/robot_msgs/robot_msgs/msg/detail/arm_position_cmd__rosidl_typesupport_fastrtps_c.h
[2.795s] -- Installing: /home/zhang/self_project/arm_study_ws/install/robot_msgs/include/robot_msgs/robot_msgs/msg/rosidl_typesupport_fastrtps_c__visibility_control.h
[2.795s] -- Installing: /home/zhang/self_project/arm_study_ws/install/robot_msgs/lib/librobot_msgs__rosidl_typesupport_fastrtps_c.so
[2.796s] -- Set non-toolchain portion of runtime path of "/home/zhang/self_project/arm_study_ws/install/robot_msgs/lib/librobot_msgs__rosidl_typesupport_fastrtps_c.so" to ""
[2.796s] -- Up-to-date: /home/zhang/self_project/arm_study_ws/install/robot_msgs/include/robot_msgs/robot_msgs
[2.796s] -- Up-to-date: /home/zhang/self_project/arm_study_ws/install/robot_msgs/include/robot_msgs/robot_msgs/msg
[2.796s] -- Installing: /home/zhang/self_project/arm_study_ws/install/robot_msgs/include/robot_msgs/robot_msgs/msg/rosidl_typesupport_introspection_c__visibility_control.h
[2.796s] -- Up-to-date: /home/zhang/self_project/arm_study_ws/install/robot_msgs/include/robot_msgs/robot_msgs/msg/detail
[2.796s] -- Installing: /home/zhang/self_project/arm_study_ws/install/robot_msgs/include/robot_msgs/robot_msgs/msg/detail/arm_position_cmd__rosidl_typesupport_introspection_c.h
[2.796s] -- Up-to-date: /home/zhang/self_project/arm_study_ws/install/robot_msgs/include/robot_msgs/robot_msgs/msg/detail/arm_position_cmd__type_support.c
[2.796s] -- Installing: /home/zhang/self_project/arm_study_ws/install/robot_msgs/lib/librobot_msgs__rosidl_typesupport_introspection_c.so
[2.796s] -- Set non-toolchain portion of runtime path of "/home/zhang/self_project/arm_study_ws/install/robot_msgs/lib/librobot_msgs__rosidl_typesupport_introspection_c.so" to ""
[2.796s] -- Installing: /home/zhang/self_project/arm_study_ws/install/robot_msgs/lib/librobot_msgs__rosidl_typesupport_c.so
[2.796s] -- Set non-toolchain portion of runtime path of "/home/zhang/self_project/arm_study_ws/install/robot_msgs/lib/librobot_msgs__rosidl_typesupport_c.so" to ""
[2.796s] -- Up-to-date: /home/zhang/self_project/arm_study_ws/install/robot_msgs/include/robot_msgs/robot_msgs
[2.796s] -- Up-to-date: /home/zhang/self_project/arm_study_ws/install/robot_msgs/include/robot_msgs/robot_msgs/msg
[2.796s] -- Installing: /home/zhang/self_project/arm_study_ws/install/robot_msgs/include/robot_msgs/robot_msgs/msg/arm_position_cmd.hpp
[2.796s] -- Installing: /home/zhang/self_project/arm_study_ws/install/robot_msgs/include/robot_msgs/robot_msgs/msg/rosidl_generator_cpp__visibility_control.hpp
[2.796s] -- Up-to-date: /home/zhang/self_project/arm_study_ws/install/robot_msgs/include/robot_msgs/robot_msgs/msg/detail
[2.796s] -- Installing: /home/zhang/self_project/arm_study_ws/install/robot_msgs/include/robot_msgs/robot_msgs/msg/detail/arm_position_cmd__struct.hpp
[2.796s] -- Installing: /home/zhang/self_project/arm_study_ws/install/robot_msgs/include/robot_msgs/robot_msgs/msg/detail/arm_position_cmd__type_support.hpp
[2.796s] -- Installing: /home/zhang/self_project/arm_study_ws/install/robot_msgs/include/robot_msgs/robot_msgs/msg/detail/arm_position_cmd__builder.hpp
[2.796s] -- Installing: /home/zhang/self_project/arm_study_ws/install/robot_msgs/include/robot_msgs/robot_msgs/msg/detail/arm_position_cmd__traits.hpp
[2.796s] -- Up-to-date: /home/zhang/self_project/arm_study_ws/install/robot_msgs/include/robot_msgs/robot_msgs
[2.796s] -- Up-to-date: /home/zhang/self_project/arm_study_ws/install/robot_msgs/include/robot_msgs/robot_msgs/msg
[2.796s] -- Installing: /home/zhang/self_project/arm_study_ws/install/robot_msgs/include/robot_msgs/robot_msgs/msg/rosidl_typesupport_fastrtps_cpp__visibility_control.h
[2.796s] -- Up-to-date: /home/zhang/self_project/arm_study_ws/install/robot_msgs/include/robot_msgs/robot_msgs/msg/detail
[2.796s] -- Installing: /home/zhang/self_project/arm_study_ws/install/robot_msgs/include/robot_msgs/robot_msgs/msg/detail/dds_fastrtps
[2.796s] -- Installing: /home/zhang/self_project/arm_study_ws/install/robot_msgs/include/robot_msgs/robot_msgs/msg/detail/arm_position_cmd__rosidl_typesupport_fastrtps_cpp.hpp
[2.797s] -- Installing: /home/zhang/self_project/arm_study_ws/install/robot_msgs/lib/librobot_msgs__rosidl_typesupport_fastrtps_cpp.so
[2.797s] -- Set non-toolchain portion of runtime path of "/home/zhang/self_project/arm_study_ws/install/robot_msgs/lib/librobot_msgs__rosidl_typesupport_fastrtps_cpp.so" to ""
[2.797s] -- Up-to-date: /home/zhang/self_project/arm_study_ws/install/robot_msgs/include/robot_msgs/robot_msgs
[2.797s] -- Up-to-date: /home/zhang/self_project/arm_study_ws/install/robot_msgs/include/robot_msgs/robot_msgs/msg
[2.797s] -- Up-to-date: /home/zhang/self_project/arm_study_ws/install/robot_msgs/include/robot_msgs/robot_msgs/msg/detail
[2.797s] -- Installing: /home/zhang/self_project/arm_study_ws/install/robot_msgs/include/robot_msgs/robot_msgs/msg/detail/arm_position_cmd__type_support.cpp
[2.797s] -- Installing: /home/zhang/self_project/arm_study_ws/install/robot_msgs/include/robot_msgs/robot_msgs/msg/detail/arm_position_cmd__rosidl_typesupport_introspection_cpp.hpp
[2.797s] -- Installing: /home/zhang/self_project/arm_study_ws/install/robot_msgs/lib/librobot_msgs__rosidl_typesupport_introspection_cpp.so
[2.797s] -- Set non-toolchain portion of runtime path of "/home/zhang/self_project/arm_study_ws/install/robot_msgs/lib/librobot_msgs__rosidl_typesupport_introspection_cpp.so" to ""
[2.797s] -- Installing: /home/zhang/self_project/arm_study_ws/install/robot_msgs/lib/librobot_msgs__rosidl_typesupport_cpp.so
[2.797s] -- Set non-toolchain portion of runtime path of "/home/zhang/self_project/arm_study_ws/install/robot_msgs/lib/librobot_msgs__rosidl_typesupport_cpp.so" to ""
[2.797s] -- Installing: /home/zhang/self_project/arm_study_ws/install/robot_msgs/share/robot_msgs/environment/pythonpath.sh
[2.797s] -- Installing: /home/zhang/self_project/arm_study_ws/install/robot_msgs/share/robot_msgs/environment/pythonpath.dsv
[2.797s] -- Installing: /home/zhang/self_project/arm_study_ws/install/robot_msgs/lib/python3.12/site-packages/robot_msgs-0.0.0-py3.12.egg-info
[2.797s] -- Installing: /home/zhang/self_project/arm_study_ws/install/robot_msgs/lib/python3.12/site-packages/robot_msgs-0.0.0-py3.12.egg-info/top_level.txt
[2.797s] -- Installing: /home/zhang/self_project/arm_study_ws/install/robot_msgs/lib/python3.12/site-packages/robot_msgs-0.0.0-py3.12.egg-info/dependency_links.txt
[2.797s] -- Installing: /home/zhang/self_project/arm_study_ws/install/robot_msgs/lib/python3.12/site-packages/robot_msgs-0.0.0-py3.12.egg-info/PKG-INFO
[2.797s] -- Installing: /home/zhang/self_project/arm_study_ws/install/robot_msgs/lib/python3.12/site-packages/robot_msgs-0.0.0-py3.12.egg-info/SOURCES.txt
[2.797s] -- Installing: /home/zhang/self_project/arm_study_ws/install/robot_msgs/lib/python3.12/site-packages/robot_msgs
[2.797s] -- Installing: /home/zhang/self_project/arm_study_ws/install/robot_msgs/lib/python3.12/site-packages/robot_msgs/robot_msgs_s__rosidl_typesupport_c.so
[2.797s] -- Installing: /home/zhang/self_project/arm_study_ws/install/robot_msgs/lib/python3.12/site-packages/robot_msgs/msg
[2.797s] -- Installing: /home/zhang/self_project/arm_study_ws/install/robot_msgs/lib/python3.12/site-packages/robot_msgs/msg/_arm_position_cmd.py
[2.797s] -- Installing: /home/zhang/self_project/arm_study_ws/install/robot_msgs/lib/python3.12/site-packages/robot_msgs/msg/_arm_position_cmd_s.c
[2.797s] -- Installing: /home/zhang/self_project/arm_study_ws/install/robot_msgs/lib/python3.12/site-packages/robot_msgs/msg/__init__.py
[2.797s] -- Installing: /home/zhang/self_project/arm_study_ws/install/robot_msgs/lib/python3.12/site-packages/robot_msgs/_robot_msgs_s.ep.rosidl_typesupport_introspection_c.c
[2.797s] -- Installing: /home/zhang/self_project/arm_study_ws/install/robot_msgs/lib/python3.12/site-packages/robot_msgs/robot_msgs_s__rosidl_typesupport_introspection_c.so
[2.798s] -- Installing: /home/zhang/self_project/arm_study_ws/install/robot_msgs/lib/python3.12/site-packages/robot_msgs/_robot_msgs_s.ep.rosidl_typesupport_c.c
[2.798s] -- Installing: /home/zhang/self_project/arm_study_ws/install/robot_msgs/lib/python3.12/site-packages/robot_msgs/_robot_msgs_s.ep.rosidl_typesupport_fastrtps_c.c
[2.798s] -- Installing: /home/zhang/self_project/arm_study_ws/install/robot_msgs/lib/python3.12/site-packages/robot_msgs/__init__.py
[2.798s] -- Installing: /home/zhang/self_project/arm_study_ws/install/robot_msgs/lib/python3.12/site-packages/robot_msgs/robot_msgs_s__rosidl_typesupport_fastrtps_c.so
[2.821s] Listing '/home/zhang/self_project/arm_study_ws/install/robot_msgs/lib/python3.12/site-packages/robot_msgs'...
[2.821s] Compiling '/home/zhang/self_project/arm_study_ws/install/robot_msgs/lib/python3.12/site-packages/robot_msgs/__init__.py'...
[2.821s] Listing '/home/zhang/self_project/arm_study_ws/install/robot_msgs/lib/python3.12/site-packages/robot_msgs/msg'...
[2.821s] Compiling '/home/zhang/self_project/arm_study_ws/install/robot_msgs/lib/python3.12/site-packages/robot_msgs/msg/__init__.py'...
[2.821s] Compiling '/home/zhang/self_project/arm_study_ws/install/robot_msgs/lib/python3.12/site-packages/robot_msgs/msg/_arm_position_cmd.py'...
[2.824s] -- Installing: /home/zhang/self_project/arm_study_ws/install/robot_msgs/lib/python3.12/site-packages/robot_msgs/robot_msgs_s__rosidl_typesupport_fastrtps_c.so
[2.824s] -- Set non-toolchain portion of runtime path of "/home/zhang/self_project/arm_study_ws/install/robot_msgs/lib/python3.12/site-packages/robot_msgs/robot_msgs_s__rosidl_typesupport_fastrtps_c.so" to ""
[2.825s] -- Installing: /home/zhang/self_project/arm_study_ws/install/robot_msgs/lib/python3.12/site-packages/robot_msgs/robot_msgs_s__rosidl_typesupport_introspection_c.so
[2.825s] -- Set non-toolchain portion of runtime path of "/home/zhang/self_project/arm_study_ws/install/robot_msgs/lib/python3.12/site-packages/robot_msgs/robot_msgs_s__rosidl_typesupport_introspection_c.so" to ""
[2.825s] -- Installing: /home/zhang/self_project/arm_study_ws/install/robot_msgs/lib/python3.12/site-packages/robot_msgs/robot_msgs_s__rosidl_typesupport_c.so
[2.825s] -- Set non-toolchain portion of runtime path of "/home/zhang/self_project/arm_study_ws/install/robot_msgs/lib/python3.12/site-packages/robot_msgs/robot_msgs_s__rosidl_typesupport_c.so" to ""
[2.825s] -- Installing: /home/zhang/self_project/arm_study_ws/install/robot_msgs/lib/librobot_msgs__rosidl_generator_py.so
[2.825s] -- Set non-toolchain portion of runtime path of "/home/zhang/self_project/arm_study_ws/install/robot_msgs/lib/librobot_msgs__rosidl_generator_py.so" to ""
[2.825s] -- Installing: /home/zhang/self_project/arm_study_ws/install/robot_msgs/share/robot_msgs/msg/ArmPositionCmd.idl
[2.825s] -- Installing: /home/zhang/self_project/arm_study_ws/install/robot_msgs/share/robot_msgs/msg/ArmPositionCmd.msg
[2.825s] -- Installing: /home/zhang/self_project/arm_study_ws/install/robot_msgs/share/ament_index/resource_index/package_run_dependencies/robot_msgs
[2.825s] -- Installing: /home/zhang/self_project/arm_study_ws/install/robot_msgs/share/ament_index/resource_index/parent_prefix_path/robot_msgs
[2.825s] -- Installing: /home/zhang/self_project/arm_study_ws/install/robot_msgs/share/robot_msgs/environment/ament_prefix_path.sh
[2.825s] -- Installing: /home/zhang/self_project/arm_study_ws/install/robot_msgs/share/robot_msgs/environment/ament_prefix_path.dsv
[2.825s] -- Installing: /home/zhang/self_project/arm_study_ws/install/robot_msgs/share/robot_msgs/environment/path.sh
[2.825s] -- Installing: /home/zhang/self_project/arm_study_ws/install/robot_msgs/share/robot_msgs/environment/path.dsv
[2.826s] -- Installing: /home/zhang/self_project/arm_study_ws/install/robot_msgs/share/robot_msgs/local_setup.bash
[2.826s] -- Installing: /home/zhang/self_project/arm_study_ws/install/robot_msgs/share/robot_msgs/local_setup.sh
[2.826s] -- Installing: /home/zhang/self_project/arm_study_ws/install/robot_msgs/share/robot_msgs/local_setup.zsh
[2.826s] -- Installing: /home/zhang/self_project/arm_study_ws/install/robot_msgs/share/robot_msgs/local_setup.dsv
[2.826s] -- Installing: /home/zhang/self_project/arm_study_ws/install/robot_msgs/share/robot_msgs/package.dsv
[2.826s] -- Installing: /home/zhang/self_project/arm_study_ws/install/robot_msgs/share/ament_index/resource_index/packages/robot_msgs
[2.826s] -- Installing: /home/zhang/self_project/arm_study_ws/install/robot_msgs/share/robot_msgs/cmake/export_robot_msgs__rosidl_generator_cExport.cmake
[2.826s] -- Installing: /home/zhang/self_project/arm_study_ws/install/robot_msgs/share/robot_msgs/cmake/export_robot_msgs__rosidl_generator_cExport-noconfig.cmake
[2.826s] -- Installing: /home/zhang/self_project/arm_study_ws/install/robot_msgs/share/robot_msgs/cmake/export_robot_msgs__rosidl_typesupport_fastrtps_cExport.cmake
[2.826s] -- Installing: /home/zhang/self_project/arm_study_ws/install/robot_msgs/share/robot_msgs/cmake/export_robot_msgs__rosidl_typesupport_fastrtps_cExport-noconfig.cmake
[2.826s] -- Installing: /home/zhang/self_project/arm_study_ws/install/robot_msgs/share/robot_msgs/cmake/robot_msgs__rosidl_typesupport_introspection_cExport.cmake
[2.826s] -- Installing: /home/zhang/self_project/arm_study_ws/install/robot_msgs/share/robot_msgs/cmake/robot_msgs__rosidl_typesupport_introspection_cExport-noconfig.cmake
[2.826s] -- Installing: /home/zhang/self_project/arm_study_ws/install/robot_msgs/share/robot_msgs/cmake/robot_msgs__rosidl_typesupport_cExport.cmake
[2.826s] -- Installing: /home/zhang/self_project/arm_study_ws/install/robot_msgs/share/robot_msgs/cmake/robot_msgs__rosidl_typesupport_cExport-noconfig.cmake
[2.826s] -- Installing: /home/zhang/self_project/arm_study_ws/install/robot_msgs/share/robot_msgs/cmake/export_robot_msgs__rosidl_generator_cppExport.cmake
[2.826s] -- Installing: /home/zhang/self_project/arm_study_ws/install/robot_msgs/share/robot_msgs/cmake/export_robot_msgs__rosidl_typesupport_fastrtps_cppExport.cmake
[2.826s] -- Installing: /home/zhang/self_project/arm_study_ws/install/robot_msgs/share/robot_msgs/cmake/export_robot_msgs__rosidl_typesupport_fastrtps_cppExport-noconfig.cmake
[2.826s] -- Installing: /home/zhang/self_project/arm_study_ws/install/robot_msgs/share/robot_msgs/cmake/robot_msgs__rosidl_typesupport_introspection_cppExport.cmake
[2.827s] -- Installing: /home/zhang/self_project/arm_study_ws/install/robot_msgs/share/robot_msgs/cmake/robot_msgs__rosidl_typesupport_introspection_cppExport-noconfig.cmake
[2.827s] -- Installing: /home/zhang/self_project/arm_study_ws/install/robot_msgs/share/robot_msgs/cmake/robot_msgs__rosidl_typesupport_cppExport.cmake
[2.827s] -- Installing: /home/zhang/self_project/arm_study_ws/install/robot_msgs/share/robot_msgs/cmake/robot_msgs__rosidl_typesupport_cppExport-noconfig.cmake
[2.827s] -- Installing: /home/zhang/self_project/arm_study_ws/install/robot_msgs/share/robot_msgs/cmake/export_robot_msgs__rosidl_generator_pyExport.cmake
[2.827s] -- Installing: /home/zhang/self_project/arm_study_ws/install/robot_msgs/share/robot_msgs/cmake/export_robot_msgs__rosidl_generator_pyExport-noconfig.cmake
[2.827s] -- Installing: /home/zhang/self_project/arm_study_ws/install/robot_msgs/share/robot_msgs/cmake/rosidl_cmake-extras.cmake
[2.827s] -- Installing: /home/zhang/self_project/arm_study_ws/install/robot_msgs/share/robot_msgs/cmake/ament_cmake_export_include_directories-extras.cmake
[2.827s] -- Installing: /home/zhang/self_project/arm_study_ws/install/robot_msgs/share/robot_msgs/cmake/ament_cmake_export_libraries-extras.cmake
[2.827s] -- Installing: /home/zhang/self_project/arm_study_ws/install/robot_msgs/share/robot_msgs/cmake/ament_cmake_export_targets-extras.cmake
[2.827s] -- Installing: /home/zhang/self_project/arm_study_ws/install/robot_msgs/share/robot_msgs/cmake/rosidl_cmake_export_typesupport_targets-extras.cmake
[2.827s] -- Installing: /home/zhang/self_project/arm_study_ws/install/robot_msgs/share/robot_msgs/cmake/ament_cmake_export_dependencies-extras.cmake
[2.827s] -- Installing: /home/zhang/self_project/arm_study_ws/install/robot_msgs/share/robot_msgs/cmake/rosidl_cmake_export_typesupport_libraries-extras.cmake
[2.827s] -- Installing: /home/zhang/self_project/arm_study_ws/install/robot_msgs/share/robot_msgs/cmake/robot_msgsConfig.cmake
[2.827s] -- Installing: /home/zhang/self_project/arm_study_ws/install/robot_msgs/share/robot_msgs/cmake/robot_msgsConfig-version.cmake
[2.827s] -- Installing: /home/zhang/self_project/arm_study_ws/install/robot_msgs/share/robot_msgs/package.xml
[2.829s] Invoked command in '/home/zhang/self_project/arm_study_ws/build/robot_msgs' returned '0': CMAKE_PREFIX_PATH=${CMAKE_PREFIX_PATH}:/opt/ros/jazzy DEBUGINFOD_URLS=https://debuginfod.ubuntu.com /usr/bin/cmake --install /home/zhang/self_project/arm_study_ws/build/robot_msgs
