In file included from [01m[K/home/zhang/self_project/arm_study_ws/src/robot_motion/src/nlp_ik.cpp:1[m[K:
[01m[K/home/zhang/self_project/arm_study_ws/src/robot_motion/include/ik/nlp_ik.hpp:45:145:[m[K [01;31m[Kerror: [m[Kexpected ‘[01m[K;[m[K’ at end of member declaration
   45 | igen::VectorXd& dq_lb,const Eigen::VectorXd& dq_ub,Eigen::VectorXd& dq[01;31m[K)[m[K
      |                                                                       [01;31m[K^[m[K
      |                                                                        [32m[K;[m[K
[01m[K/home/zhang/self_project/arm_study_ws/src/robot_motion/src/nlp_ik.cpp:[m[K In constructor ‘[01m[KNlpIK::[01;32m[KNlpIK[m[K(const std::string&, const std::string&, const std::string&)[m[K’:
[01m[K/home/zhang/self_project/arm_study_ws/src/robot_motion/src/nlp_ik.cpp:6:119:[m[K [01;31m[Kerror: [m[K‘[01m[Kmodel[m[K’ was not declared in this scope; did you mean ‘[01m[KModel[m[K’?
    6 | tring& base_link,const std::string& end_effector_link) : model_([01;31m[Kmodel[m[K),
      |                                                                 [01;31m[K^~~~~[m[K
      |                                                                 [32m[KModel[m[K
[01m[K/home/zhang/self_project/arm_study_ws/src/robot_motion/src/nlp_ik.cpp:[m[K In member function ‘[01m[Kbool NlpIK::[01;32m[Kget_sqp_ik[m[K(Eigen::VectorXd&, const Eigen::VectorXd&, const std::string&, Eigen::VectorXd&)[m[K’:
[01m[K/home/zhang/self_project/arm_study_ws/src/robot_motion/src/nlp_ik.cpp:246:37:[m[K [01;31m[Kerror: [m[Kno matching function for call to ‘[01m[KforwardKinematics(pinocchio::Model&, std::unique_ptr<pinocchio::DataTpl<double, 0> >&, Eigen::VectorXd&)[m[K’
  246 |         [01;31m[Kpinocchio::forwardKinematics(model_,data_,q)[m[K;
      |         [01;31m[K~~~~~~~~~~~~~~~~~~~~~~~~~~~~^~~~~~~~~~~~~~~~[m[K
In file included from [01m[K/opt/ros/jazzy/include/pinocchio/algorithm/kinematics.hpp:199[m[K,
                 from [01m[K/home/zhang/self_project/arm_study_ws/src/robot_motion/include/ik/nlp_ik.hpp:11[m[K:
[01m[K/opt/ros/jazzy/include/pinocchio/algorithm/kinematics.hxx:395:8:[m[K [01;36m[Knote: [m[Kcandidate: ‘[01m[Ktemplate<class Scalar, int Options, template<class, int <anonymous> > class JointCollectionTpl, class ConfigVectorType> void pinocchio::[01;32m[KforwardKinematics[m[K(const ModelTpl<_Scalar, _Options, JointCollectionTpl>&, DataTpl<S1, O1, JointCollectionTpl>&, const Eigen::MatrixBase<Matrix3Like>&)[m[K’
  395 |   void [01;36m[KforwardKinematics[m[K(
      |        [01;36m[K^~~~~~~~~~~~~~~~~[m[K
[01m[K/opt/ros/jazzy/include/pinocchio/algorithm/kinematics.hxx:395:8:[m[K [01;36m[Knote: [m[K  template argument deduction/substitution failed:
[01m[K/home/zhang/self_project/arm_study_ws/src/robot_motion/src/nlp_ik.cpp:246:37:[m[K [01;36m[Knote: [m[K  ‘[01m[Kstd::unique_ptr<pinocchio::DataTpl<double, 0> >[m[K’ is not derived from ‘[01m[Kpinocchio::DataTpl<S1, O1, JointCollectionTpl>[m[K’
  246 |         [01;36m[Kpinocchio::forwardKinematics(model_,data_,q)[m[K;
      |         [01;36m[K~~~~~~~~~~~~~~~~~~~~~~~~~~~~^~~~~~~~~~~~~~~~[m[K
[01m[K/opt/ros/jazzy/include/pinocchio/algorithm/kinematics.hxx:409:8:[m[K [01;36m[Knote: [m[Kcandidate: ‘[01m[Ktemplate<class Scalar, int Options, template<class, int <anonymous> > class JointCollectionTpl, class ConfigVectorType, class TangentVectorType> void pinocchio::[01;32m[KforwardKinematics[m[K(const ModelTpl<_Scalar, _Options, JointCollectionTpl>&, DataTpl<S1, O1, JointCollectionTpl>&, const Eigen::MatrixBase<Matrix3Like>&, const Eigen::MatrixBase<MatRet>&)[m[K’
  409 |   void [01;36m[KforwardKinematics[m[K(
      |        [01;36m[K^~~~~~~~~~~~~~~~~[m[K
[01m[K/opt/ros/jazzy/include/pinocchio/algorithm/kinematics.hxx:409:8:[m[K [01;36m[Knote: [m[K  template argument deduction/substitution failed:
[01m[K/home/zhang/self_project/arm_study_ws/src/robot_motion/src/nlp_ik.cpp:246:37:[m[K [01;36m[Knote: [m[K  ‘[01m[Kstd::unique_ptr<pinocchio::DataTpl<double, 0> >[m[K’ is not derived from ‘[01m[Kpinocchio::DataTpl<S1, O1, JointCollectionTpl>[m[K’
  246 |         [01;36m[Kpinocchio::forwardKinematics(model_,data_,q)[m[K;
      |         [01;36m[K~~~~~~~~~~~~~~~~~~~~~~~~~~~~^~~~~~~~~~~~~~~~[m[K
[01m[K/opt/ros/jazzy/include/pinocchio/algorithm/kinematics.hxx:425:8:[m[K [01;36m[Knote: [m[Kcandidate: ‘[01m[Ktemplate<class Scalar, int Options, template<class, int <anonymous> > class JointCollectionTpl, class ConfigVectorType, class TangentVectorType1, class TangentVectorType2> void pinocchio::[01;32m[KforwardKinematics[m[K(const ModelTpl<_Scalar, _Options, JointCollectionTpl>&, DataTpl<S1, O1, JointCollectionTpl>&, const Eigen::MatrixBase<Matrix3Like>&, const Eigen::MatrixBase<MatRet>&, const Eigen::MatrixBase<TangentVectorType>&)[m[K’
  425 |   void [01;36m[KforwardKinematics[m[K(
      |        [01;36m[K^~~~~~~~~~~~~~~~~[m[K
[01m[K/opt/ros/jazzy/include/pinocchio/algorithm/kinematics.hxx:425:8:[m[K [01;36m[Knote: [m[K  template argument deduction/substitution failed:
[01m[K/home/zhang/self_project/arm_study_ws/src/robot_motion/src/nlp_ik.cpp:246:37:[m[K [01;36m[Knote: [m[K  ‘[01m[Kstd::unique_ptr<pinocchio::DataTpl<double, 0> >[m[K’ is not derived from ‘[01m[Kpinocchio::DataTpl<S1, O1, JointCollectionTpl>[m[K’
  246 |         [01;36m[Kpinocchio::forwardKinematics(model_,data_,q)[m[K;
      |         [01;36m[K~~~~~~~~~~~~~~~~~~~~~~~~~~~~^~~~~~~~~~~~~~~~[m[K
[01m[K/home/zhang/self_project/arm_study_ws/src/robot_motion/src/nlp_ik.cpp:247:41:[m[K [01;31m[Kerror: [m[Kno matching function for call to ‘[01m[KupdateFramePlacements(pinocchio::Model&, std::unique_ptr<pinocchio::DataTpl<double, 0> >&)[m[K’
  247 |         [01;31m[Kpinocchio::updateFramePlacements(model_,data_)[m[K;
      |         [01;31m[K~~~~~~~~~~~~~~~~~~~~~~~~~~~~~~~~^~~~~~~~~~~~~~[m[K
In file included from [01m[K/opt/ros/jazzy/include/pinocchio/algorithm/frames.hpp:598[m[K,
                 from [01m[K/home/zhang/self_project/arm_study_ws/src/robot_motion/include/ik/nlp_ik.hpp:12[m[K:
[01m[K/opt/ros/jazzy/include/pinocchio/algorithm/frames.hxx:16:15:[m[K [01;36m[Knote: [m[Kcandidate: ‘[01m[Ktemplate<class Scalar, int Options, template<class, int <anonymous> > class JointCollectionTpl> void pinocchio::[01;32m[KupdateFramePlacements[m[K(const ModelTpl<_Scalar, _Options, JointCollectionTpl>&, DataTpl<S1, O1, JointCollectionTpl>&)[m[K’
   16 |   inline void [01;36m[KupdateFramePlacements[m[K(
      |               [01;36m[K^~~~~~~~~~~~~~~~~~~~~[m[K
[01m[K/opt/ros/jazzy/include/pinocchio/algorithm/frames.hxx:16:15:[m[K [01;36m[Knote: [m[K  template argument deduction/substitution failed:
[01m[K/home/zhang/self_project/arm_study_ws/src/robot_motion/src/nlp_ik.cpp:247:41:[m[K [01;36m[Knote: [m[K  ‘[01m[Kstd::unique_ptr<pinocchio::DataTpl<double, 0> >[m[K’ is not derived from ‘[01m[Kpinocchio::DataTpl<S1, O1, JointCollectionTpl>[m[K’
  247 |         [01;36m[Kpinocchio::updateFramePlacements(model_,data_)[m[K;
      |         [01;36m[K~~~~~~~~~~~~~~~~~~~~~~~~~~~~~~~~^~~~~~~~~~~~~~[m[K
[01m[K/home/zhang/self_project/arm_study_ws/src/robot_motion/src/nlp_ik.cpp:248:40:[m[K [01;31m[Kerror: [m[K‘[01m[Kclass std::unique_ptr<pinocchio::DataTpl<double, 0> >[m[K’ has no member named ‘[01m[KoMf[m[K’
  248 |         pinocchio::SE3 current = data_.[01;31m[KoMf[m[K[ee_frame_id_];
      |                                        [01;31m[K^~~[m[K
[01m[K/home/zhang/self_project/arm_study_ws/src/robot_motion/src/nlp_ik.cpp:257:13:[m[K [01;31m[Kerror: [m[K‘[01m[Kq_result[m[K’ was not declared in this scope
  257 |             [01;31m[Kq_result[m[K = q;
      |             [01;31m[K^~~~~~~~[m[K
[01m[K/home/zhang/self_project/arm_study_ws/src/robot_motion/src/nlp_ik.cpp:263:40:[m[K [01;31m[Kerror: [m[Kno matching function for call to ‘[01m[KcomputeFrameJacobian(pinocchio::Model&, std::unique_ptr<pinocchio::DataTpl<double, 0> >&, Eigen::VectorXd&, pinocchio::FrameIndex&, pinocchio::ReferenceFrame, Eigen::MatrixXd&)[m[K’
  263 |         [01;31m[Kpinocchio::computeFrameJacobian( model_,data_,q,ee_frame_id_,pinocchio::LOCAL,J)[m[K;
      |         [01;31m[K~~~~~~~~~~~~~~~~~~~~~~~~~~~~~~~^~~~~~~~~~~~~~~~~~~~~~~~~~~~~~~~~~~~~~~~~~~~~~~~~[m[K
[01m[K/opt/ros/jazzy/include/pinocchio/algorithm/frames.hxx:183:15:[m[K [01;36m[Knote: [m[Kcandidate: ‘[01m[Ktemplate<class Scalar, int Options, template<class, int <anonymous> > class JointCollectionTpl, class ConfigVectorType, class Matrix6xLike> void pinocchio::[01;32m[KcomputeFrameJacobian[m[K(const ModelTpl<_Scalar, _Options, JointCollectionTpl>&, DataTpl<S1, O1, JointCollectionTpl>&, const Eigen::MatrixBase<Matrix3Like>&, FrameIndex, ReferenceFrame, const Eigen::MatrixBase<MatRet>&)[m[K’
  183 |   inline void [01;36m[KcomputeFrameJacobian[m[K(
      |               [01;36m[K^~~~~~~~~~~~~~~~~~~~[m[K
[01m[K/opt/ros/jazzy/include/pinocchio/algorithm/frames.hxx:183:15:[m[K [01;36m[Knote: [m[K  template argument deduction/substitution failed:
[01m[K/home/zhang/self_project/arm_study_ws/src/robot_motion/src/nlp_ik.cpp:263:40:[m[K [01;36m[Knote: [m[K  ‘[01m[Kstd::unique_ptr<pinocchio::DataTpl<double, 0> >[m[K’ is not derived from ‘[01m[Kpinocchio::DataTpl<S1, O1, JointCollectionTpl>[m[K’
  263 |         [01;36m[Kpinocchio::computeFrameJacobian( model_,data_,q,ee_frame_id_,pinocchio::LOCAL,J)[m[K;
      |         [01;36m[K~~~~~~~~~~~~~~~~~~~~~~~~~~~~~~~^~~~~~~~~~~~~~~~~~~~~~~~~~~~~~~~~~~~~~~~~~~~~~~~~[m[K
[01m[K/opt/ros/jazzy/include/pinocchio/algorithm/frames.hpp:475:15:[m[K [01;36m[Knote: [m[Kcandidate: ‘[01m[Ktemplate<class Scalar, int Options, template<class, int <anonymous> > class JointCollectionTpl, class ConfigVectorType, class Matrix6xLike> void pinocchio::[01;32m[KcomputeFrameJacobian[m[K(const ModelTpl<_Scalar, _Options, JointCollectionTpl>&, DataTpl<S1, O1, JointCollectionTpl>&, const Eigen::MatrixBase<Matrix3Like>&, FrameIndex, const Eigen::MatrixBase<MatRet>&)[m[K’
  475 |   inline void [01;36m[KcomputeFrameJacobian[m[K(
      |               [01;36m[K^~~~~~~~~~~~~~~~~~~~[m[K
[01m[K/opt/ros/jazzy/include/pinocchio/algorithm/frames.hpp:475:15:[m[K [01;36m[Knote: [m[K  template argument deduction/substitution failed:
[01m[K/home/zhang/self_project/arm_study_ws/src/robot_motion/src/nlp_ik.cpp:263:40:[m[K [01;36m[Knote: [m[K  ‘[01m[Kstd::unique_ptr<pinocchio::DataTpl<double, 0> >[m[K’ is not derived from ‘[01m[Kpinocchio::DataTpl<S1, O1, JointCollectionTpl>[m[K’
  263 |         [01;36m[Kpinocchio::computeFrameJacobian( model_,data_,q,ee_frame_id_,pinocchio::LOCAL,J)[m[K;
      |         [01;36m[K~~~~~~~~~~~~~~~~~~~~~~~~~~~~~~~^~~~~~~~~~~~~~~~~~~~~~~~~~~~~~~~~~~~~~~~~~~~~~~~~[m[K
[01m[K/home/zhang/self_project/arm_study_ws/src/robot_motion/src/nlp_ik.cpp:298:5:[m[K [01;31m[Kerror: [m[K‘[01m[Kq_result[m[K’ was not declared in this scope
  298 |     [01;31m[Kq_result[m[K = q;
      |     [01;31m[K^~~~~~~~[m[K
[01m[K/home/zhang/self_project/arm_study_ws/src/robot_motion/src/nlp_ik.cpp:[m[K In member function ‘[01m[Kbool NlpIK::[01;32m[KsolveQP[m[K(const Eigen::MatrixXd&, const Eigen::VectorXd&, const Eigen::VectorXd&, const Eigen::VectorXd&, Eigen::VectorXd&)[m[K’:
[01m[K/home/zhang/self_project/arm_study_ws/src/robot_motion/src/nlp_ik.cpp:308:17:[m[K [01;31m[Kerror: [m[K‘[01m[Kreal_t[m[K’ was not declared in this scope; did you mean ‘[01m[KqpOASES::real_t[m[K’?
  308 |     std::vector<[01;31m[Kreal_t[m[K> H_qp(n * n);
      |                 [01;31m[K^~~~~~[m[K
      |                 [32m[KqpOASES::real_t[m[K
In file included from [01m[K/usr/local/include/qpOASES/Constants.hpp:39[m[K,
                 from [01m[K/usr/local/include/qpOASES/MessageHandling.hpp:46[m[K,
                 from [01m[K/usr/local/include/qpOASES/Utils.hpp:39[m[K,
                 from [01m[K/usr/local/include/qpOASES/Indexlist.hpp:40[m[K,
                 from [01m[K/usr/local/include/qpOASES/SubjectTo.hpp:40[m[K,
                 from [01m[K/usr/local/include/qpOASES/Bounds.hpp:40[m[K,
                 from [01m[K/usr/local/include/qpOASES/Flipper.hpp:40[m[K,
                 from [01m[K/usr/local/include/qpOASES/QProblemB.hpp:42[m[K,
                 from [01m[K/usr/local/include/qpOASES.hpp:66[m[K,
                 from [01m[K/home/zhang/self_project/arm_study_ws/src/robot_motion/src/nlp_ik.cpp:4[m[K:
[01m[K/usr/local/include/qpOASES/Types.hpp:171:16:[m[K [01;36m[Knote: [m[K‘[01m[KqpOASES::real_t[m[K’ declared here
  171 | typedef double [01;36m[Kreal_t[m[K;
      |                [01;36m[K^~~~~~[m[K
[01m[K/home/zhang/self_project/arm_study_ws/src/robot_motion/src/nlp_ik.cpp:308:23:[m[K [01;31m[Kerror: [m[Ktemplate argument 1 is invalid
  308 |     std::vector<real_t[01;31m[K>[m[K H_qp(n * n);
      |                       [01;31m[K^[m[K
[01m[K/home/zhang/self_project/arm_study_ws/src/robot_motion/src/nlp_ik.cpp:308:23:[m[K [01;31m[Kerror: [m[Ktemplate argument 2 is invalid
[01m[K/home/zhang/self_project/arm_study_ws/src/robot_motion/src/nlp_ik.cpp:309:23:[m[K [01;31m[Kerror: [m[Ktemplate argument 2 is invalid
  309 |     std::vector<real_t[01;31m[K>[m[K g_qp(n);
      |                       [01;31m[K^[m[K
[01m[K/home/zhang/self_project/arm_study_ws/src/robot_motion/src/nlp_ik.cpp:310:23:[m[K [01;31m[Kerror: [m[Ktemplate argument 2 is invalid
  310 |     std::vector<real_t[01;31m[K>[m[K lb(n);
      |                       [01;31m[K^[m[K
[01m[K/home/zhang/self_project/arm_study_ws/src/robot_motion/src/nlp_ik.cpp:311:23:[m[K [01;31m[Kerror: [m[Ktemplate argument 2 is invalid
  311 |     std::vector<real_t[01;31m[K>[m[K ub(n);
      |                       [01;31m[K^[m[K
[01m[K/home/zhang/self_project/arm_study_ws/src/robot_motion/src/nlp_ik.cpp:315:13:[m[K [01;31m[Kerror: [m[Kinvalid types ‘[01m[Kint[int][m[K’ for array subscript
  315 |         g_qp[01;31m[K[[m[Ki] = g[i];
      |             [01;31m[K^[m[K
[01m[K/home/zhang/self_project/arm_study_ws/src/robot_motion/src/nlp_ik.cpp:317:11:[m[K [01;31m[Kerror: [m[Kinvalid types ‘[01m[Kint[int][m[K’ for array subscript
  317 |         lb[01;31m[K[[m[Ki] = dq_lb[i];
      |           [01;31m[K^[m[K
[01m[K/home/zhang/self_project/arm_study_ws/src/robot_motion/src/nlp_ik.cpp:318:11:[m[K [01;31m[Kerror: [m[Kinvalid types ‘[01m[Kint[int][m[K’ for array subscript
  318 |         ub[01;31m[K[[m[Ki] = dq_ub[i];
      |           [01;31m[K^[m[K
[01m[K/home/zhang/self_project/arm_study_ws/src/robot_motion/src/nlp_ik.cpp:322:17:[m[K [01;31m[Kerror: [m[Kinvalid types ‘[01m[Kint[int][m[K’ for array subscript
  322 |             H_qp[01;31m[K[[m[Ki * n + j] = H(i, j);
      |                 [01;31m[K^[m[K
[01m[K/home/zhang/self_project/arm_study_ws/src/robot_motion/src/nlp_ik.cpp:326:5:[m[K [01;31m[Kerror: [m[K‘[01m[KQProblem[m[K’ was not declared in this scope; did you mean ‘[01m[KqpOASES::QProblem[m[K’?
  326 |     [01;31m[KQProblem[m[K qp(n,0);
      |     [01;31m[K^~~~~~~~[m[K
      |     [32m[KqpOASES::QProblem[m[K
In file included from [01m[K/usr/local/include/qpOASES.hpp:67[m[K:
[01m[K/usr/local/include/qpOASES/QProblem.hpp:61:7:[m[K [01;36m[Knote: [m[K‘[01m[KqpOASES::QProblem[m[K’ declared here
   61 | class [01;36m[KQProblem[m[K : public QProblemB
      |       [01;36m[K^~~~~~~~[m[K
[01m[K/home/zhang/self_project/arm_study_ws/src/robot_motion/src/nlp_ik.cpp:327:5:[m[K [01;31m[Kerror: [m[K‘[01m[KOptions[m[K’ was not declared in this scope
  327 |     [01;31m[KOptions[m[K options;
      |     [01;31m[K^~~~~~~[m[K
[01m[K/home/zhang/self_project/arm_study_ws/src/robot_motion/src/nlp_ik.cpp:327:5:[m[K [01;36m[Knote: [m[Ksuggested alternatives:
In file included from [01m[K/usr/local/include/casadi/core/core.hpp:73[m[K,
                 from [01m[K/usr/local/include/casadi/casadi.hpp:29[m[K,
                 from [01m[K/home/zhang/self_project/arm_study_ws/src/robot_motion/include/ik/nlp_ik.hpp:13[m[K:
[01m[K/usr/local/include/casadi/core/options.hpp:40:24:[m[K [01;36m[Knote: [m[K  ‘[01m[Kcasadi::Options[m[K’
   40 |   struct CASADI_EXPORT [01;36m[KOptions[m[K {
      |                        [01;36m[K^~~~~~~[m[K
In file included from [01m[K/usr/local/include/qpOASES/QProblemB.hpp:43[m[K:
[01m[K/usr/local/include/qpOASES/Options.hpp:56:7:[m[K [01;36m[Knote: [m[K  ‘[01m[KqpOASES::Options[m[K’
   56 | class [01;36m[KOptions[m[K
      |       [01;36m[K^~~~~~~[m[K
In file included from [01m[K/opt/ros/jazzy/include/pinocchio/context/default.hpp:10[m[K,
                 from [01m[K/opt/ros/jazzy/include/pinocchio/context.hpp:17[m[K,
                 from [01m[K/opt/ros/jazzy/include/pinocchio/fwd.hpp:149[m[K,
                 from [01m[K/opt/ros/jazzy/include/pinocchio/spatial/fwd.hpp:9[m[K,
                 from [01m[K/opt/ros/jazzy/include/pinocchio/multibody/model.hpp:9[m[K,
                 from [01m[K/opt/ros/jazzy/include/pinocchio/parsers/urdf.hpp:9[m[K,
                 from [01m[K/home/zhang/self_project/arm_study_ws/src/robot_motion/include/ik/nlp_ik.hpp:10[m[K:
[01m[K/opt/ros/jazzy/include/pinocchio/context/generic.hpp:82:7:[m[K [01;36m[Knote: [m[K  ‘[01m[Kpinocchio::context::Options[m[K’
   82 |       [01;36m[KOptions[m[K = PINOCCHIO_OPTIONS_DEFAULT
      |       [01;36m[K^~~~~~~[m[K
[01m[K/home/zhang/self_project/arm_study_ws/src/robot_motion/src/nlp_ik.cpp:328:5:[m[K [01;31m[Kerror: [m[K‘[01m[Koptions[m[K’ was not declared in this scope; did you mean ‘[01m[Koptind[m[K’?
  328 |     [01;31m[Koptions[m[K.printLevel = PL_NONE;       //把优化器的输出日志级别设置为“不打印”。
      |     [01;31m[K^~~~~~~[m[K
      |     [32m[Koptind[m[K
[01m[K/home/zhang/self_project/arm_study_ws/src/robot_motion/src/nlp_ik.cpp:328:26:[m[K [01;31m[Kerror: [m[K‘[01m[KPL_NONE[m[K’ was not declared in this scope; did you mean ‘[01m[KqpOASES::PL_NONE[m[K’?
  328 |     options.printLevel = [01;31m[KPL_NONE[m[K;       //把优化器的输出日志级别设置为“不打印”。
      |                          [01;31m[K^~~~~~~[m[K
      |                          [32m[KqpOASES::PL_NONE[m[K
[01m[K/usr/local/include/qpOASES/Types.hpp:216:9:[m[K [01;36m[Knote: [m[K‘[01m[KqpOASES::PL_NONE[m[K’ declared here
  216 |         [01;36m[KPL_NONE[m[K,                                        /**< No output. */
      |         [01;36m[K^~~~~~~[m[K
[01m[K/home/zhang/self_project/arm_study_ws/src/robot_motion/src/nlp_ik.cpp:329:5:[m[K [01;31m[Kerror: [m[K‘[01m[Kqp[m[K’ was not declared in this scope
  329 |     [01;31m[Kqp[m[K.setOptions(options);
      |     [01;31m[K^~[m[K
[01m[K/home/zhang/self_project/arm_study_ws/src/robot_motion/src/nlp_ik.cpp:332:5:[m[K [01;31m[Kerror: [m[K‘[01m[KreturnValue[m[K’ was not declared in this scope; did you mean ‘[01m[KqpOASES::returnValue[m[K’?
  332 |     [01;31m[KreturnValue[m[K ret =
      |     [01;31m[K^~~~~~~~~~~[m[K
      |     [32m[KqpOASES::returnValue[m[K
[01m[K/usr/local/include/qpOASES/MessageHandling.hpp:64:6:[m[K [01;36m[Knote: [m[K‘[01m[KqpOASES::returnValue[m[K’ declared here
   64 | enum [01;36m[KreturnValue[m[K
      |      [01;36m[K^~~~~~~~~~~[m[K
[01m[K/home/zhang/self_project/arm_study_ws/src/robot_motion/src/nlp_ik.cpp:344:9:[m[K [01;31m[Kerror: [m[K‘[01m[Kret[m[K’ was not declared in this scope
  344 |     if ([01;31m[Kret[m[K != SUCCESSFUL_RETURN)
      |         [01;31m[K^~~[m[K
[01m[K/home/zhang/self_project/arm_study_ws/src/robot_motion/src/nlp_ik.cpp:344:16:[m[K [01;31m[Kerror: [m[K‘[01m[KSUCCESSFUL_RETURN[m[K’ was not declared in this scope; did you mean ‘[01m[KqpOASES::SUCCESSFUL_RETURN[m[K’?
  344 |     if (ret != [01;31m[KSUCCESSFUL_RETURN[m[K)
      |                [01;31m[K^~~~~~~~~~~~~~~~~[m[K
      |                [32m[KqpOASES::SUCCESSFUL_RETURN[m[K
[01m[K/usr/local/include/qpOASES/MessageHandling.hpp:68:1:[m[K [01;36m[Knote: [m[K‘[01m[KqpOASES::SUCCESSFUL_RETURN[m[K’ declared here
   68 | [01;36m[KSUCCESSFUL_RETURN[m[K = 0,                                                  /**< Successful return. */
      | [01;36m[K^~~~~~~~~~~~~~~~~[m[K
[01m[K/home/zhang/self_project/arm_study_ws/src/robot_motion/src/nlp_ik.cpp:349:23:[m[K [01;31m[Kerror: [m[Ktemplate argument 2 is invalid
  349 |     std::vector<real_t[01;31m[K>[m[K x_opt(n);
      |                       [01;31m[K^[m[K
[01m[K/home/zhang/self_project/arm_study_ws/src/robot_motion/src/nlp_ik.cpp:351:32:[m[K [01;31m[Kerror: [m[Krequest for member ‘[01m[Kdata[m[K’ in ‘[01m[Kx_opt[m[K’, which is of non-class type ‘[01m[Kint[m[K’
  351 |     qp.getPrimalSolution(x_opt.[01;31m[Kdata[m[K());
      |                                [01;31m[K^~~~[m[K
[01m[K/home/zhang/self_project/arm_study_ws/src/robot_motion/src/nlp_ik.cpp:355:22:[m[K [01;31m[Kerror: [m[Kinvalid types ‘[01m[Kint[int][m[K’ for array subscript
  355 |         dq[i] = x_opt[01;31m[K[[m[Ki];
      |                      [01;31m[K^[m[K
[01m[K/home/zhang/self_project/arm_study_ws/src/robot_motion/src/nlp_ik.cpp:[m[K In member function ‘[01m[KEigen::VectorXd NlpIK::[01;32m[KcomputePoseError[m[K(const pinocchio::SE3&, const pinocchio::SE3&)[m[K’:
[01m[K/home/zhang/self_project/arm_study_ws/src/robot_motion/src/nlp_ik.cpp:369:19:[m[K [01;31m[Kerror: [m[K‘[01m[Kerror[m[K’ was not declared in this scope; did you mean ‘[01m[Kboost::serialization::smart_cast_impl::error[m[K’?
  369 |     e.head<3>() = [01;31m[Kerror[m[K.linear();
      |                   [01;31m[K^~~~~[m[K
      |                   [32m[Kboost::serialization::smart_cast_impl::error[m[K
In file included from [01m[K/usr/include/boost/archive/detail/oserializer.hpp:45[m[K,
                 from [01m[K/usr/include/boost/archive/detail/interface_oarchive.hpp:23[m[K,
                 from [01m[K/usr/include/boost/archive/detail/common_oarchive.hpp:22[m[K,
                 from [01m[K/usr/include/boost/archive/basic_text_oarchive.hpp:29[m[K,
                 from [01m[K/usr/include/boost/archive/text_oarchive.hpp:31[m[K,
                 from [01m[K/opt/ros/jazzy/include/pinocchio/serialization/archive.hpp:15[m[K,
                 from [01m[K/opt/ros/jazzy/include/pinocchio/serialization/serializable.hpp:8[m[K,
                 from [01m[K/opt/ros/jazzy/include/pinocchio/multibody/model.hpp:21[m[K:
[01m[K/usr/include/boost/serialization/smart_cast.hpp:221:12:[m[K [01;36m[Knote: [m[K‘[01m[Kboost::serialization::smart_cast_impl::error[m[K’ declared here
  221 |     struct [01;36m[Kerror[m[K {
      |            [01;36m[K^~~~~[m[K
gmake[2]: *** [CMakeFiles/robot_motion.dir/build.make:90：CMakeFiles/robot_motion.dir/src/nlp_ik.cpp.o] 错误 1
gmake[1]: *** [CMakeFiles/Makefile2:137：CMakeFiles/robot_motion.dir/all] 错误 2
gmake: *** [Makefile:146：all] 错误 2
