[0.004s] Invoking command in '/home/zhang/self_project/arm_study_ws/build/rebot_moveit_configuration': AMENT_PREFIX_PATH=/home/zhang/self_project/arm_study_ws/install/rebot_description:${AMENT_PREFIX_PATH} CMAKE_PREFIX_PATH=/home/zhang/self_project/arm_study_ws/install/rebot_description:/opt/ros/jazzy/opt/gz_sim_vendor:/opt/ros/jazzy/opt/gz_sensors_vendor:/opt/ros/jazzy/opt/gz_physics_vendor:/opt/ros/jazzy/opt/sdformat_vendor:/opt/ros/jazzy/opt/gz_gui_vendor:/opt/ros/jazzy/opt/gz_transport_vendor:/opt/ros/jazzy/opt/gz_rendering_vendor:/opt/ros/jazzy/opt/gz_plugin_vendor:/opt/ros/jazzy/opt/gz_fuel_tools_vendor:/opt/ros/jazzy/opt/gz_msgs_vendor:/opt/ros/jazzy/opt/gz_common_vendor:/opt/ros/jazzy/opt/gz_math_vendor:/opt/ros/jazzy/opt/gz_utils_vendor:/opt/ros/jazzy/opt/gz_tools_vendor:/opt/ros/jazzy/opt/gz_ogre_next_vendor:/opt/ros/jazzy/opt/gz_dartsim_vendor:/opt/ros/jazzy/opt/gz_cmake_vendor:/opt/ros/jazzy DEBUGINFOD_URLS=https://debuginfod.ubuntu.com /usr/bin/cmake --build /home/zhang/self_project/arm_study_ws/build/rebot_moveit_configuration -- -j20 -l20
[0.026s] Invoked command in '/home/zhang/self_project/arm_study_ws/build/rebot_moveit_configuration' returned '0': AMENT_PREFIX_PATH=/home/zhang/self_project/arm_study_ws/install/rebot_description:${AMENT_PREFIX_PATH} CMAKE_PREFIX_PATH=/home/zhang/self_project/arm_study_ws/install/rebot_description:/opt/ros/jazzy/opt/gz_sim_vendor:/opt/ros/jazzy/opt/gz_sensors_vendor:/opt/ros/jazzy/opt/gz_physics_vendor:/opt/ros/jazzy/opt/sdformat_vendor:/opt/ros/jazzy/opt/gz_gui_vendor:/opt/ros/jazzy/opt/gz_transport_vendor:/opt/ros/jazzy/opt/gz_rendering_vendor:/opt/ros/jazzy/opt/gz_plugin_vendor:/opt/ros/jazzy/opt/gz_fuel_tools_vendor:/opt/ros/jazzy/opt/gz_msgs_vendor:/opt/ros/jazzy/opt/gz_common_vendor:/opt/ros/jazzy/opt/gz_math_vendor:/opt/ros/jazzy/opt/gz_utils_vendor:/opt/ros/jazzy/opt/gz_tools_vendor:/opt/ros/jazzy/opt/gz_ogre_next_vendor:/opt/ros/jazzy/opt/gz_dartsim_vendor:/opt/ros/jazzy/opt/gz_cmake_vendor:/opt/ros/jazzy DEBUGINFOD_URLS=https://debuginfod.ubuntu.com /usr/bin/cmake --build /home/zhang/self_project/arm_study_ws/build/rebot_moveit_configuration -- -j20 -l20
[0.026s] Invoking command in '/home/zhang/self_project/arm_study_ws/build/rebot_moveit_configuration': AMENT_PREFIX_PATH=/home/zhang/self_project/arm_study_ws/install/rebot_description:${AMENT_PREFIX_PATH} CMAKE_PREFIX_PATH=/home/zhang/self_project/arm_study_ws/install/rebot_description:/opt/ros/jazzy/opt/gz_sim_vendor:/opt/ros/jazzy/opt/gz_sensors_vendor:/opt/ros/jazzy/opt/gz_physics_vendor:/opt/ros/jazzy/opt/sdformat_vendor:/opt/ros/jazzy/opt/gz_gui_vendor:/opt/ros/jazzy/opt/gz_transport_vendor:/opt/ros/jazzy/opt/gz_rendering_vendor:/opt/ros/jazzy/opt/gz_plugin_vendor:/opt/ros/jazzy/opt/gz_fuel_tools_vendor:/opt/ros/jazzy/opt/gz_msgs_vendor:/opt/ros/jazzy/opt/gz_common_vendor:/opt/ros/jazzy/opt/gz_math_vendor:/opt/ros/jazzy/opt/gz_utils_vendor:/opt/ros/jazzy/opt/gz_tools_vendor:/opt/ros/jazzy/opt/gz_ogre_next_vendor:/opt/ros/jazzy/opt/gz_dartsim_vendor:/opt/ros/jazzy/opt/gz_cmake_vendor:/opt/ros/jazzy DEBUGINFOD_URLS=https://debuginfod.ubuntu.com /usr/bin/cmake --install /home/zhang/self_project/arm_study_ws/build/rebot_moveit_configuration
[0.031s] -- Install configuration: ""
[0.031s] -- Up-to-date: /home/zhang/self_project/arm_study_ws/install/rebot_moveit_configuration/share/ament_index/resource_index/package_run_dependencies/rebot_moveit_configuration
[0.031s] -- Up-to-date: /home/zhang/self_project/arm_study_ws/install/rebot_moveit_configuration/share/ament_index/resource_index/parent_prefix_path/rebot_moveit_configuration
[0.031s] -- Up-to-date: /home/zhang/self_project/arm_study_ws/install/rebot_moveit_configuration/share/rebot_moveit_configuration/environment/ament_prefix_path.sh
[0.031s] -- Up-to-date: /home/zhang/self_project/arm_study_ws/install/rebot_moveit_configuration/share/rebot_moveit_configuration/environment/ament_prefix_path.dsv
[0.031s] -- Up-to-date: /home/zhang/self_project/arm_study_ws/install/rebot_moveit_configuration/share/rebot_moveit_configuration/environment/path.sh
[0.031s] -- Up-to-date: /home/zhang/self_project/arm_study_ws/install/rebot_moveit_configuration/share/rebot_moveit_configuration/environment/path.dsv
[0.031s] -- Up-to-date: /home/zhang/self_project/arm_study_ws/install/rebot_moveit_configuration/share/rebot_moveit_configuration/local_setup.bash
[0.031s] -- Up-to-date: /home/zhang/self_project/arm_study_ws/install/rebot_moveit_configuration/share/rebot_moveit_configuration/local_setup.sh
[0.031s] -- Up-to-date: /home/zhang/self_project/arm_study_ws/install/rebot_moveit_configuration/share/rebot_moveit_configuration/local_setup.zsh
[0.031s] -- Up-to-date: /home/zhang/self_project/arm_study_ws/install/rebot_moveit_configuration/share/rebot_moveit_configuration/local_setup.dsv
[0.031s] -- Installing: /home/zhang/self_project/arm_study_ws/install/rebot_moveit_configuration/share/rebot_moveit_configuration/package.dsv
[0.031s] -- Up-to-date: /home/zhang/self_project/arm_study_ws/install/rebot_moveit_configuration/share/ament_index/resource_index/packages/rebot_moveit_configuration
[0.031s] -- Up-to-date: /home/zhang/self_project/arm_study_ws/install/rebot_moveit_configuration/share/rebot_moveit_configuration/cmake/rebot_moveit_configurationConfig.cmake
[0.031s] -- Up-to-date: /home/zhang/self_project/arm_study_ws/install/rebot_moveit_configuration/share/rebot_moveit_configuration/cmake/rebot_moveit_configurationConfig-version.cmake
[0.031s] -- Up-to-date: /home/zhang/self_project/arm_study_ws/install/rebot_moveit_configuration/share/rebot_moveit_configuration/package.xml
[0.031s] -- Up-to-date: /home/zhang/self_project/arm_study_ws/install/rebot_moveit_configuration/share/rebot_moveit_configuration/launch
[0.031s] -- Up-to-date: /home/zhang/self_project/arm_study_ws/install/rebot_moveit_configuration/share/rebot_moveit_configuration/launch/demo.launch.py
[0.031s] -- Up-to-date: /home/zhang/self_project/arm_study_ws/install/rebot_moveit_configuration/share/rebot_moveit_configuration/launch/rsp.launch.py
[0.031s] -- Up-to-date: /home/zhang/self_project/arm_study_ws/install/rebot_moveit_configuration/share/rebot_moveit_configuration/launch/warehouse_db.launch.py
[0.031s] -- Up-to-date: /home/zhang/self_project/arm_study_ws/install/rebot_moveit_configuration/share/rebot_moveit_configuration/launch/moveit_rviz.launch.py
[0.031s] -- Up-to-date: /home/zhang/self_project/arm_study_ws/install/rebot_moveit_configuration/share/rebot_moveit_configuration/launch/setup_assistant.launch.py
[0.031s] -- Up-to-date: /home/zhang/self_project/arm_study_ws/install/rebot_moveit_configuration/share/rebot_moveit_configuration/launch/spawn_controllers.launch.py
[0.031s] -- Up-to-date: /home/zhang/self_project/arm_study_ws/install/rebot_moveit_configuration/share/rebot_moveit_configuration/launch/rebot_rviz.launch.py
[0.031s] -- Up-to-date: /home/zhang/self_project/arm_study_ws/install/rebot_moveit_configuration/share/rebot_moveit_configuration/launch/static_virtual_joint_tfs.launch.py
[0.031s] -- Up-to-date: /home/zhang/self_project/arm_study_ws/install/rebot_moveit_configuration/share/rebot_moveit_configuration/launch/move_group.launch.py
[0.031s] -- Up-to-date: /home/zhang/self_project/arm_study_ws/install/rebot_moveit_configuration/share/rebot_moveit_configuration/config
[0.032s] -- Up-to-date: /home/zhang/self_project/arm_study_ws/install/rebot_moveit_configuration/share/rebot_moveit_configuration/config/moveit.rviz
[0.032s] -- Up-to-date: /home/zhang/self_project/arm_study_ws/install/rebot_moveit_configuration/share/rebot_moveit_configuration/config/kinematics.yaml
[0.032s] -- Up-to-date: /home/zhang/self_project/arm_study_ws/install/rebot_moveit_configuration/share/rebot_moveit_configuration/config/pilz_cartesian_limits.yaml
[0.032s] -- Up-to-date: /home/zhang/self_project/arm_study_ws/install/rebot_moveit_configuration/share/rebot_moveit_configuration/config/joint_limits.yaml
[0.032s] -- Up-to-date: /home/zhang/self_project/arm_study_ws/install/rebot_moveit_configuration/share/rebot_moveit_configuration/config/reBot_B601_DM_with_gripper.srdf
[0.032s] -- Up-to-date: /home/zhang/self_project/arm_study_ws/install/rebot_moveit_configuration/share/rebot_moveit_configuration/config/moveit_controllers.yaml
[0.032s] -- Up-to-date: /home/zhang/self_project/arm_study_ws/install/rebot_moveit_configuration/share/rebot_moveit_configuration/config/initial_positions.yaml
[0.032s] -- Up-to-date: /home/zhang/self_project/arm_study_ws/install/rebot_moveit_configuration/share/rebot_moveit_configuration/config/ros2_controllers.yaml
[0.032s] -- Up-to-date: /home/zhang/self_project/arm_study_ws/install/rebot_moveit_configuration/share/rebot_moveit_configuration/config/reBot_B601_DM_with_gripper.urdf.xacro
[0.032s] -- Up-to-date: /home/zhang/self_project/arm_study_ws/install/rebot_moveit_configuration/share/rebot_moveit_configuration/config/reBot_B601_DM_with_gripper.ros2_control.xacro
[0.032s] -- Up-to-date: /home/zhang/self_project/arm_study_ws/install/rebot_moveit_configuration/share/rebot_moveit_configuration/.setup_assistant
[0.032s] Invoked command in '/home/zhang/self_project/arm_study_ws/build/rebot_moveit_configuration' returned '0': AMENT_PREFIX_PATH=/home/zhang/self_project/arm_study_ws/install/rebot_description:${AMENT_PREFIX_PATH} CMAKE_PREFIX_PATH=/home/zhang/self_project/arm_study_ws/install/rebot_description:/opt/ros/jazzy/opt/gz_sim_vendor:/opt/ros/jazzy/opt/gz_sensors_vendor:/opt/ros/jazzy/opt/gz_physics_vendor:/opt/ros/jazzy/opt/sdformat_vendor:/opt/ros/jazzy/opt/gz_gui_vendor:/opt/ros/jazzy/opt/gz_transport_vendor:/opt/ros/jazzy/opt/gz_rendering_vendor:/opt/ros/jazzy/opt/gz_plugin_vendor:/opt/ros/jazzy/opt/gz_fuel_tools_vendor:/opt/ros/jazzy/opt/gz_msgs_vendor:/opt/ros/jazzy/opt/gz_common_vendor:/opt/ros/jazzy/opt/gz_math_vendor:/opt/ros/jazzy/opt/gz_utils_vendor:/opt/ros/jazzy/opt/gz_tools_vendor:/opt/ros/jazzy/opt/gz_ogre_next_vendor:/opt/ros/jazzy/opt/gz_dartsim_vendor:/opt/ros/jazzy/opt/gz_cmake_vendor:/opt/ros/jazzy DEBUGINFOD_URLS=https://debuginfod.ubuntu.com /usr/bin/cmake --install /home/zhang/self_project/arm_study_ws/build/rebot_moveit_configuration
