[ 50%] [32mBuilding CXX object CMakeFiles/target_marker.dir/src/interactive_marker.cpp.o[0m
[100%] [32m[1mLinking CXX executable target_marker[0m
[100%] Built target target_marker
-- Install configuration: ""
-- Installing: /home/zhang/self_project/arm_study_ws/install/rebot_description/lib/rebot_description/target_marker
-- Set non-toolchain portion of runtime path of "/home/zhang/self_project/arm_study_ws/install/rebot_description/lib/rebot_description/target_marker" to ""
-- Up-to-date: /home/zhang/self_project/arm_study_ws/install/rebot_description/lib/rebot_description/arm_mujoco_node.py
-- Up-to-date: /home/zhang/self_project/arm_study_ws/install/rebot_description/share/rebot_description/urdf
-- Up-to-date: /home/zhang/self_project/arm_study_ws/install/rebot_description/share/rebot_description/urdf/reBot_DevArm_fixend.xml
-- Up-to-date: /home/zhang/self_project/arm_study_ws/install/rebot_description/share/rebot_description/urdf/meshes_rs
-- Up-to-date: /home/zhang/self_project/arm_study_ws/install/rebot_description/share/rebot_description/urdf/meshes_rs/pla2_green.STL
-- Up-to-date: /home/zhang/self_project/arm_study_ws/install/rebot_description/share/rebot_description/urdf/meshes_rs/pla2_black.STL
-- Up-to-date: /home/zhang/self_project/arm_study_ws/install/rebot_description/share/rebot_description/urdf/meshes_rs/motor_2_3.STL
-- Up-to-date: /home/zhang/self_project/arm_study_ws/install/rebot_description/share/rebot_description/urdf/meshes_rs/gripper_end.STL
-- Up-to-date: /home/zhang/self_project/arm_study_ws/install/rebot_description/share/rebot_description/urdf/meshes_rs/link2.STL
-- Up-to-date: /home/zhang/self_project/arm_study_ws/install/rebot_description/share/rebot_description/urdf/meshes_rs/cnc_right.STL
-- Up-to-date: /home/zhang/self_project/arm_study_ws/install/rebot_description/share/rebot_description/urdf/meshes_rs/link3.STL
-- Up-to-date: /home/zhang/self_project/arm_study_ws/install/rebot_description/share/rebot_description/urdf/meshes_rs/pla7_green.STL
-- Up-to-date: /home/zhang/self_project/arm_study_ws/install/rebot_description/share/rebot_description/urdf/meshes_rs/link1.STL
-- Up-to-date: /home/zhang/self_project/arm_study_ws/install/rebot_description/share/rebot_description/urdf/meshes_rs/pla5_green.STL
-- Up-to-date: /home/zhang/self_project/arm_study_ws/install/rebot_description/share/rebot_description/urdf/meshes_rs/cnc3.STL
-- Up-to-date: /home/zhang/self_project/arm_study_ws/install/rebot_description/share/rebot_description/urdf/meshes_rs/motor_6.STL
-- Up-to-date: /home/zhang/self_project/arm_study_ws/install/rebot_description/share/rebot_description/urdf/meshes_rs/link5.STL
-- Up-to-date: /home/zhang/self_project/arm_study_ws/install/rebot_description/share/rebot_description/urdf/meshes_rs/base_link.STL
-- Up-to-date: /home/zhang/self_project/arm_study_ws/install/rebot_description/share/rebot_description/urdf/meshes_rs/pla3_green.STL
-- Up-to-date: /home/zhang/self_project/arm_study_ws/install/rebot_description/share/rebot_description/urdf/meshes_rs/motor_5.STL
-- Up-to-date: /home/zhang/self_project/arm_study_ws/install/rebot_description/share/rebot_description/urdf/meshes_rs/cnc7.STL
-- Up-to-date: /home/zhang/self_project/arm_study_ws/install/rebot_description/share/rebot_description/urdf/meshes_rs/pla3_black.STL
-- Up-to-date: /home/zhang/self_project/arm_study_ws/install/rebot_description/share/rebot_description/urdf/meshes_rs/motor_4.STL
-- Up-to-date: /home/zhang/self_project/arm_study_ws/install/rebot_description/share/rebot_description/urdf/meshes_rs/cnc4.STL
-- Up-to-date: /home/zhang/self_project/arm_study_ws/install/rebot_description/share/rebot_description/urdf/meshes_rs/cnc_left.STL
-- Up-to-date: /home/zhang/self_project/arm_study_ws/install/rebot_description/share/rebot_description/urdf/meshes_rs/link4.STL
-- Up-to-date: /home/zhang/self_project/arm_study_ws/install/rebot_description/share/rebot_description/urdf/meshes_rs/pla_right.STL
-- Up-to-date: /home/zhang/self_project/arm_study_ws/install/rebot_description/share/rebot_description/urdf/meshes_rs/gripper_right.STL
-- Up-to-date: /home/zhang/self_project/arm_study_ws/install/rebot_description/share/rebot_description/urdf/meshes_rs/cnc2.STL
-- Up-to-date: /home/zhang/self_project/arm_study_ws/install/rebot_description/share/rebot_description/urdf/meshes_rs/pla_left.STL
-- Up-to-date: /home/zhang/self_project/arm_study_ws/install/rebot_description/share/rebot_description/urdf/meshes_rs/cnc5.STL
-- Up-to-date: /home/zhang/self_project/arm_study_ws/install/rebot_description/share/rebot_description/urdf/meshes_rs/gripper_left.STL
-- Up-to-date: /home/zhang/self_project/arm_study_ws/install/rebot_description/share/rebot_description/urdf/meshes_rs/link6.STL
-- Up-to-date: /home/zhang/self_project/arm_study_ws/install/rebot_description/share/rebot_description/urdf/meshes_rs/motor_7.STL
-- Up-to-date: /home/zhang/self_project/arm_study_ws/install/rebot_description/share/rebot_description/urdf/meshes
-- Up-to-date: /home/zhang/self_project/arm_study_ws/install/rebot_description/share/rebot_description/urdf/meshes/link3.stl
-- Up-to-date: /home/zhang/self_project/arm_study_ws/install/rebot_description/share/rebot_description/urdf/meshes/end_link.stl
-- Up-to-date: /home/zhang/self_project/arm_study_ws/install/rebot_description/share/rebot_description/urdf/meshes/link2.stl
-- Up-to-date: /home/zhang/self_project/arm_study_ws/install/rebot_description/share/rebot_description/urdf/meshes/link1.stl
-- Up-to-date: /home/zhang/self_project/arm_study_ws/install/rebot_description/share/rebot_description/urdf/meshes/link5.stl
-- Up-to-date: /home/zhang/self_project/arm_study_ws/install/rebot_description/share/rebot_description/urdf/meshes/link4.stl
-- Up-to-date: /home/zhang/self_project/arm_study_ws/install/rebot_description/share/rebot_description/urdf/meshes/base_link.stl
-- Up-to-date: /home/zhang/self_project/arm_study_ws/install/rebot_description/share/rebot_description/urdf/meshes/link6.stl
-- Up-to-date: /home/zhang/self_project/arm_study_ws/install/rebot_description/share/rebot_description/urdf/reBot_B601_DM_with_gripper.urdf
-- Up-to-date: /home/zhang/self_project/arm_study_ws/install/rebot_description/share/rebot_description/urdf/00-arm-rs_asm-v3.urdf
-- Up-to-date: /home/zhang/self_project/arm_study_ws/install/rebot_description/share/rebot_description/urdf/reBot_B601_DM_with_gripper.xml
-- Up-to-date: /home/zhang/self_project/arm_study_ws/install/rebot_description/share/rebot_description/urdf/meshes_b601_gripper
-- Up-to-date: /home/zhang/self_project/arm_study_ws/install/rebot_description/share/rebot_description/urdf/meshes_b601_gripper/link2.STL
-- Up-to-date: /home/zhang/self_project/arm_study_ws/install/rebot_description/share/rebot_description/urdf/meshes_b601_gripper/link3.STL
-- Up-to-date: /home/zhang/self_project/arm_study_ws/install/rebot_description/share/rebot_description/urdf/meshes_b601_gripper/gripper_link.STL
-- Up-to-date: /home/zhang/self_project/arm_study_ws/install/rebot_description/share/rebot_description/urdf/meshes_b601_gripper/link1.STL
-- Up-to-date: /home/zhang/self_project/arm_study_ws/install/rebot_description/share/rebot_description/urdf/meshes_b601_gripper/link5.STL
-- Up-to-date: /home/zhang/self_project/arm_study_ws/install/rebot_description/share/rebot_description/urdf/meshes_b601_gripper/base_link.STL
-- Up-to-date: /home/zhang/self_project/arm_study_ws/install/rebot_description/share/rebot_description/urdf/meshes_b601_gripper/link4.STL
-- Up-to-date: /home/zhang/self_project/arm_study_ws/install/rebot_description/share/rebot_description/urdf/meshes_b601_gripper/gripper_right.STL
-- Up-to-date: /home/zhang/self_project/arm_study_ws/install/rebot_description/share/rebot_description/urdf/meshes_b601_gripper/gripper_left.STL
-- Up-to-date: /home/zhang/self_project/arm_study_ws/install/rebot_description/share/rebot_description/urdf/meshes_b601_gripper/link6.STL
-- Up-to-date: /home/zhang/self_project/arm_study_ws/install/rebot_description/share/rebot_description/urdf/reBot-DevArm_fixend.urdf
-- Up-to-date: /home/zhang/self_project/arm_study_ws/install/rebot_description/share/rebot_description/launch
-- Up-to-date: /home/zhang/self_project/arm_study_ws/install/rebot_description/share/rebot_description/launch/display.launch.py
-- Up-to-date: /home/zhang/self_project/arm_study_ws/install/rebot_description/share/rebot_description/script
-- Up-to-date: /home/zhang/self_project/arm_study_ws/install/rebot_description/share/rebot_description/script/arm_mujoco_node.py
-- Up-to-date: /home/zhang/self_project/arm_study_ws/install/rebot_description/share/rebot_description/script
-- Up-to-date: /home/zhang/self_project/arm_study_ws/install/rebot_description/share/rebot_description/script/arm_mujoco_node.py
-- Up-to-date: /home/zhang/self_project/arm_study_ws/install/rebot_description/share/ament_index/resource_index/package_run_dependencies/rebot_description
-- Up-to-date: /home/zhang/self_project/arm_study_ws/install/rebot_description/share/ament_index/resource_index/parent_prefix_path/rebot_description
-- Up-to-date: /home/zhang/self_project/arm_study_ws/install/rebot_description/share/rebot_description/environment/ament_prefix_path.sh
-- Up-to-date: /home/zhang/self_project/arm_study_ws/install/rebot_description/share/rebot_description/environment/ament_prefix_path.dsv
-- Up-to-date: /home/zhang/self_project/arm_study_ws/install/rebot_description/share/rebot_description/environment/path.sh
-- Up-to-date: /home/zhang/self_project/arm_study_ws/install/rebot_description/share/rebot_description/environment/path.dsv
-- Up-to-date: /home/zhang/self_project/arm_study_ws/install/rebot_description/share/rebot_description/local_setup.bash
-- Up-to-date: /home/zhang/self_project/arm_study_ws/install/rebot_description/share/rebot_description/local_setup.sh
-- Up-to-date: /home/zhang/self_project/arm_study_ws/install/rebot_description/share/rebot_description/local_setup.zsh
-- Up-to-date: /home/zhang/self_project/arm_study_ws/install/rebot_description/share/rebot_description/local_setup.dsv
-- Installing: /home/zhang/self_project/arm_study_ws/install/rebot_description/share/rebot_description/package.dsv
-- Up-to-date: /home/zhang/self_project/arm_study_ws/install/rebot_description/share/ament_index/resource_index/packages/rebot_description
-- Up-to-date: /home/zhang/self_project/arm_study_ws/install/rebot_description/share/rebot_description/cmake/rebot_descriptionConfig.cmake
-- Up-to-date: /home/zhang/self_project/arm_study_ws/install/rebot_description/share/rebot_description/cmake/rebot_descriptionConfig-version.cmake
-- Up-to-date: /home/zhang/self_project/arm_study_ws/install/rebot_description/share/rebot_description/package.xml
