[0.005s] Invoking command in '/home/zhang/self_project/arm_study_ws/build/rebot_description': CMAKE_PREFIX_PATH=${CMAKE_PREFIX_PATH}:/opt/ros/jazzy DEBUGINFOD_URLS=https://debuginfod.ubuntu.com /usr/bin/cmake --build /home/zhang/self_project/arm_study_ws/build/rebot_description -- -j20 -l20
[0.039s] [ 50%] [32mBuilding CXX object CMakeFiles/target_marker.dir/src/interactive_marker.cpp.o[0m
[2.471s] [100%] [32m[1mLinking CXX executable target_marker[0m
[2.569s] [100%] Built target target_marker
[2.575s] Invoked command in '/home/zhang/self_project/arm_study_ws/build/rebot_description' returned '0': CMAKE_PREFIX_PATH=${CMAKE_PREFIX_PATH}:/opt/ros/jazzy DEBUGINFOD_URLS=https://debuginfod.ubuntu.com /usr/bin/cmake --build /home/zhang/self_project/arm_study_ws/build/rebot_description -- -j20 -l20
[2.576s] Invoking command in '/home/zhang/self_project/arm_study_ws/build/rebot_description': CMAKE_PREFIX_PATH=${CMAKE_PREFIX_PATH}:/opt/ros/jazzy DEBUGINFOD_URLS=https://debuginfod.ubuntu.com /usr/bin/cmake --install /home/zhang/self_project/arm_study_ws/build/rebot_description
[2.580s] -- Install configuration: ""
[2.580s] -- Installing: /home/zhang/self_project/arm_study_ws/install/rebot_description/lib/rebot_description/target_marker
[2.581s] -- Set non-toolchain portion of runtime path of "/home/zhang/self_project/arm_study_ws/install/rebot_description/lib/rebot_description/target_marker" to ""
[2.581s] -- Up-to-date: /home/zhang/self_project/arm_study_ws/install/rebot_description/lib/rebot_description/arm_mujoco_node.py
[2.581s] -- Up-to-date: /home/zhang/self_project/arm_study_ws/install/rebot_description/share/rebot_description/urdf
[2.581s] -- Up-to-date: /home/zhang/self_project/arm_study_ws/install/rebot_description/share/rebot_description/urdf/reBot_DevArm_fixend.xml
[2.582s] -- Up-to-date: /home/zhang/self_project/arm_study_ws/install/rebot_description/share/rebot_description/urdf/meshes_rs
[2.582s] -- Up-to-date: /home/zhang/self_project/arm_study_ws/install/rebot_description/share/rebot_description/urdf/meshes_rs/pla2_green.STL
[2.582s] -- Up-to-date: /home/zhang/self_project/arm_study_ws/install/rebot_description/share/rebot_description/urdf/meshes_rs/pla2_black.STL
[2.582s] -- Up-to-date: /home/zhang/self_project/arm_study_ws/install/rebot_description/share/rebot_description/urdf/meshes_rs/motor_2_3.STL
[2.582s] -- Up-to-date: /home/zhang/self_project/arm_study_ws/install/rebot_description/share/rebot_description/urdf/meshes_rs/gripper_end.STL
[2.582s] -- Up-to-date: /home/zhang/self_project/arm_study_ws/install/rebot_description/share/rebot_description/urdf/meshes_rs/link2.STL
[2.582s] -- Up-to-date: /home/zhang/self_project/arm_study_ws/install/rebot_description/share/rebot_description/urdf/meshes_rs/cnc_right.STL
[2.582s] -- Up-to-date: /home/zhang/self_project/arm_study_ws/install/rebot_description/share/rebot_description/urdf/meshes_rs/link3.STL
[2.582s] -- Up-to-date: /home/zhang/self_project/arm_study_ws/install/rebot_description/share/rebot_description/urdf/meshes_rs/pla7_green.STL
[2.582s] -- Up-to-date: /home/zhang/self_project/arm_study_ws/install/rebot_description/share/rebot_description/urdf/meshes_rs/link1.STL
[2.582s] -- Up-to-date: /home/zhang/self_project/arm_study_ws/install/rebot_description/share/rebot_description/urdf/meshes_rs/pla5_green.STL
[2.582s] -- Up-to-date: /home/zhang/self_project/arm_study_ws/install/rebot_description/share/rebot_description/urdf/meshes_rs/cnc3.STL
[2.582s] -- Up-to-date: /home/zhang/self_project/arm_study_ws/install/rebot_description/share/rebot_description/urdf/meshes_rs/motor_6.STL
[2.582s] -- Up-to-date: /home/zhang/self_project/arm_study_ws/install/rebot_description/share/rebot_description/urdf/meshes_rs/link5.STL
[2.582s] -- Up-to-date: /home/zhang/self_project/arm_study_ws/install/rebot_description/share/rebot_description/urdf/meshes_rs/base_link.STL
[2.582s] -- Up-to-date: /home/zhang/self_project/arm_study_ws/install/rebot_description/share/rebot_description/urdf/meshes_rs/pla3_green.STL
[2.582s] -- Up-to-date: /home/zhang/self_project/arm_study_ws/install/rebot_description/share/rebot_description/urdf/meshes_rs/motor_5.STL
[2.582s] -- Up-to-date: /home/zhang/self_project/arm_study_ws/install/rebot_description/share/rebot_description/urdf/meshes_rs/cnc7.STL
[2.582s] -- Up-to-date: /home/zhang/self_project/arm_study_ws/install/rebot_description/share/rebot_description/urdf/meshes_rs/pla3_black.STL
[2.582s] -- Up-to-date: /home/zhang/self_project/arm_study_ws/install/rebot_description/share/rebot_description/urdf/meshes_rs/motor_4.STL
[2.582s] -- Up-to-date: /home/zhang/self_project/arm_study_ws/install/rebot_description/share/rebot_description/urdf/meshes_rs/cnc4.STL
[2.582s] -- Up-to-date: /home/zhang/self_project/arm_study_ws/install/rebot_description/share/rebot_description/urdf/meshes_rs/cnc_left.STL
[2.582s] -- Up-to-date: /home/zhang/self_project/arm_study_ws/install/rebot_description/share/rebot_description/urdf/meshes_rs/link4.STL
[2.583s] -- Up-to-date: /home/zhang/self_project/arm_study_ws/install/rebot_description/share/rebot_description/urdf/meshes_rs/pla_right.STL
[2.583s] -- Up-to-date: /home/zhang/self_project/arm_study_ws/install/rebot_description/share/rebot_description/urdf/meshes_rs/gripper_right.STL
[2.583s] -- Up-to-date: /home/zhang/self_project/arm_study_ws/install/rebot_description/share/rebot_description/urdf/meshes_rs/cnc2.STL
[2.583s] -- Up-to-date: /home/zhang/self_project/arm_study_ws/install/rebot_description/share/rebot_description/urdf/meshes_rs/pla_left.STL
[2.583s] -- Up-to-date: /home/zhang/self_project/arm_study_ws/install/rebot_description/share/rebot_description/urdf/meshes_rs/cnc5.STL
[2.583s] -- Up-to-date: /home/zhang/self_project/arm_study_ws/install/rebot_description/share/rebot_description/urdf/meshes_rs/gripper_left.STL
[2.583s] -- Up-to-date: /home/zhang/self_project/arm_study_ws/install/rebot_description/share/rebot_description/urdf/meshes_rs/link6.STL
[2.583s] -- Up-to-date: /home/zhang/self_project/arm_study_ws/install/rebot_description/share/rebot_description/urdf/meshes_rs/motor_7.STL
[2.583s] -- Up-to-date: /home/zhang/self_project/arm_study_ws/install/rebot_description/share/rebot_description/urdf/meshes
[2.583s] -- Up-to-date: /home/zhang/self_project/arm_study_ws/install/rebot_description/share/rebot_description/urdf/meshes/link3.stl
[2.583s] -- Up-to-date: /home/zhang/self_project/arm_study_ws/install/rebot_description/share/rebot_description/urdf/meshes/end_link.stl
[2.583s] -- Up-to-date: /home/zhang/self_project/arm_study_ws/install/rebot_description/share/rebot_description/urdf/meshes/link2.stl
[2.583s] -- Up-to-date: /home/zhang/self_project/arm_study_ws/install/rebot_description/share/rebot_description/urdf/meshes/link1.stl
[2.584s] -- Up-to-date: /home/zhang/self_project/arm_study_ws/install/rebot_description/share/rebot_description/urdf/meshes/link5.stl
[2.584s] -- Up-to-date: /home/zhang/self_project/arm_study_ws/install/rebot_description/share/rebot_description/urdf/meshes/link4.stl
[2.584s] -- Up-to-date: /home/zhang/self_project/arm_study_ws/install/rebot_description/share/rebot_description/urdf/meshes/base_link.stl
[2.584s] -- Up-to-date: /home/zhang/self_project/arm_study_ws/install/rebot_description/share/rebot_description/urdf/meshes/link6.stl
[2.584s] -- Up-to-date: /home/zhang/self_project/arm_study_ws/install/rebot_description/share/rebot_description/urdf/reBot_B601_DM_with_gripper.urdf
[2.584s] -- Up-to-date: /home/zhang/self_project/arm_study_ws/install/rebot_description/share/rebot_description/urdf/00-arm-rs_asm-v3.urdf
[2.584s] -- Up-to-date: /home/zhang/self_project/arm_study_ws/install/rebot_description/share/rebot_description/urdf/reBot_B601_DM_with_gripper.xml
[2.584s] -- Up-to-date: /home/zhang/self_project/arm_study_ws/install/rebot_description/share/rebot_description/urdf/meshes_b601_gripper
[2.584s] -- Up-to-date: /home/zhang/self_project/arm_study_ws/install/rebot_description/share/rebot_description/urdf/meshes_b601_gripper/link2.STL
[2.584s] -- Up-to-date: /home/zhang/self_project/arm_study_ws/install/rebot_description/share/rebot_description/urdf/meshes_b601_gripper/link3.STL
[2.584s] -- Up-to-date: /home/zhang/self_project/arm_study_ws/install/rebot_description/share/rebot_description/urdf/meshes_b601_gripper/gripper_link.STL
[2.584s] -- Up-to-date: /home/zhang/self_project/arm_study_ws/install/rebot_description/share/rebot_description/urdf/meshes_b601_gripper/link1.STL
[2.584s] -- Up-to-date: /home/zhang/self_project/arm_study_ws/install/rebot_description/share/rebot_description/urdf/meshes_b601_gripper/link5.STL
[2.584s] -- Up-to-date: /home/zhang/self_project/arm_study_ws/install/rebot_description/share/rebot_description/urdf/meshes_b601_gripper/base_link.STL
[2.584s] -- Up-to-date: /home/zhang/self_project/arm_study_ws/install/rebot_description/share/rebot_description/urdf/meshes_b601_gripper/link4.STL
[2.584s] -- Up-to-date: /home/zhang/self_project/arm_study_ws/install/rebot_description/share/rebot_description/urdf/meshes_b601_gripper/gripper_right.STL
[2.584s] -- Up-to-date: /home/zhang/self_project/arm_study_ws/install/rebot_description/share/rebot_description/urdf/meshes_b601_gripper/gripper_left.STL
[2.584s] -- Up-to-date: /home/zhang/self_project/arm_study_ws/install/rebot_description/share/rebot_description/urdf/meshes_b601_gripper/link6.STL
[2.584s] -- Up-to-date: /home/zhang/self_project/arm_study_ws/install/rebot_description/share/rebot_description/urdf/reBot-DevArm_fixend.urdf
[2.584s] -- Up-to-date: /home/zhang/self_project/arm_study_ws/install/rebot_description/share/rebot_description/launch
[2.584s] -- Up-to-date: /home/zhang/self_project/arm_study_ws/install/rebot_description/share/rebot_description/launch/display.launch.py
[2.584s] -- Up-to-date: /home/zhang/self_project/arm_study_ws/install/rebot_description/share/rebot_description/script
[2.585s] -- Up-to-date: /home/zhang/self_project/arm_study_ws/install/rebot_description/share/rebot_description/script/arm_mujoco_node.py
[2.585s] -- Up-to-date: /home/zhang/self_project/arm_study_ws/install/rebot_description/share/rebot_description/script
[2.585s] -- Up-to-date: /home/zhang/self_project/arm_study_ws/install/rebot_description/share/rebot_description/script/arm_mujoco_node.py
[2.585s] -- Up-to-date: /home/zhang/self_project/arm_study_ws/install/rebot_description/share/ament_index/resource_index/package_run_dependencies/rebot_description
[2.585s] -- Up-to-date: /home/zhang/self_project/arm_study_ws/install/rebot_description/share/ament_index/resource_index/parent_prefix_path/rebot_description
[2.585s] -- Up-to-date: /home/zhang/self_project/arm_study_ws/install/rebot_description/share/rebot_description/environment/ament_prefix_path.sh
[2.585s] -- Up-to-date: /home/zhang/self_project/arm_study_ws/install/rebot_description/share/rebot_description/environment/ament_prefix_path.dsv
[2.585s] -- Up-to-date: /home/zhang/self_project/arm_study_ws/install/rebot_description/share/rebot_description/environment/path.sh
[2.585s] -- Up-to-date: /home/zhang/self_project/arm_study_ws/install/rebot_description/share/rebot_description/environment/path.dsv
[2.585s] -- Up-to-date: /home/zhang/self_project/arm_study_ws/install/rebot_description/share/rebot_description/local_setup.bash
[2.585s] -- Up-to-date: /home/zhang/self_project/arm_study_ws/install/rebot_description/share/rebot_description/local_setup.sh
[2.585s] -- Up-to-date: /home/zhang/self_project/arm_study_ws/install/rebot_description/share/rebot_description/local_setup.zsh
[2.585s] -- Up-to-date: /home/zhang/self_project/arm_study_ws/install/rebot_description/share/rebot_description/local_setup.dsv
[2.585s] -- Installing: /home/zhang/self_project/arm_study_ws/install/rebot_description/share/rebot_description/package.dsv
[2.585s] -- Up-to-date: /home/zhang/self_project/arm_study_ws/install/rebot_description/share/ament_index/resource_index/packages/rebot_description
[2.585s] -- Up-to-date: /home/zhang/self_project/arm_study_ws/install/rebot_description/share/rebot_description/cmake/rebot_descriptionConfig.cmake
[2.585s] -- Up-to-date: /home/zhang/self_project/arm_study_ws/install/rebot_description/share/rebot_description/cmake/rebot_descriptionConfig-version.cmake
[2.586s] -- Up-to-date: /home/zhang/self_project/arm_study_ws/install/rebot_description/share/rebot_description/package.xml
[2.586s] Invoked command in '/home/zhang/self_project/arm_study_ws/build/rebot_description' returned '0': CMAKE_PREFIX_PATH=${CMAKE_PREFIX_PATH}:/opt/ros/jazzy DEBUGINFOD_URLS=https://debuginfod.ubuntu.com /usr/bin/cmake --install /home/zhang/self_project/arm_study_ws/build/rebot_description
