[0.022s] Invoking command in '/home/zme/self_project/rebotArm_mujoco/build/robot_motion': AMENT_PREFIX_PATH=/home/zme/self_project/rebotArm_mujoco/install/robot_msgs:${AMENT_PREFIX_PATH} CMAKE_PREFIX_PATH=/home/zme/self_project/rebotArm_mujoco/install/robot_msgs:/opt/ros/jazzy/opt/sdformat_vendor:/opt/ros/jazzy/opt/gz_math_vendor:/opt/ros/jazzy/opt/gz_utils_vendor:/opt/ros/jazzy/opt/gz_tools_vendor:/opt/ros/jazzy/opt/gz_cmake_vendor:/opt/ros/jazzy DEBUGINFOD_URLS=https://debuginfod.ubuntu.com LD_LIBRARY_PATH=/home/zme/self_project/rebotArm_mujoco/install/robot_msgs/lib:${LD_LIBRARY_PATH} PYTHONPATH=/home/zme/self_project/rebotArm_mujoco/install/robot_msgs/lib/python3.12/site-packages:${PYTHONPATH} /usr/bin/cmake --build /home/zme/self_project/rebotArm_mujoco/build/robot_motion -- -j8 -l8
[0.180s] [100%] Built target robot_motion
[0.211s] Invoked command in '/home/zme/self_project/rebotArm_mujoco/build/robot_motion' returned '0': AMENT_PREFIX_PATH=/home/zme/self_project/rebotArm_mujoco/install/robot_msgs:${AMENT_PREFIX_PATH} CMAKE_PREFIX_PATH=/home/zme/self_project/rebotArm_mujoco/install/robot_msgs:/opt/ros/jazzy/opt/sdformat_vendor:/opt/ros/jazzy/opt/gz_math_vendor:/opt/ros/jazzy/opt/gz_utils_vendor:/opt/ros/jazzy/opt/gz_tools_vendor:/opt/ros/jazzy/opt/gz_cmake_vendor:/opt/ros/jazzy DEBUGINFOD_URLS=https://debuginfod.ubuntu.com LD_LIBRARY_PATH=/home/zme/self_project/rebotArm_mujoco/install/robot_msgs/lib:${LD_LIBRARY_PATH} PYTHONPATH=/home/zme/self_project/rebotArm_mujoco/install/robot_msgs/lib/python3.12/site-packages:${PYTHONPATH} /usr/bin/cmake --build /home/zme/self_project/rebotArm_mujoco/build/robot_motion -- -j8 -l8
[0.213s] Invoking command in '/home/zme/self_project/rebotArm_mujoco/build/robot_motion': AMENT_PREFIX_PATH=/home/zme/self_project/rebotArm_mujoco/install/robot_msgs:${AMENT_PREFIX_PATH} CMAKE_PREFIX_PATH=/home/zme/self_project/rebotArm_mujoco/install/robot_msgs:/opt/ros/jazzy/opt/sdformat_vendor:/opt/ros/jazzy/opt/gz_math_vendor:/opt/ros/jazzy/opt/gz_utils_vendor:/opt/ros/jazzy/opt/gz_tools_vendor:/opt/ros/jazzy/opt/gz_cmake_vendor:/opt/ros/jazzy DEBUGINFOD_URLS=https://debuginfod.ubuntu.com LD_LIBRARY_PATH=/home/zme/self_project/rebotArm_mujoco/install/robot_msgs/lib:${LD_LIBRARY_PATH} PYTHONPATH=/home/zme/self_project/rebotArm_mujoco/install/robot_msgs/lib/python3.12/site-packages:${PYTHONPATH} /usr/bin/cmake --install /home/zme/self_project/rebotArm_mujoco/build/robot_motion
[0.230s] -- Install configuration: ""
[0.230s] -- Up-to-date: /home/zme/self_project/rebotArm_mujoco/install/robot_motion/lib/librobot_motion.so
[0.231s] -- Up-to-date: /home/zme/self_project/rebotArm_mujoco/install/robot_motion/include
[0.231s] -- Up-to-date: /home/zme/self_project/rebotArm_mujoco/install/robot_motion/include/ik
[0.232s] -- Up-to-date: /home/zme/self_project/rebotArm_mujoco/install/robot_motion/include/ik/pseudo_inverse_ik.hpp
[0.232s] -- Up-to-date: /home/zme/self_project/rebotArm_mujoco/install/robot_motion/share/robot_motion/cmake/robot_motionTargets.cmake
[0.233s] -- Up-to-date: /home/zme/self_project/rebotArm_mujoco/install/robot_motion/share/robot_motion/cmake/robot_motionTargets-noconfig.cmake
[0.233s] -- Up-to-date: /home/zme/self_project/rebotArm_mujoco/install/robot_motion/share/robot_motion/environment/library_path.sh
[0.233s] -- Up-to-date: /home/zme/self_project/rebotArm_mujoco/install/robot_motion/share/robot_motion/environment/library_path.dsv
[0.234s] -- Up-to-date: /home/zme/self_project/rebotArm_mujoco/install/robot_motion/share/ament_index/resource_index/package_run_dependencies/robot_motion
[0.234s] -- Up-to-date: /home/zme/self_project/rebotArm_mujoco/install/robot_motion/share/ament_index/resource_index/parent_prefix_path/robot_motion
[0.234s] -- Up-to-date: /home/zme/self_project/rebotArm_mujoco/install/robot_motion/share/robot_motion/environment/ament_prefix_path.sh
[0.234s] -- Up-to-date: /home/zme/self_project/rebotArm_mujoco/install/robot_motion/share/robot_motion/environment/ament_prefix_path.dsv
[0.235s] -- Up-to-date: /home/zme/self_project/rebotArm_mujoco/install/robot_motion/share/robot_motion/environment/path.sh
[0.235s] -- Up-to-date: /home/zme/self_project/rebotArm_mujoco/install/robot_motion/share/robot_motion/environment/path.dsv
[0.235s] -- Up-to-date: /home/zme/self_project/rebotArm_mujoco/install/robot_motion/share/robot_motion/local_setup.bash
[0.235s] -- Up-to-date: /home/zme/self_project/rebotArm_mujoco/install/robot_motion/share/robot_motion/local_setup.sh
[0.236s] -- Up-to-date: /home/zme/self_project/rebotArm_mujoco/install/robot_motion/share/robot_motion/local_setup.zsh
[0.236s] -- Up-to-date: /home/zme/self_project/rebotArm_mujoco/install/robot_motion/share/robot_motion/local_setup.dsv
[0.236s] -- Installing: /home/zme/self_project/rebotArm_mujoco/install/robot_motion/share/robot_motion/package.dsv
[0.241s] -- Up-to-date: /home/zme/self_project/rebotArm_mujoco/install/robot_motion/share/ament_index/resource_index/packages/robot_motion
[0.242s] -- Up-to-date: /home/zme/self_project/rebotArm_mujoco/install/robot_motion/share/robot_motion/cmake/robot_motionTargetsExport.cmake
[0.245s] -- Up-to-date: /home/zme/self_project/rebotArm_mujoco/install/robot_motion/share/robot_motion/cmake/robot_motionTargetsExport-noconfig.cmake
[0.246s] -- Up-to-date: /home/zme/self_project/rebotArm_mujoco/install/robot_motion/share/robot_motion/cmake/ament_cmake_export_include_directories-extras.cmake
[0.246s] -- Up-to-date: /home/zme/self_project/rebotArm_mujoco/install/robot_motion/share/robot_motion/cmake/ament_cmake_export_targets-extras.cmake
[0.247s] -- Up-to-date: /home/zme/self_project/rebotArm_mujoco/install/robot_motion/share/robot_motion/cmake/ament_cmake_export_dependencies-extras.cmake
[0.247s] -- Up-to-date: /home/zme/self_project/rebotArm_mujoco/install/robot_motion/share/robot_motion/cmake/robot_motionConfig.cmake
[0.247s] -- Up-to-date: /home/zme/self_project/rebotArm_mujoco/install/robot_motion/share/robot_motion/cmake/robot_motionConfig-version.cmake
[0.249s] -- Up-to-date: /home/zme/self_project/rebotArm_mujoco/install/robot_motion/share/robot_motion/package.xml
[0.250s] Invoked command in '/home/zme/self_project/rebotArm_mujoco/build/robot_motion' returned '0': AMENT_PREFIX_PATH=/home/zme/self_project/rebotArm_mujoco/install/robot_msgs:${AMENT_PREFIX_PATH} CMAKE_PREFIX_PATH=/home/zme/self_project/rebotArm_mujoco/install/robot_msgs:/opt/ros/jazzy/opt/sdformat_vendor:/opt/ros/jazzy/opt/gz_math_vendor:/opt/ros/jazzy/opt/gz_utils_vendor:/opt/ros/jazzy/opt/gz_tools_vendor:/opt/ros/jazzy/opt/gz_cmake_vendor:/opt/ros/jazzy DEBUGINFOD_URLS=https://debuginfod.ubuntu.com LD_LIBRARY_PATH=/home/zme/self_project/rebotArm_mujoco/install/robot_msgs/lib:${LD_LIBRARY_PATH} PYTHONPATH=/home/zme/self_project/rebotArm_mujoco/install/robot_msgs/lib/python3.12/site-packages:${PYTHONPATH} /usr/bin/cmake --install /home/zme/self_project/rebotArm_mujoco/build/robot_motion
