[0.049s] DEBUG:colcon:Command line arguments: ['/usr/bin/colcon', 'build']
[0.049s] DEBUG:colcon:Parsed command line arguments: Namespace(log_base=None, log_level=None, verb_name='build', build_base='build', install_base='install', merge_install=False, symlink_install=False, test_result_base=None, continue_on_error=False, executor='parallel', parallel_workers=20, event_handlers=None, ignore_user_meta=False, metas=['./colcon.meta'], base_paths=['.'], packages_ignore=None, packages_ignore_regex=None, paths=None, packages_up_to=None, packages_up_to_regex=None, packages_above=None, packages_above_and_dependencies=None, packages_above_depth=None, packages_select_by_dep=None, packages_skip_by_dep=None, packages_skip_up_to=None, packages_select_build_failed=False, packages_skip_build_finished=False, packages_select_test_failures=False, packages_skip_test_passed=False, packages_select=None, packages_skip=None, packages_select_regex=None, packages_skip_regex=None, packages_start=None, packages_end=None, cmake_args=None, cmake_target=None, cmake_target_skip_unavailable=False, cmake_clean_cache=False, cmake_clean_first=False, cmake_force_configure=False, ament_cmake_args=None, catkin_cmake_args=None, catkin_skip_building_tests=False, verb_parser=<colcon_defaults.argument_parser.defaults.DefaultArgumentsDecorator object at 0x73a162109af0>, verb_extension=<colcon_core.verb.build.BuildVerb object at 0x73a162109880>, main=<bound method BuildVerb.main of <colcon_core.verb.build.BuildVerb object at 0x73a162109880>>)
[0.068s] Level 1:colcon.colcon_core.package_discovery:discover_packages(colcon_meta) check parameters
[0.068s] Level 1:colcon.colcon_core.package_discovery:discover_packages(recursive) check parameters
[0.068s] Level 1:colcon.colcon_core.package_discovery:discover_packages(ignore) check parameters
[0.068s] Level 1:colcon.colcon_core.package_discovery:discover_packages(path) check parameters
[0.068s] Level 1:colcon.colcon_core.package_discovery:discover_packages(colcon_meta) discover
[0.069s] Level 1:colcon.colcon_core.package_discovery:discover_packages(recursive) discover
[0.069s] INFO:colcon.colcon_core.package_discovery:Crawling recursively for packages in '/home/zhang/self_project/arm_study_ws'
[0.069s] Level 1:colcon.colcon_core.package_identification:_identify(.) by extensions ['ignore', 'ignore_ament_install']
[0.069s] Level 1:colcon.colcon_core.package_identification:_identify(.) by extension 'ignore'
[0.069s] Level 1:colcon.colcon_core.package_identification:_identify(.) by extension 'ignore_ament_install'
[0.069s] Level 1:colcon.colcon_core.package_identification:_identify(.) by extensions ['colcon_pkg']
[0.069s] Level 1:colcon.colcon_core.package_identification:_identify(.) by extension 'colcon_pkg'
[0.069s] Level 1:colcon.colcon_core.package_identification:_identify(.) by extensions ['colcon_meta']
[0.069s] Level 1:colcon.colcon_core.package_identification:_identify(.) by extension 'colcon_meta'
[0.069s] Level 1:colcon.colcon_core.package_identification:_identify(.) by extensions ['ros']
[0.069s] Level 1:colcon.colcon_core.package_identification:_identify(.) by extension 'ros'
[0.081s] Level 1:colcon.colcon_core.package_identification:_identify(.) by extensions ['cmake', 'python']
[0.081s] Level 1:colcon.colcon_core.package_identification:_identify(.) by extension 'cmake'
[0.081s] Level 1:colcon.colcon_core.package_identification:_identify(.) by extension 'python'
[0.081s] Level 1:colcon.colcon_core.package_identification:_identify(.) by extensions ['python_setup_py']
[0.081s] Level 1:colcon.colcon_core.package_identification:_identify(.) by extension 'python_setup_py'
[0.081s] Level 1:colcon.colcon_core.package_identification:_identify(build) by extensions ['ignore', 'ignore_ament_install']
[0.081s] Level 1:colcon.colcon_core.package_identification:_identify(build) by extension 'ignore'
[0.081s] Level 1:colcon.colcon_core.package_identification:_identify(build) ignored
[0.081s] Level 1:colcon.colcon_core.package_identification:_identify(install) by extensions ['ignore', 'ignore_ament_install']
[0.081s] Level 1:colcon.colcon_core.package_identification:_identify(install) by extension 'ignore'
[0.081s] Level 1:colcon.colcon_core.package_identification:_identify(install) ignored
[0.081s] Level 1:colcon.colcon_core.package_identification:_identify(log) by extensions ['ignore', 'ignore_ament_install']
[0.081s] Level 1:colcon.colcon_core.package_identification:_identify(log) by extension 'ignore'
[0.081s] Level 1:colcon.colcon_core.package_identification:_identify(log) ignored
[0.081s] Level 1:colcon.colcon_core.package_identification:_identify(src) by extensions ['ignore', 'ignore_ament_install']
[0.081s] Level 1:colcon.colcon_core.package_identification:_identify(src) by extension 'ignore'
[0.081s] Level 1:colcon.colcon_core.package_identification:_identify(src) by extension 'ignore_ament_install'
[0.081s] Level 1:colcon.colcon_core.package_identification:_identify(src) by extensions ['colcon_pkg']
[0.081s] Level 1:colcon.colcon_core.package_identification:_identify(src) by extension 'colcon_pkg'
[0.081s] Level 1:colcon.colcon_core.package_identification:_identify(src) by extensions ['colcon_meta']
[0.081s] Level 1:colcon.colcon_core.package_identification:_identify(src) by extension 'colcon_meta'
[0.081s] Level 1:colcon.colcon_core.package_identification:_identify(src) by extensions ['ros']
[0.081s] Level 1:colcon.colcon_core.package_identification:_identify(src) by extension 'ros'
[0.081s] Level 1:colcon.colcon_core.package_identification:_identify(src) by extensions ['cmake', 'python']
[0.081s] Level 1:colcon.colcon_core.package_identification:_identify(src) by extension 'cmake'
[0.081s] Level 1:colcon.colcon_core.package_identification:_identify(src) by extension 'python'
[0.081s] Level 1:colcon.colcon_core.package_identification:_identify(src) by extensions ['python_setup_py']
[0.081s] Level 1:colcon.colcon_core.package_identification:_identify(src) by extension 'python_setup_py'
[0.081s] Level 1:colcon.colcon_core.package_identification:_identify(src/rebot_description) by extensions ['ignore', 'ignore_ament_install']
[0.081s] Level 1:colcon.colcon_core.package_identification:_identify(src/rebot_description) by extension 'ignore'
[0.081s] Level 1:colcon.colcon_core.package_identification:_identify(src/rebot_description) by extension 'ignore_ament_install'
[0.082s] Level 1:colcon.colcon_core.package_identification:_identify(src/rebot_description) by extensions ['colcon_pkg']
[0.082s] Level 1:colcon.colcon_core.package_identification:_identify(src/rebot_description) by extension 'colcon_pkg'
[0.082s] Level 1:colcon.colcon_core.package_identification:_identify(src/rebot_description) by extensions ['colcon_meta']
[0.082s] Level 1:colcon.colcon_core.package_identification:_identify(src/rebot_description) by extension 'colcon_meta'
[0.082s] Level 1:colcon.colcon_core.package_identification:_identify(src/rebot_description) by extensions ['ros']
[0.082s] Level 1:colcon.colcon_core.package_identification:_identify(src/rebot_description) by extension 'ros'
[0.083s] DEBUG:colcon.colcon_core.package_identification:Package 'src/rebot_description' with type 'ros.ament_cmake' and name 'rebot_description'
[0.083s] Level 1:colcon.colcon_core.package_identification:_identify(src/robot_motion) by extensions ['ignore', 'ignore_ament_install']
[0.083s] Level 1:colcon.colcon_core.package_identification:_identify(src/robot_motion) by extension 'ignore'
[0.083s] Level 1:colcon.colcon_core.package_identification:_identify(src/robot_motion) by extension 'ignore_ament_install'
[0.083s] Level 1:colcon.colcon_core.package_identification:_identify(src/robot_motion) by extensions ['colcon_pkg']
[0.083s] Level 1:colcon.colcon_core.package_identification:_identify(src/robot_motion) by extension 'colcon_pkg'
[0.083s] Level 1:colcon.colcon_core.package_identification:_identify(src/robot_motion) by extensions ['colcon_meta']
[0.083s] Level 1:colcon.colcon_core.package_identification:_identify(src/robot_motion) by extension 'colcon_meta'
[0.083s] Level 1:colcon.colcon_core.package_identification:_identify(src/robot_motion) by extensions ['ros']
[0.083s] Level 1:colcon.colcon_core.package_identification:_identify(src/robot_motion) by extension 'ros'
[0.083s] DEBUG:colcon.colcon_core.package_identification:Package 'src/robot_motion' with type 'ros.ament_cmake' and name 'robot_motion'
[0.083s] Level 1:colcon.colcon_core.package_identification:_identify(src/robot_msgs) by extensions ['ignore', 'ignore_ament_install']
[0.084s] Level 1:colcon.colcon_core.package_identification:_identify(src/robot_msgs) by extension 'ignore'
[0.084s] Level 1:colcon.colcon_core.package_identification:_identify(src/robot_msgs) by extension 'ignore_ament_install'
[0.084s] Level 1:colcon.colcon_core.package_identification:_identify(src/robot_msgs) by extensions ['colcon_pkg']
[0.084s] Level 1:colcon.colcon_core.package_identification:_identify(src/robot_msgs) by extension 'colcon_pkg'
[0.084s] Level 1:colcon.colcon_core.package_identification:_identify(src/robot_msgs) by extensions ['colcon_meta']
[0.084s] Level 1:colcon.colcon_core.package_identification:_identify(src/robot_msgs) by extension 'colcon_meta'
[0.084s] Level 1:colcon.colcon_core.package_identification:_identify(src/robot_msgs) by extensions ['ros']
[0.084s] Level 1:colcon.colcon_core.package_identification:_identify(src/robot_msgs) by extension 'ros'
[0.084s] DEBUG:colcon.colcon_core.package_identification:Package 'src/robot_msgs' with type 'ros.ament_cmake' and name 'robot_msgs'
[0.084s] Level 1:colcon.colcon_core.package_identification:_identify(src/test_control) by extensions ['ignore', 'ignore_ament_install']
[0.084s] Level 1:colcon.colcon_core.package_identification:_identify(src/test_control) by extension 'ignore'
[0.084s] Level 1:colcon.colcon_core.package_identification:_identify(src/test_control) by extension 'ignore_ament_install'
[0.084s] Level 1:colcon.colcon_core.package_identification:_identify(src/test_control) by extensions ['colcon_pkg']
[0.084s] Level 1:colcon.colcon_core.package_identification:_identify(src/test_control) by extension 'colcon_pkg'
[0.084s] Level 1:colcon.colcon_core.package_identification:_identify(src/test_control) by extensions ['colcon_meta']
[0.084s] Level 1:colcon.colcon_core.package_identification:_identify(src/test_control) by extension 'colcon_meta'
[0.084s] Level 1:colcon.colcon_core.package_identification:_identify(src/test_control) by extensions ['ros']
[0.084s] Level 1:colcon.colcon_core.package_identification:_identify(src/test_control) by extension 'ros'
[0.085s] DEBUG:colcon.colcon_core.package_identification:Package 'src/test_control' with type 'ros.ament_cmake' and name 'test_control'
[0.085s] Level 1:colcon.colcon_core.package_discovery:discover_packages(recursive) using defaults
[0.085s] Level 1:colcon.colcon_core.package_discovery:discover_packages(ignore) discover
[0.085s] Level 1:colcon.colcon_core.package_discovery:discover_packages(ignore) using defaults
[0.085s] Level 1:colcon.colcon_core.package_discovery:discover_packages(path) discover
[0.085s] Level 1:colcon.colcon_core.package_discovery:discover_packages(path) using defaults
[0.094s] Level 5:colcon.colcon_core.verb:set package 'rebot_description' build argument 'cmake_args' from command line to 'None'
[0.094s] Level 5:colcon.colcon_core.verb:set package 'rebot_description' build argument 'cmake_target' from command line to 'None'
[0.094s] Level 5:colcon.colcon_core.verb:set package 'rebot_description' build argument 'cmake_target_skip_unavailable' from command line to 'False'
[0.094s] Level 5:colcon.colcon_core.verb:set package 'rebot_description' build argument 'cmake_clean_cache' from command line to 'False'
[0.094s] Level 5:colcon.colcon_core.verb:set package 'rebot_description' build argument 'cmake_clean_first' from command line to 'False'
[0.094s] Level 5:colcon.colcon_core.verb:set package 'rebot_description' build argument 'cmake_force_configure' from command line to 'False'
[0.094s] Level 5:colcon.colcon_core.verb:set package 'rebot_description' build argument 'ament_cmake_args' from command line to 'None'
[0.094s] Level 5:colcon.colcon_core.verb:set package 'rebot_description' build argument 'catkin_cmake_args' from command line to 'None'
[0.094s] Level 5:colcon.colcon_core.verb:set package 'rebot_description' build argument 'catkin_skip_building_tests' from command line to 'False'
[0.094s] DEBUG:colcon.colcon_core.verb:Building package 'rebot_description' with the following arguments: {'ament_cmake_args': None, 'build_base': '/home/zhang/self_project/arm_study_ws/build/rebot_description', 'catkin_cmake_args': None, 'catkin_skip_building_tests': False, 'cmake_args': None, 'cmake_clean_cache': False, 'cmake_clean_first': False, 'cmake_force_configure': False, 'cmake_target': None, 'cmake_target_skip_unavailable': False, 'install_base': '/home/zhang/self_project/arm_study_ws/install/rebot_description', 'merge_install': False, 'path': '/home/zhang/self_project/arm_study_ws/src/rebot_description', 'symlink_install': False, 'test_result_base': None}
[0.095s] Level 5:colcon.colcon_core.verb:set package 'robot_msgs' build argument 'cmake_args' from command line to 'None'
[0.095s] Level 5:colcon.colcon_core.verb:set package 'robot_msgs' build argument 'cmake_target' from command line to 'None'
[0.095s] Level 5:colcon.colcon_core.verb:set package 'robot_msgs' build argument 'cmake_target_skip_unavailable' from command line to 'False'
[0.095s] Level 5:colcon.colcon_core.verb:set package 'robot_msgs' build argument 'cmake_clean_cache' from command line to 'False'
[0.095s] Level 5:colcon.colcon_core.verb:set package 'robot_msgs' build argument 'cmake_clean_first' from command line to 'False'
[0.095s] Level 5:colcon.colcon_core.verb:set package 'robot_msgs' build argument 'cmake_force_configure' from command line to 'False'
[0.095s] Level 5:colcon.colcon_core.verb:set package 'robot_msgs' build argument 'ament_cmake_args' from command line to 'None'
[0.095s] Level 5:colcon.colcon_core.verb:set package 'robot_msgs' build argument 'catkin_cmake_args' from command line to 'None'
[0.095s] Level 5:colcon.colcon_core.verb:set package 'robot_msgs' build argument 'catkin_skip_building_tests' from command line to 'False'
[0.095s] DEBUG:colcon.colcon_core.verb:Building package 'robot_msgs' with the following arguments: {'ament_cmake_args': None, 'build_base': '/home/zhang/self_project/arm_study_ws/build/robot_msgs', 'catkin_cmake_args': None, 'catkin_skip_building_tests': False, 'cmake_args': None, 'cmake_clean_cache': False, 'cmake_clean_first': False, 'cmake_force_configure': False, 'cmake_target': None, 'cmake_target_skip_unavailable': False, 'install_base': '/home/zhang/self_project/arm_study_ws/install/robot_msgs', 'merge_install': False, 'path': '/home/zhang/self_project/arm_study_ws/src/robot_msgs', 'symlink_install': False, 'test_result_base': None}
[0.095s] Level 5:colcon.colcon_core.verb:set package 'robot_motion' build argument 'cmake_args' from command line to 'None'
[0.095s] Level 5:colcon.colcon_core.verb:set package 'robot_motion' build argument 'cmake_target' from command line to 'None'
[0.095s] Level 5:colcon.colcon_core.verb:set package 'robot_motion' build argument 'cmake_target_skip_unavailable' from command line to 'False'
[0.095s] Level 5:colcon.colcon_core.verb:set package 'robot_motion' build argument 'cmake_clean_cache' from command line to 'False'
[0.095s] Level 5:colcon.colcon_core.verb:set package 'robot_motion' build argument 'cmake_clean_first' from command line to 'False'
[0.095s] Level 5:colcon.colcon_core.verb:set package 'robot_motion' build argument 'cmake_force_configure' from command line to 'False'
[0.095s] Level 5:colcon.colcon_core.verb:set package 'robot_motion' build argument 'ament_cmake_args' from command line to 'None'
[0.095s] Level 5:colcon.colcon_core.verb:set package 'robot_motion' build argument 'catkin_cmake_args' from command line to 'None'
[0.095s] Level 5:colcon.colcon_core.verb:set package 'robot_motion' build argument 'catkin_skip_building_tests' from command line to 'False'
[0.095s] DEBUG:colcon.colcon_core.verb:Building package 'robot_motion' with the following arguments: {'ament_cmake_args': None, 'build_base': '/home/zhang/self_project/arm_study_ws/build/robot_motion', 'catkin_cmake_args': None, 'catkin_skip_building_tests': False, 'cmake_args': None, 'cmake_clean_cache': False, 'cmake_clean_first': False, 'cmake_force_configure': False, 'cmake_target': None, 'cmake_target_skip_unavailable': False, 'install_base': '/home/zhang/self_project/arm_study_ws/install/robot_motion', 'merge_install': False, 'path': '/home/zhang/self_project/arm_study_ws/src/robot_motion', 'symlink_install': False, 'test_result_base': None}
[0.095s] Level 5:colcon.colcon_core.verb:set package 'test_control' build argument 'cmake_args' from command line to 'None'
[0.095s] Level 5:colcon.colcon_core.verb:set package 'test_control' build argument 'cmake_target' from command line to 'None'
[0.095s] Level 5:colcon.colcon_core.verb:set package 'test_control' build argument 'cmake_target_skip_unavailable' from command line to 'False'
[0.095s] Level 5:colcon.colcon_core.verb:set package 'test_control' build argument 'cmake_clean_cache' from command line to 'False'
[0.095s] Level 5:colcon.colcon_core.verb:set package 'test_control' build argument 'cmake_clean_first' from command line to 'False'
[0.095s] Level 5:colcon.colcon_core.verb:set package 'test_control' build argument 'cmake_force_configure' from command line to 'False'
[0.095s] Level 5:colcon.colcon_core.verb:set package 'test_control' build argument 'ament_cmake_args' from command line to 'None'
[0.095s] Level 5:colcon.colcon_core.verb:set package 'test_control' build argument 'catkin_cmake_args' from command line to 'None'
[0.095s] Level 5:colcon.colcon_core.verb:set package 'test_control' build argument 'catkin_skip_building_tests' from command line to 'False'
[0.095s] DEBUG:colcon.colcon_core.verb:Building package 'test_control' with the following arguments: {'ament_cmake_args': None, 'build_base': '/home/zhang/self_project/arm_study_ws/build/test_control', 'catkin_cmake_args': None, 'catkin_skip_building_tests': False, 'cmake_args': None, 'cmake_clean_cache': False, 'cmake_clean_first': False, 'cmake_force_configure': False, 'cmake_target': None, 'cmake_target_skip_unavailable': False, 'install_base': '/home/zhang/self_project/arm_study_ws/install/test_control', 'merge_install': False, 'path': '/home/zhang/self_project/arm_study_ws/src/test_control', 'symlink_install': False, 'test_result_base': None}
[0.095s] INFO:colcon.colcon_core.executor:Executing jobs using 'parallel' executor
[0.096s] DEBUG:colcon.colcon_parallel_executor.executor.parallel:run_until_complete
[0.096s] INFO:colcon.colcon_ros.task.ament_cmake.build:Building ROS package in '/home/zhang/self_project/arm_study_ws/src/robot_msgs' with build type 'ament_cmake'
[0.096s] INFO:colcon.colcon_cmake.task.cmake.build:Building CMake package in '/home/zhang/self_project/arm_study_ws/src/robot_msgs'
[0.097s] INFO:colcon.colcon_core.plugin_system:Skipping extension 'colcon_core.shell.bat': Not used on non-Windows systems
[0.097s] DEBUG:colcon.colcon_core.shell:Skip shell extension 'dsv' for command environment
[0.097s] WARNING:colcon.colcon_ros.prefix_path.ament:The path '/home/zhang/self_project/arm_study_ws/install/test_control' in the environment variable AMENT_PREFIX_PATH doesn't exist
[0.097s] WARNING:colcon.colcon_ros.prefix_path.ament:The path '/home/zhang/self_project/arm_study_ws/install/robot_motion' in the environment variable AMENT_PREFIX_PATH doesn't exist
[0.097s] WARNING:colcon.colcon_ros.prefix_path.ament:The path '/home/zhang/self_project/arm_study_ws/install/robot_msgs' in the environment variable AMENT_PREFIX_PATH doesn't exist
[0.097s] WARNING:colcon.colcon_ros.prefix_path.ament:The path '/home/zhang/self_project/arm_study_ws/install/rebot_description' in the environment variable AMENT_PREFIX_PATH doesn't exist
[0.097s] WARNING:colcon.colcon_ros.prefix_path.catkin:The path '/home/zhang/self_project/arm_study_ws/install/test_control' in the environment variable CMAKE_PREFIX_PATH doesn't exist
[0.097s] WARNING:colcon.colcon_ros.prefix_path.catkin:The path '/home/zhang/self_project/arm_study_ws/install/robot_motion' in the environment variable CMAKE_PREFIX_PATH doesn't exist
[0.097s] WARNING:colcon.colcon_ros.prefix_path.catkin:The path '/home/zhang/self_project/arm_study_ws/install/robot_msgs' in the environment variable CMAKE_PREFIX_PATH doesn't exist
[0.097s] WARNING:colcon.colcon_ros.prefix_path.catkin:The path '/home/zhang/self_project/arm_study_ws/install/rebot_description' in the environment variable CMAKE_PREFIX_PATH doesn't exist
[0.100s] INFO:colcon.colcon_ros.task.ament_cmake.build:Building ROS package in '/home/zhang/self_project/arm_study_ws/src/rebot_description' with build type 'ament_cmake'
[0.100s] INFO:colcon.colcon_cmake.task.cmake.build:Building CMake package in '/home/zhang/self_project/arm_study_ws/src/rebot_description'
[0.100s] DEBUG:colcon.colcon_core.shell:Skip shell extension 'dsv' for command environment
[0.102s] DEBUG:colcon.colcon_core.event_handler.log_command:Invoking command in '/home/zhang/self_project/arm_study_ws/build/robot_msgs': CMAKE_PREFIX_PATH=${CMAKE_PREFIX_PATH}:/opt/ros/jazzy DEBUGINFOD_URLS=https://debuginfod.ubuntu.com /usr/bin/cmake /home/zhang/self_project/arm_study_ws/src/robot_msgs -DCMAKE_INSTALL_PREFIX=/home/zhang/self_project/arm_study_ws/install/robot_msgs
[0.108s] DEBUG:colcon.colcon_core.event_handler.log_command:Invoking command in '/home/zhang/self_project/arm_study_ws/build/rebot_description': CMAKE_PREFIX_PATH=${CMAKE_PREFIX_PATH}:/opt/ros/jazzy DEBUGINFOD_URLS=https://debuginfod.ubuntu.com /usr/bin/cmake /home/zhang/self_project/arm_study_ws/src/rebot_description -DCMAKE_INSTALL_PREFIX=/home/zhang/self_project/arm_study_ws/install/rebot_description
[0.622s] DEBUG:colcon.colcon_core.event_handler.log_command:Invoked command in '/home/zhang/self_project/arm_study_ws/build/rebot_description' returned '0': CMAKE_PREFIX_PATH=${CMAKE_PREFIX_PATH}:/opt/ros/jazzy DEBUGINFOD_URLS=https://debuginfod.ubuntu.com /usr/bin/cmake /home/zhang/self_project/arm_study_ws/src/rebot_description -DCMAKE_INSTALL_PREFIX=/home/zhang/self_project/arm_study_ws/install/rebot_description
[0.626s] DEBUG:colcon.colcon_core.event_handler.log_command:Invoking command in '/home/zhang/self_project/arm_study_ws/build/rebot_description': CMAKE_PREFIX_PATH=${CMAKE_PREFIX_PATH}:/opt/ros/jazzy DEBUGINFOD_URLS=https://debuginfod.ubuntu.com /usr/bin/cmake --build /home/zhang/self_project/arm_study_ws/build/rebot_description -- -j20 -l20
[0.649s] DEBUG:colcon.colcon_core.event_handler.log_command:Invoked command in '/home/zhang/self_project/arm_study_ws/build/rebot_description' returned '0': CMAKE_PREFIX_PATH=${CMAKE_PREFIX_PATH}:/opt/ros/jazzy DEBUGINFOD_URLS=https://debuginfod.ubuntu.com /usr/bin/cmake --build /home/zhang/self_project/arm_study_ws/build/rebot_description -- -j20 -l20
[0.655s] DEBUG:colcon.colcon_core.event_handler.log_command:Invoking command in '/home/zhang/self_project/arm_study_ws/build/rebot_description': CMAKE_PREFIX_PATH=${CMAKE_PREFIX_PATH}:/opt/ros/jazzy DEBUGINFOD_URLS=https://debuginfod.ubuntu.com /usr/bin/cmake --install /home/zhang/self_project/arm_study_ws/build/rebot_description
[0.718s] Level 1:colcon.colcon_core.environment:create_environment_scripts_only(rebot_description)
[0.718s] DEBUG:colcon.colcon_core.event_handler.log_command:Invoked command in '/home/zhang/self_project/arm_study_ws/build/rebot_description' returned '0': CMAKE_PREFIX_PATH=${CMAKE_PREFIX_PATH}:/opt/ros/jazzy DEBUGINFOD_URLS=https://debuginfod.ubuntu.com /usr/bin/cmake --install /home/zhang/self_project/arm_study_ws/build/rebot_description
[0.719s] Level 1:colcon.colcon_core.environment:checking '/home/zhang/self_project/arm_study_ws/install/rebot_description' for CMake module files
[0.719s] Level 1:colcon.colcon_core.environment:checking '/home/zhang/self_project/arm_study_ws/install/rebot_description' for CMake config files
[0.719s] Level 1:colcon.colcon_core.shell:create_environment_hook('rebot_description', 'cmake_prefix_path')
[0.719s] INFO:colcon.colcon_core.shell:Creating environment descriptor '/home/zhang/self_project/arm_study_ws/install/rebot_description/share/rebot_description/hook/cmake_prefix_path.dsv'
[0.719s] INFO:colcon.colcon_core.shell:Creating environment hook '/home/zhang/self_project/arm_study_ws/install/rebot_description/share/rebot_description/hook/cmake_prefix_path.sh'
[0.720s] Level 1:colcon.colcon_core.environment:checking '/home/zhang/self_project/arm_study_ws/install/rebot_description/lib'
[0.720s] Level 1:colcon.colcon_core.environment:checking '/home/zhang/self_project/arm_study_ws/install/rebot_description/bin'
[0.720s] Level 1:colcon.colcon_core.environment:checking '/home/zhang/self_project/arm_study_ws/install/rebot_description/lib/pkgconfig/rebot_description.pc'
[0.721s] Level 1:colcon.colcon_core.environment:checking '/home/zhang/self_project/arm_study_ws/install/rebot_description/lib/python3.12/site-packages'
[0.721s] Level 1:colcon.colcon_core.environment:checking '/home/zhang/self_project/arm_study_ws/install/rebot_description/bin'
[0.721s] INFO:colcon.colcon_core.shell:Creating package descriptor '/home/zhang/self_project/arm_study_ws/install/rebot_description/share/rebot_description/package.dsv'
[0.722s] INFO:colcon.colcon_core.shell:Creating package script '/home/zhang/self_project/arm_study_ws/install/rebot_description/share/rebot_description/package.sh'
[0.722s] INFO:colcon.colcon_core.shell:Creating package script '/home/zhang/self_project/arm_study_ws/install/rebot_description/share/rebot_description/package.bash'
[0.722s] INFO:colcon.colcon_core.shell:Creating package script '/home/zhang/self_project/arm_study_ws/install/rebot_description/share/rebot_description/package.zsh'
[0.722s] Level 1:colcon.colcon_core.environment:create_file_with_runtime_dependencies(/home/zhang/self_project/arm_study_ws/install/rebot_description/share/colcon-core/packages/rebot_description)
[0.723s] Level 1:colcon.colcon_core.environment:create_environment_scripts_only(rebot_description)
[0.723s] Level 1:colcon.colcon_core.environment:checking '/home/zhang/self_project/arm_study_ws/install/rebot_description' for CMake module files
[0.723s] Level 1:colcon.colcon_core.environment:checking '/home/zhang/self_project/arm_study_ws/install/rebot_description' for CMake config files
[0.723s] Level 1:colcon.colcon_core.shell:create_environment_hook('rebot_description', 'cmake_prefix_path')
[0.723s] INFO:colcon.colcon_core.shell:Creating environment descriptor '/home/zhang/self_project/arm_study_ws/install/rebot_description/share/rebot_description/hook/cmake_prefix_path.dsv'
[0.723s] INFO:colcon.colcon_core.shell:Creating environment hook '/home/zhang/self_project/arm_study_ws/install/rebot_description/share/rebot_description/hook/cmake_prefix_path.sh'
[0.723s] Level 1:colcon.colcon_core.environment:checking '/home/zhang/self_project/arm_study_ws/install/rebot_description/lib'
[0.723s] Level 1:colcon.colcon_core.environment:checking '/home/zhang/self_project/arm_study_ws/install/rebot_description/bin'
[0.723s] Level 1:colcon.colcon_core.environment:checking '/home/zhang/self_project/arm_study_ws/install/rebot_description/lib/pkgconfig/rebot_description.pc'
[0.724s] Level 1:colcon.colcon_core.environment:checking '/home/zhang/self_project/arm_study_ws/install/rebot_description/lib/python3.12/site-packages'
[0.724s] Level 1:colcon.colcon_core.environment:checking '/home/zhang/self_project/arm_study_ws/install/rebot_description/bin'
[0.724s] INFO:colcon.colcon_core.shell:Creating package descriptor '/home/zhang/self_project/arm_study_ws/install/rebot_description/share/rebot_description/package.dsv'
[0.724s] INFO:colcon.colcon_core.shell:Creating package script '/home/zhang/self_project/arm_study_ws/install/rebot_description/share/rebot_description/package.sh'
[0.724s] INFO:colcon.colcon_core.shell:Creating package script '/home/zhang/self_project/arm_study_ws/install/rebot_description/share/rebot_description/package.bash'
[0.724s] INFO:colcon.colcon_core.shell:Creating package script '/home/zhang/self_project/arm_study_ws/install/rebot_description/share/rebot_description/package.zsh'
[0.724s] Level 1:colcon.colcon_core.environment:create_file_with_runtime_dependencies(/home/zhang/self_project/arm_study_ws/install/rebot_description/share/colcon-core/packages/rebot_description)
[2.203s] DEBUG:colcon.colcon_core.event_handler.log_command:Invoked command in '/home/zhang/self_project/arm_study_ws/build/robot_msgs' returned '0': CMAKE_PREFIX_PATH=${CMAKE_PREFIX_PATH}:/opt/ros/jazzy DEBUGINFOD_URLS=https://debuginfod.ubuntu.com /usr/bin/cmake /home/zhang/self_project/arm_study_ws/src/robot_msgs -DCMAKE_INSTALL_PREFIX=/home/zhang/self_project/arm_study_ws/install/robot_msgs
[2.203s] DEBUG:colcon.colcon_core.event_handler.log_command:Invoking command in '/home/zhang/self_project/arm_study_ws/build/robot_msgs': CMAKE_PREFIX_PATH=${CMAKE_PREFIX_PATH}:/opt/ros/jazzy DEBUGINFOD_URLS=https://debuginfod.ubuntu.com /usr/bin/cmake --build /home/zhang/self_project/arm_study_ws/build/robot_msgs -- -j20 -l20
[3.404s] DEBUG:colcon.colcon_core.event_handler.log_command:Invoked command in '/home/zhang/self_project/arm_study_ws/build/robot_msgs' returned '0': CMAKE_PREFIX_PATH=${CMAKE_PREFIX_PATH}:/opt/ros/jazzy DEBUGINFOD_URLS=https://debuginfod.ubuntu.com /usr/bin/cmake --build /home/zhang/self_project/arm_study_ws/build/robot_msgs -- -j20 -l20
[3.405s] DEBUG:colcon.colcon_core.event_handler.log_command:Invoking command in '/home/zhang/self_project/arm_study_ws/build/robot_msgs': CMAKE_PREFIX_PATH=${CMAKE_PREFIX_PATH}:/opt/ros/jazzy DEBUGINFOD_URLS=https://debuginfod.ubuntu.com /usr/bin/cmake --install /home/zhang/self_project/arm_study_ws/build/robot_msgs
[3.451s] Level 1:colcon.colcon_core.environment:create_environment_scripts_only(robot_msgs)
[3.451s] Level 1:colcon.colcon_core.environment:checking '/home/zhang/self_project/arm_study_ws/install/robot_msgs' for CMake module files
[3.451s] DEBUG:colcon.colcon_core.event_handler.log_command:Invoked command in '/home/zhang/self_project/arm_study_ws/build/robot_msgs' returned '0': CMAKE_PREFIX_PATH=${CMAKE_PREFIX_PATH}:/opt/ros/jazzy DEBUGINFOD_URLS=https://debuginfod.ubuntu.com /usr/bin/cmake --install /home/zhang/self_project/arm_study_ws/build/robot_msgs
[3.452s] Level 1:colcon.colcon_core.environment:checking '/home/zhang/self_project/arm_study_ws/install/robot_msgs' for CMake config files
[3.452s] Level 1:colcon.colcon_core.shell:create_environment_hook('robot_msgs', 'cmake_prefix_path')
[3.452s] INFO:colcon.colcon_core.shell:Creating environment descriptor '/home/zhang/self_project/arm_study_ws/install/robot_msgs/share/robot_msgs/hook/cmake_prefix_path.dsv'
[3.452s] INFO:colcon.colcon_core.shell:Creating environment hook '/home/zhang/self_project/arm_study_ws/install/robot_msgs/share/robot_msgs/hook/cmake_prefix_path.sh'
[3.452s] Level 1:colcon.colcon_core.environment:checking '/home/zhang/self_project/arm_study_ws/install/robot_msgs/lib'
[3.452s] Level 1:colcon.colcon_core.shell:create_environment_hook('robot_msgs', 'ld_library_path_lib')
[3.452s] INFO:colcon.colcon_core.shell:Creating environment descriptor '/home/zhang/self_project/arm_study_ws/install/robot_msgs/share/robot_msgs/hook/ld_library_path_lib.dsv'
[3.453s] INFO:colcon.colcon_core.shell:Creating environment hook '/home/zhang/self_project/arm_study_ws/install/robot_msgs/share/robot_msgs/hook/ld_library_path_lib.sh'
[3.453s] Level 1:colcon.colcon_core.environment:checking '/home/zhang/self_project/arm_study_ws/install/robot_msgs/bin'
[3.453s] Level 1:colcon.colcon_core.environment:checking '/home/zhang/self_project/arm_study_ws/install/robot_msgs/lib/pkgconfig/robot_msgs.pc'
[3.453s] Level 1:colcon.colcon_core.environment:checking '/home/zhang/self_project/arm_study_ws/install/robot_msgs/lib/python3.12/site-packages'
[3.453s] Level 1:colcon.colcon_core.shell:create_environment_hook('robot_msgs', 'pythonpath')
[3.453s] INFO:colcon.colcon_core.shell:Creating environment descriptor '/home/zhang/self_project/arm_study_ws/install/robot_msgs/share/robot_msgs/hook/pythonpath.dsv'
[3.453s] INFO:colcon.colcon_core.shell:Creating environment hook '/home/zhang/self_project/arm_study_ws/install/robot_msgs/share/robot_msgs/hook/pythonpath.sh'
[3.453s] Level 1:colcon.colcon_core.environment:checking '/home/zhang/self_project/arm_study_ws/install/robot_msgs/bin'
[3.453s] INFO:colcon.colcon_core.shell:Creating package descriptor '/home/zhang/self_project/arm_study_ws/install/robot_msgs/share/robot_msgs/package.dsv'
[3.454s] INFO:colcon.colcon_core.shell:Creating package script '/home/zhang/self_project/arm_study_ws/install/robot_msgs/share/robot_msgs/package.sh'
[3.454s] INFO:colcon.colcon_core.shell:Creating package script '/home/zhang/self_project/arm_study_ws/install/robot_msgs/share/robot_msgs/package.bash'
[3.454s] INFO:colcon.colcon_core.shell:Creating package script '/home/zhang/self_project/arm_study_ws/install/robot_msgs/share/robot_msgs/package.zsh'
[3.454s] Level 1:colcon.colcon_core.environment:create_file_with_runtime_dependencies(/home/zhang/self_project/arm_study_ws/install/robot_msgs/share/colcon-core/packages/robot_msgs)
[3.454s] Level 1:colcon.colcon_core.environment:create_environment_scripts_only(robot_msgs)
[3.454s] Level 1:colcon.colcon_core.environment:checking '/home/zhang/self_project/arm_study_ws/install/robot_msgs' for CMake module files
[3.454s] Level 1:colcon.colcon_core.environment:checking '/home/zhang/self_project/arm_study_ws/install/robot_msgs' for CMake config files
[3.455s] Level 1:colcon.colcon_core.shell:create_environment_hook('robot_msgs', 'cmake_prefix_path')
[3.455s] INFO:colcon.colcon_core.shell:Creating environment descriptor '/home/zhang/self_project/arm_study_ws/install/robot_msgs/share/robot_msgs/hook/cmake_prefix_path.dsv'
[3.455s] INFO:colcon.colcon_core.shell:Creating environment hook '/home/zhang/self_project/arm_study_ws/install/robot_msgs/share/robot_msgs/hook/cmake_prefix_path.sh'
[3.455s] Level 1:colcon.colcon_core.environment:checking '/home/zhang/self_project/arm_study_ws/install/robot_msgs/lib'
[3.455s] Level 1:colcon.colcon_core.shell:create_environment_hook('robot_msgs', 'ld_library_path_lib')
[3.455s] INFO:colcon.colcon_core.shell:Creating environment descriptor '/home/zhang/self_project/arm_study_ws/install/robot_msgs/share/robot_msgs/hook/ld_library_path_lib.dsv'
[3.455s] INFO:colcon.colcon_core.shell:Creating environment hook '/home/zhang/self_project/arm_study_ws/install/robot_msgs/share/robot_msgs/hook/ld_library_path_lib.sh'
[3.455s] Level 1:colcon.colcon_core.environment:checking '/home/zhang/self_project/arm_study_ws/install/robot_msgs/bin'
[3.455s] Level 1:colcon.colcon_core.environment:checking '/home/zhang/self_project/arm_study_ws/install/robot_msgs/lib/pkgconfig/robot_msgs.pc'
[3.455s] Level 1:colcon.colcon_core.environment:checking '/home/zhang/self_project/arm_study_ws/install/robot_msgs/lib/python3.12/site-packages'
[3.455s] Level 1:colcon.colcon_core.shell:create_environment_hook('robot_msgs', 'pythonpath')
[3.456s] INFO:colcon.colcon_core.shell:Creating environment descriptor '/home/zhang/self_project/arm_study_ws/install/robot_msgs/share/robot_msgs/hook/pythonpath.dsv'
[3.456s] INFO:colcon.colcon_core.shell:Creating environment hook '/home/zhang/self_project/arm_study_ws/install/robot_msgs/share/robot_msgs/hook/pythonpath.sh'
[3.456s] Level 1:colcon.colcon_core.environment:checking '/home/zhang/self_project/arm_study_ws/install/robot_msgs/bin'
[3.456s] INFO:colcon.colcon_core.shell:Creating package descriptor '/home/zhang/self_project/arm_study_ws/install/robot_msgs/share/robot_msgs/package.dsv'
[3.456s] INFO:colcon.colcon_core.shell:Creating package script '/home/zhang/self_project/arm_study_ws/install/robot_msgs/share/robot_msgs/package.sh'
[3.456s] INFO:colcon.colcon_core.shell:Creating package script '/home/zhang/self_project/arm_study_ws/install/robot_msgs/share/robot_msgs/package.bash'
[3.456s] INFO:colcon.colcon_core.shell:Creating package script '/home/zhang/self_project/arm_study_ws/install/robot_msgs/share/robot_msgs/package.zsh'
[3.457s] Level 1:colcon.colcon_core.environment:create_file_with_runtime_dependencies(/home/zhang/self_project/arm_study_ws/install/robot_msgs/share/colcon-core/packages/robot_msgs)
[3.457s] INFO:colcon.colcon_ros.task.ament_cmake.build:Building ROS package in '/home/zhang/self_project/arm_study_ws/src/robot_motion' with build type 'ament_cmake'
[3.457s] INFO:colcon.colcon_cmake.task.cmake.build:Building CMake package in '/home/zhang/self_project/arm_study_ws/src/robot_motion'
[3.457s] DEBUG:colcon.colcon_core.shell:Skip shell extension 'dsv' for command environment
[3.471s] DEBUG:colcon.colcon_core.event_handler.log_command:Invoking command in '/home/zhang/self_project/arm_study_ws/build/robot_motion': CMAKE_PREFIX_PATH=/home/zhang/self_project/arm_study_ws/install/robot_msgs:/home/zhang/self_project/arm_study_ws/install/test_control:/home/zhang/self_project/arm_study_ws/install/robot_motion:/home/zhang/self_project/arm_study_ws/install/rebot_description:/opt/ros/jazzy/opt/gz_sim_vendor:/opt/ros/jazzy/opt/gz_sensors_vendor:/opt/ros/jazzy/opt/gz_physics_vendor:/opt/ros/jazzy/opt/sdformat_vendor:/opt/ros/jazzy/opt/gz_gui_vendor:/opt/ros/jazzy/opt/gz_transport_vendor:/opt/ros/jazzy/opt/gz_rendering_vendor:/opt/ros/jazzy/opt/gz_plugin_vendor:/opt/ros/jazzy/opt/gz_fuel_tools_vendor:/opt/ros/jazzy/opt/gz_msgs_vendor:/opt/ros/jazzy/opt/gz_common_vendor:/opt/ros/jazzy/opt/gz_math_vendor:/opt/ros/jazzy/opt/gz_utils_vendor:/opt/ros/jazzy/opt/gz_tools_vendor:/opt/ros/jazzy/opt/gz_ogre_next_vendor:/opt/ros/jazzy/opt/gz_dartsim_vendor:/opt/ros/jazzy/opt/gz_cmake_vendor:/opt/ros/jazzy DEBUGINFOD_URLS=https://debuginfod.ubuntu.com LD_LIBRARY_PATH=/home/zhang/self_project/arm_study_ws/install/robot_msgs/lib:/home/zhang/self_project/arm_study_ws/install/robot_motion/lib:/opt/ros/jazzy/opt/gz_sim_vendor/lib:/opt/ros/jazzy/opt/gz_sensors_vendor/lib:/opt/ros/jazzy/opt/gz_physics_vendor/lib:/opt/ros/jazzy/opt/sdformat_vendor/lib:/opt/ros/jazzy/opt/rviz_ogre_vendor/lib:/opt/ros/jazzy/lib/x86_64-linux-gnu:/opt/ros/jazzy/opt/gz_gui_vendor/lib:/opt/ros/jazzy/opt/gz_transport_vendor/lib:/opt/ros/jazzy/opt/gz_rendering_vendor/lib:/opt/ros/jazzy/opt/gz_plugin_vendor/lib:/opt/ros/jazzy/opt/gz_fuel_tools_vendor/lib:/opt/ros/jazzy/opt/gz_msgs_vendor/lib:/opt/ros/jazzy/opt/gz_common_vendor/lib:/opt/ros/jazzy/opt/gz_math_vendor/lib:/opt/ros/jazzy/opt/gz_utils_vendor/lib:/opt/ros/jazzy/opt/gz_tools_vendor/lib:/opt/ros/jazzy/opt/gz_ogre_next_vendor/lib:/opt/ros/jazzy/opt/gz_dartsim_vendor/lib:/opt/ros/jazzy/opt/gz_cmake_vendor/lib:/opt/ros/jazzy/lib:/usr/local/cuda-12.8/lib64 /usr/bin/cmake /home/zhang/self_project/arm_study_ws/src/robot_motion -DCMAKE_INSTALL_PREFIX=/home/zhang/self_project/arm_study_ws/install/robot_motion
[5.186s] DEBUG:colcon.colcon_core.event_handler.log_command:Invoked command in '/home/zhang/self_project/arm_study_ws/build/robot_motion' returned '0': CMAKE_PREFIX_PATH=/home/zhang/self_project/arm_study_ws/install/robot_msgs:/home/zhang/self_project/arm_study_ws/install/test_control:/home/zhang/self_project/arm_study_ws/install/robot_motion:/home/zhang/self_project/arm_study_ws/install/rebot_description:/opt/ros/jazzy/opt/gz_sim_vendor:/opt/ros/jazzy/opt/gz_sensors_vendor:/opt/ros/jazzy/opt/gz_physics_vendor:/opt/ros/jazzy/opt/sdformat_vendor:/opt/ros/jazzy/opt/gz_gui_vendor:/opt/ros/jazzy/opt/gz_transport_vendor:/opt/ros/jazzy/opt/gz_rendering_vendor:/opt/ros/jazzy/opt/gz_plugin_vendor:/opt/ros/jazzy/opt/gz_fuel_tools_vendor:/opt/ros/jazzy/opt/gz_msgs_vendor:/opt/ros/jazzy/opt/gz_common_vendor:/opt/ros/jazzy/opt/gz_math_vendor:/opt/ros/jazzy/opt/gz_utils_vendor:/opt/ros/jazzy/opt/gz_tools_vendor:/opt/ros/jazzy/opt/gz_ogre_next_vendor:/opt/ros/jazzy/opt/gz_dartsim_vendor:/opt/ros/jazzy/opt/gz_cmake_vendor:/opt/ros/jazzy DEBUGINFOD_URLS=https://debuginfod.ubuntu.com LD_LIBRARY_PATH=/home/zhang/self_project/arm_study_ws/install/robot_msgs/lib:/home/zhang/self_project/arm_study_ws/install/robot_motion/lib:/opt/ros/jazzy/opt/gz_sim_vendor/lib:/opt/ros/jazzy/opt/gz_sensors_vendor/lib:/opt/ros/jazzy/opt/gz_physics_vendor/lib:/opt/ros/jazzy/opt/sdformat_vendor/lib:/opt/ros/jazzy/opt/rviz_ogre_vendor/lib:/opt/ros/jazzy/lib/x86_64-linux-gnu:/opt/ros/jazzy/opt/gz_gui_vendor/lib:/opt/ros/jazzy/opt/gz_transport_vendor/lib:/opt/ros/jazzy/opt/gz_rendering_vendor/lib:/opt/ros/jazzy/opt/gz_plugin_vendor/lib:/opt/ros/jazzy/opt/gz_fuel_tools_vendor/lib:/opt/ros/jazzy/opt/gz_msgs_vendor/lib:/opt/ros/jazzy/opt/gz_common_vendor/lib:/opt/ros/jazzy/opt/gz_math_vendor/lib:/opt/ros/jazzy/opt/gz_utils_vendor/lib:/opt/ros/jazzy/opt/gz_tools_vendor/lib:/opt/ros/jazzy/opt/gz_ogre_next_vendor/lib:/opt/ros/jazzy/opt/gz_dartsim_vendor/lib:/opt/ros/jazzy/opt/gz_cmake_vendor/lib:/opt/ros/jazzy/lib:/usr/local/cuda-12.8/lib64 /usr/bin/cmake /home/zhang/self_project/arm_study_ws/src/robot_motion -DCMAKE_INSTALL_PREFIX=/home/zhang/self_project/arm_study_ws/install/robot_motion
[5.187s] DEBUG:colcon.colcon_core.event_handler.log_command:Invoking command in '/home/zhang/self_project/arm_study_ws/build/robot_motion': CMAKE_PREFIX_PATH=/home/zhang/self_project/arm_study_ws/install/robot_msgs:/home/zhang/self_project/arm_study_ws/install/test_control:/home/zhang/self_project/arm_study_ws/install/robot_motion:/home/zhang/self_project/arm_study_ws/install/rebot_description:/opt/ros/jazzy/opt/gz_sim_vendor:/opt/ros/jazzy/opt/gz_sensors_vendor:/opt/ros/jazzy/opt/gz_physics_vendor:/opt/ros/jazzy/opt/sdformat_vendor:/opt/ros/jazzy/opt/gz_gui_vendor:/opt/ros/jazzy/opt/gz_transport_vendor:/opt/ros/jazzy/opt/gz_rendering_vendor:/opt/ros/jazzy/opt/gz_plugin_vendor:/opt/ros/jazzy/opt/gz_fuel_tools_vendor:/opt/ros/jazzy/opt/gz_msgs_vendor:/opt/ros/jazzy/opt/gz_common_vendor:/opt/ros/jazzy/opt/gz_math_vendor:/opt/ros/jazzy/opt/gz_utils_vendor:/opt/ros/jazzy/opt/gz_tools_vendor:/opt/ros/jazzy/opt/gz_ogre_next_vendor:/opt/ros/jazzy/opt/gz_dartsim_vendor:/opt/ros/jazzy/opt/gz_cmake_vendor:/opt/ros/jazzy DEBUGINFOD_URLS=https://debuginfod.ubuntu.com LD_LIBRARY_PATH=/home/zhang/self_project/arm_study_ws/install/robot_msgs/lib:/home/zhang/self_project/arm_study_ws/install/robot_motion/lib:/opt/ros/jazzy/opt/gz_sim_vendor/lib:/opt/ros/jazzy/opt/gz_sensors_vendor/lib:/opt/ros/jazzy/opt/gz_physics_vendor/lib:/opt/ros/jazzy/opt/sdformat_vendor/lib:/opt/ros/jazzy/opt/rviz_ogre_vendor/lib:/opt/ros/jazzy/lib/x86_64-linux-gnu:/opt/ros/jazzy/opt/gz_gui_vendor/lib:/opt/ros/jazzy/opt/gz_transport_vendor/lib:/opt/ros/jazzy/opt/gz_rendering_vendor/lib:/opt/ros/jazzy/opt/gz_plugin_vendor/lib:/opt/ros/jazzy/opt/gz_fuel_tools_vendor/lib:/opt/ros/jazzy/opt/gz_msgs_vendor/lib:/opt/ros/jazzy/opt/gz_common_vendor/lib:/opt/ros/jazzy/opt/gz_math_vendor/lib:/opt/ros/jazzy/opt/gz_utils_vendor/lib:/opt/ros/jazzy/opt/gz_tools_vendor/lib:/opt/ros/jazzy/opt/gz_ogre_next_vendor/lib:/opt/ros/jazzy/opt/gz_dartsim_vendor/lib:/opt/ros/jazzy/opt/gz_cmake_vendor/lib:/opt/ros/jazzy/lib:/usr/local/cuda-12.8/lib64 /usr/bin/cmake --build /home/zhang/self_project/arm_study_ws/build/robot_motion -- -j20 -l20
[25.687s] DEBUG:colcon.colcon_core.event_handler.log_command:Invoked command in '/home/zhang/self_project/arm_study_ws/build/robot_motion' returned '0': CMAKE_PREFIX_PATH=/home/zhang/self_project/arm_study_ws/install/robot_msgs:/home/zhang/self_project/arm_study_ws/install/test_control:/home/zhang/self_project/arm_study_ws/install/robot_motion:/home/zhang/self_project/arm_study_ws/install/rebot_description:/opt/ros/jazzy/opt/gz_sim_vendor:/opt/ros/jazzy/opt/gz_sensors_vendor:/opt/ros/jazzy/opt/gz_physics_vendor:/opt/ros/jazzy/opt/sdformat_vendor:/opt/ros/jazzy/opt/gz_gui_vendor:/opt/ros/jazzy/opt/gz_transport_vendor:/opt/ros/jazzy/opt/gz_rendering_vendor:/opt/ros/jazzy/opt/gz_plugin_vendor:/opt/ros/jazzy/opt/gz_fuel_tools_vendor:/opt/ros/jazzy/opt/gz_msgs_vendor:/opt/ros/jazzy/opt/gz_common_vendor:/opt/ros/jazzy/opt/gz_math_vendor:/opt/ros/jazzy/opt/gz_utils_vendor:/opt/ros/jazzy/opt/gz_tools_vendor:/opt/ros/jazzy/opt/gz_ogre_next_vendor:/opt/ros/jazzy/opt/gz_dartsim_vendor:/opt/ros/jazzy/opt/gz_cmake_vendor:/opt/ros/jazzy DEBUGINFOD_URLS=https://debuginfod.ubuntu.com LD_LIBRARY_PATH=/home/zhang/self_project/arm_study_ws/install/robot_msgs/lib:/home/zhang/self_project/arm_study_ws/install/robot_motion/lib:/opt/ros/jazzy/opt/gz_sim_vendor/lib:/opt/ros/jazzy/opt/gz_sensors_vendor/lib:/opt/ros/jazzy/opt/gz_physics_vendor/lib:/opt/ros/jazzy/opt/sdformat_vendor/lib:/opt/ros/jazzy/opt/rviz_ogre_vendor/lib:/opt/ros/jazzy/lib/x86_64-linux-gnu:/opt/ros/jazzy/opt/gz_gui_vendor/lib:/opt/ros/jazzy/opt/gz_transport_vendor/lib:/opt/ros/jazzy/opt/gz_rendering_vendor/lib:/opt/ros/jazzy/opt/gz_plugin_vendor/lib:/opt/ros/jazzy/opt/gz_fuel_tools_vendor/lib:/opt/ros/jazzy/opt/gz_msgs_vendor/lib:/opt/ros/jazzy/opt/gz_common_vendor/lib:/opt/ros/jazzy/opt/gz_math_vendor/lib:/opt/ros/jazzy/opt/gz_utils_vendor/lib:/opt/ros/jazzy/opt/gz_tools_vendor/lib:/opt/ros/jazzy/opt/gz_ogre_next_vendor/lib:/opt/ros/jazzy/opt/gz_dartsim_vendor/lib:/opt/ros/jazzy/opt/gz_cmake_vendor/lib:/opt/ros/jazzy/lib:/usr/local/cuda-12.8/lib64 /usr/bin/cmake --build /home/zhang/self_project/arm_study_ws/build/robot_motion -- -j20 -l20
[25.688s] DEBUG:colcon.colcon_core.event_handler.log_command:Invoking command in '/home/zhang/self_project/arm_study_ws/build/robot_motion': CMAKE_PREFIX_PATH=/home/zhang/self_project/arm_study_ws/install/robot_msgs:/home/zhang/self_project/arm_study_ws/install/test_control:/home/zhang/self_project/arm_study_ws/install/robot_motion:/home/zhang/self_project/arm_study_ws/install/rebot_description:/opt/ros/jazzy/opt/gz_sim_vendor:/opt/ros/jazzy/opt/gz_sensors_vendor:/opt/ros/jazzy/opt/gz_physics_vendor:/opt/ros/jazzy/opt/sdformat_vendor:/opt/ros/jazzy/opt/gz_gui_vendor:/opt/ros/jazzy/opt/gz_transport_vendor:/opt/ros/jazzy/opt/gz_rendering_vendor:/opt/ros/jazzy/opt/gz_plugin_vendor:/opt/ros/jazzy/opt/gz_fuel_tools_vendor:/opt/ros/jazzy/opt/gz_msgs_vendor:/opt/ros/jazzy/opt/gz_common_vendor:/opt/ros/jazzy/opt/gz_math_vendor:/opt/ros/jazzy/opt/gz_utils_vendor:/opt/ros/jazzy/opt/gz_tools_vendor:/opt/ros/jazzy/opt/gz_ogre_next_vendor:/opt/ros/jazzy/opt/gz_dartsim_vendor:/opt/ros/jazzy/opt/gz_cmake_vendor:/opt/ros/jazzy DEBUGINFOD_URLS=https://debuginfod.ubuntu.com LD_LIBRARY_PATH=/home/zhang/self_project/arm_study_ws/install/robot_msgs/lib:/home/zhang/self_project/arm_study_ws/install/robot_motion/lib:/opt/ros/jazzy/opt/gz_sim_vendor/lib:/opt/ros/jazzy/opt/gz_sensors_vendor/lib:/opt/ros/jazzy/opt/gz_physics_vendor/lib:/opt/ros/jazzy/opt/sdformat_vendor/lib:/opt/ros/jazzy/opt/rviz_ogre_vendor/lib:/opt/ros/jazzy/lib/x86_64-linux-gnu:/opt/ros/jazzy/opt/gz_gui_vendor/lib:/opt/ros/jazzy/opt/gz_transport_vendor/lib:/opt/ros/jazzy/opt/gz_rendering_vendor/lib:/opt/ros/jazzy/opt/gz_plugin_vendor/lib:/opt/ros/jazzy/opt/gz_fuel_tools_vendor/lib:/opt/ros/jazzy/opt/gz_msgs_vendor/lib:/opt/ros/jazzy/opt/gz_common_vendor/lib:/opt/ros/jazzy/opt/gz_math_vendor/lib:/opt/ros/jazzy/opt/gz_utils_vendor/lib:/opt/ros/jazzy/opt/gz_tools_vendor/lib:/opt/ros/jazzy/opt/gz_ogre_next_vendor/lib:/opt/ros/jazzy/opt/gz_dartsim_vendor/lib:/opt/ros/jazzy/opt/gz_cmake_vendor/lib:/opt/ros/jazzy/lib:/usr/local/cuda-12.8/lib64 /usr/bin/cmake --install /home/zhang/self_project/arm_study_ws/build/robot_motion
[25.711s] Level 1:colcon.colcon_core.environment:create_environment_scripts_only(robot_motion)
[25.711s] Level 1:colcon.colcon_core.environment:checking '/home/zhang/self_project/arm_study_ws/install/robot_motion' for CMake module files
[25.711s] DEBUG:colcon.colcon_core.event_handler.log_command:Invoked command in '/home/zhang/self_project/arm_study_ws/build/robot_motion' returned '0': CMAKE_PREFIX_PATH=/home/zhang/self_project/arm_study_ws/install/robot_msgs:/home/zhang/self_project/arm_study_ws/install/test_control:/home/zhang/self_project/arm_study_ws/install/robot_motion:/home/zhang/self_project/arm_study_ws/install/rebot_description:/opt/ros/jazzy/opt/gz_sim_vendor:/opt/ros/jazzy/opt/gz_sensors_vendor:/opt/ros/jazzy/opt/gz_physics_vendor:/opt/ros/jazzy/opt/sdformat_vendor:/opt/ros/jazzy/opt/gz_gui_vendor:/opt/ros/jazzy/opt/gz_transport_vendor:/opt/ros/jazzy/opt/gz_rendering_vendor:/opt/ros/jazzy/opt/gz_plugin_vendor:/opt/ros/jazzy/opt/gz_fuel_tools_vendor:/opt/ros/jazzy/opt/gz_msgs_vendor:/opt/ros/jazzy/opt/gz_common_vendor:/opt/ros/jazzy/opt/gz_math_vendor:/opt/ros/jazzy/opt/gz_utils_vendor:/opt/ros/jazzy/opt/gz_tools_vendor:/opt/ros/jazzy/opt/gz_ogre_next_vendor:/opt/ros/jazzy/opt/gz_dartsim_vendor:/opt/ros/jazzy/opt/gz_cmake_vendor:/opt/ros/jazzy DEBUGINFOD_URLS=https://debuginfod.ubuntu.com LD_LIBRARY_PATH=/home/zhang/self_project/arm_study_ws/install/robot_msgs/lib:/home/zhang/self_project/arm_study_ws/install/robot_motion/lib:/opt/ros/jazzy/opt/gz_sim_vendor/lib:/opt/ros/jazzy/opt/gz_sensors_vendor/lib:/opt/ros/jazzy/opt/gz_physics_vendor/lib:/opt/ros/jazzy/opt/sdformat_vendor/lib:/opt/ros/jazzy/opt/rviz_ogre_vendor/lib:/opt/ros/jazzy/lib/x86_64-linux-gnu:/opt/ros/jazzy/opt/gz_gui_vendor/lib:/opt/ros/jazzy/opt/gz_transport_vendor/lib:/opt/ros/jazzy/opt/gz_rendering_vendor/lib:/opt/ros/jazzy/opt/gz_plugin_vendor/lib:/opt/ros/jazzy/opt/gz_fuel_tools_vendor/lib:/opt/ros/jazzy/opt/gz_msgs_vendor/lib:/opt/ros/jazzy/opt/gz_common_vendor/lib:/opt/ros/jazzy/opt/gz_math_vendor/lib:/opt/ros/jazzy/opt/gz_utils_vendor/lib:/opt/ros/jazzy/opt/gz_tools_vendor/lib:/opt/ros/jazzy/opt/gz_ogre_next_vendor/lib:/opt/ros/jazzy/opt/gz_dartsim_vendor/lib:/opt/ros/jazzy/opt/gz_cmake_vendor/lib:/opt/ros/jazzy/lib:/usr/local/cuda-12.8/lib64 /usr/bin/cmake --install /home/zhang/self_project/arm_study_ws/build/robot_motion
[25.711s] Level 1:colcon.colcon_core.environment:checking '/home/zhang/self_project/arm_study_ws/install/robot_motion' for CMake config files
[25.711s] Level 1:colcon.colcon_core.shell:create_environment_hook('robot_motion', 'cmake_prefix_path')
[25.711s] INFO:colcon.colcon_core.shell:Creating environment descriptor '/home/zhang/self_project/arm_study_ws/install/robot_motion/share/robot_motion/hook/cmake_prefix_path.dsv'
[25.712s] INFO:colcon.colcon_core.shell:Creating environment hook '/home/zhang/self_project/arm_study_ws/install/robot_motion/share/robot_motion/hook/cmake_prefix_path.sh'
[25.712s] Level 1:colcon.colcon_core.environment:checking '/home/zhang/self_project/arm_study_ws/install/robot_motion/lib'
[25.712s] Level 1:colcon.colcon_core.shell:create_environment_hook('robot_motion', 'ld_library_path_lib')
[25.712s] INFO:colcon.colcon_core.shell:Creating environment descriptor '/home/zhang/self_project/arm_study_ws/install/robot_motion/share/robot_motion/hook/ld_library_path_lib.dsv'
[25.712s] INFO:colcon.colcon_core.shell:Creating environment hook '/home/zhang/self_project/arm_study_ws/install/robot_motion/share/robot_motion/hook/ld_library_path_lib.sh'
[25.712s] Level 1:colcon.colcon_core.environment:checking '/home/zhang/self_project/arm_study_ws/install/robot_motion/bin'
[25.712s] Level 1:colcon.colcon_core.environment:checking '/home/zhang/self_project/arm_study_ws/install/robot_motion/lib/pkgconfig/robot_motion.pc'
[25.712s] Level 1:colcon.colcon_core.environment:checking '/home/zhang/self_project/arm_study_ws/install/robot_motion/lib/python3.12/site-packages'
[25.713s] Level 1:colcon.colcon_core.environment:checking '/home/zhang/self_project/arm_study_ws/install/robot_motion/bin'
[25.713s] INFO:colcon.colcon_core.shell:Creating package descriptor '/home/zhang/self_project/arm_study_ws/install/robot_motion/share/robot_motion/package.dsv'
[25.713s] INFO:colcon.colcon_core.shell:Creating package script '/home/zhang/self_project/arm_study_ws/install/robot_motion/share/robot_motion/package.sh'
[25.713s] INFO:colcon.colcon_core.shell:Creating package script '/home/zhang/self_project/arm_study_ws/install/robot_motion/share/robot_motion/package.bash'
[25.713s] INFO:colcon.colcon_core.shell:Creating package script '/home/zhang/self_project/arm_study_ws/install/robot_motion/share/robot_motion/package.zsh'
[25.713s] Level 1:colcon.colcon_core.environment:create_file_with_runtime_dependencies(/home/zhang/self_project/arm_study_ws/install/robot_motion/share/colcon-core/packages/robot_motion)
[25.714s] Level 1:colcon.colcon_core.environment:create_environment_scripts_only(robot_motion)
[25.714s] Level 1:colcon.colcon_core.environment:checking '/home/zhang/self_project/arm_study_ws/install/robot_motion' for CMake module files
[25.714s] Level 1:colcon.colcon_core.environment:checking '/home/zhang/self_project/arm_study_ws/install/robot_motion' for CMake config files
[25.714s] Level 1:colcon.colcon_core.shell:create_environment_hook('robot_motion', 'cmake_prefix_path')
[25.714s] INFO:colcon.colcon_core.shell:Creating environment descriptor '/home/zhang/self_project/arm_study_ws/install/robot_motion/share/robot_motion/hook/cmake_prefix_path.dsv'
[25.714s] INFO:colcon.colcon_core.shell:Creating environment hook '/home/zhang/self_project/arm_study_ws/install/robot_motion/share/robot_motion/hook/cmake_prefix_path.sh'
[25.714s] Level 1:colcon.colcon_core.environment:checking '/home/zhang/self_project/arm_study_ws/install/robot_motion/lib'
[25.714s] Level 1:colcon.colcon_core.shell:create_environment_hook('robot_motion', 'ld_library_path_lib')
[25.714s] INFO:colcon.colcon_core.shell:Creating environment descriptor '/home/zhang/self_project/arm_study_ws/install/robot_motion/share/robot_motion/hook/ld_library_path_lib.dsv'
[25.714s] INFO:colcon.colcon_core.shell:Creating environment hook '/home/zhang/self_project/arm_study_ws/install/robot_motion/share/robot_motion/hook/ld_library_path_lib.sh'
[25.715s] Level 1:colcon.colcon_core.environment:checking '/home/zhang/self_project/arm_study_ws/install/robot_motion/bin'
[25.715s] Level 1:colcon.colcon_core.environment:checking '/home/zhang/self_project/arm_study_ws/install/robot_motion/lib/pkgconfig/robot_motion.pc'
[25.715s] Level 1:colcon.colcon_core.environment:checking '/home/zhang/self_project/arm_study_ws/install/robot_motion/lib/python3.12/site-packages'
[25.715s] Level 1:colcon.colcon_core.environment:checking '/home/zhang/self_project/arm_study_ws/install/robot_motion/bin'
[25.715s] INFO:colcon.colcon_core.shell:Creating package descriptor '/home/zhang/self_project/arm_study_ws/install/robot_motion/share/robot_motion/package.dsv'
[25.715s] INFO:colcon.colcon_core.shell:Creating package script '/home/zhang/self_project/arm_study_ws/install/robot_motion/share/robot_motion/package.sh'
[25.715s] INFO:colcon.colcon_core.shell:Creating package script '/home/zhang/self_project/arm_study_ws/install/robot_motion/share/robot_motion/package.bash'
[25.715s] INFO:colcon.colcon_core.shell:Creating package script '/home/zhang/self_project/arm_study_ws/install/robot_motion/share/robot_motion/package.zsh'
[25.716s] Level 1:colcon.colcon_core.environment:create_file_with_runtime_dependencies(/home/zhang/self_project/arm_study_ws/install/robot_motion/share/colcon-core/packages/robot_motion)
[25.716s] INFO:colcon.colcon_ros.task.ament_cmake.build:Building ROS package in '/home/zhang/self_project/arm_study_ws/src/test_control' with build type 'ament_cmake'
[25.716s] INFO:colcon.colcon_cmake.task.cmake.build:Building CMake package in '/home/zhang/self_project/arm_study_ws/src/test_control'
[25.716s] DEBUG:colcon.colcon_core.shell:Skip shell extension 'dsv' for command environment
[25.722s] DEBUG:colcon.colcon_core.event_handler.log_command:Invoking command in '/home/zhang/self_project/arm_study_ws/build/test_control': CMAKE_PREFIX_PATH=/home/zhang/self_project/arm_study_ws/install/robot_motion:/home/zhang/self_project/arm_study_ws/install/robot_msgs:/home/zhang/self_project/arm_study_ws/install/test_control:/home/zhang/self_project/arm_study_ws/install/rebot_description:/opt/ros/jazzy/opt/gz_sim_vendor:/opt/ros/jazzy/opt/gz_sensors_vendor:/opt/ros/jazzy/opt/gz_physics_vendor:/opt/ros/jazzy/opt/sdformat_vendor:/opt/ros/jazzy/opt/gz_gui_vendor:/opt/ros/jazzy/opt/gz_transport_vendor:/opt/ros/jazzy/opt/gz_rendering_vendor:/opt/ros/jazzy/opt/gz_plugin_vendor:/opt/ros/jazzy/opt/gz_fuel_tools_vendor:/opt/ros/jazzy/opt/gz_msgs_vendor:/opt/ros/jazzy/opt/gz_common_vendor:/opt/ros/jazzy/opt/gz_math_vendor:/opt/ros/jazzy/opt/gz_utils_vendor:/opt/ros/jazzy/opt/gz_tools_vendor:/opt/ros/jazzy/opt/gz_ogre_next_vendor:/opt/ros/jazzy/opt/gz_dartsim_vendor:/opt/ros/jazzy/opt/gz_cmake_vendor:/opt/ros/jazzy DEBUGINFOD_URLS=https://debuginfod.ubuntu.com /usr/bin/cmake /home/zhang/self_project/arm_study_ws/src/test_control -DCMAKE_INSTALL_PREFIX=/home/zhang/self_project/arm_study_ws/install/test_control
[27.430s] DEBUG:colcon.colcon_core.event_handler.log_command:Invoked command in '/home/zhang/self_project/arm_study_ws/build/test_control' returned '0': CMAKE_PREFIX_PATH=/home/zhang/self_project/arm_study_ws/install/robot_motion:/home/zhang/self_project/arm_study_ws/install/robot_msgs:/home/zhang/self_project/arm_study_ws/install/test_control:/home/zhang/self_project/arm_study_ws/install/rebot_description:/opt/ros/jazzy/opt/gz_sim_vendor:/opt/ros/jazzy/opt/gz_sensors_vendor:/opt/ros/jazzy/opt/gz_physics_vendor:/opt/ros/jazzy/opt/sdformat_vendor:/opt/ros/jazzy/opt/gz_gui_vendor:/opt/ros/jazzy/opt/gz_transport_vendor:/opt/ros/jazzy/opt/gz_rendering_vendor:/opt/ros/jazzy/opt/gz_plugin_vendor:/opt/ros/jazzy/opt/gz_fuel_tools_vendor:/opt/ros/jazzy/opt/gz_msgs_vendor:/opt/ros/jazzy/opt/gz_common_vendor:/opt/ros/jazzy/opt/gz_math_vendor:/opt/ros/jazzy/opt/gz_utils_vendor:/opt/ros/jazzy/opt/gz_tools_vendor:/opt/ros/jazzy/opt/gz_ogre_next_vendor:/opt/ros/jazzy/opt/gz_dartsim_vendor:/opt/ros/jazzy/opt/gz_cmake_vendor:/opt/ros/jazzy DEBUGINFOD_URLS=https://debuginfod.ubuntu.com /usr/bin/cmake /home/zhang/self_project/arm_study_ws/src/test_control -DCMAKE_INSTALL_PREFIX=/home/zhang/self_project/arm_study_ws/install/test_control
[27.431s] DEBUG:colcon.colcon_core.event_handler.log_command:Invoking command in '/home/zhang/self_project/arm_study_ws/build/test_control': CMAKE_PREFIX_PATH=/home/zhang/self_project/arm_study_ws/install/robot_motion:/home/zhang/self_project/arm_study_ws/install/robot_msgs:/home/zhang/self_project/arm_study_ws/install/test_control:/home/zhang/self_project/arm_study_ws/install/rebot_description:/opt/ros/jazzy/opt/gz_sim_vendor:/opt/ros/jazzy/opt/gz_sensors_vendor:/opt/ros/jazzy/opt/gz_physics_vendor:/opt/ros/jazzy/opt/sdformat_vendor:/opt/ros/jazzy/opt/gz_gui_vendor:/opt/ros/jazzy/opt/gz_transport_vendor:/opt/ros/jazzy/opt/gz_rendering_vendor:/opt/ros/jazzy/opt/gz_plugin_vendor:/opt/ros/jazzy/opt/gz_fuel_tools_vendor:/opt/ros/jazzy/opt/gz_msgs_vendor:/opt/ros/jazzy/opt/gz_common_vendor:/opt/ros/jazzy/opt/gz_math_vendor:/opt/ros/jazzy/opt/gz_utils_vendor:/opt/ros/jazzy/opt/gz_tools_vendor:/opt/ros/jazzy/opt/gz_ogre_next_vendor:/opt/ros/jazzy/opt/gz_dartsim_vendor:/opt/ros/jazzy/opt/gz_cmake_vendor:/opt/ros/jazzy DEBUGINFOD_URLS=https://debuginfod.ubuntu.com /usr/bin/cmake --build /home/zhang/self_project/arm_study_ws/build/test_control -- -j20 -l20
[36.556s] DEBUG:colcon.colcon_core.event_handler.log_command:Invoked command in '/home/zhang/self_project/arm_study_ws/build/test_control' returned '0': CMAKE_PREFIX_PATH=/home/zhang/self_project/arm_study_ws/install/robot_motion:/home/zhang/self_project/arm_study_ws/install/robot_msgs:/home/zhang/self_project/arm_study_ws/install/test_control:/home/zhang/self_project/arm_study_ws/install/rebot_description:/opt/ros/jazzy/opt/gz_sim_vendor:/opt/ros/jazzy/opt/gz_sensors_vendor:/opt/ros/jazzy/opt/gz_physics_vendor:/opt/ros/jazzy/opt/sdformat_vendor:/opt/ros/jazzy/opt/gz_gui_vendor:/opt/ros/jazzy/opt/gz_transport_vendor:/opt/ros/jazzy/opt/gz_rendering_vendor:/opt/ros/jazzy/opt/gz_plugin_vendor:/opt/ros/jazzy/opt/gz_fuel_tools_vendor:/opt/ros/jazzy/opt/gz_msgs_vendor:/opt/ros/jazzy/opt/gz_common_vendor:/opt/ros/jazzy/opt/gz_math_vendor:/opt/ros/jazzy/opt/gz_utils_vendor:/opt/ros/jazzy/opt/gz_tools_vendor:/opt/ros/jazzy/opt/gz_ogre_next_vendor:/opt/ros/jazzy/opt/gz_dartsim_vendor:/opt/ros/jazzy/opt/gz_cmake_vendor:/opt/ros/jazzy DEBUGINFOD_URLS=https://debuginfod.ubuntu.com /usr/bin/cmake --build /home/zhang/self_project/arm_study_ws/build/test_control -- -j20 -l20
[36.557s] DEBUG:colcon.colcon_core.event_handler.log_command:Invoking command in '/home/zhang/self_project/arm_study_ws/build/test_control': CMAKE_PREFIX_PATH=/home/zhang/self_project/arm_study_ws/install/robot_motion:/home/zhang/self_project/arm_study_ws/install/robot_msgs:/home/zhang/self_project/arm_study_ws/install/test_control:/home/zhang/self_project/arm_study_ws/install/rebot_description:/opt/ros/jazzy/opt/gz_sim_vendor:/opt/ros/jazzy/opt/gz_sensors_vendor:/opt/ros/jazzy/opt/gz_physics_vendor:/opt/ros/jazzy/opt/sdformat_vendor:/opt/ros/jazzy/opt/gz_gui_vendor:/opt/ros/jazzy/opt/gz_transport_vendor:/opt/ros/jazzy/opt/gz_rendering_vendor:/opt/ros/jazzy/opt/gz_plugin_vendor:/opt/ros/jazzy/opt/gz_fuel_tools_vendor:/opt/ros/jazzy/opt/gz_msgs_vendor:/opt/ros/jazzy/opt/gz_common_vendor:/opt/ros/jazzy/opt/gz_math_vendor:/opt/ros/jazzy/opt/gz_utils_vendor:/opt/ros/jazzy/opt/gz_tools_vendor:/opt/ros/jazzy/opt/gz_ogre_next_vendor:/opt/ros/jazzy/opt/gz_dartsim_vendor:/opt/ros/jazzy/opt/gz_cmake_vendor:/opt/ros/jazzy DEBUGINFOD_URLS=https://debuginfod.ubuntu.com /usr/bin/cmake --install /home/zhang/self_project/arm_study_ws/build/test_control
[36.569s] Level 1:colcon.colcon_core.environment:create_environment_scripts_only(test_control)
[36.569s] Level 1:colcon.colcon_core.environment:checking '/home/zhang/self_project/arm_study_ws/install/test_control' for CMake module files
[36.569s] DEBUG:colcon.colcon_core.event_handler.log_command:Invoked command in '/home/zhang/self_project/arm_study_ws/build/test_control' returned '0': CMAKE_PREFIX_PATH=/home/zhang/self_project/arm_study_ws/install/robot_motion:/home/zhang/self_project/arm_study_ws/install/robot_msgs:/home/zhang/self_project/arm_study_ws/install/test_control:/home/zhang/self_project/arm_study_ws/install/rebot_description:/opt/ros/jazzy/opt/gz_sim_vendor:/opt/ros/jazzy/opt/gz_sensors_vendor:/opt/ros/jazzy/opt/gz_physics_vendor:/opt/ros/jazzy/opt/sdformat_vendor:/opt/ros/jazzy/opt/gz_gui_vendor:/opt/ros/jazzy/opt/gz_transport_vendor:/opt/ros/jazzy/opt/gz_rendering_vendor:/opt/ros/jazzy/opt/gz_plugin_vendor:/opt/ros/jazzy/opt/gz_fuel_tools_vendor:/opt/ros/jazzy/opt/gz_msgs_vendor:/opt/ros/jazzy/opt/gz_common_vendor:/opt/ros/jazzy/opt/gz_math_vendor:/opt/ros/jazzy/opt/gz_utils_vendor:/opt/ros/jazzy/opt/gz_tools_vendor:/opt/ros/jazzy/opt/gz_ogre_next_vendor:/opt/ros/jazzy/opt/gz_dartsim_vendor:/opt/ros/jazzy/opt/gz_cmake_vendor:/opt/ros/jazzy DEBUGINFOD_URLS=https://debuginfod.ubuntu.com /usr/bin/cmake --install /home/zhang/self_project/arm_study_ws/build/test_control
[36.570s] Level 1:colcon.colcon_core.environment:checking '/home/zhang/self_project/arm_study_ws/install/test_control' for CMake config files
[36.570s] Level 1:colcon.colcon_core.shell:create_environment_hook('test_control', 'cmake_prefix_path')
[36.570s] INFO:colcon.colcon_core.shell:Creating environment descriptor '/home/zhang/self_project/arm_study_ws/install/test_control/share/test_control/hook/cmake_prefix_path.dsv'
[36.570s] INFO:colcon.colcon_core.shell:Creating environment hook '/home/zhang/self_project/arm_study_ws/install/test_control/share/test_control/hook/cmake_prefix_path.sh'
[36.570s] Level 1:colcon.colcon_core.environment:checking '/home/zhang/self_project/arm_study_ws/install/test_control/lib'
[36.570s] Level 1:colcon.colcon_core.environment:checking '/home/zhang/self_project/arm_study_ws/install/test_control/bin'
[36.570s] Level 1:colcon.colcon_core.environment:checking '/home/zhang/self_project/arm_study_ws/install/test_control/lib/pkgconfig/test_control.pc'
[36.570s] Level 1:colcon.colcon_core.environment:checking '/home/zhang/self_project/arm_study_ws/install/test_control/lib/python3.12/site-packages'
[36.571s] Level 1:colcon.colcon_core.environment:checking '/home/zhang/self_project/arm_study_ws/install/test_control/bin'
[36.571s] INFO:colcon.colcon_core.shell:Creating package descriptor '/home/zhang/self_project/arm_study_ws/install/test_control/share/test_control/package.dsv'
[36.571s] INFO:colcon.colcon_core.shell:Creating package script '/home/zhang/self_project/arm_study_ws/install/test_control/share/test_control/package.sh'
[36.571s] INFO:colcon.colcon_core.shell:Creating package script '/home/zhang/self_project/arm_study_ws/install/test_control/share/test_control/package.bash'
[36.571s] INFO:colcon.colcon_core.shell:Creating package script '/home/zhang/self_project/arm_study_ws/install/test_control/share/test_control/package.zsh'
[36.571s] Level 1:colcon.colcon_core.environment:create_file_with_runtime_dependencies(/home/zhang/self_project/arm_study_ws/install/test_control/share/colcon-core/packages/test_control)
[36.571s] Level 1:colcon.colcon_core.environment:create_environment_scripts_only(test_control)
[36.571s] Level 1:colcon.colcon_core.environment:checking '/home/zhang/self_project/arm_study_ws/install/test_control' for CMake module files
[36.572s] Level 1:colcon.colcon_core.environment:checking '/home/zhang/self_project/arm_study_ws/install/test_control' for CMake config files
[36.572s] Level 1:colcon.colcon_core.shell:create_environment_hook('test_control', 'cmake_prefix_path')
[36.572s] INFO:colcon.colcon_core.shell:Creating environment descriptor '/home/zhang/self_project/arm_study_ws/install/test_control/share/test_control/hook/cmake_prefix_path.dsv'
[36.572s] INFO:colcon.colcon_core.shell:Creating environment hook '/home/zhang/self_project/arm_study_ws/install/test_control/share/test_control/hook/cmake_prefix_path.sh'
[36.572s] Level 1:colcon.colcon_core.environment:checking '/home/zhang/self_project/arm_study_ws/install/test_control/lib'
[36.572s] Level 1:colcon.colcon_core.environment:checking '/home/zhang/self_project/arm_study_ws/install/test_control/bin'
[36.572s] Level 1:colcon.colcon_core.environment:checking '/home/zhang/self_project/arm_study_ws/install/test_control/lib/pkgconfig/test_control.pc'
[36.572s] Level 1:colcon.colcon_core.environment:checking '/home/zhang/self_project/arm_study_ws/install/test_control/lib/python3.12/site-packages'
[36.572s] Level 1:colcon.colcon_core.environment:checking '/home/zhang/self_project/arm_study_ws/install/test_control/bin'
[36.572s] INFO:colcon.colcon_core.shell:Creating package descriptor '/home/zhang/self_project/arm_study_ws/install/test_control/share/test_control/package.dsv'
[36.573s] INFO:colcon.colcon_core.shell:Creating package script '/home/zhang/self_project/arm_study_ws/install/test_control/share/test_control/package.sh'
[36.573s] INFO:colcon.colcon_core.shell:Creating package script '/home/zhang/self_project/arm_study_ws/install/test_control/share/test_control/package.bash'
[36.573s] INFO:colcon.colcon_core.shell:Creating package script '/home/zhang/self_project/arm_study_ws/install/test_control/share/test_control/package.zsh'
[36.573s] Level 1:colcon.colcon_core.environment:create_file_with_runtime_dependencies(/home/zhang/self_project/arm_study_ws/install/test_control/share/colcon-core/packages/test_control)
[36.573s] DEBUG:colcon.colcon_parallel_executor.executor.parallel:closing loop
[36.573s] DEBUG:colcon.colcon_parallel_executor.executor.parallel:loop closed
[36.573s] DEBUG:colcon.colcon_parallel_executor.executor.parallel:run_until_complete finished with '0'
[36.573s] DEBUG:colcon.colcon_core.event_reactor:joining thread
[36.578s] INFO:colcon.colcon_core.plugin_system:Skipping extension 'colcon_notification.desktop_notification.terminal_notifier': Not used on non-Darwin systems
[36.578s] INFO:colcon.colcon_core.plugin_system:Skipping extension 'colcon_notification.desktop_notification.win32': Not used on non-Windows systems
[36.578s] INFO:colcon.colcon_notification.desktop_notification:Sending desktop notification using 'notify2'
[36.629s] DEBUG:colcon.colcon_core.event_reactor:joined thread
[36.629s] INFO:colcon.colcon_core.shell:Creating prefix script '/home/zhang/self_project/arm_study_ws/install/local_setup.sh'
[36.629s] INFO:colcon.colcon_core.shell:Creating prefix util module '/home/zhang/self_project/arm_study_ws/install/_local_setup_util_sh.py'
[36.630s] INFO:colcon.colcon_core.shell:Creating prefix chain script '/home/zhang/self_project/arm_study_ws/install/setup.sh'
[36.630s] INFO:colcon.colcon_core.shell:Creating prefix script '/home/zhang/self_project/arm_study_ws/install/local_setup.bash'
[36.630s] INFO:colcon.colcon_core.shell:Creating prefix chain script '/home/zhang/self_project/arm_study_ws/install/setup.bash'
[36.631s] INFO:colcon.colcon_core.shell:Creating prefix script '/home/zhang/self_project/arm_study_ws/install/local_setup.zsh'
[36.631s] INFO:colcon.colcon_core.shell:Creating prefix chain script '/home/zhang/self_project/arm_study_ws/install/setup.zsh'
