[0.005s] Invoking command in '/home/zhang/self_project/arm_study_ws/build/robot_motion': AMENT_PREFIX_PATH=/home/zhang/self_project/arm_study_ws/install/robot_msgs:${AMENT_PREFIX_PATH} CMAKE_PREFIX_PATH=/home/zhang/self_project/arm_study_ws/install/robot_msgs:/opt/ros/jazzy/opt/gz_sim_vendor:/opt/ros/jazzy/opt/gz_sensors_vendor:/opt/ros/jazzy/opt/gz_physics_vendor:/opt/ros/jazzy/opt/sdformat_vendor:/opt/ros/jazzy/opt/gz_gui_vendor:/opt/ros/jazzy/opt/gz_transport_vendor:/opt/ros/jazzy/opt/gz_rendering_vendor:/opt/ros/jazzy/opt/gz_plugin_vendor:/opt/ros/jazzy/opt/gz_fuel_tools_vendor:/opt/ros/jazzy/opt/gz_msgs_vendor:/opt/ros/jazzy/opt/gz_common_vendor:/opt/ros/jazzy/opt/gz_math_vendor:/opt/ros/jazzy/opt/gz_utils_vendor:/opt/ros/jazzy/opt/gz_tools_vendor:/opt/ros/jazzy/opt/gz_ogre_next_vendor:/opt/ros/jazzy/opt/gz_dartsim_vendor:/opt/ros/jazzy/opt/gz_cmake_vendor:/opt/ros/jazzy DEBUGINFOD_URLS=https://debuginfod.ubuntu.com LD_LIBRARY_PATH=/home/zhang/self_project/arm_study_ws/install/robot_msgs/lib:${LD_LIBRARY_PATH} PYTHONPATH=/home/zhang/self_project/arm_study_ws/install/robot_msgs/lib/python3.12/site-packages:${PYTHONPATH} /usr/bin/cmake --build /home/zhang/self_project/arm_study_ws/build/robot_motion -- -j20 -l20
[0.059s] [ 33%] [32mBuilding CXX object CMakeFiles/robot_motion.dir/src/nlp_ik.cpp.o[0m
[2.859s] [01m[K/home/zhang/self_project/arm_study_ws/src/robot_motion/src/nlp_ik.cpp:[m[K In member function ‘[01m[Kbool NlpIK::[01;32m[Kget_sqp_ik[m[K(Eigen::VectorXd&, const Eigen::VectorXd&, const std::string&, Eigen::VectorXd&)[m[K’:
[2.859s] [01m[K/home/zhang/self_project/arm_study_ws/src/robot_motion/src/nlp_ik.cpp:257:13:[m[K [01;31m[Kerror: [m[K‘[01m[Kq_result[m[K’ was not declared in this scope
[2.859s]   257 |             [01;31m[Kq_result[m[K = q;
[2.859s]       |             [01;31m[K^~~~~~~~[m[K
[2.919s] [01m[K/home/zhang/self_project/arm_study_ws/src/robot_motion/src/nlp_ik.cpp:298:5:[m[K [01;31m[Kerror: [m[K‘[01m[Kq_result[m[K’ was not declared in this scope
[2.919s]   298 |     [01;31m[Kq_result[m[K = q;
[2.919s]       |     [01;31m[K^~~~~~~~[m[K
[2.920s] [01m[K/home/zhang/self_project/arm_study_ws/src/robot_motion/src/nlp_ik.cpp:[m[K In member function ‘[01m[Kbool NlpIK::[01;32m[KsolveQP[m[K(const Eigen::MatrixXd&, const Eigen::VectorXd&, const Eigen::VectorXd&, const Eigen::VectorXd&, Eigen::VectorXd&)[m[K’:
[2.920s] [01m[K/home/zhang/self_project/arm_study_ws/src/robot_motion/src/nlp_ik.cpp:308:17:[m[K [01;31m[Kerror: [m[K‘[01m[Kreal_t[m[K’ was not declared in this scope; did you mean ‘[01m[KqpOASES::real_t[m[K’?
[2.920s]   308 |     std::vector<[01;31m[Kreal_t[m[K> H_qp(n * n);
[2.920s]       |                 [01;31m[K^~~~~~[m[K
[2.921s]       |                 [32m[KqpOASES::real_t[m[K
[2.921s] In file included from [01m[K/usr/local/include/qpOASES/Constants.hpp:39[m[K,
[2.921s]                  from [01m[K/usr/local/include/qpOASES/MessageHandling.hpp:46[m[K,
[2.921s]                  from [01m[K/usr/local/include/qpOASES/Utils.hpp:39[m[K,
[2.921s]                  from [01m[K/usr/local/include/qpOASES/Indexlist.hpp:40[m[K,
[2.921s]                  from [01m[K/usr/local/include/qpOASES/SubjectTo.hpp:40[m[K,
[2.921s]                  from [01m[K/usr/local/include/qpOASES/Bounds.hpp:40[m[K,
[2.921s]                  from [01m[K/usr/local/include/qpOASES/Flipper.hpp:40[m[K,
[2.921s]                  from [01m[K/usr/local/include/qpOASES/QProblemB.hpp:42[m[K,
[2.921s]                  from [01m[K/usr/local/include/qpOASES.hpp:66[m[K,
[2.921s]                  from [01m[K/home/zhang/self_project/arm_study_ws/src/robot_motion/src/nlp_ik.cpp:4[m[K:
[2.922s] [01m[K/usr/local/include/qpOASES/Types.hpp:171:16:[m[K [01;36m[Knote: [m[K‘[01m[KqpOASES::real_t[m[K’ declared here
[2.922s]   171 | typedef double [01;36m[Kreal_t[m[K;
[2.922s]       |                [01;36m[K^~~~~~[m[K
[2.922s] [01m[K/home/zhang/self_project/arm_study_ws/src/robot_motion/src/nlp_ik.cpp:308:23:[m[K [01;31m[Kerror: [m[Ktemplate argument 1 is invalid
[2.922s]   308 |     std::vector<real_t[01;31m[K>[m[K H_qp(n * n);
[2.922s]       |                       [01;31m[K^[m[K
[2.922s] [01m[K/home/zhang/self_project/arm_study_ws/src/robot_motion/src/nlp_ik.cpp:308:23:[m[K [01;31m[Kerror: [m[Ktemplate argument 2 is invalid
[2.922s] [01m[K/home/zhang/self_project/arm_study_ws/src/robot_motion/src/nlp_ik.cpp:309:23:[m[K [01;31m[Kerror: [m[Ktemplate argument 2 is invalid
[2.922s]   309 |     std::vector<real_t[01;31m[K>[m[K g_qp(n);
[2.922s]       |                       [01;31m[K^[m[K
[2.922s] [01m[K/home/zhang/self_project/arm_study_ws/src/robot_motion/src/nlp_ik.cpp:310:23:[m[K [01;31m[Kerror: [m[Ktemplate argument 2 is invalid
[2.922s]   310 |     std::vector<real_t[01;31m[K>[m[K lb(n);
[2.922s]       |                       [01;31m[K^[m[K
[2.922s] [01m[K/home/zhang/self_project/arm_study_ws/src/robot_motion/src/nlp_ik.cpp:311:23:[m[K [01;31m[Kerror: [m[Ktemplate argument 2 is invalid
[2.922s]   311 |     std::vector<real_t[01;31m[K>[m[K ub(n);
[2.922s]       |                       [01;31m[K^[m[K
[2.922s] [01m[K/home/zhang/self_project/arm_study_ws/src/robot_motion/src/nlp_ik.cpp:315:13:[m[K [01;31m[Kerror: [m[Kinvalid types ‘[01m[Kint[int][m[K’ for array subscript
[2.922s]   315 |         g_qp[01;31m[K[[m[Ki] = g[i];
[2.922s]       |             [01;31m[K^[m[K
[2.922s] [01m[K/home/zhang/self_project/arm_study_ws/src/robot_motion/src/nlp_ik.cpp:317:11:[m[K [01;31m[Kerror: [m[Kinvalid types ‘[01m[Kint[int][m[K’ for array subscript
[2.922s]   317 |         lb[01;31m[K[[m[Ki] = dq_lb[i];
[2.922s]       |           [01;31m[K^[m[K
[2.923s] [01m[K/home/zhang/self_project/arm_study_ws/src/robot_motion/src/nlp_ik.cpp:318:11:[m[K [01;31m[Kerror: [m[Kinvalid types ‘[01m[Kint[int][m[K’ for array subscript
[2.923s]   318 |         ub[01;31m[K[[m[Ki] = dq_ub[i];
[2.923s]       |           [01;31m[K^[m[K
[2.923s] [01m[K/home/zhang/self_project/arm_study_ws/src/robot_motion/src/nlp_ik.cpp:322:17:[m[K [01;31m[Kerror: [m[Kinvalid types ‘[01m[Kint[int][m[K’ for array subscript
[2.923s]   322 |             H_qp[01;31m[K[[m[Ki * n + j] = H(i, j);
[2.923s]       |                 [01;31m[K^[m[K
[2.923s] [01m[K/home/zhang/self_project/arm_study_ws/src/robot_motion/src/nlp_ik.cpp:326:5:[m[K [01;31m[Kerror: [m[K‘[01m[KQProblem[m[K’ was not declared in this scope; did you mean ‘[01m[KqpOASES::QProblem[m[K’?
[2.923s]   326 |     [01;31m[KQProblem[m[K qp(n,0);
[2.923s]       |     [01;31m[K^~~~~~~~[m[K
[2.923s]       |     [32m[KqpOASES::QProblem[m[K
[2.923s] In file included from [01m[K/usr/local/include/qpOASES.hpp:67[m[K:
[2.923s] [01m[K/usr/local/include/qpOASES/QProblem.hpp:61:7:[m[K [01;36m[Knote: [m[K‘[01m[KqpOASES::QProblem[m[K’ declared here
[2.923s]    61 | class [01;36m[KQProblem[m[K : public QProblemB
[2.923s]       |       [01;36m[K^~~~~~~~[m[K
[2.923s] [01m[K/home/zhang/self_project/arm_study_ws/src/robot_motion/src/nlp_ik.cpp:327:5:[m[K [01;31m[Kerror: [m[K‘[01m[KOptions[m[K’ was not declared in this scope
[2.923s]   327 |     [01;31m[KOptions[m[K options;
[2.923s]       |     [01;31m[K^~~~~~~[m[K
[2.923s] [01m[K/home/zhang/self_project/arm_study_ws/src/robot_motion/src/nlp_ik.cpp:327:5:[m[K [01;36m[Knote: [m[Ksuggested alternatives:
[2.923s] In file included from [01m[K/usr/local/include/casadi/core/core.hpp:73[m[K,
[2.923s]                  from [01m[K/usr/local/include/casadi/casadi.hpp:29[m[K,
[2.923s]                  from [01m[K/home/zhang/self_project/arm_study_ws/src/robot_motion/include/ik/nlp_ik.hpp:13[m[K,
[2.923s]                  from [01m[K/home/zhang/self_project/arm_study_ws/src/robot_motion/src/nlp_ik.cpp:1[m[K:
[2.923s] [01m[K/usr/local/include/casadi/core/options.hpp:40:24:[m[K [01;36m[Knote: [m[K  ‘[01m[Kcasadi::Options[m[K’
[2.923s]    40 |   struct CASADI_EXPORT [01;36m[KOptions[m[K {
[2.923s]       |                        [01;36m[K^~~~~~~[m[K
[2.923s] In file included from [01m[K/usr/local/include/qpOASES/QProblemB.hpp:43[m[K:
[2.924s] [01m[K/usr/local/include/qpOASES/Options.hpp:56:7:[m[K [01;36m[Knote: [m[K  ‘[01m[KqpOASES::Options[m[K’
[2.924s]    56 | class [01;36m[KOptions[m[K
[2.924s]       |       [01;36m[K^~~~~~~[m[K
[2.924s] In file included from [01m[K/opt/ros/jazzy/include/pinocchio/context/default.hpp:10[m[K,
[2.924s]                  from [01m[K/opt/ros/jazzy/include/pinocchio/context.hpp:17[m[K,
[2.924s]                  from [01m[K/opt/ros/jazzy/include/pinocchio/fwd.hpp:149[m[K,
[2.924s]                  from [01m[K/opt/ros/jazzy/include/pinocchio/spatial/fwd.hpp:9[m[K,
[2.924s]                  from [01m[K/opt/ros/jazzy/include/pinocchio/multibody/model.hpp:9[m[K,
[2.924s]                  from [01m[K/opt/ros/jazzy/include/pinocchio/parsers/urdf.hpp:9[m[K,
[2.924s]                  from [01m[K/home/zhang/self_project/arm_study_ws/src/robot_motion/include/ik/nlp_ik.hpp:10[m[K:
[2.924s] [01m[K/opt/ros/jazzy/include/pinocchio/context/generic.hpp:82:7:[m[K [01;36m[Knote: [m[K  ‘[01m[Kpinocchio::context::Options[m[K’
[2.924s]    82 |       [01;36m[KOptions[m[K = PINOCCHIO_OPTIONS_DEFAULT
[2.924s]       |       [01;36m[K^~~~~~~[m[K
[2.925s] [01m[K/home/zhang/self_project/arm_study_ws/src/robot_motion/src/nlp_ik.cpp:328:5:[m[K [01;31m[Kerror: [m[K‘[01m[Koptions[m[K’ was not declared in this scope; did you mean ‘[01m[Koptind[m[K’?
[2.925s]   328 |     [01;31m[Koptions[m[K.printLevel = PL_NONE;       //把优化器的输出日志级别设置为“不打印”。
[2.925s]       |     [01;31m[K^~~~~~~[m[K
[2.925s]       |     [32m[Koptind[m[K
[2.925s] [01m[K/home/zhang/self_project/arm_study_ws/src/robot_motion/src/nlp_ik.cpp:328:26:[m[K [01;31m[Kerror: [m[K‘[01m[KPL_NONE[m[K’ was not declared in this scope; did you mean ‘[01m[KqpOASES::PL_NONE[m[K’?
[2.925s]   328 |     options.printLevel = [01;31m[KPL_NONE[m[K;       //把优化器的输出日志级别设置为“不打印”。
[2.925s]       |                          [01;31m[K^~~~~~~[m[K
[2.925s]       |                          [32m[KqpOASES::PL_NONE[m[K
[2.925s] [01m[K/usr/local/include/qpOASES/Types.hpp:216:9:[m[K [01;36m[Knote: [m[K‘[01m[KqpOASES::PL_NONE[m[K’ declared here
[2.925s]   216 |         [01;36m[KPL_NONE[m[K,                                        /**< No output. */
[2.925s]       |         [01;36m[K^~~~~~~[m[K
[2.928s] [01m[K/home/zhang/self_project/arm_study_ws/src/robot_motion/src/nlp_ik.cpp:329:5:[m[K [01;31m[Kerror: [m[K‘[01m[Kqp[m[K’ was not declared in this scope
[2.928s]   329 |     [01;31m[Kqp[m[K.setOptions(options);
[2.928s]       |     [01;31m[K^~[m[K
[2.928s] [01m[K/home/zhang/self_project/arm_study_ws/src/robot_motion/src/nlp_ik.cpp:332:5:[m[K [01;31m[Kerror: [m[K‘[01m[KreturnValue[m[K’ was not declared in this scope; did you mean ‘[01m[KqpOASES::returnValue[m[K’?
[2.928s]   332 |     [01;31m[KreturnValue[m[K ret =
[2.928s]       |     [01;31m[K^~~~~~~~~~~[m[K
[2.928s]       |     [32m[KqpOASES::returnValue[m[K
[2.928s] [01m[K/usr/local/include/qpOASES/MessageHandling.hpp:64:6:[m[K [01;36m[Knote: [m[K‘[01m[KqpOASES::returnValue[m[K’ declared here
[2.928s]    64 | enum [01;36m[KreturnValue[m[K
[2.928s]       |      [01;36m[K^~~~~~~~~~~[m[K
[2.930s] [01m[K/home/zhang/self_project/arm_study_ws/src/robot_motion/src/nlp_ik.cpp:344:9:[m[K [01;31m[Kerror: [m[K‘[01m[Kret[m[K’ was not declared in this scope
[2.930s]   344 |     if ([01;31m[Kret[m[K != SUCCESSFUL_RETURN)
[2.930s]       |         [01;31m[K^~~[m[K
[2.931s] [01m[K/home/zhang/self_project/arm_study_ws/src/robot_motion/src/nlp_ik.cpp:344:16:[m[K [01;31m[Kerror: [m[K‘[01m[KSUCCESSFUL_RETURN[m[K’ was not declared in this scope; did you mean ‘[01m[KqpOASES::SUCCESSFUL_RETURN[m[K’?
[2.931s]   344 |     if (ret != [01;31m[KSUCCESSFUL_RETURN[m[K)
[2.931s]       |                [01;31m[K^~~~~~~~~~~~~~~~~[m[K
[2.931s]       |                [32m[KqpOASES::SUCCESSFUL_RETURN[m[K
[2.931s] [01m[K/usr/local/include/qpOASES/MessageHandling.hpp:68:1:[m[K [01;36m[Knote: [m[K‘[01m[KqpOASES::SUCCESSFUL_RETURN[m[K’ declared here
[2.931s]    68 | [01;36m[KSUCCESSFUL_RETURN[m[K = 0,                                                  /**< Successful return. */
[2.931s]       | [01;36m[K^~~~~~~~~~~~~~~~~[m[K
[2.931s] [01m[K/home/zhang/self_project/arm_study_ws/src/robot_motion/src/nlp_ik.cpp:349:23:[m[K [01;31m[Kerror: [m[Ktemplate argument 2 is invalid
[2.931s]   349 |     std::vector<real_t[01;31m[K>[m[K x_opt(n);
[2.931s]       |                       [01;31m[K^[m[K
[2.931s] [01m[K/home/zhang/self_project/arm_study_ws/src/robot_motion/src/nlp_ik.cpp:351:32:[m[K [01;31m[Kerror: [m[Krequest for member ‘[01m[Kdata[m[K’ in ‘[01m[Kx_opt[m[K’, which is of non-class type ‘[01m[Kint[m[K’
[2.931s]   351 |     qp.getPrimalSolution(x_opt.[01;31m[Kdata[m[K());
[2.931s]       |                                [01;31m[K^~~~[m[K
[2.931s] [01m[K/home/zhang/self_project/arm_study_ws/src/robot_motion/src/nlp_ik.cpp:355:22:[m[K [01;31m[Kerror: [m[Kinvalid types ‘[01m[Kint[int][m[K’ for array subscript
[2.931s]   355 |         dq[i] = x_opt[01;31m[K[[m[Ki];
[2.931s]       |                      [01;31m[K^[m[K
[2.937s] [01m[K/home/zhang/self_project/arm_study_ws/src/robot_motion/src/nlp_ik.cpp:[m[K In member function ‘[01m[KEigen::VectorXd NlpIK::[01;32m[KcomputePoseError[m[K(const pinocchio::SE3&, const pinocchio::SE3&)[m[K’:
[2.937s] [01m[K/home/zhang/self_project/arm_study_ws/src/robot_motion/src/nlp_ik.cpp:369:19:[m[K [01;31m[Kerror: [m[K‘[01m[Kerror[m[K’ was not declared in this scope; did you mean ‘[01m[Kboost::serialization::smart_cast_impl::error[m[K’?
[2.937s]   369 |     e.head<3>() = [01;31m[Kerror[m[K.linear();
[2.937s]       |                   [01;31m[K^~~~~[m[K
[2.937s]       |                   [32m[Kboost::serialization::smart_cast_impl::error[m[K
[2.937s] In file included from [01m[K/usr/include/boost/archive/detail/oserializer.hpp:45[m[K,
[2.937s]                  from [01m[K/usr/include/boost/archive/detail/interface_oarchive.hpp:23[m[K,
[2.937s]                  from [01m[K/usr/include/boost/archive/detail/common_oarchive.hpp:22[m[K,
[2.937s]                  from [01m[K/usr/include/boost/archive/basic_text_oarchive.hpp:29[m[K,
[2.937s]                  from [01m[K/usr/include/boost/archive/text_oarchive.hpp:31[m[K,
[2.937s]                  from [01m[K/opt/ros/jazzy/include/pinocchio/serialization/archive.hpp:15[m[K,
[2.937s]                  from [01m[K/opt/ros/jazzy/include/pinocchio/serialization/serializable.hpp:8[m[K,
[2.937s]                  from [01m[K/opt/ros/jazzy/include/pinocchio/multibody/model.hpp:21[m[K:
[2.937s] [01m[K/usr/include/boost/serialization/smart_cast.hpp:221:12:[m[K [01;36m[Knote: [m[K‘[01m[Kboost::serialization::smart_cast_impl::error[m[K’ declared here
[2.937s]   221 |     struct [01;36m[Kerror[m[K {
[2.937s]       |            [01;36m[K^~~~~[m[K
[13.630s] gmake[2]: *** [CMakeFiles/robot_motion.dir/build.make:90：CMakeFiles/robot_motion.dir/src/nlp_ik.cpp.o] 错误 1
[13.630s] gmake[1]: *** [CMakeFiles/Makefile2:137：CMakeFiles/robot_motion.dir/all] 错误 2
[13.632s] gmake: *** [Makefile:146：all] 错误 2
[13.633s] Invoked command in '/home/zhang/self_project/arm_study_ws/build/robot_motion' returned '2': AMENT_PREFIX_PATH=/home/zhang/self_project/arm_study_ws/install/robot_msgs:${AMENT_PREFIX_PATH} CMAKE_PREFIX_PATH=/home/zhang/self_project/arm_study_ws/install/robot_msgs:/opt/ros/jazzy/opt/gz_sim_vendor:/opt/ros/jazzy/opt/gz_sensors_vendor:/opt/ros/jazzy/opt/gz_physics_vendor:/opt/ros/jazzy/opt/sdformat_vendor:/opt/ros/jazzy/opt/gz_gui_vendor:/opt/ros/jazzy/opt/gz_transport_vendor:/opt/ros/jazzy/opt/gz_rendering_vendor:/opt/ros/jazzy/opt/gz_plugin_vendor:/opt/ros/jazzy/opt/gz_fuel_tools_vendor:/opt/ros/jazzy/opt/gz_msgs_vendor:/opt/ros/jazzy/opt/gz_common_vendor:/opt/ros/jazzy/opt/gz_math_vendor:/opt/ros/jazzy/opt/gz_utils_vendor:/opt/ros/jazzy/opt/gz_tools_vendor:/opt/ros/jazzy/opt/gz_ogre_next_vendor:/opt/ros/jazzy/opt/gz_dartsim_vendor:/opt/ros/jazzy/opt/gz_cmake_vendor:/opt/ros/jazzy DEBUGINFOD_URLS=https://debuginfod.ubuntu.com LD_LIBRARY_PATH=/home/zhang/self_project/arm_study_ws/install/robot_msgs/lib:${LD_LIBRARY_PATH} PYTHONPATH=/home/zhang/self_project/arm_study_ws/install/robot_msgs/lib/python3.12/site-packages:${PYTHONPATH} /usr/bin/cmake --build /home/zhang/self_project/arm_study_ws/build/robot_motion -- -j20 -l20
