[0.006s] Invoking command in '/home/zhang/self_project/arm_study_ws/build/robot_motion': AMENT_PREFIX_PATH=/home/zhang/self_project/arm_study_ws/install/robot_msgs:${AMENT_PREFIX_PATH} CMAKE_PREFIX_PATH=/home/zhang/self_project/arm_study_ws/install/robot_msgs:/opt/ros/jazzy/opt/gz_sim_vendor:/opt/ros/jazzy/opt/gz_sensors_vendor:/opt/ros/jazzy/opt/gz_physics_vendor:/opt/ros/jazzy/opt/sdformat_vendor:/opt/ros/jazzy/opt/gz_gui_vendor:/opt/ros/jazzy/opt/gz_transport_vendor:/opt/ros/jazzy/opt/gz_rendering_vendor:/opt/ros/jazzy/opt/gz_plugin_vendor:/opt/ros/jazzy/opt/gz_fuel_tools_vendor:/opt/ros/jazzy/opt/gz_msgs_vendor:/opt/ros/jazzy/opt/gz_common_vendor:/opt/ros/jazzy/opt/gz_math_vendor:/opt/ros/jazzy/opt/gz_utils_vendor:/opt/ros/jazzy/opt/gz_tools_vendor:/opt/ros/jazzy/opt/gz_ogre_next_vendor:/opt/ros/jazzy/opt/gz_dartsim_vendor:/opt/ros/jazzy/opt/gz_cmake_vendor:/opt/ros/jazzy DEBUGINFOD_URLS=https://debuginfod.ubuntu.com LD_LIBRARY_PATH=/home/zhang/self_project/arm_study_ws/install/robot_msgs/lib:${LD_LIBRARY_PATH} PYTHONPATH=/home/zhang/self_project/arm_study_ws/install/robot_msgs/lib/python3.12/site-packages:${PYTHONPATH} /usr/bin/cmake --build /home/zhang/self_project/arm_study_ws/build/robot_motion -- -j20 -l20
[0.051s] [100%] Built target robot_motion
[0.058s] Invoked command in '/home/zhang/self_project/arm_study_ws/build/robot_motion' returned '0': AMENT_PREFIX_PATH=/home/zhang/self_project/arm_study_ws/install/robot_msgs:${AMENT_PREFIX_PATH} CMAKE_PREFIX_PATH=/home/zhang/self_project/arm_study_ws/install/robot_msgs:/opt/ros/jazzy/opt/gz_sim_vendor:/opt/ros/jazzy/opt/gz_sensors_vendor:/opt/ros/jazzy/opt/gz_physics_vendor:/opt/ros/jazzy/opt/sdformat_vendor:/opt/ros/jazzy/opt/gz_gui_vendor:/opt/ros/jazzy/opt/gz_transport_vendor:/opt/ros/jazzy/opt/gz_rendering_vendor:/opt/ros/jazzy/opt/gz_plugin_vendor:/opt/ros/jazzy/opt/gz_fuel_tools_vendor:/opt/ros/jazzy/opt/gz_msgs_vendor:/opt/ros/jazzy/opt/gz_common_vendor:/opt/ros/jazzy/opt/gz_math_vendor:/opt/ros/jazzy/opt/gz_utils_vendor:/opt/ros/jazzy/opt/gz_tools_vendor:/opt/ros/jazzy/opt/gz_ogre_next_vendor:/opt/ros/jazzy/opt/gz_dartsim_vendor:/opt/ros/jazzy/opt/gz_cmake_vendor:/opt/ros/jazzy DEBUGINFOD_URLS=https://debuginfod.ubuntu.com LD_LIBRARY_PATH=/home/zhang/self_project/arm_study_ws/install/robot_msgs/lib:${LD_LIBRARY_PATH} PYTHONPATH=/home/zhang/self_project/arm_study_ws/install/robot_msgs/lib/python3.12/site-packages:${PYTHONPATH} /usr/bin/cmake --build /home/zhang/self_project/arm_study_ws/build/robot_motion -- -j20 -l20
[0.058s] Invoking command in '/home/zhang/self_project/arm_study_ws/build/robot_motion': AMENT_PREFIX_PATH=/home/zhang/self_project/arm_study_ws/install/robot_msgs:${AMENT_PREFIX_PATH} CMAKE_PREFIX_PATH=/home/zhang/self_project/arm_study_ws/install/robot_msgs:/opt/ros/jazzy/opt/gz_sim_vendor:/opt/ros/jazzy/opt/gz_sensors_vendor:/opt/ros/jazzy/opt/gz_physics_vendor:/opt/ros/jazzy/opt/sdformat_vendor:/opt/ros/jazzy/opt/gz_gui_vendor:/opt/ros/jazzy/opt/gz_transport_vendor:/opt/ros/jazzy/opt/gz_rendering_vendor:/opt/ros/jazzy/opt/gz_plugin_vendor:/opt/ros/jazzy/opt/gz_fuel_tools_vendor:/opt/ros/jazzy/opt/gz_msgs_vendor:/opt/ros/jazzy/opt/gz_common_vendor:/opt/ros/jazzy/opt/gz_math_vendor:/opt/ros/jazzy/opt/gz_utils_vendor:/opt/ros/jazzy/opt/gz_tools_vendor:/opt/ros/jazzy/opt/gz_ogre_next_vendor:/opt/ros/jazzy/opt/gz_dartsim_vendor:/opt/ros/jazzy/opt/gz_cmake_vendor:/opt/ros/jazzy DEBUGINFOD_URLS=https://debuginfod.ubuntu.com LD_LIBRARY_PATH=/home/zhang/self_project/arm_study_ws/install/robot_msgs/lib:${LD_LIBRARY_PATH} PYTHONPATH=/home/zhang/self_project/arm_study_ws/install/robot_msgs/lib/python3.12/site-packages:${PYTHONPATH} /usr/bin/cmake --install /home/zhang/self_project/arm_study_ws/build/robot_motion
[0.063s] -- Install configuration: ""
[0.063s] -- Up-to-date: /home/zhang/self_project/arm_study_ws/install/robot_motion/lib/librobot_motion.so
[0.063s] -- Up-to-date: /home/zhang/self_project/arm_study_ws/install/robot_motion/include
[0.063s] -- Up-to-date: /home/zhang/self_project/arm_study_ws/install/robot_motion/include/ik
[0.063s] -- Up-to-date: /home/zhang/self_project/arm_study_ws/install/robot_motion/include/ik/nlp_ik.hpp
[0.063s] -- Up-to-date: /home/zhang/self_project/arm_study_ws/install/robot_motion/include/ik/pseudo_inverse_ik.hpp
[0.063s] -- Up-to-date: /home/zhang/self_project/arm_study_ws/install/robot_motion/share/robot_motion/cmake/robot_motionTargets.cmake
[0.063s] -- Up-to-date: /home/zhang/self_project/arm_study_ws/install/robot_motion/share/robot_motion/cmake/robot_motionTargets-noconfig.cmake
[0.063s] -- Up-to-date: /home/zhang/self_project/arm_study_ws/install/robot_motion/share/robot_motion/environment/library_path.sh
[0.063s] -- Up-to-date: /home/zhang/self_project/arm_study_ws/install/robot_motion/share/robot_motion/environment/library_path.dsv
[0.063s] -- Up-to-date: /home/zhang/self_project/arm_study_ws/install/robot_motion/share/ament_index/resource_index/package_run_dependencies/robot_motion
[0.064s] -- Up-to-date: /home/zhang/self_project/arm_study_ws/install/robot_motion/share/ament_index/resource_index/parent_prefix_path/robot_motion
[0.064s] -- Up-to-date: /home/zhang/self_project/arm_study_ws/install/robot_motion/share/robot_motion/environment/ament_prefix_path.sh
[0.064s] -- Up-to-date: /home/zhang/self_project/arm_study_ws/install/robot_motion/share/robot_motion/environment/ament_prefix_path.dsv
[0.064s] -- Up-to-date: /home/zhang/self_project/arm_study_ws/install/robot_motion/share/robot_motion/environment/path.sh
[0.064s] -- Up-to-date: /home/zhang/self_project/arm_study_ws/install/robot_motion/share/robot_motion/environment/path.dsv
[0.064s] -- Up-to-date: /home/zhang/self_project/arm_study_ws/install/robot_motion/share/robot_motion/local_setup.bash
[0.064s] -- Up-to-date: /home/zhang/self_project/arm_study_ws/install/robot_motion/share/robot_motion/local_setup.sh
[0.064s] -- Up-to-date: /home/zhang/self_project/arm_study_ws/install/robot_motion/share/robot_motion/local_setup.zsh
[0.064s] -- Up-to-date: /home/zhang/self_project/arm_study_ws/install/robot_motion/share/robot_motion/local_setup.dsv
[0.064s] -- Installing: /home/zhang/self_project/arm_study_ws/install/robot_motion/share/robot_motion/package.dsv
[0.064s] -- Up-to-date: /home/zhang/self_project/arm_study_ws/install/robot_motion/share/ament_index/resource_index/packages/robot_motion
[0.064s] -- Up-to-date: /home/zhang/self_project/arm_study_ws/install/robot_motion/share/robot_motion/cmake/robot_motionTargetsExport.cmake
[0.064s] -- Up-to-date: /home/zhang/self_project/arm_study_ws/install/robot_motion/share/robot_motion/cmake/robot_motionTargetsExport-noconfig.cmake
[0.064s] -- Up-to-date: /home/zhang/self_project/arm_study_ws/install/robot_motion/share/robot_motion/cmake/ament_cmake_export_include_directories-extras.cmake
[0.064s] -- Up-to-date: /home/zhang/self_project/arm_study_ws/install/robot_motion/share/robot_motion/cmake/ament_cmake_export_targets-extras.cmake
[0.064s] -- Up-to-date: /home/zhang/self_project/arm_study_ws/install/robot_motion/share/robot_motion/cmake/ament_cmake_export_dependencies-extras.cmake
[0.064s] -- Up-to-date: /home/zhang/self_project/arm_study_ws/install/robot_motion/share/robot_motion/cmake/robot_motionConfig.cmake
[0.064s] -- Up-to-date: /home/zhang/self_project/arm_study_ws/install/robot_motion/share/robot_motion/cmake/robot_motionConfig-version.cmake
[0.064s] -- Up-to-date: /home/zhang/self_project/arm_study_ws/install/robot_motion/share/robot_motion/package.xml
[0.064s] Invoked command in '/home/zhang/self_project/arm_study_ws/build/robot_motion' returned '0': AMENT_PREFIX_PATH=/home/zhang/self_project/arm_study_ws/install/robot_msgs:${AMENT_PREFIX_PATH} CMAKE_PREFIX_PATH=/home/zhang/self_project/arm_study_ws/install/robot_msgs:/opt/ros/jazzy/opt/gz_sim_vendor:/opt/ros/jazzy/opt/gz_sensors_vendor:/opt/ros/jazzy/opt/gz_physics_vendor:/opt/ros/jazzy/opt/sdformat_vendor:/opt/ros/jazzy/opt/gz_gui_vendor:/opt/ros/jazzy/opt/gz_transport_vendor:/opt/ros/jazzy/opt/gz_rendering_vendor:/opt/ros/jazzy/opt/gz_plugin_vendor:/opt/ros/jazzy/opt/gz_fuel_tools_vendor:/opt/ros/jazzy/opt/gz_msgs_vendor:/opt/ros/jazzy/opt/gz_common_vendor:/opt/ros/jazzy/opt/gz_math_vendor:/opt/ros/jazzy/opt/gz_utils_vendor:/opt/ros/jazzy/opt/gz_tools_vendor:/opt/ros/jazzy/opt/gz_ogre_next_vendor:/opt/ros/jazzy/opt/gz_dartsim_vendor:/opt/ros/jazzy/opt/gz_cmake_vendor:/opt/ros/jazzy DEBUGINFOD_URLS=https://debuginfod.ubuntu.com LD_LIBRARY_PATH=/home/zhang/self_project/arm_study_ws/install/robot_msgs/lib:${LD_LIBRARY_PATH} PYTHONPATH=/home/zhang/self_project/arm_study_ws/install/robot_msgs/lib/python3.12/site-packages:${PYTHONPATH} /usr/bin/cmake --install /home/zhang/self_project/arm_study_ws/build/robot_motion
