-- The C compiler identification is GNU 13.3.0
-- The CXX compiler identification is GNU 13.3.0
-- Detecting C compiler ABI info
-- Detecting C compiler ABI info - done
-- Check for working C compiler: /usr/bin/cc - skipped
-- Detecting C compile features
-- Detecting C compile features - done
-- Detecting CXX compiler ABI info
-- Detecting CXX compiler ABI info - done
-- Check for working CXX compiler: /usr/bin/c++ - skipped
-- Detecting CXX compile features
-- Detecting CXX compile features - done
-- Found ament_cmake: 2.5.6 (/opt/ros/jazzy/share/ament_cmake/cmake)
-- Found Python3: /usr/bin/python3 (found version "3.12.3") found components: Interpreter 
-- Found rclpy: 7.1.11 (/opt/ros/jazzy/share/rclpy/cmake)
-- Configuring done (2.0s)
-- Generating done (0.0s)
-- Build files have been written to: /home/zme/self_project/rebotArm_mujoco/build/rebot_description
-- Install configuration: ""
-- Installing: /home/zme/self_project/rebotArm_mujoco/install/rebot_description/lib/rebot_description/arm_mujoco_node.py
-- Installing: /home/zme/self_project/rebotArm_mujoco/install/rebot_description/share/rebot_description/urdf
-- Installing: /home/zme/self_project/rebotArm_mujoco/install/rebot_description/share/rebot_description/urdf/reBot-DevArm_fixend.urdf
-- Installing: /home/zme/self_project/rebotArm_mujoco/install/rebot_description/share/rebot_description/urdf/reBot_B601_DM_with_gripper.xml
-- Installing: /home/zme/self_project/rebotArm_mujoco/install/rebot_description/share/rebot_description/urdf/00-arm-rs_asm-v3.urdf
-- Installing: /home/zme/self_project/rebotArm_mujoco/install/rebot_description/share/rebot_description/urdf/meshes_b601_gripper
-- Installing: /home/zme/self_project/rebotArm_mujoco/install/rebot_description/share/rebot_description/urdf/meshes_b601_gripper/link3.STL
-- Installing: /home/zme/self_project/rebotArm_mujoco/install/rebot_description/share/rebot_description/urdf/meshes_b601_gripper/link1.STL
-- Installing: /home/zme/self_project/rebotArm_mujoco/install/rebot_description/share/rebot_description/urdf/meshes_b601_gripper/link2.STL
-- Installing: /home/zme/self_project/rebotArm_mujoco/install/rebot_description/share/rebot_description/urdf/meshes_b601_gripper/link4.STL
-- Installing: /home/zme/self_project/rebotArm_mujoco/install/rebot_description/share/rebot_description/urdf/meshes_b601_gripper/gripper_link.STL
-- Installing: /home/zme/self_project/rebotArm_mujoco/install/rebot_description/share/rebot_description/urdf/meshes_b601_gripper/link5.STL
-- Installing: /home/zme/self_project/rebotArm_mujoco/install/rebot_description/share/rebot_description/urdf/meshes_b601_gripper/link6.STL
-- Installing: /home/zme/self_project/rebotArm_mujoco/install/rebot_description/share/rebot_description/urdf/meshes_b601_gripper/base_link.STL
-- Installing: /home/zme/self_project/rebotArm_mujoco/install/rebot_description/share/rebot_description/urdf/meshes_b601_gripper/gripper_left.STL
-- Installing: /home/zme/self_project/rebotArm_mujoco/install/rebot_description/share/rebot_description/urdf/meshes_b601_gripper/gripper_right.STL
-- Installing: /home/zme/self_project/rebotArm_mujoco/install/rebot_description/share/rebot_description/urdf/meshes
-- Installing: /home/zme/self_project/rebotArm_mujoco/install/rebot_description/share/rebot_description/urdf/meshes/link5.stl
-- Installing: /home/zme/self_project/rebotArm_mujoco/install/rebot_description/share/rebot_description/urdf/meshes/link4.stl
-- Installing: /home/zme/self_project/rebotArm_mujoco/install/rebot_description/share/rebot_description/urdf/meshes/end_link.stl
-- Installing: /home/zme/self_project/rebotArm_mujoco/install/rebot_description/share/rebot_description/urdf/meshes/link1.stl
-- Installing: /home/zme/self_project/rebotArm_mujoco/install/rebot_description/share/rebot_description/urdf/meshes/base_link.stl
-- Installing: /home/zme/self_project/rebotArm_mujoco/install/rebot_description/share/rebot_description/urdf/meshes/link2.stl
-- Installing: /home/zme/self_project/rebotArm_mujoco/install/rebot_description/share/rebot_description/urdf/meshes/link6.stl
-- Installing: /home/zme/self_project/rebotArm_mujoco/install/rebot_description/share/rebot_description/urdf/meshes/link3.stl
-- Installing: /home/zme/self_project/rebotArm_mujoco/install/rebot_description/share/rebot_description/urdf/reBot_B601_DM_with_gripper.urdf
-- Installing: /home/zme/self_project/rebotArm_mujoco/install/rebot_description/share/rebot_description/urdf/meshes_rs
-- Installing: /home/zme/self_project/rebotArm_mujoco/install/rebot_description/share/rebot_description/urdf/meshes_rs/cnc_right.STL
-- Installing: /home/zme/self_project/rebotArm_mujoco/install/rebot_description/share/rebot_description/urdf/meshes_rs/link3.STL
-- Installing: /home/zme/self_project/rebotArm_mujoco/install/rebot_description/share/rebot_description/urdf/meshes_rs/gripper_end.STL
-- Installing: /home/zme/self_project/rebotArm_mujoco/install/rebot_description/share/rebot_description/urdf/meshes_rs/motor_2_3.STL
-- Installing: /home/zme/self_project/rebotArm_mujoco/install/rebot_description/share/rebot_description/urdf/meshes_rs/pla3_black.STL
-- Installing: /home/zme/self_project/rebotArm_mujoco/install/rebot_description/share/rebot_description/urdf/meshes_rs/cnc_left.STL
-- Installing: /home/zme/self_project/rebotArm_mujoco/install/rebot_description/share/rebot_description/urdf/meshes_rs/link1.STL
-- Installing: /home/zme/self_project/rebotArm_mujoco/install/rebot_description/share/rebot_description/urdf/meshes_rs/link2.STL
-- Installing: /home/zme/self_project/rebotArm_mujoco/install/rebot_description/share/rebot_description/urdf/meshes_rs/link4.STL
-- Installing: /home/zme/self_project/rebotArm_mujoco/install/rebot_description/share/rebot_description/urdf/meshes_rs/pla2_black.STL
-- Installing: /home/zme/self_project/rebotArm_mujoco/install/rebot_description/share/rebot_description/urdf/meshes_rs/pla_left.STL
-- Installing: /home/zme/self_project/rebotArm_mujoco/install/rebot_description/share/rebot_description/urdf/meshes_rs/link5.STL
-- Installing: /home/zme/self_project/rebotArm_mujoco/install/rebot_description/share/rebot_description/urdf/meshes_rs/link6.STL
-- Installing: /home/zme/self_project/rebotArm_mujoco/install/rebot_description/share/rebot_description/urdf/meshes_rs/pla3_green.STL
-- Installing: /home/zme/self_project/rebotArm_mujoco/install/rebot_description/share/rebot_description/urdf/meshes_rs/motor_4.STL
-- Installing: /home/zme/self_project/rebotArm_mujoco/install/rebot_description/share/rebot_description/urdf/meshes_rs/base_link.STL
-- Installing: /home/zme/self_project/rebotArm_mujoco/install/rebot_description/share/rebot_description/urdf/meshes_rs/pla7_green.STL
-- Installing: /home/zme/self_project/rebotArm_mujoco/install/rebot_description/share/rebot_description/urdf/meshes_rs/motor_5.STL
-- Installing: /home/zme/self_project/rebotArm_mujoco/install/rebot_description/share/rebot_description/urdf/meshes_rs/cnc3.STL
-- Installing: /home/zme/self_project/rebotArm_mujoco/install/rebot_description/share/rebot_description/urdf/meshes_rs/motor_6.STL
-- Installing: /home/zme/self_project/rebotArm_mujoco/install/rebot_description/share/rebot_description/urdf/meshes_rs/pla2_green.STL
-- Installing: /home/zme/self_project/rebotArm_mujoco/install/rebot_description/share/rebot_description/urdf/meshes_rs/cnc4.STL
-- Installing: /home/zme/self_project/rebotArm_mujoco/install/rebot_description/share/rebot_description/urdf/meshes_rs/motor_7.STL
-- Installing: /home/zme/self_project/rebotArm_mujoco/install/rebot_description/share/rebot_description/urdf/meshes_rs/cnc5.STL
-- Installing: /home/zme/self_project/rebotArm_mujoco/install/rebot_description/share/rebot_description/urdf/meshes_rs/pla5_green.STL
-- Installing: /home/zme/self_project/rebotArm_mujoco/install/rebot_description/share/rebot_description/urdf/meshes_rs/gripper_left.STL
-- Installing: /home/zme/self_project/rebotArm_mujoco/install/rebot_description/share/rebot_description/urdf/meshes_rs/cnc7.STL
-- Installing: /home/zme/self_project/rebotArm_mujoco/install/rebot_description/share/rebot_description/urdf/meshes_rs/pla_right.STL
-- Installing: /home/zme/self_project/rebotArm_mujoco/install/rebot_description/share/rebot_description/urdf/meshes_rs/gripper_right.STL
-- Installing: /home/zme/self_project/rebotArm_mujoco/install/rebot_description/share/rebot_description/urdf/meshes_rs/cnc2.STL
-- Installing: /home/zme/self_project/rebotArm_mujoco/install/rebot_description/share/rebot_description/urdf/reBot_DevArm_fixend.xml
-- Installing: /home/zme/self_project/rebotArm_mujoco/install/rebot_description/share/ament_index/resource_index/package_run_dependencies/rebot_description
-- Installing: /home/zme/self_project/rebotArm_mujoco/install/rebot_description/share/ament_index/resource_index/parent_prefix_path/rebot_description
-- Installing: /home/zme/self_project/rebotArm_mujoco/install/rebot_description/share/rebot_description/environment/ament_prefix_path.sh
-- Installing: /home/zme/self_project/rebotArm_mujoco/install/rebot_description/share/rebot_description/environment/ament_prefix_path.dsv
-- Installing: /home/zme/self_project/rebotArm_mujoco/install/rebot_description/share/rebot_description/environment/path.sh
-- Installing: /home/zme/self_project/rebotArm_mujoco/install/rebot_description/share/rebot_description/environment/path.dsv
-- Installing: /home/zme/self_project/rebotArm_mujoco/install/rebot_description/share/rebot_description/local_setup.bash
-- Installing: /home/zme/self_project/rebotArm_mujoco/install/rebot_description/share/rebot_description/local_setup.sh
-- Installing: /home/zme/self_project/rebotArm_mujoco/install/rebot_description/share/rebot_description/local_setup.zsh
-- Installing: /home/zme/self_project/rebotArm_mujoco/install/rebot_description/share/rebot_description/local_setup.dsv
-- Installing: /home/zme/self_project/rebotArm_mujoco/install/rebot_description/share/rebot_description/package.dsv
-- Installing: /home/zme/self_project/rebotArm_mujoco/install/rebot_description/share/ament_index/resource_index/packages/rebot_description
-- Installing: /home/zme/self_project/rebotArm_mujoco/install/rebot_description/share/rebot_description/cmake/rebot_descriptionConfig.cmake
-- Installing: /home/zme/self_project/rebotArm_mujoco/install/rebot_description/share/rebot_description/cmake/rebot_descriptionConfig-version.cmake
-- Installing: /home/zme/self_project/rebotArm_mujoco/install/rebot_description/share/rebot_description/package.xml
