[0.024s] Invoking command in '/home/zme/self_project/rebotArm_mujoco/build/rebot_description': CMAKE_PREFIX_PATH=${CMAKE_PREFIX_PATH}:/opt/ros/jazzy DEBUGINFOD_URLS=https://debuginfod.ubuntu.com /usr/bin/cmake /home/zme/self_project/rebotArm_mujoco/src/rebot_description -DCMAKE_INSTALL_PREFIX=/home/zme/self_project/rebotArm_mujoco/install/rebot_description
[0.179s] -- The C compiler identification is GNU 13.3.0
[0.370s] -- The CXX compiler identification is GNU 13.3.0
[0.485s] -- Detecting C compiler ABI info
[0.824s] -- Detecting C compiler ABI info - done
[0.856s] -- Check for working C compiler: /usr/bin/cc - skipped
[0.856s] -- Detecting C compile features
[0.859s] -- Detecting C compile features - done
[0.884s] -- Detecting CXX compiler ABI info
[1.164s] -- Detecting CXX compiler ABI info - done
[1.193s] -- Check for working CXX compiler: /usr/bin/c++ - skipped
[1.193s] -- Detecting CXX compile features
[1.195s] -- Detecting CXX compile features - done
[1.202s] -- Found ament_cmake: 2.5.6 (/opt/ros/jazzy/share/ament_cmake/cmake)
[1.586s] -- Found Python3: /usr/bin/python3 (found version "3.12.3") found components: Interpreter 
[1.839s] -- Found rclpy: 7.1.11 (/opt/ros/jazzy/share/rclpy/cmake)
[2.070s] -- Configuring done (2.0s)
[2.079s] -- Generating done (0.0s)
[2.083s] -- Build files have been written to: /home/zme/self_project/rebotArm_mujoco/build/rebot_description
[2.092s] Invoked command in '/home/zme/self_project/rebotArm_mujoco/build/rebot_description' returned '0': CMAKE_PREFIX_PATH=${CMAKE_PREFIX_PATH}:/opt/ros/jazzy DEBUGINFOD_URLS=https://debuginfod.ubuntu.com /usr/bin/cmake /home/zme/self_project/rebotArm_mujoco/src/rebot_description -DCMAKE_INSTALL_PREFIX=/home/zme/self_project/rebotArm_mujoco/install/rebot_description
[2.095s] Invoking command in '/home/zme/self_project/rebotArm_mujoco/build/rebot_description': CMAKE_PREFIX_PATH=${CMAKE_PREFIX_PATH}:/opt/ros/jazzy DEBUGINFOD_URLS=https://debuginfod.ubuntu.com /usr/bin/cmake --build /home/zme/self_project/rebotArm_mujoco/build/rebot_description -- -j8 -l8
[2.176s] Invoked command in '/home/zme/self_project/rebotArm_mujoco/build/rebot_description' returned '0': CMAKE_PREFIX_PATH=${CMAKE_PREFIX_PATH}:/opt/ros/jazzy DEBUGINFOD_URLS=https://debuginfod.ubuntu.com /usr/bin/cmake --build /home/zme/self_project/rebotArm_mujoco/build/rebot_description -- -j8 -l8
[2.193s] Invoking command in '/home/zme/self_project/rebotArm_mujoco/build/rebot_description': CMAKE_PREFIX_PATH=${CMAKE_PREFIX_PATH}:/opt/ros/jazzy DEBUGINFOD_URLS=https://debuginfod.ubuntu.com /usr/bin/cmake --install /home/zme/self_project/rebotArm_mujoco/build/rebot_description
[2.212s] -- Install configuration: ""
[2.212s] -- Installing: /home/zme/self_project/rebotArm_mujoco/install/rebot_description/lib/rebot_description/arm_mujoco_node.py
[2.212s] -- Installing: /home/zme/self_project/rebotArm_mujoco/install/rebot_description/share/rebot_description/urdf
[2.213s] -- Installing: /home/zme/self_project/rebotArm_mujoco/install/rebot_description/share/rebot_description/urdf/reBot-DevArm_fixend.urdf
[2.213s] -- Installing: /home/zme/self_project/rebotArm_mujoco/install/rebot_description/share/rebot_description/urdf/reBot_B601_DM_with_gripper.xml
[2.213s] -- Installing: /home/zme/self_project/rebotArm_mujoco/install/rebot_description/share/rebot_description/urdf/00-arm-rs_asm-v3.urdf
[2.214s] -- Installing: /home/zme/self_project/rebotArm_mujoco/install/rebot_description/share/rebot_description/urdf/meshes_b601_gripper
[2.214s] -- Installing: /home/zme/self_project/rebotArm_mujoco/install/rebot_description/share/rebot_description/urdf/meshes_b601_gripper/link3.STL
[2.219s] -- Installing: /home/zme/self_project/rebotArm_mujoco/install/rebot_description/share/rebot_description/urdf/meshes_b601_gripper/link1.STL
[2.220s] -- Installing: /home/zme/self_project/rebotArm_mujoco/install/rebot_description/share/rebot_description/urdf/meshes_b601_gripper/link2.STL
[2.230s] -- Installing: /home/zme/self_project/rebotArm_mujoco/install/rebot_description/share/rebot_description/urdf/meshes_b601_gripper/link4.STL
[2.234s] -- Installing: /home/zme/self_project/rebotArm_mujoco/install/rebot_description/share/rebot_description/urdf/meshes_b601_gripper/gripper_link.STL
[2.239s] -- Installing: /home/zme/self_project/rebotArm_mujoco/install/rebot_description/share/rebot_description/urdf/meshes_b601_gripper/link5.STL
[2.243s] -- Installing: /home/zme/self_project/rebotArm_mujoco/install/rebot_description/share/rebot_description/urdf/meshes_b601_gripper/link6.STL
[2.246s] -- Installing: /home/zme/self_project/rebotArm_mujoco/install/rebot_description/share/rebot_description/urdf/meshes_b601_gripper/base_link.STL
[2.253s] -- Installing: /home/zme/self_project/rebotArm_mujoco/install/rebot_description/share/rebot_description/urdf/meshes_b601_gripper/gripper_left.STL
[2.256s] -- Installing: /home/zme/self_project/rebotArm_mujoco/install/rebot_description/share/rebot_description/urdf/meshes_b601_gripper/gripper_right.STL
[2.259s] -- Installing: /home/zme/self_project/rebotArm_mujoco/install/rebot_description/share/rebot_description/urdf/meshes
[2.260s] -- Installing: /home/zme/self_project/rebotArm_mujoco/install/rebot_description/share/rebot_description/urdf/meshes/link5.stl
[2.263s] -- Installing: /home/zme/self_project/rebotArm_mujoco/install/rebot_description/share/rebot_description/urdf/meshes/link4.stl
[2.269s] -- Installing: /home/zme/self_project/rebotArm_mujoco/install/rebot_description/share/rebot_description/urdf/meshes/end_link.stl
[2.276s] -- Installing: /home/zme/self_project/rebotArm_mujoco/install/rebot_description/share/rebot_description/urdf/meshes/link1.stl
[2.277s] -- Installing: /home/zme/self_project/rebotArm_mujoco/install/rebot_description/share/rebot_description/urdf/meshes/base_link.stl
[2.283s] -- Installing: /home/zme/self_project/rebotArm_mujoco/install/rebot_description/share/rebot_description/urdf/meshes/link2.stl
[2.290s] -- Installing: /home/zme/self_project/rebotArm_mujoco/install/rebot_description/share/rebot_description/urdf/meshes/link6.stl
[2.293s] -- Installing: /home/zme/self_project/rebotArm_mujoco/install/rebot_description/share/rebot_description/urdf/meshes/link3.stl
[2.299s] -- Installing: /home/zme/self_project/rebotArm_mujoco/install/rebot_description/share/rebot_description/urdf/reBot_B601_DM_with_gripper.urdf
[2.300s] -- Installing: /home/zme/self_project/rebotArm_mujoco/install/rebot_description/share/rebot_description/urdf/meshes_rs
[2.301s] -- Installing: /home/zme/self_project/rebotArm_mujoco/install/rebot_description/share/rebot_description/urdf/meshes_rs/cnc_right.STL
[2.301s] -- Installing: /home/zme/self_project/rebotArm_mujoco/install/rebot_description/share/rebot_description/urdf/meshes_rs/link3.STL
[2.313s] -- Installing: /home/zme/self_project/rebotArm_mujoco/install/rebot_description/share/rebot_description/urdf/meshes_rs/gripper_end.STL
[2.319s] -- Installing: /home/zme/self_project/rebotArm_mujoco/install/rebot_description/share/rebot_description/urdf/meshes_rs/motor_2_3.STL
[2.327s] -- Installing: /home/zme/self_project/rebotArm_mujoco/install/rebot_description/share/rebot_description/urdf/meshes_rs/pla3_black.STL
[2.328s] -- Installing: /home/zme/self_project/rebotArm_mujoco/install/rebot_description/share/rebot_description/urdf/meshes_rs/cnc_left.STL
[2.328s] -- Installing: /home/zme/self_project/rebotArm_mujoco/install/rebot_description/share/rebot_description/urdf/meshes_rs/link1.STL
[2.331s] -- Installing: /home/zme/self_project/rebotArm_mujoco/install/rebot_description/share/rebot_description/urdf/meshes_rs/link2.STL
[2.342s] -- Installing: /home/zme/self_project/rebotArm_mujoco/install/rebot_description/share/rebot_description/urdf/meshes_rs/link4.STL
[2.349s] -- Installing: /home/zme/self_project/rebotArm_mujoco/install/rebot_description/share/rebot_description/urdf/meshes_rs/pla2_black.STL
[2.351s] -- Installing: /home/zme/self_project/rebotArm_mujoco/install/rebot_description/share/rebot_description/urdf/meshes_rs/pla_left.STL
[2.353s] -- Installing: /home/zme/self_project/rebotArm_mujoco/install/rebot_description/share/rebot_description/urdf/meshes_rs/link5.STL
[2.360s] -- Installing: /home/zme/self_project/rebotArm_mujoco/install/rebot_description/share/rebot_description/urdf/meshes_rs/link6.STL
[2.363s] -- Installing: /home/zme/self_project/rebotArm_mujoco/install/rebot_description/share/rebot_description/urdf/meshes_rs/pla3_green.STL
[2.363s] -- Installing: /home/zme/self_project/rebotArm_mujoco/install/rebot_description/share/rebot_description/urdf/meshes_rs/motor_4.STL
[2.372s] -- Installing: /home/zme/self_project/rebotArm_mujoco/install/rebot_description/share/rebot_description/urdf/meshes_rs/base_link.STL
[2.377s] -- Installing: /home/zme/self_project/rebotArm_mujoco/install/rebot_description/share/rebot_description/urdf/meshes_rs/pla7_green.STL
[2.378s] -- Installing: /home/zme/self_project/rebotArm_mujoco/install/rebot_description/share/rebot_description/urdf/meshes_rs/motor_5.STL
[2.384s] -- Installing: /home/zme/self_project/rebotArm_mujoco/install/rebot_description/share/rebot_description/urdf/meshes_rs/cnc3.STL
[2.388s] -- Installing: /home/zme/self_project/rebotArm_mujoco/install/rebot_description/share/rebot_description/urdf/meshes_rs/motor_6.STL
[2.393s] -- Installing: /home/zme/self_project/rebotArm_mujoco/install/rebot_description/share/rebot_description/urdf/meshes_rs/pla2_green.STL
[2.393s] -- Installing: /home/zme/self_project/rebotArm_mujoco/install/rebot_description/share/rebot_description/urdf/meshes_rs/cnc4.STL
[2.397s] -- Installing: /home/zme/self_project/rebotArm_mujoco/install/rebot_description/share/rebot_description/urdf/meshes_rs/motor_7.STL
[2.404s] -- Installing: /home/zme/self_project/rebotArm_mujoco/install/rebot_description/share/rebot_description/urdf/meshes_rs/cnc5.STL
[2.404s] -- Installing: /home/zme/self_project/rebotArm_mujoco/install/rebot_description/share/rebot_description/urdf/meshes_rs/pla5_green.STL
[2.405s] -- Installing: /home/zme/self_project/rebotArm_mujoco/install/rebot_description/share/rebot_description/urdf/meshes_rs/gripper_left.STL
[2.406s] -- Installing: /home/zme/self_project/rebotArm_mujoco/install/rebot_description/share/rebot_description/urdf/meshes_rs/cnc7.STL
[2.406s] -- Installing: /home/zme/self_project/rebotArm_mujoco/install/rebot_description/share/rebot_description/urdf/meshes_rs/pla_right.STL
[2.408s] -- Installing: /home/zme/self_project/rebotArm_mujoco/install/rebot_description/share/rebot_description/urdf/meshes_rs/gripper_right.STL
[2.409s] -- Installing: /home/zme/self_project/rebotArm_mujoco/install/rebot_description/share/rebot_description/urdf/meshes_rs/cnc2.STL
[2.411s] -- Installing: /home/zme/self_project/rebotArm_mujoco/install/rebot_description/share/rebot_description/urdf/reBot_DevArm_fixend.xml
[2.412s] -- Installing: /home/zme/self_project/rebotArm_mujoco/install/rebot_description/share/ament_index/resource_index/package_run_dependencies/rebot_description
[2.412s] -- Installing: /home/zme/self_project/rebotArm_mujoco/install/rebot_description/share/ament_index/resource_index/parent_prefix_path/rebot_description
[2.412s] -- Installing: /home/zme/self_project/rebotArm_mujoco/install/rebot_description/share/rebot_description/environment/ament_prefix_path.sh
[2.413s] -- Installing: /home/zme/self_project/rebotArm_mujoco/install/rebot_description/share/rebot_description/environment/ament_prefix_path.dsv
[2.413s] -- Installing: /home/zme/self_project/rebotArm_mujoco/install/rebot_description/share/rebot_description/environment/path.sh
[2.416s] -- Installing: /home/zme/self_project/rebotArm_mujoco/install/rebot_description/share/rebot_description/environment/path.dsv
[2.416s] -- Installing: /home/zme/self_project/rebotArm_mujoco/install/rebot_description/share/rebot_description/local_setup.bash
[2.417s] -- Installing: /home/zme/self_project/rebotArm_mujoco/install/rebot_description/share/rebot_description/local_setup.sh
[2.417s] -- Installing: /home/zme/self_project/rebotArm_mujoco/install/rebot_description/share/rebot_description/local_setup.zsh
[2.417s] -- Installing: /home/zme/self_project/rebotArm_mujoco/install/rebot_description/share/rebot_description/local_setup.dsv
[2.417s] -- Installing: /home/zme/self_project/rebotArm_mujoco/install/rebot_description/share/rebot_description/package.dsv
[2.418s] -- Installing: /home/zme/self_project/rebotArm_mujoco/install/rebot_description/share/ament_index/resource_index/packages/rebot_description
[2.418s] -- Installing: /home/zme/self_project/rebotArm_mujoco/install/rebot_description/share/rebot_description/cmake/rebot_descriptionConfig.cmake
[2.419s] -- Installing: /home/zme/self_project/rebotArm_mujoco/install/rebot_description/share/rebot_description/cmake/rebot_descriptionConfig-version.cmake
[2.419s] -- Installing: /home/zme/self_project/rebotArm_mujoco/install/rebot_description/share/rebot_description/package.xml
[2.420s] Invoked command in '/home/zme/self_project/rebotArm_mujoco/build/rebot_description' returned '0': CMAKE_PREFIX_PATH=${CMAKE_PREFIX_PATH}:/opt/ros/jazzy DEBUGINFOD_URLS=https://debuginfod.ubuntu.com /usr/bin/cmake --install /home/zme/self_project/rebotArm_mujoco/build/rebot_description
