[0.269s] DEBUG:colcon:Command line arguments: ['/usr/bin/colcon', 'build']
[0.269s] DEBUG:colcon:Parsed command line arguments: Namespace(log_base=None, log_level=None, verb_name='build', build_base='build', install_base='install', merge_install=False, symlink_install=False, test_result_base=None, continue_on_error=False, executor='parallel', parallel_workers=8, event_handlers=None, ignore_user_meta=False, metas=['./colcon.meta'], base_paths=['.'], packages_ignore=None, packages_ignore_regex=None, paths=None, packages_up_to=None, packages_up_to_regex=None, packages_above=None, packages_above_and_dependencies=None, packages_above_depth=None, packages_select_by_dep=None, packages_skip_by_dep=None, packages_skip_up_to=None, packages_select_build_failed=False, packages_skip_build_finished=False, packages_select_test_failures=False, packages_skip_test_passed=False, packages_select=None, packages_skip=None, packages_select_regex=None, packages_skip_regex=None, packages_start=None, packages_end=None, allow_overriding=[], cmake_args=None, cmake_target=None, cmake_target_skip_unavailable=False, cmake_clean_cache=False, cmake_clean_first=False, cmake_force_configure=False, ament_cmake_args=None, catkin_cmake_args=None, catkin_skip_building_tests=False, verb_parser=<colcon_defaults.argument_parser.defaults.DefaultArgumentsDecorator object at 0x73b76dd79fa0>, verb_extension=<colcon_core.verb.build.BuildVerb object at 0x73b76dd79df0>, main=<bound method BuildVerb.main of <colcon_core.verb.build.BuildVerb object at 0x73b76dd79df0>>)
[0.357s] Level 1:colcon.colcon_core.package_discovery:discover_packages(colcon_meta) check parameters
[0.358s] Level 1:colcon.colcon_core.package_discovery:discover_packages(recursive) check parameters
[0.358s] Level 1:colcon.colcon_core.package_discovery:discover_packages(ignore) check parameters
[0.358s] Level 1:colcon.colcon_core.package_discovery:discover_packages(path) check parameters
[0.358s] Level 1:colcon.colcon_core.package_discovery:discover_packages(colcon_meta) discover
[0.358s] Level 1:colcon.colcon_core.package_discovery:discover_packages(recursive) discover
[0.358s] INFO:colcon.colcon_core.package_discovery:Crawling recursively for packages in '/home/zme/self_project/rebotArm_mujoco'
[0.358s] Level 1:colcon.colcon_core.package_identification:_identify(.) by extensions ['ignore', 'ignore_ament_install']
[0.358s] Level 1:colcon.colcon_core.package_identification:_identify(.) by extension 'ignore'
[0.359s] Level 1:colcon.colcon_core.package_identification:_identify(.) by extension 'ignore_ament_install'
[0.359s] Level 1:colcon.colcon_core.package_identification:_identify(.) by extensions ['colcon_pkg']
[0.359s] Level 1:colcon.colcon_core.package_identification:_identify(.) by extension 'colcon_pkg'
[0.359s] Level 1:colcon.colcon_core.package_identification:_identify(.) by extensions ['colcon_meta']
[0.359s] Level 1:colcon.colcon_core.package_identification:_identify(.) by extension 'colcon_meta'
[0.359s] Level 1:colcon.colcon_core.package_identification:_identify(.) by extensions ['ros']
[0.359s] Level 1:colcon.colcon_core.package_identification:_identify(.) by extension 'ros'
[0.417s] Level 1:colcon.colcon_core.package_identification:_identify(.) by extensions ['cmake', 'python']
[0.417s] Level 1:colcon.colcon_core.package_identification:_identify(.) by extension 'cmake'
[0.417s] Level 1:colcon.colcon_core.package_identification:_identify(.) by extension 'python'
[0.417s] Level 1:colcon.colcon_core.package_identification:_identify(.) by extensions ['python_setup_py']
[0.417s] Level 1:colcon.colcon_core.package_identification:_identify(.) by extension 'python_setup_py'
[0.418s] Level 1:colcon.colcon_core.package_identification:_identify(build) by extensions ['ignore', 'ignore_ament_install']
[0.418s] Level 1:colcon.colcon_core.package_identification:_identify(build) by extension 'ignore'
[0.418s] Level 1:colcon.colcon_core.package_identification:_identify(build) ignored
[0.418s] Level 1:colcon.colcon_core.package_identification:_identify(install) by extensions ['ignore', 'ignore_ament_install']
[0.418s] Level 1:colcon.colcon_core.package_identification:_identify(install) by extension 'ignore'
[0.419s] Level 1:colcon.colcon_core.package_identification:_identify(install) ignored
[0.419s] Level 1:colcon.colcon_core.package_identification:_identify(log) by extensions ['ignore', 'ignore_ament_install']
[0.419s] Level 1:colcon.colcon_core.package_identification:_identify(log) by extension 'ignore'
[0.419s] Level 1:colcon.colcon_core.package_identification:_identify(log) ignored
[0.419s] Level 1:colcon.colcon_core.package_identification:_identify(src) by extensions ['ignore', 'ignore_ament_install']
[0.419s] Level 1:colcon.colcon_core.package_identification:_identify(src) by extension 'ignore'
[0.420s] Level 1:colcon.colcon_core.package_identification:_identify(src) by extension 'ignore_ament_install'
[0.420s] Level 1:colcon.colcon_core.package_identification:_identify(src) by extensions ['colcon_pkg']
[0.420s] Level 1:colcon.colcon_core.package_identification:_identify(src) by extension 'colcon_pkg'
[0.420s] Level 1:colcon.colcon_core.package_identification:_identify(src) by extensions ['colcon_meta']
[0.420s] Level 1:colcon.colcon_core.package_identification:_identify(src) by extension 'colcon_meta'
[0.420s] Level 1:colcon.colcon_core.package_identification:_identify(src) by extensions ['ros']
[0.420s] Level 1:colcon.colcon_core.package_identification:_identify(src) by extension 'ros'
[0.421s] Level 1:colcon.colcon_core.package_identification:_identify(src) by extensions ['cmake', 'python']
[0.421s] Level 1:colcon.colcon_core.package_identification:_identify(src) by extension 'cmake'
[0.421s] Level 1:colcon.colcon_core.package_identification:_identify(src) by extension 'python'
[0.421s] Level 1:colcon.colcon_core.package_identification:_identify(src) by extensions ['python_setup_py']
[0.421s] Level 1:colcon.colcon_core.package_identification:_identify(src) by extension 'python_setup_py'
[0.421s] Level 1:colcon.colcon_core.package_identification:_identify(src/rebot_description) by extensions ['ignore', 'ignore_ament_install']
[0.421s] Level 1:colcon.colcon_core.package_identification:_identify(src/rebot_description) by extension 'ignore'
[0.422s] Level 1:colcon.colcon_core.package_identification:_identify(src/rebot_description) by extension 'ignore_ament_install'
[0.422s] Level 1:colcon.colcon_core.package_identification:_identify(src/rebot_description) by extensions ['colcon_pkg']
[0.422s] Level 1:colcon.colcon_core.package_identification:_identify(src/rebot_description) by extension 'colcon_pkg'
[0.422s] Level 1:colcon.colcon_core.package_identification:_identify(src/rebot_description) by extensions ['colcon_meta']
[0.422s] Level 1:colcon.colcon_core.package_identification:_identify(src/rebot_description) by extension 'colcon_meta'
[0.422s] Level 1:colcon.colcon_core.package_identification:_identify(src/rebot_description) by extensions ['ros']
[0.422s] Level 1:colcon.colcon_core.package_identification:_identify(src/rebot_description) by extension 'ros'
[0.433s] DEBUG:colcon.colcon_core.package_identification:Package 'src/rebot_description' with type 'ros.ament_cmake' and name 'rebot_description'
[0.434s] Level 1:colcon.colcon_core.package_identification:_identify(src/robot_motion) by extensions ['ignore', 'ignore_ament_install']
[0.434s] Level 1:colcon.colcon_core.package_identification:_identify(src/robot_motion) by extension 'ignore'
[0.434s] Level 1:colcon.colcon_core.package_identification:_identify(src/robot_motion) by extension 'ignore_ament_install'
[0.434s] Level 1:colcon.colcon_core.package_identification:_identify(src/robot_motion) by extensions ['colcon_pkg']
[0.434s] Level 1:colcon.colcon_core.package_identification:_identify(src/robot_motion) by extension 'colcon_pkg'
[0.434s] Level 1:colcon.colcon_core.package_identification:_identify(src/robot_motion) by extensions ['colcon_meta']
[0.434s] Level 1:colcon.colcon_core.package_identification:_identify(src/robot_motion) by extension 'colcon_meta'
[0.434s] Level 1:colcon.colcon_core.package_identification:_identify(src/robot_motion) by extensions ['ros']
[0.435s] Level 1:colcon.colcon_core.package_identification:_identify(src/robot_motion) by extension 'ros'
[0.436s] DEBUG:colcon.colcon_core.package_identification:Package 'src/robot_motion' with type 'ros.ament_cmake' and name 'robot_motion'
[0.436s] Level 1:colcon.colcon_core.package_identification:_identify(src/robot_msgs) by extensions ['ignore', 'ignore_ament_install']
[0.436s] Level 1:colcon.colcon_core.package_identification:_identify(src/robot_msgs) by extension 'ignore'
[0.437s] Level 1:colcon.colcon_core.package_identification:_identify(src/robot_msgs) by extension 'ignore_ament_install'
[0.437s] Level 1:colcon.colcon_core.package_identification:_identify(src/robot_msgs) by extensions ['colcon_pkg']
[0.437s] Level 1:colcon.colcon_core.package_identification:_identify(src/robot_msgs) by extension 'colcon_pkg'
[0.437s] Level 1:colcon.colcon_core.package_identification:_identify(src/robot_msgs) by extensions ['colcon_meta']
[0.437s] Level 1:colcon.colcon_core.package_identification:_identify(src/robot_msgs) by extension 'colcon_meta'
[0.437s] Level 1:colcon.colcon_core.package_identification:_identify(src/robot_msgs) by extensions ['ros']
[0.437s] Level 1:colcon.colcon_core.package_identification:_identify(src/robot_msgs) by extension 'ros'
[0.438s] DEBUG:colcon.colcon_core.package_identification:Package 'src/robot_msgs' with type 'ros.ament_cmake' and name 'robot_msgs'
[0.438s] Level 1:colcon.colcon_core.package_identification:_identify(src/test_control) by extensions ['ignore', 'ignore_ament_install']
[0.439s] Level 1:colcon.colcon_core.package_identification:_identify(src/test_control) by extension 'ignore'
[0.439s] Level 1:colcon.colcon_core.package_identification:_identify(src/test_control) by extension 'ignore_ament_install'
[0.439s] Level 1:colcon.colcon_core.package_identification:_identify(src/test_control) by extensions ['colcon_pkg']
[0.439s] Level 1:colcon.colcon_core.package_identification:_identify(src/test_control) by extension 'colcon_pkg'
[0.439s] Level 1:colcon.colcon_core.package_identification:_identify(src/test_control) by extensions ['colcon_meta']
[0.439s] Level 1:colcon.colcon_core.package_identification:_identify(src/test_control) by extension 'colcon_meta'
[0.439s] Level 1:colcon.colcon_core.package_identification:_identify(src/test_control) by extensions ['ros']
[0.439s] Level 1:colcon.colcon_core.package_identification:_identify(src/test_control) by extension 'ros'
[0.442s] DEBUG:colcon.colcon_core.package_identification:Package 'src/test_control' with type 'ros.ament_cmake' and name 'test_control'
[0.442s] Level 1:colcon.colcon_core.package_discovery:discover_packages(recursive) using defaults
[0.442s] Level 1:colcon.colcon_core.package_discovery:discover_packages(ignore) discover
[0.442s] Level 1:colcon.colcon_core.package_discovery:discover_packages(ignore) using defaults
[0.442s] Level 1:colcon.colcon_core.package_discovery:discover_packages(path) discover
[0.442s] Level 1:colcon.colcon_core.package_discovery:discover_packages(path) using defaults
[0.489s] Level 1:colcon.colcon_core.package_discovery:discover_packages(prefix_path) check parameters
[0.489s] Level 1:colcon.colcon_core.package_discovery:discover_packages(prefix_path) discover
[0.500s] DEBUG:colcon.colcon_installed_package_information.package_discovery:Found 385 installed packages in /opt/ros/jazzy
[0.503s] Level 1:colcon.colcon_core.package_discovery:discover_packages(prefix_path) using defaults
[0.653s] Level 5:colcon.colcon_core.verb:set package 'rebot_description' build argument 'cmake_args' from command line to 'None'
[0.653s] Level 5:colcon.colcon_core.verb:set package 'rebot_description' build argument 'cmake_target' from command line to 'None'
[0.654s] Level 5:colcon.colcon_core.verb:set package 'rebot_description' build argument 'cmake_target_skip_unavailable' from command line to 'False'
[0.654s] Level 5:colcon.colcon_core.verb:set package 'rebot_description' build argument 'cmake_clean_cache' from command line to 'False'
[0.654s] Level 5:colcon.colcon_core.verb:set package 'rebot_description' build argument 'cmake_clean_first' from command line to 'False'
[0.654s] Level 5:colcon.colcon_core.verb:set package 'rebot_description' build argument 'cmake_force_configure' from command line to 'False'
[0.654s] Level 5:colcon.colcon_core.verb:set package 'rebot_description' build argument 'ament_cmake_args' from command line to 'None'
[0.654s] Level 5:colcon.colcon_core.verb:set package 'rebot_description' build argument 'catkin_cmake_args' from command line to 'None'
[0.654s] Level 5:colcon.colcon_core.verb:set package 'rebot_description' build argument 'catkin_skip_building_tests' from command line to 'False'
[0.654s] DEBUG:colcon.colcon_core.verb:Building package 'rebot_description' with the following arguments: {'ament_cmake_args': None, 'build_base': '/home/zme/self_project/rebotArm_mujoco/build/rebot_description', 'catkin_cmake_args': None, 'catkin_skip_building_tests': False, 'cmake_args': None, 'cmake_clean_cache': False, 'cmake_clean_first': False, 'cmake_force_configure': False, 'cmake_target': None, 'cmake_target_skip_unavailable': False, 'install_base': '/home/zme/self_project/rebotArm_mujoco/install/rebot_description', 'merge_install': False, 'path': '/home/zme/self_project/rebotArm_mujoco/src/rebot_description', 'symlink_install': False, 'test_result_base': None}
[0.655s] Level 5:colcon.colcon_core.verb:set package 'robot_msgs' build argument 'cmake_args' from command line to 'None'
[0.655s] Level 5:colcon.colcon_core.verb:set package 'robot_msgs' build argument 'cmake_target' from command line to 'None'
[0.655s] Level 5:colcon.colcon_core.verb:set package 'robot_msgs' build argument 'cmake_target_skip_unavailable' from command line to 'False'
[0.656s] Level 5:colcon.colcon_core.verb:set package 'robot_msgs' build argument 'cmake_clean_cache' from command line to 'False'
[0.656s] Level 5:colcon.colcon_core.verb:set package 'robot_msgs' build argument 'cmake_clean_first' from command line to 'False'
[0.656s] Level 5:colcon.colcon_core.verb:set package 'robot_msgs' build argument 'cmake_force_configure' from command line to 'False'
[0.656s] Level 5:colcon.colcon_core.verb:set package 'robot_msgs' build argument 'ament_cmake_args' from command line to 'None'
[0.656s] Level 5:colcon.colcon_core.verb:set package 'robot_msgs' build argument 'catkin_cmake_args' from command line to 'None'
[0.656s] Level 5:colcon.colcon_core.verb:set package 'robot_msgs' build argument 'catkin_skip_building_tests' from command line to 'False'
[0.656s] DEBUG:colcon.colcon_core.verb:Building package 'robot_msgs' with the following arguments: {'ament_cmake_args': None, 'build_base': '/home/zme/self_project/rebotArm_mujoco/build/robot_msgs', 'catkin_cmake_args': None, 'catkin_skip_building_tests': False, 'cmake_args': None, 'cmake_clean_cache': False, 'cmake_clean_first': False, 'cmake_force_configure': False, 'cmake_target': None, 'cmake_target_skip_unavailable': False, 'install_base': '/home/zme/self_project/rebotArm_mujoco/install/robot_msgs', 'merge_install': False, 'path': '/home/zme/self_project/rebotArm_mujoco/src/robot_msgs', 'symlink_install': False, 'test_result_base': None}
[0.657s] Level 5:colcon.colcon_core.verb:set package 'robot_motion' build argument 'cmake_args' from command line to 'None'
[0.657s] Level 5:colcon.colcon_core.verb:set package 'robot_motion' build argument 'cmake_target' from command line to 'None'
[0.657s] Level 5:colcon.colcon_core.verb:set package 'robot_motion' build argument 'cmake_target_skip_unavailable' from command line to 'False'
[0.657s] Level 5:colcon.colcon_core.verb:set package 'robot_motion' build argument 'cmake_clean_cache' from command line to 'False'
[0.657s] Level 5:colcon.colcon_core.verb:set package 'robot_motion' build argument 'cmake_clean_first' from command line to 'False'
[0.657s] Level 5:colcon.colcon_core.verb:set package 'robot_motion' build argument 'cmake_force_configure' from command line to 'False'
[0.657s] Level 5:colcon.colcon_core.verb:set package 'robot_motion' build argument 'ament_cmake_args' from command line to 'None'
[0.657s] Level 5:colcon.colcon_core.verb:set package 'robot_motion' build argument 'catkin_cmake_args' from command line to 'None'
[0.658s] Level 5:colcon.colcon_core.verb:set package 'robot_motion' build argument 'catkin_skip_building_tests' from command line to 'False'
[0.658s] DEBUG:colcon.colcon_core.verb:Building package 'robot_motion' with the following arguments: {'ament_cmake_args': None, 'build_base': '/home/zme/self_project/rebotArm_mujoco/build/robot_motion', 'catkin_cmake_args': None, 'catkin_skip_building_tests': False, 'cmake_args': None, 'cmake_clean_cache': False, 'cmake_clean_first': False, 'cmake_force_configure': False, 'cmake_target': None, 'cmake_target_skip_unavailable': False, 'install_base': '/home/zme/self_project/rebotArm_mujoco/install/robot_motion', 'merge_install': False, 'path': '/home/zme/self_project/rebotArm_mujoco/src/robot_motion', 'symlink_install': False, 'test_result_base': None}
[0.658s] Level 5:colcon.colcon_core.verb:set package 'test_control' build argument 'cmake_args' from command line to 'None'
[0.659s] Level 5:colcon.colcon_core.verb:set package 'test_control' build argument 'cmake_target' from command line to 'None'
[0.659s] Level 5:colcon.colcon_core.verb:set package 'test_control' build argument 'cmake_target_skip_unavailable' from command line to 'False'
[0.659s] Level 5:colcon.colcon_core.verb:set package 'test_control' build argument 'cmake_clean_cache' from command line to 'False'
[0.659s] Level 5:colcon.colcon_core.verb:set package 'test_control' build argument 'cmake_clean_first' from command line to 'False'
[0.659s] Level 5:colcon.colcon_core.verb:set package 'test_control' build argument 'cmake_force_configure' from command line to 'False'
[0.659s] Level 5:colcon.colcon_core.verb:set package 'test_control' build argument 'ament_cmake_args' from command line to 'None'
[0.659s] Level 5:colcon.colcon_core.verb:set package 'test_control' build argument 'catkin_cmake_args' from command line to 'None'
[0.659s] Level 5:colcon.colcon_core.verb:set package 'test_control' build argument 'catkin_skip_building_tests' from command line to 'False'
[0.659s] DEBUG:colcon.colcon_core.verb:Building package 'test_control' with the following arguments: {'ament_cmake_args': None, 'build_base': '/home/zme/self_project/rebotArm_mujoco/build/test_control', 'catkin_cmake_args': None, 'catkin_skip_building_tests': False, 'cmake_args': None, 'cmake_clean_cache': False, 'cmake_clean_first': False, 'cmake_force_configure': False, 'cmake_target': None, 'cmake_target_skip_unavailable': False, 'install_base': '/home/zme/self_project/rebotArm_mujoco/install/test_control', 'merge_install': False, 'path': '/home/zme/self_project/rebotArm_mujoco/src/test_control', 'symlink_install': False, 'test_result_base': None}
[0.659s] INFO:colcon.colcon_core.executor:Executing jobs using 'parallel' executor
[0.661s] DEBUG:colcon.colcon_parallel_executor.executor.parallel:run_until_complete
[0.662s] INFO:colcon.colcon_ros.task.ament_cmake.build:Building ROS package in '/home/zme/self_project/rebotArm_mujoco/src/robot_msgs' with build type 'ament_cmake'
[0.662s] INFO:colcon.colcon_cmake.task.cmake.build:Building CMake package in '/home/zme/self_project/rebotArm_mujoco/src/robot_msgs'
[0.667s] INFO:colcon.colcon_core.plugin_system:Skipping extension 'colcon_core.shell.bat': Not used on non-Windows systems
[0.667s] INFO:colcon.colcon_core.shell:Skip shell extension 'powershell' for command environment: Not usable outside of PowerShell
[0.667s] DEBUG:colcon.colcon_core.shell:Skip shell extension 'dsv' for command environment
[0.675s] INFO:colcon.colcon_ros.task.ament_cmake.build:Building ROS package in '/home/zme/self_project/rebotArm_mujoco/src/rebot_description' with build type 'ament_cmake'
[0.675s] INFO:colcon.colcon_cmake.task.cmake.build:Building CMake package in '/home/zme/self_project/rebotArm_mujoco/src/rebot_description'
[0.676s] INFO:colcon.colcon_core.shell:Skip shell extension 'powershell' for command environment: Not usable outside of PowerShell
[0.676s] DEBUG:colcon.colcon_core.shell:Skip shell extension 'dsv' for command environment
[0.695s] DEBUG:colcon.colcon_core.event_handler.log_command:Invoking command in '/home/zme/self_project/rebotArm_mujoco/build/robot_msgs': CMAKE_PREFIX_PATH=${CMAKE_PREFIX_PATH}:/opt/ros/jazzy DEBUGINFOD_URLS=https://debuginfod.ubuntu.com /usr/bin/cmake --build /home/zme/self_project/rebotArm_mujoco/build/robot_msgs -- -j8 -l8
[0.703s] DEBUG:colcon.colcon_core.event_handler.log_command:Invoking command in '/home/zme/self_project/rebotArm_mujoco/build/rebot_description': CMAKE_PREFIX_PATH=${CMAKE_PREFIX_PATH}:/opt/ros/jazzy DEBUGINFOD_URLS=https://debuginfod.ubuntu.com /usr/bin/cmake --build /home/zme/self_project/rebotArm_mujoco/build/rebot_description -- -j8 -l8
[0.798s] DEBUG:colcon.colcon_core.event_handler.log_command:Invoked command in '/home/zme/self_project/rebotArm_mujoco/build/rebot_description' returned '0': CMAKE_PREFIX_PATH=${CMAKE_PREFIX_PATH}:/opt/ros/jazzy DEBUGINFOD_URLS=https://debuginfod.ubuntu.com /usr/bin/cmake --build /home/zme/self_project/rebotArm_mujoco/build/rebot_description -- -j8 -l8
[0.833s] DEBUG:colcon.colcon_core.event_handler.log_command:Invoking command in '/home/zme/self_project/rebotArm_mujoco/build/rebot_description': CMAKE_PREFIX_PATH=${CMAKE_PREFIX_PATH}:/opt/ros/jazzy DEBUGINFOD_URLS=https://debuginfod.ubuntu.com /usr/bin/cmake --install /home/zme/self_project/rebotArm_mujoco/build/rebot_description
[0.874s] Level 1:colcon.colcon_core.environment:create_environment_scripts_only(rebot_description)
[0.885s] Level 1:colcon.colcon_core.environment:checking '/home/zme/self_project/rebotArm_mujoco/install/rebot_description' for CMake module files
[0.892s] Level 1:colcon.colcon_core.environment:checking '/home/zme/self_project/rebotArm_mujoco/install/rebot_description' for CMake config files
[0.893s] Level 1:colcon.colcon_core.shell:create_environment_hook('rebot_description', 'cmake_prefix_path')
[0.894s] INFO:colcon.colcon_core.shell:Creating environment hook '/home/zme/self_project/rebotArm_mujoco/install/rebot_description/share/rebot_description/hook/cmake_prefix_path.ps1'
[0.897s] INFO:colcon.colcon_core.shell:Creating environment descriptor '/home/zme/self_project/rebotArm_mujoco/install/rebot_description/share/rebot_description/hook/cmake_prefix_path.dsv'
[0.898s] INFO:colcon.colcon_core.shell:Creating environment hook '/home/zme/self_project/rebotArm_mujoco/install/rebot_description/share/rebot_description/hook/cmake_prefix_path.sh'
[0.901s] Level 1:colcon.colcon_core.environment:checking '/home/zme/self_project/rebotArm_mujoco/install/rebot_description/lib'
[0.902s] Level 1:colcon.colcon_core.environment:checking '/home/zme/self_project/rebotArm_mujoco/install/rebot_description/bin'
[0.902s] Level 1:colcon.colcon_core.environment:checking '/home/zme/self_project/rebotArm_mujoco/install/rebot_description/lib/pkgconfig/rebot_description.pc'
[0.903s] Level 1:colcon.colcon_core.environment:checking '/home/zme/self_project/rebotArm_mujoco/install/rebot_description/lib/python3.12/site-packages'
[0.904s] Level 1:colcon.colcon_core.environment:checking '/home/zme/self_project/rebotArm_mujoco/install/rebot_description/bin'
[0.912s] INFO:colcon.colcon_core.shell:Creating package script '/home/zme/self_project/rebotArm_mujoco/install/rebot_description/share/rebot_description/package.ps1'
[0.916s] INFO:colcon.colcon_core.shell:Creating package descriptor '/home/zme/self_project/rebotArm_mujoco/install/rebot_description/share/rebot_description/package.dsv'
[0.918s] INFO:colcon.colcon_core.shell:Creating package script '/home/zme/self_project/rebotArm_mujoco/install/rebot_description/share/rebot_description/package.sh'
[0.922s] DEBUG:colcon.colcon_core.event_handler.log_command:Invoked command in '/home/zme/self_project/rebotArm_mujoco/build/rebot_description' returned '0': CMAKE_PREFIX_PATH=${CMAKE_PREFIX_PATH}:/opt/ros/jazzy DEBUGINFOD_URLS=https://debuginfod.ubuntu.com /usr/bin/cmake --install /home/zme/self_project/rebotArm_mujoco/build/rebot_description
[0.924s] INFO:colcon.colcon_core.shell:Creating package script '/home/zme/self_project/rebotArm_mujoco/install/rebot_description/share/rebot_description/package.bash'
[0.928s] INFO:colcon.colcon_core.shell:Creating package script '/home/zme/self_project/rebotArm_mujoco/install/rebot_description/share/rebot_description/package.zsh'
[0.933s] Level 1:colcon.colcon_core.environment:create_file_with_runtime_dependencies(/home/zme/self_project/rebotArm_mujoco/install/rebot_description/share/colcon-core/packages/rebot_description)
[0.938s] Level 1:colcon.colcon_core.environment:create_environment_scripts_only(rebot_description)
[0.938s] Level 1:colcon.colcon_core.environment:checking '/home/zme/self_project/rebotArm_mujoco/install/rebot_description' for CMake module files
[0.940s] Level 1:colcon.colcon_core.environment:checking '/home/zme/self_project/rebotArm_mujoco/install/rebot_description' for CMake config files
[0.941s] Level 1:colcon.colcon_core.shell:create_environment_hook('rebot_description', 'cmake_prefix_path')
[0.942s] INFO:colcon.colcon_core.shell:Creating environment hook '/home/zme/self_project/rebotArm_mujoco/install/rebot_description/share/rebot_description/hook/cmake_prefix_path.ps1'
[0.944s] INFO:colcon.colcon_core.shell:Creating environment descriptor '/home/zme/self_project/rebotArm_mujoco/install/rebot_description/share/rebot_description/hook/cmake_prefix_path.dsv'
[0.945s] INFO:colcon.colcon_core.shell:Creating environment hook '/home/zme/self_project/rebotArm_mujoco/install/rebot_description/share/rebot_description/hook/cmake_prefix_path.sh'
[0.947s] Level 1:colcon.colcon_core.environment:checking '/home/zme/self_project/rebotArm_mujoco/install/rebot_description/lib'
[0.947s] Level 1:colcon.colcon_core.environment:checking '/home/zme/self_project/rebotArm_mujoco/install/rebot_description/bin'
[0.948s] Level 1:colcon.colcon_core.environment:checking '/home/zme/self_project/rebotArm_mujoco/install/rebot_description/lib/pkgconfig/rebot_description.pc'
[0.948s] Level 1:colcon.colcon_core.environment:checking '/home/zme/self_project/rebotArm_mujoco/install/rebot_description/lib/python3.12/site-packages'
[0.950s] Level 1:colcon.colcon_core.environment:checking '/home/zme/self_project/rebotArm_mujoco/install/rebot_description/bin'
[0.951s] INFO:colcon.colcon_core.shell:Creating package script '/home/zme/self_project/rebotArm_mujoco/install/rebot_description/share/rebot_description/package.ps1'
[0.953s] INFO:colcon.colcon_core.shell:Creating package descriptor '/home/zme/self_project/rebotArm_mujoco/install/rebot_description/share/rebot_description/package.dsv'
[0.955s] INFO:colcon.colcon_core.shell:Creating package script '/home/zme/self_project/rebotArm_mujoco/install/rebot_description/share/rebot_description/package.sh'
[0.957s] INFO:colcon.colcon_core.shell:Creating package script '/home/zme/self_project/rebotArm_mujoco/install/rebot_description/share/rebot_description/package.bash'
[0.958s] INFO:colcon.colcon_core.shell:Creating package script '/home/zme/self_project/rebotArm_mujoco/install/rebot_description/share/rebot_description/package.zsh'
[0.960s] Level 1:colcon.colcon_core.environment:create_file_with_runtime_dependencies(/home/zme/self_project/rebotArm_mujoco/install/rebot_description/share/colcon-core/packages/rebot_description)
[2.080s] DEBUG:colcon.colcon_core.event_handler.log_command:Invoked command in '/home/zme/self_project/rebotArm_mujoco/build/robot_msgs' returned '0': CMAKE_PREFIX_PATH=${CMAKE_PREFIX_PATH}:/opt/ros/jazzy DEBUGINFOD_URLS=https://debuginfod.ubuntu.com /usr/bin/cmake --build /home/zme/self_project/rebotArm_mujoco/build/robot_msgs -- -j8 -l8
[2.082s] DEBUG:colcon.colcon_core.event_handler.log_command:Invoking command in '/home/zme/self_project/rebotArm_mujoco/build/robot_msgs': CMAKE_PREFIX_PATH=${CMAKE_PREFIX_PATH}:/opt/ros/jazzy DEBUGINFOD_URLS=https://debuginfod.ubuntu.com /usr/bin/cmake --install /home/zme/self_project/rebotArm_mujoco/build/robot_msgs
[2.230s] Level 1:colcon.colcon_core.environment:create_environment_scripts_only(robot_msgs)
[2.230s] Level 1:colcon.colcon_core.environment:checking '/home/zme/self_project/rebotArm_mujoco/install/robot_msgs' for CMake module files
[2.234s] Level 1:colcon.colcon_core.environment:checking '/home/zme/self_project/rebotArm_mujoco/install/robot_msgs' for CMake config files
[2.238s] Level 1:colcon.colcon_core.shell:create_environment_hook('robot_msgs', 'cmake_prefix_path')
[2.239s] INFO:colcon.colcon_core.shell:Creating environment hook '/home/zme/self_project/rebotArm_mujoco/install/robot_msgs/share/robot_msgs/hook/cmake_prefix_path.ps1'
[2.240s] INFO:colcon.colcon_core.shell:Creating environment descriptor '/home/zme/self_project/rebotArm_mujoco/install/robot_msgs/share/robot_msgs/hook/cmake_prefix_path.dsv'
[2.242s] DEBUG:colcon.colcon_core.event_handler.log_command:Invoked command in '/home/zme/self_project/rebotArm_mujoco/build/robot_msgs' returned '0': CMAKE_PREFIX_PATH=${CMAKE_PREFIX_PATH}:/opt/ros/jazzy DEBUGINFOD_URLS=https://debuginfod.ubuntu.com /usr/bin/cmake --install /home/zme/self_project/rebotArm_mujoco/build/robot_msgs
[2.242s] INFO:colcon.colcon_core.shell:Creating environment hook '/home/zme/self_project/rebotArm_mujoco/install/robot_msgs/share/robot_msgs/hook/cmake_prefix_path.sh'
[2.244s] Level 1:colcon.colcon_core.environment:checking '/home/zme/self_project/rebotArm_mujoco/install/robot_msgs/lib'
[2.244s] Level 1:colcon.colcon_core.shell:create_environment_hook('robot_msgs', 'ld_library_path_lib')
[2.244s] INFO:colcon.colcon_core.shell:Creating environment hook '/home/zme/self_project/rebotArm_mujoco/install/robot_msgs/share/robot_msgs/hook/ld_library_path_lib.ps1'
[2.245s] INFO:colcon.colcon_core.shell:Creating environment descriptor '/home/zme/self_project/rebotArm_mujoco/install/robot_msgs/share/robot_msgs/hook/ld_library_path_lib.dsv'
[2.245s] INFO:colcon.colcon_core.shell:Creating environment hook '/home/zme/self_project/rebotArm_mujoco/install/robot_msgs/share/robot_msgs/hook/ld_library_path_lib.sh'
[2.246s] Level 1:colcon.colcon_core.environment:checking '/home/zme/self_project/rebotArm_mujoco/install/robot_msgs/bin'
[2.246s] Level 1:colcon.colcon_core.environment:checking '/home/zme/self_project/rebotArm_mujoco/install/robot_msgs/lib/pkgconfig/robot_msgs.pc'
[2.246s] Level 1:colcon.colcon_core.environment:checking '/home/zme/self_project/rebotArm_mujoco/install/robot_msgs/lib/python3.12/site-packages'
[2.247s] Level 1:colcon.colcon_core.shell:create_environment_hook('robot_msgs', 'pythonpath')
[2.247s] INFO:colcon.colcon_core.shell:Creating environment hook '/home/zme/self_project/rebotArm_mujoco/install/robot_msgs/share/robot_msgs/hook/pythonpath.ps1'
[2.248s] INFO:colcon.colcon_core.shell:Creating environment descriptor '/home/zme/self_project/rebotArm_mujoco/install/robot_msgs/share/robot_msgs/hook/pythonpath.dsv'
[2.248s] INFO:colcon.colcon_core.shell:Creating environment hook '/home/zme/self_project/rebotArm_mujoco/install/robot_msgs/share/robot_msgs/hook/pythonpath.sh'
[2.250s] Level 1:colcon.colcon_core.environment:checking '/home/zme/self_project/rebotArm_mujoco/install/robot_msgs/bin'
[2.251s] INFO:colcon.colcon_core.shell:Creating package script '/home/zme/self_project/rebotArm_mujoco/install/robot_msgs/share/robot_msgs/package.ps1'
[2.252s] INFO:colcon.colcon_core.shell:Creating package descriptor '/home/zme/self_project/rebotArm_mujoco/install/robot_msgs/share/robot_msgs/package.dsv'
[2.254s] INFO:colcon.colcon_core.shell:Creating package script '/home/zme/self_project/rebotArm_mujoco/install/robot_msgs/share/robot_msgs/package.sh'
[2.256s] INFO:colcon.colcon_core.shell:Creating package script '/home/zme/self_project/rebotArm_mujoco/install/robot_msgs/share/robot_msgs/package.bash'
[2.257s] INFO:colcon.colcon_core.shell:Creating package script '/home/zme/self_project/rebotArm_mujoco/install/robot_msgs/share/robot_msgs/package.zsh'
[2.257s] Level 1:colcon.colcon_core.environment:create_file_with_runtime_dependencies(/home/zme/self_project/rebotArm_mujoco/install/robot_msgs/share/colcon-core/packages/robot_msgs)
[2.258s] Level 1:colcon.colcon_core.environment:create_environment_scripts_only(robot_msgs)
[2.259s] Level 1:colcon.colcon_core.environment:checking '/home/zme/self_project/rebotArm_mujoco/install/robot_msgs' for CMake module files
[2.260s] Level 1:colcon.colcon_core.environment:checking '/home/zme/self_project/rebotArm_mujoco/install/robot_msgs' for CMake config files
[2.261s] Level 1:colcon.colcon_core.shell:create_environment_hook('robot_msgs', 'cmake_prefix_path')
[2.261s] INFO:colcon.colcon_core.shell:Creating environment hook '/home/zme/self_project/rebotArm_mujoco/install/robot_msgs/share/robot_msgs/hook/cmake_prefix_path.ps1'
[2.262s] INFO:colcon.colcon_core.shell:Creating environment descriptor '/home/zme/self_project/rebotArm_mujoco/install/robot_msgs/share/robot_msgs/hook/cmake_prefix_path.dsv'
[2.263s] INFO:colcon.colcon_core.shell:Creating environment hook '/home/zme/self_project/rebotArm_mujoco/install/robot_msgs/share/robot_msgs/hook/cmake_prefix_path.sh'
[2.264s] Level 1:colcon.colcon_core.environment:checking '/home/zme/self_project/rebotArm_mujoco/install/robot_msgs/lib'
[2.264s] Level 1:colcon.colcon_core.shell:create_environment_hook('robot_msgs', 'ld_library_path_lib')
[2.264s] INFO:colcon.colcon_core.shell:Creating environment hook '/home/zme/self_project/rebotArm_mujoco/install/robot_msgs/share/robot_msgs/hook/ld_library_path_lib.ps1'
[2.265s] INFO:colcon.colcon_core.shell:Creating environment descriptor '/home/zme/self_project/rebotArm_mujoco/install/robot_msgs/share/robot_msgs/hook/ld_library_path_lib.dsv'
[2.265s] INFO:colcon.colcon_core.shell:Creating environment hook '/home/zme/self_project/rebotArm_mujoco/install/robot_msgs/share/robot_msgs/hook/ld_library_path_lib.sh'
[2.266s] Level 1:colcon.colcon_core.environment:checking '/home/zme/self_project/rebotArm_mujoco/install/robot_msgs/bin'
[2.266s] Level 1:colcon.colcon_core.environment:checking '/home/zme/self_project/rebotArm_mujoco/install/robot_msgs/lib/pkgconfig/robot_msgs.pc'
[2.267s] Level 1:colcon.colcon_core.environment:checking '/home/zme/self_project/rebotArm_mujoco/install/robot_msgs/lib/python3.12/site-packages'
[2.267s] Level 1:colcon.colcon_core.shell:create_environment_hook('robot_msgs', 'pythonpath')
[2.268s] INFO:colcon.colcon_core.shell:Creating environment hook '/home/zme/self_project/rebotArm_mujoco/install/robot_msgs/share/robot_msgs/hook/pythonpath.ps1'
[2.268s] INFO:colcon.colcon_core.shell:Creating environment descriptor '/home/zme/self_project/rebotArm_mujoco/install/robot_msgs/share/robot_msgs/hook/pythonpath.dsv'
[2.269s] INFO:colcon.colcon_core.shell:Creating environment hook '/home/zme/self_project/rebotArm_mujoco/install/robot_msgs/share/robot_msgs/hook/pythonpath.sh'
[2.271s] Level 1:colcon.colcon_core.environment:checking '/home/zme/self_project/rebotArm_mujoco/install/robot_msgs/bin'
[2.272s] INFO:colcon.colcon_core.shell:Creating package script '/home/zme/self_project/rebotArm_mujoco/install/robot_msgs/share/robot_msgs/package.ps1'
[2.273s] INFO:colcon.colcon_core.shell:Creating package descriptor '/home/zme/self_project/rebotArm_mujoco/install/robot_msgs/share/robot_msgs/package.dsv'
[2.274s] INFO:colcon.colcon_core.shell:Creating package script '/home/zme/self_project/rebotArm_mujoco/install/robot_msgs/share/robot_msgs/package.sh'
[2.275s] INFO:colcon.colcon_core.shell:Creating package script '/home/zme/self_project/rebotArm_mujoco/install/robot_msgs/share/robot_msgs/package.bash'
[2.276s] INFO:colcon.colcon_core.shell:Creating package script '/home/zme/self_project/rebotArm_mujoco/install/robot_msgs/share/robot_msgs/package.zsh'
[2.277s] Level 1:colcon.colcon_core.environment:create_file_with_runtime_dependencies(/home/zme/self_project/rebotArm_mujoco/install/robot_msgs/share/colcon-core/packages/robot_msgs)
[2.277s] INFO:colcon.colcon_ros.task.ament_cmake.build:Building ROS package in '/home/zme/self_project/rebotArm_mujoco/src/robot_motion' with build type 'ament_cmake'
[2.278s] INFO:colcon.colcon_cmake.task.cmake.build:Building CMake package in '/home/zme/self_project/rebotArm_mujoco/src/robot_motion'
[2.278s] INFO:colcon.colcon_core.shell:Skip shell extension 'powershell' for command environment: Not usable outside of PowerShell
[2.279s] DEBUG:colcon.colcon_core.shell:Skip shell extension 'dsv' for command environment
[2.302s] DEBUG:colcon.colcon_core.event_handler.log_command:Invoking command in '/home/zme/self_project/rebotArm_mujoco/build/robot_motion': AMENT_PREFIX_PATH=/home/zme/self_project/rebotArm_mujoco/install/robot_msgs:${AMENT_PREFIX_PATH} CMAKE_PREFIX_PATH=/home/zme/self_project/rebotArm_mujoco/install/robot_msgs:/opt/ros/jazzy/opt/sdformat_vendor:/opt/ros/jazzy/opt/gz_math_vendor:/opt/ros/jazzy/opt/gz_utils_vendor:/opt/ros/jazzy/opt/gz_tools_vendor:/opt/ros/jazzy/opt/gz_cmake_vendor:/opt/ros/jazzy DEBUGINFOD_URLS=https://debuginfod.ubuntu.com LD_LIBRARY_PATH=/home/zme/self_project/rebotArm_mujoco/install/robot_msgs/lib:${LD_LIBRARY_PATH} PYTHONPATH=/home/zme/self_project/rebotArm_mujoco/install/robot_msgs/lib/python3.12/site-packages:${PYTHONPATH} /usr/bin/cmake --build /home/zme/self_project/rebotArm_mujoco/build/robot_motion -- -j8 -l8
[2.491s] DEBUG:colcon.colcon_core.event_handler.log_command:Invoked command in '/home/zme/self_project/rebotArm_mujoco/build/robot_motion' returned '0': AMENT_PREFIX_PATH=/home/zme/self_project/rebotArm_mujoco/install/robot_msgs:${AMENT_PREFIX_PATH} CMAKE_PREFIX_PATH=/home/zme/self_project/rebotArm_mujoco/install/robot_msgs:/opt/ros/jazzy/opt/sdformat_vendor:/opt/ros/jazzy/opt/gz_math_vendor:/opt/ros/jazzy/opt/gz_utils_vendor:/opt/ros/jazzy/opt/gz_tools_vendor:/opt/ros/jazzy/opt/gz_cmake_vendor:/opt/ros/jazzy DEBUGINFOD_URLS=https://debuginfod.ubuntu.com LD_LIBRARY_PATH=/home/zme/self_project/rebotArm_mujoco/install/robot_msgs/lib:${LD_LIBRARY_PATH} PYTHONPATH=/home/zme/self_project/rebotArm_mujoco/install/robot_msgs/lib/python3.12/site-packages:${PYTHONPATH} /usr/bin/cmake --build /home/zme/self_project/rebotArm_mujoco/build/robot_motion -- -j8 -l8
[2.494s] DEBUG:colcon.colcon_core.event_handler.log_command:Invoking command in '/home/zme/self_project/rebotArm_mujoco/build/robot_motion': AMENT_PREFIX_PATH=/home/zme/self_project/rebotArm_mujoco/install/robot_msgs:${AMENT_PREFIX_PATH} CMAKE_PREFIX_PATH=/home/zme/self_project/rebotArm_mujoco/install/robot_msgs:/opt/ros/jazzy/opt/sdformat_vendor:/opt/ros/jazzy/opt/gz_math_vendor:/opt/ros/jazzy/opt/gz_utils_vendor:/opt/ros/jazzy/opt/gz_tools_vendor:/opt/ros/jazzy/opt/gz_cmake_vendor:/opt/ros/jazzy DEBUGINFOD_URLS=https://debuginfod.ubuntu.com LD_LIBRARY_PATH=/home/zme/self_project/rebotArm_mujoco/install/robot_msgs/lib:${LD_LIBRARY_PATH} PYTHONPATH=/home/zme/self_project/rebotArm_mujoco/install/robot_msgs/lib/python3.12/site-packages:${PYTHONPATH} /usr/bin/cmake --install /home/zme/self_project/rebotArm_mujoco/build/robot_motion
[2.517s] Level 1:colcon.colcon_core.environment:create_environment_scripts_only(robot_motion)
[2.518s] Level 1:colcon.colcon_core.environment:checking '/home/zme/self_project/rebotArm_mujoco/install/robot_motion' for CMake module files
[2.520s] Level 1:colcon.colcon_core.environment:checking '/home/zme/self_project/rebotArm_mujoco/install/robot_motion' for CMake config files
[2.520s] Level 1:colcon.colcon_core.shell:create_environment_hook('robot_motion', 'cmake_prefix_path')
[2.521s] INFO:colcon.colcon_core.shell:Creating environment hook '/home/zme/self_project/rebotArm_mujoco/install/robot_motion/share/robot_motion/hook/cmake_prefix_path.ps1'
[2.523s] INFO:colcon.colcon_core.shell:Creating environment descriptor '/home/zme/self_project/rebotArm_mujoco/install/robot_motion/share/robot_motion/hook/cmake_prefix_path.dsv'
[2.525s] INFO:colcon.colcon_core.shell:Creating environment hook '/home/zme/self_project/rebotArm_mujoco/install/robot_motion/share/robot_motion/hook/cmake_prefix_path.sh'
[2.530s] DEBUG:colcon.colcon_core.event_handler.log_command:Invoked command in '/home/zme/self_project/rebotArm_mujoco/build/robot_motion' returned '0': AMENT_PREFIX_PATH=/home/zme/self_project/rebotArm_mujoco/install/robot_msgs:${AMENT_PREFIX_PATH} CMAKE_PREFIX_PATH=/home/zme/self_project/rebotArm_mujoco/install/robot_msgs:/opt/ros/jazzy/opt/sdformat_vendor:/opt/ros/jazzy/opt/gz_math_vendor:/opt/ros/jazzy/opt/gz_utils_vendor:/opt/ros/jazzy/opt/gz_tools_vendor:/opt/ros/jazzy/opt/gz_cmake_vendor:/opt/ros/jazzy DEBUGINFOD_URLS=https://debuginfod.ubuntu.com LD_LIBRARY_PATH=/home/zme/self_project/rebotArm_mujoco/install/robot_msgs/lib:${LD_LIBRARY_PATH} PYTHONPATH=/home/zme/self_project/rebotArm_mujoco/install/robot_msgs/lib/python3.12/site-packages:${PYTHONPATH} /usr/bin/cmake --install /home/zme/self_project/rebotArm_mujoco/build/robot_motion
[2.530s] Level 1:colcon.colcon_core.environment:checking '/home/zme/self_project/rebotArm_mujoco/install/robot_motion/lib'
[2.531s] Level 1:colcon.colcon_core.shell:create_environment_hook('robot_motion', 'ld_library_path_lib')
[2.531s] INFO:colcon.colcon_core.shell:Creating environment hook '/home/zme/self_project/rebotArm_mujoco/install/robot_motion/share/robot_motion/hook/ld_library_path_lib.ps1'
[2.532s] INFO:colcon.colcon_core.shell:Creating environment descriptor '/home/zme/self_project/rebotArm_mujoco/install/robot_motion/share/robot_motion/hook/ld_library_path_lib.dsv'
[2.533s] INFO:colcon.colcon_core.shell:Creating environment hook '/home/zme/self_project/rebotArm_mujoco/install/robot_motion/share/robot_motion/hook/ld_library_path_lib.sh'
[2.534s] Level 1:colcon.colcon_core.environment:checking '/home/zme/self_project/rebotArm_mujoco/install/robot_motion/bin'
[2.534s] Level 1:colcon.colcon_core.environment:checking '/home/zme/self_project/rebotArm_mujoco/install/robot_motion/lib/pkgconfig/robot_motion.pc'
[2.535s] Level 1:colcon.colcon_core.environment:checking '/home/zme/self_project/rebotArm_mujoco/install/robot_motion/lib/python3.12/site-packages'
[2.536s] Level 1:colcon.colcon_core.environment:checking '/home/zme/self_project/rebotArm_mujoco/install/robot_motion/bin'
[2.537s] INFO:colcon.colcon_core.shell:Creating package script '/home/zme/self_project/rebotArm_mujoco/install/robot_motion/share/robot_motion/package.ps1'
[2.538s] INFO:colcon.colcon_core.shell:Creating package descriptor '/home/zme/self_project/rebotArm_mujoco/install/robot_motion/share/robot_motion/package.dsv'
[2.540s] INFO:colcon.colcon_core.shell:Creating package script '/home/zme/self_project/rebotArm_mujoco/install/robot_motion/share/robot_motion/package.sh'
[2.545s] INFO:colcon.colcon_core.shell:Creating package script '/home/zme/self_project/rebotArm_mujoco/install/robot_motion/share/robot_motion/package.bash'
[2.547s] INFO:colcon.colcon_core.shell:Creating package script '/home/zme/self_project/rebotArm_mujoco/install/robot_motion/share/robot_motion/package.zsh'
[2.548s] Level 1:colcon.colcon_core.environment:create_file_with_runtime_dependencies(/home/zme/self_project/rebotArm_mujoco/install/robot_motion/share/colcon-core/packages/robot_motion)
[2.550s] Level 1:colcon.colcon_core.environment:create_environment_scripts_only(robot_motion)
[2.550s] Level 1:colcon.colcon_core.environment:checking '/home/zme/self_project/rebotArm_mujoco/install/robot_motion' for CMake module files
[2.552s] Level 1:colcon.colcon_core.environment:checking '/home/zme/self_project/rebotArm_mujoco/install/robot_motion' for CMake config files
[2.553s] Level 1:colcon.colcon_core.shell:create_environment_hook('robot_motion', 'cmake_prefix_path')
[2.553s] INFO:colcon.colcon_core.shell:Creating environment hook '/home/zme/self_project/rebotArm_mujoco/install/robot_motion/share/robot_motion/hook/cmake_prefix_path.ps1'
[2.554s] INFO:colcon.colcon_core.shell:Creating environment descriptor '/home/zme/self_project/rebotArm_mujoco/install/robot_motion/share/robot_motion/hook/cmake_prefix_path.dsv'
[2.555s] INFO:colcon.colcon_core.shell:Creating environment hook '/home/zme/self_project/rebotArm_mujoco/install/robot_motion/share/robot_motion/hook/cmake_prefix_path.sh'
[2.557s] Level 1:colcon.colcon_core.environment:checking '/home/zme/self_project/rebotArm_mujoco/install/robot_motion/lib'
[2.558s] Level 1:colcon.colcon_core.shell:create_environment_hook('robot_motion', 'ld_library_path_lib')
[2.558s] INFO:colcon.colcon_core.shell:Creating environment hook '/home/zme/self_project/rebotArm_mujoco/install/robot_motion/share/robot_motion/hook/ld_library_path_lib.ps1'
[2.560s] INFO:colcon.colcon_core.shell:Creating environment descriptor '/home/zme/self_project/rebotArm_mujoco/install/robot_motion/share/robot_motion/hook/ld_library_path_lib.dsv'
[2.561s] INFO:colcon.colcon_core.shell:Creating environment hook '/home/zme/self_project/rebotArm_mujoco/install/robot_motion/share/robot_motion/hook/ld_library_path_lib.sh'
[2.562s] Level 1:colcon.colcon_core.environment:checking '/home/zme/self_project/rebotArm_mujoco/install/robot_motion/bin'
[2.562s] Level 1:colcon.colcon_core.environment:checking '/home/zme/self_project/rebotArm_mujoco/install/robot_motion/lib/pkgconfig/robot_motion.pc'
[2.563s] Level 1:colcon.colcon_core.environment:checking '/home/zme/self_project/rebotArm_mujoco/install/robot_motion/lib/python3.12/site-packages'
[2.564s] Level 1:colcon.colcon_core.environment:checking '/home/zme/self_project/rebotArm_mujoco/install/robot_motion/bin'
[2.565s] INFO:colcon.colcon_core.shell:Creating package script '/home/zme/self_project/rebotArm_mujoco/install/robot_motion/share/robot_motion/package.ps1'
[2.566s] INFO:colcon.colcon_core.shell:Creating package descriptor '/home/zme/self_project/rebotArm_mujoco/install/robot_motion/share/robot_motion/package.dsv'
[2.568s] INFO:colcon.colcon_core.shell:Creating package script '/home/zme/self_project/rebotArm_mujoco/install/robot_motion/share/robot_motion/package.sh'
[2.570s] INFO:colcon.colcon_core.shell:Creating package script '/home/zme/self_project/rebotArm_mujoco/install/robot_motion/share/robot_motion/package.bash'
[2.571s] INFO:colcon.colcon_core.shell:Creating package script '/home/zme/self_project/rebotArm_mujoco/install/robot_motion/share/robot_motion/package.zsh'
[2.573s] Level 1:colcon.colcon_core.environment:create_file_with_runtime_dependencies(/home/zme/self_project/rebotArm_mujoco/install/robot_motion/share/colcon-core/packages/robot_motion)
[2.574s] INFO:colcon.colcon_ros.task.ament_cmake.build:Building ROS package in '/home/zme/self_project/rebotArm_mujoco/src/test_control' with build type 'ament_cmake'
[2.575s] INFO:colcon.colcon_cmake.task.cmake.build:Building CMake package in '/home/zme/self_project/rebotArm_mujoco/src/test_control'
[2.575s] INFO:colcon.colcon_core.shell:Skip shell extension 'powershell' for command environment: Not usable outside of PowerShell
[2.576s] DEBUG:colcon.colcon_core.shell:Skip shell extension 'dsv' for command environment
[2.605s] DEBUG:colcon.colcon_core.event_handler.log_command:Invoking command in '/home/zme/self_project/rebotArm_mujoco/build/test_control': AMENT_PREFIX_PATH=/home/zme/self_project/rebotArm_mujoco/install/robot_motion:/home/zme/self_project/rebotArm_mujoco/install/robot_msgs:${AMENT_PREFIX_PATH} CMAKE_PREFIX_PATH=/home/zme/self_project/rebotArm_mujoco/install/robot_motion:/home/zme/self_project/rebotArm_mujoco/install/robot_msgs:/opt/ros/jazzy/opt/sdformat_vendor:/opt/ros/jazzy/opt/gz_math_vendor:/opt/ros/jazzy/opt/gz_utils_vendor:/opt/ros/jazzy/opt/gz_tools_vendor:/opt/ros/jazzy/opt/gz_cmake_vendor:/opt/ros/jazzy DEBUGINFOD_URLS=https://debuginfod.ubuntu.com LD_LIBRARY_PATH=/home/zme/self_project/rebotArm_mujoco/install/robot_motion/lib:/home/zme/self_project/rebotArm_mujoco/install/robot_msgs/lib:${LD_LIBRARY_PATH} PYTHONPATH=/home/zme/self_project/rebotArm_mujoco/install/robot_msgs/lib/python3.12/site-packages:${PYTHONPATH} /usr/bin/cmake --build /home/zme/self_project/rebotArm_mujoco/build/test_control -- -j8 -l8
[40.059s] DEBUG:colcon.colcon_core.event_handler.log_command:Invoked command in '/home/zme/self_project/rebotArm_mujoco/build/test_control' returned '0': AMENT_PREFIX_PATH=/home/zme/self_project/rebotArm_mujoco/install/robot_motion:/home/zme/self_project/rebotArm_mujoco/install/robot_msgs:${AMENT_PREFIX_PATH} CMAKE_PREFIX_PATH=/home/zme/self_project/rebotArm_mujoco/install/robot_motion:/home/zme/self_project/rebotArm_mujoco/install/robot_msgs:/opt/ros/jazzy/opt/sdformat_vendor:/opt/ros/jazzy/opt/gz_math_vendor:/opt/ros/jazzy/opt/gz_utils_vendor:/opt/ros/jazzy/opt/gz_tools_vendor:/opt/ros/jazzy/opt/gz_cmake_vendor:/opt/ros/jazzy DEBUGINFOD_URLS=https://debuginfod.ubuntu.com LD_LIBRARY_PATH=/home/zme/self_project/rebotArm_mujoco/install/robot_motion/lib:/home/zme/self_project/rebotArm_mujoco/install/robot_msgs/lib:${LD_LIBRARY_PATH} PYTHONPATH=/home/zme/self_project/rebotArm_mujoco/install/robot_msgs/lib/python3.12/site-packages:${PYTHONPATH} /usr/bin/cmake --build /home/zme/self_project/rebotArm_mujoco/build/test_control -- -j8 -l8
[40.063s] DEBUG:colcon.colcon_core.event_handler.log_command:Invoking command in '/home/zme/self_project/rebotArm_mujoco/build/test_control': AMENT_PREFIX_PATH=/home/zme/self_project/rebotArm_mujoco/install/robot_motion:/home/zme/self_project/rebotArm_mujoco/install/robot_msgs:${AMENT_PREFIX_PATH} CMAKE_PREFIX_PATH=/home/zme/self_project/rebotArm_mujoco/install/robot_motion:/home/zme/self_project/rebotArm_mujoco/install/robot_msgs:/opt/ros/jazzy/opt/sdformat_vendor:/opt/ros/jazzy/opt/gz_math_vendor:/opt/ros/jazzy/opt/gz_utils_vendor:/opt/ros/jazzy/opt/gz_tools_vendor:/opt/ros/jazzy/opt/gz_cmake_vendor:/opt/ros/jazzy DEBUGINFOD_URLS=https://debuginfod.ubuntu.com LD_LIBRARY_PATH=/home/zme/self_project/rebotArm_mujoco/install/robot_motion/lib:/home/zme/self_project/rebotArm_mujoco/install/robot_msgs/lib:${LD_LIBRARY_PATH} PYTHONPATH=/home/zme/self_project/rebotArm_mujoco/install/robot_msgs/lib/python3.12/site-packages:${PYTHONPATH} /usr/bin/cmake --install /home/zme/self_project/rebotArm_mujoco/build/test_control
[40.101s] Level 1:colcon.colcon_core.environment:create_environment_scripts_only(test_control)
[40.102s] Level 1:colcon.colcon_core.environment:checking '/home/zme/self_project/rebotArm_mujoco/install/test_control' for CMake module files
[40.104s] DEBUG:colcon.colcon_core.event_handler.log_command:Invoked command in '/home/zme/self_project/rebotArm_mujoco/build/test_control' returned '0': AMENT_PREFIX_PATH=/home/zme/self_project/rebotArm_mujoco/install/robot_motion:/home/zme/self_project/rebotArm_mujoco/install/robot_msgs:${AMENT_PREFIX_PATH} CMAKE_PREFIX_PATH=/home/zme/self_project/rebotArm_mujoco/install/robot_motion:/home/zme/self_project/rebotArm_mujoco/install/robot_msgs:/opt/ros/jazzy/opt/sdformat_vendor:/opt/ros/jazzy/opt/gz_math_vendor:/opt/ros/jazzy/opt/gz_utils_vendor:/opt/ros/jazzy/opt/gz_tools_vendor:/opt/ros/jazzy/opt/gz_cmake_vendor:/opt/ros/jazzy DEBUGINFOD_URLS=https://debuginfod.ubuntu.com LD_LIBRARY_PATH=/home/zme/self_project/rebotArm_mujoco/install/robot_motion/lib:/home/zme/self_project/rebotArm_mujoco/install/robot_msgs/lib:${LD_LIBRARY_PATH} PYTHONPATH=/home/zme/self_project/rebotArm_mujoco/install/robot_msgs/lib/python3.12/site-packages:${PYTHONPATH} /usr/bin/cmake --install /home/zme/self_project/rebotArm_mujoco/build/test_control
[40.105s] Level 1:colcon.colcon_core.environment:checking '/home/zme/self_project/rebotArm_mujoco/install/test_control' for CMake config files
[40.106s] Level 1:colcon.colcon_core.shell:create_environment_hook('test_control', 'cmake_prefix_path')
[40.106s] INFO:colcon.colcon_core.shell:Creating environment hook '/home/zme/self_project/rebotArm_mujoco/install/test_control/share/test_control/hook/cmake_prefix_path.ps1'
[40.107s] INFO:colcon.colcon_core.shell:Creating environment descriptor '/home/zme/self_project/rebotArm_mujoco/install/test_control/share/test_control/hook/cmake_prefix_path.dsv'
[40.109s] INFO:colcon.colcon_core.shell:Creating environment hook '/home/zme/self_project/rebotArm_mujoco/install/test_control/share/test_control/hook/cmake_prefix_path.sh'
[40.111s] Level 1:colcon.colcon_core.environment:checking '/home/zme/self_project/rebotArm_mujoco/install/test_control/lib'
[40.111s] Level 1:colcon.colcon_core.environment:checking '/home/zme/self_project/rebotArm_mujoco/install/test_control/bin'
[40.112s] Level 1:colcon.colcon_core.environment:checking '/home/zme/self_project/rebotArm_mujoco/install/test_control/lib/pkgconfig/test_control.pc'
[40.112s] Level 1:colcon.colcon_core.environment:checking '/home/zme/self_project/rebotArm_mujoco/install/test_control/lib/python3.12/site-packages'
[40.114s] Level 1:colcon.colcon_core.environment:checking '/home/zme/self_project/rebotArm_mujoco/install/test_control/bin'
[40.115s] INFO:colcon.colcon_core.shell:Creating package script '/home/zme/self_project/rebotArm_mujoco/install/test_control/share/test_control/package.ps1'
[40.117s] INFO:colcon.colcon_core.shell:Creating package descriptor '/home/zme/self_project/rebotArm_mujoco/install/test_control/share/test_control/package.dsv'
[40.119s] INFO:colcon.colcon_core.shell:Creating package script '/home/zme/self_project/rebotArm_mujoco/install/test_control/share/test_control/package.sh'
[40.120s] INFO:colcon.colcon_core.shell:Creating package script '/home/zme/self_project/rebotArm_mujoco/install/test_control/share/test_control/package.bash'
[40.121s] INFO:colcon.colcon_core.shell:Creating package script '/home/zme/self_project/rebotArm_mujoco/install/test_control/share/test_control/package.zsh'
[40.121s] Level 1:colcon.colcon_core.environment:create_file_with_runtime_dependencies(/home/zme/self_project/rebotArm_mujoco/install/test_control/share/colcon-core/packages/test_control)
[40.122s] Level 1:colcon.colcon_core.environment:create_environment_scripts_only(test_control)
[40.123s] Level 1:colcon.colcon_core.environment:checking '/home/zme/self_project/rebotArm_mujoco/install/test_control' for CMake module files
[40.124s] Level 1:colcon.colcon_core.environment:checking '/home/zme/self_project/rebotArm_mujoco/install/test_control' for CMake config files
[40.124s] Level 1:colcon.colcon_core.shell:create_environment_hook('test_control', 'cmake_prefix_path')
[40.125s] INFO:colcon.colcon_core.shell:Creating environment hook '/home/zme/self_project/rebotArm_mujoco/install/test_control/share/test_control/hook/cmake_prefix_path.ps1'
[40.126s] INFO:colcon.colcon_core.shell:Creating environment descriptor '/home/zme/self_project/rebotArm_mujoco/install/test_control/share/test_control/hook/cmake_prefix_path.dsv'
[40.127s] INFO:colcon.colcon_core.shell:Creating environment hook '/home/zme/self_project/rebotArm_mujoco/install/test_control/share/test_control/hook/cmake_prefix_path.sh'
[40.128s] Level 1:colcon.colcon_core.environment:checking '/home/zme/self_project/rebotArm_mujoco/install/test_control/lib'
[40.128s] Level 1:colcon.colcon_core.environment:checking '/home/zme/self_project/rebotArm_mujoco/install/test_control/bin'
[40.128s] Level 1:colcon.colcon_core.environment:checking '/home/zme/self_project/rebotArm_mujoco/install/test_control/lib/pkgconfig/test_control.pc'
[40.129s] Level 1:colcon.colcon_core.environment:checking '/home/zme/self_project/rebotArm_mujoco/install/test_control/lib/python3.12/site-packages'
[40.130s] Level 1:colcon.colcon_core.environment:checking '/home/zme/self_project/rebotArm_mujoco/install/test_control/bin'
[40.130s] INFO:colcon.colcon_core.shell:Creating package script '/home/zme/self_project/rebotArm_mujoco/install/test_control/share/test_control/package.ps1'
[40.132s] INFO:colcon.colcon_core.shell:Creating package descriptor '/home/zme/self_project/rebotArm_mujoco/install/test_control/share/test_control/package.dsv'
[40.133s] INFO:colcon.colcon_core.shell:Creating package script '/home/zme/self_project/rebotArm_mujoco/install/test_control/share/test_control/package.sh'
[40.134s] INFO:colcon.colcon_core.shell:Creating package script '/home/zme/self_project/rebotArm_mujoco/install/test_control/share/test_control/package.bash'
[40.135s] INFO:colcon.colcon_core.shell:Creating package script '/home/zme/self_project/rebotArm_mujoco/install/test_control/share/test_control/package.zsh'
[40.136s] Level 1:colcon.colcon_core.environment:create_file_with_runtime_dependencies(/home/zme/self_project/rebotArm_mujoco/install/test_control/share/colcon-core/packages/test_control)
[40.136s] DEBUG:colcon.colcon_parallel_executor.executor.parallel:closing loop
[40.138s] DEBUG:colcon.colcon_parallel_executor.executor.parallel:loop closed
[40.139s] DEBUG:colcon.colcon_parallel_executor.executor.parallel:run_until_complete finished with '0'
[40.139s] DEBUG:colcon.colcon_core.event_reactor:joining thread
[40.151s] INFO:colcon.colcon_core.plugin_system:Skipping extension 'colcon_notification.desktop_notification.terminal_notifier': Not used on non-Darwin systems
[40.151s] INFO:colcon.colcon_core.plugin_system:Skipping extension 'colcon_notification.desktop_notification.win32': Not used on non-Windows systems
[40.151s] INFO:colcon.colcon_notification.desktop_notification:Sending desktop notification using 'notify2'
[40.184s] DEBUG:colcon.colcon_core.event_reactor:joined thread
[40.185s] INFO:colcon.colcon_core.shell:Creating prefix script '/home/zme/self_project/rebotArm_mujoco/install/local_setup.ps1'
[40.187s] INFO:colcon.colcon_core.shell:Creating prefix util module '/home/zme/self_project/rebotArm_mujoco/install/_local_setup_util_ps1.py'
[40.190s] INFO:colcon.colcon_core.shell:Creating prefix chain script '/home/zme/self_project/rebotArm_mujoco/install/setup.ps1'
[40.193s] INFO:colcon.colcon_core.shell:Creating prefix script '/home/zme/self_project/rebotArm_mujoco/install/local_setup.sh'
[40.194s] INFO:colcon.colcon_core.shell:Creating prefix util module '/home/zme/self_project/rebotArm_mujoco/install/_local_setup_util_sh.py'
[40.196s] INFO:colcon.colcon_core.shell:Creating prefix chain script '/home/zme/self_project/rebotArm_mujoco/install/setup.sh'
[40.198s] INFO:colcon.colcon_core.shell:Creating prefix script '/home/zme/self_project/rebotArm_mujoco/install/local_setup.bash'
[40.199s] INFO:colcon.colcon_core.shell:Creating prefix chain script '/home/zme/self_project/rebotArm_mujoco/install/setup.bash'
[40.202s] INFO:colcon.colcon_core.shell:Creating prefix script '/home/zme/self_project/rebotArm_mujoco/install/local_setup.zsh'
[40.203s] INFO:colcon.colcon_core.shell:Creating prefix chain script '/home/zme/self_project/rebotArm_mujoco/install/setup.zsh'
