[0.043s] DEBUG:colcon:Command line arguments: ['/usr/bin/colcon', 'build']
[0.043s] DEBUG:colcon:Parsed command line arguments: Namespace(log_base=None, log_level=None, verb_name='build', build_base='build', install_base='install', merge_install=False, symlink_install=False, test_result_base=None, continue_on_error=False, executor='parallel', parallel_workers=20, event_handlers=None, ignore_user_meta=False, metas=['./colcon.meta'], base_paths=['.'], packages_ignore=None, packages_ignore_regex=None, paths=None, packages_up_to=None, packages_up_to_regex=None, packages_above=None, packages_above_and_dependencies=None, packages_above_depth=None, packages_select_by_dep=None, packages_skip_by_dep=None, packages_skip_up_to=None, packages_select_build_failed=False, packages_skip_build_finished=False, packages_select_test_failures=False, packages_skip_test_passed=False, packages_select=None, packages_skip=None, packages_select_regex=None, packages_skip_regex=None, packages_start=None, packages_end=None, cmake_args=None, cmake_target=None, cmake_target_skip_unavailable=False, cmake_clean_cache=False, cmake_clean_first=False, cmake_force_configure=False, ament_cmake_args=None, catkin_cmake_args=None, catkin_skip_building_tests=False, verb_parser=<colcon_defaults.argument_parser.defaults.DefaultArgumentsDecorator object at 0x71755dc01a30>, verb_extension=<colcon_core.verb.build.BuildVerb object at 0x71755dc01af0>, main=<bound method BuildVerb.main of <colcon_core.verb.build.BuildVerb object at 0x71755dc01af0>>)
[0.059s] Level 1:colcon.colcon_core.package_discovery:discover_packages(colcon_meta) check parameters
[0.059s] Level 1:colcon.colcon_core.package_discovery:discover_packages(recursive) check parameters
[0.059s] Level 1:colcon.colcon_core.package_discovery:discover_packages(ignore) check parameters
[0.059s] Level 1:colcon.colcon_core.package_discovery:discover_packages(path) check parameters
[0.059s] Level 1:colcon.colcon_core.package_discovery:discover_packages(colcon_meta) discover
[0.059s] Level 1:colcon.colcon_core.package_discovery:discover_packages(recursive) discover
[0.059s] INFO:colcon.colcon_core.package_discovery:Crawling recursively for packages in '/home/zhang/self_project/arm_study_ws'
[0.059s] Level 1:colcon.colcon_core.package_identification:_identify(.) by extensions ['ignore', 'ignore_ament_install']
[0.059s] Level 1:colcon.colcon_core.package_identification:_identify(.) by extension 'ignore'
[0.059s] Level 1:colcon.colcon_core.package_identification:_identify(.) by extension 'ignore_ament_install'
[0.059s] Level 1:colcon.colcon_core.package_identification:_identify(.) by extensions ['colcon_pkg']
[0.059s] Level 1:colcon.colcon_core.package_identification:_identify(.) by extension 'colcon_pkg'
[0.059s] Level 1:colcon.colcon_core.package_identification:_identify(.) by extensions ['colcon_meta']
[0.059s] Level 1:colcon.colcon_core.package_identification:_identify(.) by extension 'colcon_meta'
[0.059s] Level 1:colcon.colcon_core.package_identification:_identify(.) by extensions ['ros']
[0.059s] Level 1:colcon.colcon_core.package_identification:_identify(.) by extension 'ros'
[0.070s] Level 1:colcon.colcon_core.package_identification:_identify(.) by extensions ['cmake', 'python']
[0.070s] Level 1:colcon.colcon_core.package_identification:_identify(.) by extension 'cmake'
[0.070s] Level 1:colcon.colcon_core.package_identification:_identify(.) by extension 'python'
[0.070s] Level 1:colcon.colcon_core.package_identification:_identify(.) by extensions ['python_setup_py']
[0.070s] Level 1:colcon.colcon_core.package_identification:_identify(.) by extension 'python_setup_py'
[0.070s] Level 1:colcon.colcon_core.package_identification:_identify(build) by extensions ['ignore', 'ignore_ament_install']
[0.070s] Level 1:colcon.colcon_core.package_identification:_identify(build) by extension 'ignore'
[0.070s] Level 1:colcon.colcon_core.package_identification:_identify(build) ignored
[0.070s] Level 1:colcon.colcon_core.package_identification:_identify(install) by extensions ['ignore', 'ignore_ament_install']
[0.070s] Level 1:colcon.colcon_core.package_identification:_identify(install) by extension 'ignore'
[0.070s] Level 1:colcon.colcon_core.package_identification:_identify(install) ignored
[0.070s] Level 1:colcon.colcon_core.package_identification:_identify(log) by extensions ['ignore', 'ignore_ament_install']
[0.071s] Level 1:colcon.colcon_core.package_identification:_identify(log) by extension 'ignore'
[0.071s] Level 1:colcon.colcon_core.package_identification:_identify(log) ignored
[0.071s] Level 1:colcon.colcon_core.package_identification:_identify(src) by extensions ['ignore', 'ignore_ament_install']
[0.071s] Level 1:colcon.colcon_core.package_identification:_identify(src) by extension 'ignore'
[0.071s] Level 1:colcon.colcon_core.package_identification:_identify(src) by extension 'ignore_ament_install'
[0.071s] Level 1:colcon.colcon_core.package_identification:_identify(src) by extensions ['colcon_pkg']
[0.071s] Level 1:colcon.colcon_core.package_identification:_identify(src) by extension 'colcon_pkg'
[0.071s] Level 1:colcon.colcon_core.package_identification:_identify(src) by extensions ['colcon_meta']
[0.071s] Level 1:colcon.colcon_core.package_identification:_identify(src) by extension 'colcon_meta'
[0.071s] Level 1:colcon.colcon_core.package_identification:_identify(src) by extensions ['ros']
[0.071s] Level 1:colcon.colcon_core.package_identification:_identify(src) by extension 'ros'
[0.071s] Level 1:colcon.colcon_core.package_identification:_identify(src) by extensions ['cmake', 'python']
[0.071s] Level 1:colcon.colcon_core.package_identification:_identify(src) by extension 'cmake'
[0.071s] Level 1:colcon.colcon_core.package_identification:_identify(src) by extension 'python'
[0.071s] Level 1:colcon.colcon_core.package_identification:_identify(src) by extensions ['python_setup_py']
[0.071s] Level 1:colcon.colcon_core.package_identification:_identify(src) by extension 'python_setup_py'
[0.071s] Level 1:colcon.colcon_core.package_identification:_identify(src/rebot_description) by extensions ['ignore', 'ignore_ament_install']
[0.071s] Level 1:colcon.colcon_core.package_identification:_identify(src/rebot_description) by extension 'ignore'
[0.071s] Level 1:colcon.colcon_core.package_identification:_identify(src/rebot_description) by extension 'ignore_ament_install'
[0.071s] Level 1:colcon.colcon_core.package_identification:_identify(src/rebot_description) by extensions ['colcon_pkg']
[0.071s] Level 1:colcon.colcon_core.package_identification:_identify(src/rebot_description) by extension 'colcon_pkg'
[0.071s] Level 1:colcon.colcon_core.package_identification:_identify(src/rebot_description) by extensions ['colcon_meta']
[0.071s] Level 1:colcon.colcon_core.package_identification:_identify(src/rebot_description) by extension 'colcon_meta'
[0.071s] Level 1:colcon.colcon_core.package_identification:_identify(src/rebot_description) by extensions ['ros']
[0.071s] Level 1:colcon.colcon_core.package_identification:_identify(src/rebot_description) by extension 'ros'
[0.072s] DEBUG:colcon.colcon_core.package_identification:Package 'src/rebot_description' with type 'ros.ament_cmake' and name 'rebot_description'
[0.072s] Level 1:colcon.colcon_core.package_identification:_identify(src/robot_motion) by extensions ['ignore', 'ignore_ament_install']
[0.072s] Level 1:colcon.colcon_core.package_identification:_identify(src/robot_motion) by extension 'ignore'
[0.072s] Level 1:colcon.colcon_core.package_identification:_identify(src/robot_motion) by extension 'ignore_ament_install'
[0.072s] Level 1:colcon.colcon_core.package_identification:_identify(src/robot_motion) by extensions ['colcon_pkg']
[0.072s] Level 1:colcon.colcon_core.package_identification:_identify(src/robot_motion) by extension 'colcon_pkg'
[0.072s] Level 1:colcon.colcon_core.package_identification:_identify(src/robot_motion) by extensions ['colcon_meta']
[0.072s] Level 1:colcon.colcon_core.package_identification:_identify(src/robot_motion) by extension 'colcon_meta'
[0.072s] Level 1:colcon.colcon_core.package_identification:_identify(src/robot_motion) by extensions ['ros']
[0.072s] Level 1:colcon.colcon_core.package_identification:_identify(src/robot_motion) by extension 'ros'
[0.073s] DEBUG:colcon.colcon_core.package_identification:Package 'src/robot_motion' with type 'ros.ament_cmake' and name 'robot_motion'
[0.073s] Level 1:colcon.colcon_core.package_identification:_identify(src/robot_msgs) by extensions ['ignore', 'ignore_ament_install']
[0.073s] Level 1:colcon.colcon_core.package_identification:_identify(src/robot_msgs) by extension 'ignore'
[0.073s] Level 1:colcon.colcon_core.package_identification:_identify(src/robot_msgs) by extension 'ignore_ament_install'
[0.073s] Level 1:colcon.colcon_core.package_identification:_identify(src/robot_msgs) by extensions ['colcon_pkg']
[0.073s] Level 1:colcon.colcon_core.package_identification:_identify(src/robot_msgs) by extension 'colcon_pkg'
[0.073s] Level 1:colcon.colcon_core.package_identification:_identify(src/robot_msgs) by extensions ['colcon_meta']
[0.073s] Level 1:colcon.colcon_core.package_identification:_identify(src/robot_msgs) by extension 'colcon_meta'
[0.073s] Level 1:colcon.colcon_core.package_identification:_identify(src/robot_msgs) by extensions ['ros']
[0.073s] Level 1:colcon.colcon_core.package_identification:_identify(src/robot_msgs) by extension 'ros'
[0.073s] DEBUG:colcon.colcon_core.package_identification:Package 'src/robot_msgs' with type 'ros.ament_cmake' and name 'robot_msgs'
[0.073s] Level 1:colcon.colcon_core.package_identification:_identify(src/test_control) by extensions ['ignore', 'ignore_ament_install']
[0.073s] Level 1:colcon.colcon_core.package_identification:_identify(src/test_control) by extension 'ignore'
[0.073s] Level 1:colcon.colcon_core.package_identification:_identify(src/test_control) by extension 'ignore_ament_install'
[0.073s] Level 1:colcon.colcon_core.package_identification:_identify(src/test_control) by extensions ['colcon_pkg']
[0.073s] Level 1:colcon.colcon_core.package_identification:_identify(src/test_control) by extension 'colcon_pkg'
[0.073s] Level 1:colcon.colcon_core.package_identification:_identify(src/test_control) by extensions ['colcon_meta']
[0.073s] Level 1:colcon.colcon_core.package_identification:_identify(src/test_control) by extension 'colcon_meta'
[0.073s] Level 1:colcon.colcon_core.package_identification:_identify(src/test_control) by extensions ['ros']
[0.073s] Level 1:colcon.colcon_core.package_identification:_identify(src/test_control) by extension 'ros'
[0.074s] DEBUG:colcon.colcon_core.package_identification:Package 'src/test_control' with type 'ros.ament_cmake' and name 'test_control'
[0.074s] Level 1:colcon.colcon_core.package_discovery:discover_packages(recursive) using defaults
[0.074s] Level 1:colcon.colcon_core.package_discovery:discover_packages(ignore) discover
[0.074s] Level 1:colcon.colcon_core.package_discovery:discover_packages(ignore) using defaults
[0.074s] Level 1:colcon.colcon_core.package_discovery:discover_packages(path) discover
[0.074s] Level 1:colcon.colcon_core.package_discovery:discover_packages(path) using defaults
[0.082s] Level 5:colcon.colcon_core.verb:set package 'rebot_description' build argument 'cmake_args' from command line to 'None'
[0.082s] Level 5:colcon.colcon_core.verb:set package 'rebot_description' build argument 'cmake_target' from command line to 'None'
[0.082s] Level 5:colcon.colcon_core.verb:set package 'rebot_description' build argument 'cmake_target_skip_unavailable' from command line to 'False'
[0.082s] Level 5:colcon.colcon_core.verb:set package 'rebot_description' build argument 'cmake_clean_cache' from command line to 'False'
[0.082s] Level 5:colcon.colcon_core.verb:set package 'rebot_description' build argument 'cmake_clean_first' from command line to 'False'
[0.082s] Level 5:colcon.colcon_core.verb:set package 'rebot_description' build argument 'cmake_force_configure' from command line to 'False'
[0.082s] Level 5:colcon.colcon_core.verb:set package 'rebot_description' build argument 'ament_cmake_args' from command line to 'None'
[0.082s] Level 5:colcon.colcon_core.verb:set package 'rebot_description' build argument 'catkin_cmake_args' from command line to 'None'
[0.082s] Level 5:colcon.colcon_core.verb:set package 'rebot_description' build argument 'catkin_skip_building_tests' from command line to 'False'
[0.082s] DEBUG:colcon.colcon_core.verb:Building package 'rebot_description' with the following arguments: {'ament_cmake_args': None, 'build_base': '/home/zhang/self_project/arm_study_ws/build/rebot_description', 'catkin_cmake_args': None, 'catkin_skip_building_tests': False, 'cmake_args': None, 'cmake_clean_cache': False, 'cmake_clean_first': False, 'cmake_force_configure': False, 'cmake_target': None, 'cmake_target_skip_unavailable': False, 'install_base': '/home/zhang/self_project/arm_study_ws/install/rebot_description', 'merge_install': False, 'path': '/home/zhang/self_project/arm_study_ws/src/rebot_description', 'symlink_install': False, 'test_result_base': None}
[0.082s] Level 5:colcon.colcon_core.verb:set package 'robot_msgs' build argument 'cmake_args' from command line to 'None'
[0.082s] Level 5:colcon.colcon_core.verb:set package 'robot_msgs' build argument 'cmake_target' from command line to 'None'
[0.082s] Level 5:colcon.colcon_core.verb:set package 'robot_msgs' build argument 'cmake_target_skip_unavailable' from command line to 'False'
[0.082s] Level 5:colcon.colcon_core.verb:set package 'robot_msgs' build argument 'cmake_clean_cache' from command line to 'False'
[0.082s] Level 5:colcon.colcon_core.verb:set package 'robot_msgs' build argument 'cmake_clean_first' from command line to 'False'
[0.082s] Level 5:colcon.colcon_core.verb:set package 'robot_msgs' build argument 'cmake_force_configure' from command line to 'False'
[0.082s] Level 5:colcon.colcon_core.verb:set package 'robot_msgs' build argument 'ament_cmake_args' from command line to 'None'
[0.082s] Level 5:colcon.colcon_core.verb:set package 'robot_msgs' build argument 'catkin_cmake_args' from command line to 'None'
[0.082s] Level 5:colcon.colcon_core.verb:set package 'robot_msgs' build argument 'catkin_skip_building_tests' from command line to 'False'
[0.082s] DEBUG:colcon.colcon_core.verb:Building package 'robot_msgs' with the following arguments: {'ament_cmake_args': None, 'build_base': '/home/zhang/self_project/arm_study_ws/build/robot_msgs', 'catkin_cmake_args': None, 'catkin_skip_building_tests': False, 'cmake_args': None, 'cmake_clean_cache': False, 'cmake_clean_first': False, 'cmake_force_configure': False, 'cmake_target': None, 'cmake_target_skip_unavailable': False, 'install_base': '/home/zhang/self_project/arm_study_ws/install/robot_msgs', 'merge_install': False, 'path': '/home/zhang/self_project/arm_study_ws/src/robot_msgs', 'symlink_install': False, 'test_result_base': None}
[0.082s] Level 5:colcon.colcon_core.verb:set package 'robot_motion' build argument 'cmake_args' from command line to 'None'
[0.082s] Level 5:colcon.colcon_core.verb:set package 'robot_motion' build argument 'cmake_target' from command line to 'None'
[0.082s] Level 5:colcon.colcon_core.verb:set package 'robot_motion' build argument 'cmake_target_skip_unavailable' from command line to 'False'
[0.082s] Level 5:colcon.colcon_core.verb:set package 'robot_motion' build argument 'cmake_clean_cache' from command line to 'False'
[0.082s] Level 5:colcon.colcon_core.verb:set package 'robot_motion' build argument 'cmake_clean_first' from command line to 'False'
[0.082s] Level 5:colcon.colcon_core.verb:set package 'robot_motion' build argument 'cmake_force_configure' from command line to 'False'
[0.082s] Level 5:colcon.colcon_core.verb:set package 'robot_motion' build argument 'ament_cmake_args' from command line to 'None'
[0.082s] Level 5:colcon.colcon_core.verb:set package 'robot_motion' build argument 'catkin_cmake_args' from command line to 'None'
[0.082s] Level 5:colcon.colcon_core.verb:set package 'robot_motion' build argument 'catkin_skip_building_tests' from command line to 'False'
[0.082s] DEBUG:colcon.colcon_core.verb:Building package 'robot_motion' with the following arguments: {'ament_cmake_args': None, 'build_base': '/home/zhang/self_project/arm_study_ws/build/robot_motion', 'catkin_cmake_args': None, 'catkin_skip_building_tests': False, 'cmake_args': None, 'cmake_clean_cache': False, 'cmake_clean_first': False, 'cmake_force_configure': False, 'cmake_target': None, 'cmake_target_skip_unavailable': False, 'install_base': '/home/zhang/self_project/arm_study_ws/install/robot_motion', 'merge_install': False, 'path': '/home/zhang/self_project/arm_study_ws/src/robot_motion', 'symlink_install': False, 'test_result_base': None}
[0.083s] Level 5:colcon.colcon_core.verb:set package 'test_control' build argument 'cmake_args' from command line to 'None'
[0.083s] Level 5:colcon.colcon_core.verb:set package 'test_control' build argument 'cmake_target' from command line to 'None'
[0.083s] Level 5:colcon.colcon_core.verb:set package 'test_control' build argument 'cmake_target_skip_unavailable' from command line to 'False'
[0.083s] Level 5:colcon.colcon_core.verb:set package 'test_control' build argument 'cmake_clean_cache' from command line to 'False'
[0.083s] Level 5:colcon.colcon_core.verb:set package 'test_control' build argument 'cmake_clean_first' from command line to 'False'
[0.083s] Level 5:colcon.colcon_core.verb:set package 'test_control' build argument 'cmake_force_configure' from command line to 'False'
[0.083s] Level 5:colcon.colcon_core.verb:set package 'test_control' build argument 'ament_cmake_args' from command line to 'None'
[0.083s] Level 5:colcon.colcon_core.verb:set package 'test_control' build argument 'catkin_cmake_args' from command line to 'None'
[0.083s] Level 5:colcon.colcon_core.verb:set package 'test_control' build argument 'catkin_skip_building_tests' from command line to 'False'
[0.083s] DEBUG:colcon.colcon_core.verb:Building package 'test_control' with the following arguments: {'ament_cmake_args': None, 'build_base': '/home/zhang/self_project/arm_study_ws/build/test_control', 'catkin_cmake_args': None, 'catkin_skip_building_tests': False, 'cmake_args': None, 'cmake_clean_cache': False, 'cmake_clean_first': False, 'cmake_force_configure': False, 'cmake_target': None, 'cmake_target_skip_unavailable': False, 'install_base': '/home/zhang/self_project/arm_study_ws/install/test_control', 'merge_install': False, 'path': '/home/zhang/self_project/arm_study_ws/src/test_control', 'symlink_install': False, 'test_result_base': None}
[0.083s] INFO:colcon.colcon_core.executor:Executing jobs using 'parallel' executor
[0.085s] DEBUG:colcon.colcon_parallel_executor.executor.parallel:run_until_complete
[0.085s] INFO:colcon.colcon_ros.task.ament_cmake.build:Building ROS package in '/home/zhang/self_project/arm_study_ws/src/robot_msgs' with build type 'ament_cmake'
[0.085s] INFO:colcon.colcon_cmake.task.cmake.build:Building CMake package in '/home/zhang/self_project/arm_study_ws/src/robot_msgs'
[0.086s] INFO:colcon.colcon_core.plugin_system:Skipping extension 'colcon_core.shell.bat': Not used on non-Windows systems
[0.086s] DEBUG:colcon.colcon_core.shell:Skip shell extension 'dsv' for command environment
[0.088s] INFO:colcon.colcon_ros.task.ament_cmake.build:Building ROS package in '/home/zhang/self_project/arm_study_ws/src/rebot_description' with build type 'ament_cmake'
[0.088s] INFO:colcon.colcon_cmake.task.cmake.build:Building CMake package in '/home/zhang/self_project/arm_study_ws/src/rebot_description'
[0.088s] DEBUG:colcon.colcon_core.shell:Skip shell extension 'dsv' for command environment
[0.091s] DEBUG:colcon.colcon_core.event_handler.log_command:Invoking command in '/home/zhang/self_project/arm_study_ws/build/robot_msgs': CMAKE_PREFIX_PATH=${CMAKE_PREFIX_PATH}:/opt/ros/jazzy CONDA_PROMPT_MODIFIER=(base) DEBUGINFOD_URLS=https://debuginfod.ubuntu.com /usr/bin/cmake --build /home/zhang/self_project/arm_study_ws/build/robot_msgs -- -j20 -l20
[0.093s] DEBUG:colcon.colcon_core.event_handler.log_command:Invoking command in '/home/zhang/self_project/arm_study_ws/build/rebot_description': CMAKE_PREFIX_PATH=${CMAKE_PREFIX_PATH}:/opt/ros/jazzy CONDA_PROMPT_MODIFIER=(base) DEBUGINFOD_URLS=https://debuginfod.ubuntu.com /usr/bin/cmake --build /home/zhang/self_project/arm_study_ws/build/rebot_description -- -j20 -l20
[0.115s] DEBUG:colcon.colcon_core.event_handler.log_command:Invoked command in '/home/zhang/self_project/arm_study_ws/build/rebot_description' returned '0': CMAKE_PREFIX_PATH=${CMAKE_PREFIX_PATH}:/opt/ros/jazzy CONDA_PROMPT_MODIFIER=(base) DEBUGINFOD_URLS=https://debuginfod.ubuntu.com /usr/bin/cmake --build /home/zhang/self_project/arm_study_ws/build/rebot_description -- -j20 -l20
[0.120s] DEBUG:colcon.colcon_core.event_handler.log_command:Invoking command in '/home/zhang/self_project/arm_study_ws/build/rebot_description': CMAKE_PREFIX_PATH=${CMAKE_PREFIX_PATH}:/opt/ros/jazzy CONDA_PROMPT_MODIFIER=(base) DEBUGINFOD_URLS=https://debuginfod.ubuntu.com /usr/bin/cmake --install /home/zhang/self_project/arm_study_ws/build/rebot_description
[0.127s] Level 1:colcon.colcon_core.environment:create_environment_scripts_only(rebot_description)
[0.128s] DEBUG:colcon.colcon_core.event_handler.log_command:Invoked command in '/home/zhang/self_project/arm_study_ws/build/rebot_description' returned '0': CMAKE_PREFIX_PATH=${CMAKE_PREFIX_PATH}:/opt/ros/jazzy CONDA_PROMPT_MODIFIER=(base) DEBUGINFOD_URLS=https://debuginfod.ubuntu.com /usr/bin/cmake --install /home/zhang/self_project/arm_study_ws/build/rebot_description
[0.128s] Level 1:colcon.colcon_core.environment:checking '/home/zhang/self_project/arm_study_ws/install/rebot_description' for CMake module files
[0.129s] Level 1:colcon.colcon_core.environment:checking '/home/zhang/self_project/arm_study_ws/install/rebot_description' for CMake config files
[0.129s] Level 1:colcon.colcon_core.shell:create_environment_hook('rebot_description', 'cmake_prefix_path')
[0.129s] INFO:colcon.colcon_core.shell:Creating environment descriptor '/home/zhang/self_project/arm_study_ws/install/rebot_description/share/rebot_description/hook/cmake_prefix_path.dsv'
[0.129s] INFO:colcon.colcon_core.shell:Creating environment hook '/home/zhang/self_project/arm_study_ws/install/rebot_description/share/rebot_description/hook/cmake_prefix_path.sh'
[0.129s] Level 1:colcon.colcon_core.environment:checking '/home/zhang/self_project/arm_study_ws/install/rebot_description/lib'
[0.130s] Level 1:colcon.colcon_core.environment:checking '/home/zhang/self_project/arm_study_ws/install/rebot_description/bin'
[0.130s] Level 1:colcon.colcon_core.environment:checking '/home/zhang/self_project/arm_study_ws/install/rebot_description/lib/pkgconfig/rebot_description.pc'
[0.131s] Level 1:colcon.colcon_core.environment:checking '/home/zhang/self_project/arm_study_ws/install/rebot_description/lib/python3.12/site-packages'
[0.131s] Level 1:colcon.colcon_core.environment:checking '/home/zhang/self_project/arm_study_ws/install/rebot_description/bin'
[0.131s] INFO:colcon.colcon_core.shell:Creating package descriptor '/home/zhang/self_project/arm_study_ws/install/rebot_description/share/rebot_description/package.dsv'
[0.131s] INFO:colcon.colcon_core.shell:Creating package script '/home/zhang/self_project/arm_study_ws/install/rebot_description/share/rebot_description/package.sh'
[0.132s] INFO:colcon.colcon_core.shell:Creating package script '/home/zhang/self_project/arm_study_ws/install/rebot_description/share/rebot_description/package.bash'
[0.132s] INFO:colcon.colcon_core.shell:Creating package script '/home/zhang/self_project/arm_study_ws/install/rebot_description/share/rebot_description/package.zsh'
[0.132s] Level 1:colcon.colcon_core.environment:create_file_with_runtime_dependencies(/home/zhang/self_project/arm_study_ws/install/rebot_description/share/colcon-core/packages/rebot_description)
[0.133s] Level 1:colcon.colcon_core.environment:create_environment_scripts_only(rebot_description)
[0.133s] Level 1:colcon.colcon_core.environment:checking '/home/zhang/self_project/arm_study_ws/install/rebot_description' for CMake module files
[0.133s] Level 1:colcon.colcon_core.environment:checking '/home/zhang/self_project/arm_study_ws/install/rebot_description' for CMake config files
[0.133s] Level 1:colcon.colcon_core.shell:create_environment_hook('rebot_description', 'cmake_prefix_path')
[0.133s] INFO:colcon.colcon_core.shell:Creating environment descriptor '/home/zhang/self_project/arm_study_ws/install/rebot_description/share/rebot_description/hook/cmake_prefix_path.dsv'
[0.133s] INFO:colcon.colcon_core.shell:Creating environment hook '/home/zhang/self_project/arm_study_ws/install/rebot_description/share/rebot_description/hook/cmake_prefix_path.sh'
[0.134s] Level 1:colcon.colcon_core.environment:checking '/home/zhang/self_project/arm_study_ws/install/rebot_description/lib'
[0.134s] Level 1:colcon.colcon_core.environment:checking '/home/zhang/self_project/arm_study_ws/install/rebot_description/bin'
[0.134s] Level 1:colcon.colcon_core.environment:checking '/home/zhang/self_project/arm_study_ws/install/rebot_description/lib/pkgconfig/rebot_description.pc'
[0.134s] Level 1:colcon.colcon_core.environment:checking '/home/zhang/self_project/arm_study_ws/install/rebot_description/lib/python3.12/site-packages'
[0.134s] Level 1:colcon.colcon_core.environment:checking '/home/zhang/self_project/arm_study_ws/install/rebot_description/bin'
[0.134s] INFO:colcon.colcon_core.shell:Creating package descriptor '/home/zhang/self_project/arm_study_ws/install/rebot_description/share/rebot_description/package.dsv'
[0.134s] INFO:colcon.colcon_core.shell:Creating package script '/home/zhang/self_project/arm_study_ws/install/rebot_description/share/rebot_description/package.sh'
[0.134s] INFO:colcon.colcon_core.shell:Creating package script '/home/zhang/self_project/arm_study_ws/install/rebot_description/share/rebot_description/package.bash'
[0.134s] INFO:colcon.colcon_core.shell:Creating package script '/home/zhang/self_project/arm_study_ws/install/rebot_description/share/rebot_description/package.zsh'
[0.135s] Level 1:colcon.colcon_core.environment:create_file_with_runtime_dependencies(/home/zhang/self_project/arm_study_ws/install/rebot_description/share/colcon-core/packages/rebot_description)
[0.268s] DEBUG:colcon.colcon_core.event_handler.log_command:Invoked command in '/home/zhang/self_project/arm_study_ws/build/robot_msgs' returned '0': CMAKE_PREFIX_PATH=${CMAKE_PREFIX_PATH}:/opt/ros/jazzy CONDA_PROMPT_MODIFIER=(base) DEBUGINFOD_URLS=https://debuginfod.ubuntu.com /usr/bin/cmake --build /home/zhang/self_project/arm_study_ws/build/robot_msgs -- -j20 -l20
[0.269s] DEBUG:colcon.colcon_core.event_handler.log_command:Invoking command in '/home/zhang/self_project/arm_study_ws/build/robot_msgs': CMAKE_PREFIX_PATH=${CMAKE_PREFIX_PATH}:/opt/ros/jazzy CONDA_PROMPT_MODIFIER=(base) DEBUGINFOD_URLS=https://debuginfod.ubuntu.com /usr/bin/cmake --install /home/zhang/self_project/arm_study_ws/build/robot_msgs
[0.302s] Level 1:colcon.colcon_core.environment:create_environment_scripts_only(robot_msgs)
[0.302s] Level 1:colcon.colcon_core.environment:checking '/home/zhang/self_project/arm_study_ws/install/robot_msgs' for CMake module files
[0.302s] DEBUG:colcon.colcon_core.event_handler.log_command:Invoked command in '/home/zhang/self_project/arm_study_ws/build/robot_msgs' returned '0': CMAKE_PREFIX_PATH=${CMAKE_PREFIX_PATH}:/opt/ros/jazzy CONDA_PROMPT_MODIFIER=(base) DEBUGINFOD_URLS=https://debuginfod.ubuntu.com /usr/bin/cmake --install /home/zhang/self_project/arm_study_ws/build/robot_msgs
[0.303s] Level 1:colcon.colcon_core.environment:checking '/home/zhang/self_project/arm_study_ws/install/robot_msgs' for CMake config files
[0.303s] Level 1:colcon.colcon_core.shell:create_environment_hook('robot_msgs', 'cmake_prefix_path')
[0.303s] INFO:colcon.colcon_core.shell:Creating environment descriptor '/home/zhang/self_project/arm_study_ws/install/robot_msgs/share/robot_msgs/hook/cmake_prefix_path.dsv'
[0.303s] INFO:colcon.colcon_core.shell:Creating environment hook '/home/zhang/self_project/arm_study_ws/install/robot_msgs/share/robot_msgs/hook/cmake_prefix_path.sh'
[0.303s] Level 1:colcon.colcon_core.environment:checking '/home/zhang/self_project/arm_study_ws/install/robot_msgs/lib'
[0.303s] Level 1:colcon.colcon_core.shell:create_environment_hook('robot_msgs', 'ld_library_path_lib')
[0.303s] INFO:colcon.colcon_core.shell:Creating environment descriptor '/home/zhang/self_project/arm_study_ws/install/robot_msgs/share/robot_msgs/hook/ld_library_path_lib.dsv'
[0.304s] INFO:colcon.colcon_core.shell:Creating environment hook '/home/zhang/self_project/arm_study_ws/install/robot_msgs/share/robot_msgs/hook/ld_library_path_lib.sh'
[0.304s] Level 1:colcon.colcon_core.environment:checking '/home/zhang/self_project/arm_study_ws/install/robot_msgs/bin'
[0.304s] Level 1:colcon.colcon_core.environment:checking '/home/zhang/self_project/arm_study_ws/install/robot_msgs/lib/pkgconfig/robot_msgs.pc'
[0.304s] Level 1:colcon.colcon_core.environment:checking '/home/zhang/self_project/arm_study_ws/install/robot_msgs/lib/python3.12/site-packages'
[0.304s] Level 1:colcon.colcon_core.shell:create_environment_hook('robot_msgs', 'pythonpath')
[0.304s] INFO:colcon.colcon_core.shell:Creating environment descriptor '/home/zhang/self_project/arm_study_ws/install/robot_msgs/share/robot_msgs/hook/pythonpath.dsv'
[0.304s] INFO:colcon.colcon_core.shell:Creating environment hook '/home/zhang/self_project/arm_study_ws/install/robot_msgs/share/robot_msgs/hook/pythonpath.sh'
[0.304s] Level 1:colcon.colcon_core.environment:checking '/home/zhang/self_project/arm_study_ws/install/robot_msgs/bin'
[0.304s] INFO:colcon.colcon_core.shell:Creating package descriptor '/home/zhang/self_project/arm_study_ws/install/robot_msgs/share/robot_msgs/package.dsv'
[0.305s] INFO:colcon.colcon_core.shell:Creating package script '/home/zhang/self_project/arm_study_ws/install/robot_msgs/share/robot_msgs/package.sh'
[0.305s] INFO:colcon.colcon_core.shell:Creating package script '/home/zhang/self_project/arm_study_ws/install/robot_msgs/share/robot_msgs/package.bash'
[0.305s] INFO:colcon.colcon_core.shell:Creating package script '/home/zhang/self_project/arm_study_ws/install/robot_msgs/share/robot_msgs/package.zsh'
[0.305s] Level 1:colcon.colcon_core.environment:create_file_with_runtime_dependencies(/home/zhang/self_project/arm_study_ws/install/robot_msgs/share/colcon-core/packages/robot_msgs)
[0.305s] Level 1:colcon.colcon_core.environment:create_environment_scripts_only(robot_msgs)
[0.305s] Level 1:colcon.colcon_core.environment:checking '/home/zhang/self_project/arm_study_ws/install/robot_msgs' for CMake module files
[0.306s] Level 1:colcon.colcon_core.environment:checking '/home/zhang/self_project/arm_study_ws/install/robot_msgs' for CMake config files
[0.306s] Level 1:colcon.colcon_core.shell:create_environment_hook('robot_msgs', 'cmake_prefix_path')
[0.306s] INFO:colcon.colcon_core.shell:Creating environment descriptor '/home/zhang/self_project/arm_study_ws/install/robot_msgs/share/robot_msgs/hook/cmake_prefix_path.dsv'
[0.306s] INFO:colcon.colcon_core.shell:Creating environment hook '/home/zhang/self_project/arm_study_ws/install/robot_msgs/share/robot_msgs/hook/cmake_prefix_path.sh'
[0.306s] Level 1:colcon.colcon_core.environment:checking '/home/zhang/self_project/arm_study_ws/install/robot_msgs/lib'
[0.306s] Level 1:colcon.colcon_core.shell:create_environment_hook('robot_msgs', 'ld_library_path_lib')
[0.306s] INFO:colcon.colcon_core.shell:Creating environment descriptor '/home/zhang/self_project/arm_study_ws/install/robot_msgs/share/robot_msgs/hook/ld_library_path_lib.dsv'
[0.306s] INFO:colcon.colcon_core.shell:Creating environment hook '/home/zhang/self_project/arm_study_ws/install/robot_msgs/share/robot_msgs/hook/ld_library_path_lib.sh'
[0.306s] Level 1:colcon.colcon_core.environment:checking '/home/zhang/self_project/arm_study_ws/install/robot_msgs/bin'
[0.306s] Level 1:colcon.colcon_core.environment:checking '/home/zhang/self_project/arm_study_ws/install/robot_msgs/lib/pkgconfig/robot_msgs.pc'
[0.307s] Level 1:colcon.colcon_core.environment:checking '/home/zhang/self_project/arm_study_ws/install/robot_msgs/lib/python3.12/site-packages'
[0.307s] Level 1:colcon.colcon_core.shell:create_environment_hook('robot_msgs', 'pythonpath')
[0.307s] INFO:colcon.colcon_core.shell:Creating environment descriptor '/home/zhang/self_project/arm_study_ws/install/robot_msgs/share/robot_msgs/hook/pythonpath.dsv'
[0.307s] INFO:colcon.colcon_core.shell:Creating environment hook '/home/zhang/self_project/arm_study_ws/install/robot_msgs/share/robot_msgs/hook/pythonpath.sh'
[0.307s] Level 1:colcon.colcon_core.environment:checking '/home/zhang/self_project/arm_study_ws/install/robot_msgs/bin'
[0.307s] INFO:colcon.colcon_core.shell:Creating package descriptor '/home/zhang/self_project/arm_study_ws/install/robot_msgs/share/robot_msgs/package.dsv'
[0.307s] INFO:colcon.colcon_core.shell:Creating package script '/home/zhang/self_project/arm_study_ws/install/robot_msgs/share/robot_msgs/package.sh'
[0.308s] INFO:colcon.colcon_core.shell:Creating package script '/home/zhang/self_project/arm_study_ws/install/robot_msgs/share/robot_msgs/package.bash'
[0.309s] INFO:colcon.colcon_core.shell:Creating package script '/home/zhang/self_project/arm_study_ws/install/robot_msgs/share/robot_msgs/package.zsh'
[0.309s] Level 1:colcon.colcon_core.environment:create_file_with_runtime_dependencies(/home/zhang/self_project/arm_study_ws/install/robot_msgs/share/colcon-core/packages/robot_msgs)
[0.309s] INFO:colcon.colcon_ros.task.ament_cmake.build:Building ROS package in '/home/zhang/self_project/arm_study_ws/src/robot_motion' with build type 'ament_cmake'
[0.309s] INFO:colcon.colcon_cmake.task.cmake.build:Building CMake package in '/home/zhang/self_project/arm_study_ws/src/robot_motion'
[0.309s] DEBUG:colcon.colcon_core.shell:Skip shell extension 'dsv' for command environment
[0.315s] DEBUG:colcon.colcon_core.event_handler.log_command:Invoking command in '/home/zhang/self_project/arm_study_ws/build/robot_motion': CMAKE_PREFIX_PATH=/home/zhang/self_project/arm_study_ws/install/robot_msgs:/home/zhang/self_project/arm_study_ws/install/test_control:/home/zhang/self_project/arm_study_ws/install/robot_motion:/home/zhang/self_project/arm_study_ws/install/rebot_description:/opt/ros/jazzy/opt/gz_sim_vendor:/opt/ros/jazzy/opt/gz_sensors_vendor:/opt/ros/jazzy/opt/gz_physics_vendor:/opt/ros/jazzy/opt/sdformat_vendor:/opt/ros/jazzy/opt/gz_gui_vendor:/opt/ros/jazzy/opt/gz_transport_vendor:/opt/ros/jazzy/opt/gz_rendering_vendor:/opt/ros/jazzy/opt/gz_plugin_vendor:/opt/ros/jazzy/opt/gz_fuel_tools_vendor:/opt/ros/jazzy/opt/gz_msgs_vendor:/opt/ros/jazzy/opt/gz_common_vendor:/opt/ros/jazzy/opt/gz_math_vendor:/opt/ros/jazzy/opt/gz_utils_vendor:/opt/ros/jazzy/opt/gz_tools_vendor:/opt/ros/jazzy/opt/gz_ogre_next_vendor:/opt/ros/jazzy/opt/gz_dartsim_vendor:/opt/ros/jazzy/opt/gz_cmake_vendor:/opt/ros/jazzy CONDA_PROMPT_MODIFIER=(base) DEBUGINFOD_URLS=https://debuginfod.ubuntu.com LD_LIBRARY_PATH=/home/zhang/self_project/arm_study_ws/install/robot_msgs/lib:/home/zhang/self_project/arm_study_ws/install/robot_motion/lib:/opt/ros/jazzy/opt/gz_sim_vendor/lib:/opt/ros/jazzy/opt/gz_sensors_vendor/lib:/opt/ros/jazzy/opt/gz_physics_vendor/lib:/opt/ros/jazzy/opt/sdformat_vendor/lib:/opt/ros/jazzy/opt/rviz_ogre_vendor/lib:/opt/ros/jazzy/lib/x86_64-linux-gnu:/opt/ros/jazzy/opt/gz_gui_vendor/lib:/opt/ros/jazzy/opt/gz_transport_vendor/lib:/opt/ros/jazzy/opt/gz_rendering_vendor/lib:/opt/ros/jazzy/opt/gz_plugin_vendor/lib:/opt/ros/jazzy/opt/gz_fuel_tools_vendor/lib:/opt/ros/jazzy/opt/gz_msgs_vendor/lib:/opt/ros/jazzy/opt/gz_common_vendor/lib:/opt/ros/jazzy/opt/gz_math_vendor/lib:/opt/ros/jazzy/opt/gz_utils_vendor/lib:/opt/ros/jazzy/opt/gz_tools_vendor/lib:/opt/ros/jazzy/opt/gz_ogre_next_vendor/lib:/opt/ros/jazzy/opt/gz_dartsim_vendor/lib:/opt/ros/jazzy/opt/gz_cmake_vendor/lib:/opt/ros/jazzy/lib:/usr/local/cuda-12.8/lib64 /usr/bin/cmake --build /home/zhang/self_project/arm_study_ws/build/robot_motion -- -j20 -l20
[28.017s] DEBUG:colcon.colcon_core.event_handler.log_command:Invoked command in '/home/zhang/self_project/arm_study_ws/build/robot_motion' returned '0': CMAKE_PREFIX_PATH=/home/zhang/self_project/arm_study_ws/install/robot_msgs:/home/zhang/self_project/arm_study_ws/install/test_control:/home/zhang/self_project/arm_study_ws/install/robot_motion:/home/zhang/self_project/arm_study_ws/install/rebot_description:/opt/ros/jazzy/opt/gz_sim_vendor:/opt/ros/jazzy/opt/gz_sensors_vendor:/opt/ros/jazzy/opt/gz_physics_vendor:/opt/ros/jazzy/opt/sdformat_vendor:/opt/ros/jazzy/opt/gz_gui_vendor:/opt/ros/jazzy/opt/gz_transport_vendor:/opt/ros/jazzy/opt/gz_rendering_vendor:/opt/ros/jazzy/opt/gz_plugin_vendor:/opt/ros/jazzy/opt/gz_fuel_tools_vendor:/opt/ros/jazzy/opt/gz_msgs_vendor:/opt/ros/jazzy/opt/gz_common_vendor:/opt/ros/jazzy/opt/gz_math_vendor:/opt/ros/jazzy/opt/gz_utils_vendor:/opt/ros/jazzy/opt/gz_tools_vendor:/opt/ros/jazzy/opt/gz_ogre_next_vendor:/opt/ros/jazzy/opt/gz_dartsim_vendor:/opt/ros/jazzy/opt/gz_cmake_vendor:/opt/ros/jazzy CONDA_PROMPT_MODIFIER=(base) DEBUGINFOD_URLS=https://debuginfod.ubuntu.com LD_LIBRARY_PATH=/home/zhang/self_project/arm_study_ws/install/robot_msgs/lib:/home/zhang/self_project/arm_study_ws/install/robot_motion/lib:/opt/ros/jazzy/opt/gz_sim_vendor/lib:/opt/ros/jazzy/opt/gz_sensors_vendor/lib:/opt/ros/jazzy/opt/gz_physics_vendor/lib:/opt/ros/jazzy/opt/sdformat_vendor/lib:/opt/ros/jazzy/opt/rviz_ogre_vendor/lib:/opt/ros/jazzy/lib/x86_64-linux-gnu:/opt/ros/jazzy/opt/gz_gui_vendor/lib:/opt/ros/jazzy/opt/gz_transport_vendor/lib:/opt/ros/jazzy/opt/gz_rendering_vendor/lib:/opt/ros/jazzy/opt/gz_plugin_vendor/lib:/opt/ros/jazzy/opt/gz_fuel_tools_vendor/lib:/opt/ros/jazzy/opt/gz_msgs_vendor/lib:/opt/ros/jazzy/opt/gz_common_vendor/lib:/opt/ros/jazzy/opt/gz_math_vendor/lib:/opt/ros/jazzy/opt/gz_utils_vendor/lib:/opt/ros/jazzy/opt/gz_tools_vendor/lib:/opt/ros/jazzy/opt/gz_ogre_next_vendor/lib:/opt/ros/jazzy/opt/gz_dartsim_vendor/lib:/opt/ros/jazzy/opt/gz_cmake_vendor/lib:/opt/ros/jazzy/lib:/usr/local/cuda-12.8/lib64 /usr/bin/cmake --build /home/zhang/self_project/arm_study_ws/build/robot_motion -- -j20 -l20
[28.018s] DEBUG:colcon.colcon_core.event_handler.log_command:Invoking command in '/home/zhang/self_project/arm_study_ws/build/robot_motion': CMAKE_PREFIX_PATH=/home/zhang/self_project/arm_study_ws/install/robot_msgs:/home/zhang/self_project/arm_study_ws/install/test_control:/home/zhang/self_project/arm_study_ws/install/robot_motion:/home/zhang/self_project/arm_study_ws/install/rebot_description:/opt/ros/jazzy/opt/gz_sim_vendor:/opt/ros/jazzy/opt/gz_sensors_vendor:/opt/ros/jazzy/opt/gz_physics_vendor:/opt/ros/jazzy/opt/sdformat_vendor:/opt/ros/jazzy/opt/gz_gui_vendor:/opt/ros/jazzy/opt/gz_transport_vendor:/opt/ros/jazzy/opt/gz_rendering_vendor:/opt/ros/jazzy/opt/gz_plugin_vendor:/opt/ros/jazzy/opt/gz_fuel_tools_vendor:/opt/ros/jazzy/opt/gz_msgs_vendor:/opt/ros/jazzy/opt/gz_common_vendor:/opt/ros/jazzy/opt/gz_math_vendor:/opt/ros/jazzy/opt/gz_utils_vendor:/opt/ros/jazzy/opt/gz_tools_vendor:/opt/ros/jazzy/opt/gz_ogre_next_vendor:/opt/ros/jazzy/opt/gz_dartsim_vendor:/opt/ros/jazzy/opt/gz_cmake_vendor:/opt/ros/jazzy CONDA_PROMPT_MODIFIER=(base) DEBUGINFOD_URLS=https://debuginfod.ubuntu.com LD_LIBRARY_PATH=/home/zhang/self_project/arm_study_ws/install/robot_msgs/lib:/home/zhang/self_project/arm_study_ws/install/robot_motion/lib:/opt/ros/jazzy/opt/gz_sim_vendor/lib:/opt/ros/jazzy/opt/gz_sensors_vendor/lib:/opt/ros/jazzy/opt/gz_physics_vendor/lib:/opt/ros/jazzy/opt/sdformat_vendor/lib:/opt/ros/jazzy/opt/rviz_ogre_vendor/lib:/opt/ros/jazzy/lib/x86_64-linux-gnu:/opt/ros/jazzy/opt/gz_gui_vendor/lib:/opt/ros/jazzy/opt/gz_transport_vendor/lib:/opt/ros/jazzy/opt/gz_rendering_vendor/lib:/opt/ros/jazzy/opt/gz_plugin_vendor/lib:/opt/ros/jazzy/opt/gz_fuel_tools_vendor/lib:/opt/ros/jazzy/opt/gz_msgs_vendor/lib:/opt/ros/jazzy/opt/gz_common_vendor/lib:/opt/ros/jazzy/opt/gz_math_vendor/lib:/opt/ros/jazzy/opt/gz_utils_vendor/lib:/opt/ros/jazzy/opt/gz_tools_vendor/lib:/opt/ros/jazzy/opt/gz_ogre_next_vendor/lib:/opt/ros/jazzy/opt/gz_dartsim_vendor/lib:/opt/ros/jazzy/opt/gz_cmake_vendor/lib:/opt/ros/jazzy/lib:/usr/local/cuda-12.8/lib64 /usr/bin/cmake --install /home/zhang/self_project/arm_study_ws/build/robot_motion
[28.043s] Level 1:colcon.colcon_core.environment:create_environment_scripts_only(robot_motion)
[28.043s] Level 1:colcon.colcon_core.environment:checking '/home/zhang/self_project/arm_study_ws/install/robot_motion' for CMake module files
[28.044s] Level 1:colcon.colcon_core.environment:checking '/home/zhang/self_project/arm_study_ws/install/robot_motion' for CMake config files
[28.044s] DEBUG:colcon.colcon_core.event_handler.log_command:Invoked command in '/home/zhang/self_project/arm_study_ws/build/robot_motion' returned '0': CMAKE_PREFIX_PATH=/home/zhang/self_project/arm_study_ws/install/robot_msgs:/home/zhang/self_project/arm_study_ws/install/test_control:/home/zhang/self_project/arm_study_ws/install/robot_motion:/home/zhang/self_project/arm_study_ws/install/rebot_description:/opt/ros/jazzy/opt/gz_sim_vendor:/opt/ros/jazzy/opt/gz_sensors_vendor:/opt/ros/jazzy/opt/gz_physics_vendor:/opt/ros/jazzy/opt/sdformat_vendor:/opt/ros/jazzy/opt/gz_gui_vendor:/opt/ros/jazzy/opt/gz_transport_vendor:/opt/ros/jazzy/opt/gz_rendering_vendor:/opt/ros/jazzy/opt/gz_plugin_vendor:/opt/ros/jazzy/opt/gz_fuel_tools_vendor:/opt/ros/jazzy/opt/gz_msgs_vendor:/opt/ros/jazzy/opt/gz_common_vendor:/opt/ros/jazzy/opt/gz_math_vendor:/opt/ros/jazzy/opt/gz_utils_vendor:/opt/ros/jazzy/opt/gz_tools_vendor:/opt/ros/jazzy/opt/gz_ogre_next_vendor:/opt/ros/jazzy/opt/gz_dartsim_vendor:/opt/ros/jazzy/opt/gz_cmake_vendor:/opt/ros/jazzy CONDA_PROMPT_MODIFIER=(base) DEBUGINFOD_URLS=https://debuginfod.ubuntu.com LD_LIBRARY_PATH=/home/zhang/self_project/arm_study_ws/install/robot_msgs/lib:/home/zhang/self_project/arm_study_ws/install/robot_motion/lib:/opt/ros/jazzy/opt/gz_sim_vendor/lib:/opt/ros/jazzy/opt/gz_sensors_vendor/lib:/opt/ros/jazzy/opt/gz_physics_vendor/lib:/opt/ros/jazzy/opt/sdformat_vendor/lib:/opt/ros/jazzy/opt/rviz_ogre_vendor/lib:/opt/ros/jazzy/lib/x86_64-linux-gnu:/opt/ros/jazzy/opt/gz_gui_vendor/lib:/opt/ros/jazzy/opt/gz_transport_vendor/lib:/opt/ros/jazzy/opt/gz_rendering_vendor/lib:/opt/ros/jazzy/opt/gz_plugin_vendor/lib:/opt/ros/jazzy/opt/gz_fuel_tools_vendor/lib:/opt/ros/jazzy/opt/gz_msgs_vendor/lib:/opt/ros/jazzy/opt/gz_common_vendor/lib:/opt/ros/jazzy/opt/gz_math_vendor/lib:/opt/ros/jazzy/opt/gz_utils_vendor/lib:/opt/ros/jazzy/opt/gz_tools_vendor/lib:/opt/ros/jazzy/opt/gz_ogre_next_vendor/lib:/opt/ros/jazzy/opt/gz_dartsim_vendor/lib:/opt/ros/jazzy/opt/gz_cmake_vendor/lib:/opt/ros/jazzy/lib:/usr/local/cuda-12.8/lib64 /usr/bin/cmake --install /home/zhang/self_project/arm_study_ws/build/robot_motion
[28.044s] Level 1:colcon.colcon_core.shell:create_environment_hook('robot_motion', 'cmake_prefix_path')
[28.044s] INFO:colcon.colcon_core.shell:Creating environment descriptor '/home/zhang/self_project/arm_study_ws/install/robot_motion/share/robot_motion/hook/cmake_prefix_path.dsv'
[28.044s] INFO:colcon.colcon_core.shell:Creating environment hook '/home/zhang/self_project/arm_study_ws/install/robot_motion/share/robot_motion/hook/cmake_prefix_path.sh'
[28.045s] Level 1:colcon.colcon_core.environment:checking '/home/zhang/self_project/arm_study_ws/install/robot_motion/lib'
[28.045s] Level 1:colcon.colcon_core.shell:create_environment_hook('robot_motion', 'ld_library_path_lib')
[28.045s] INFO:colcon.colcon_core.shell:Creating environment descriptor '/home/zhang/self_project/arm_study_ws/install/robot_motion/share/robot_motion/hook/ld_library_path_lib.dsv'
[28.045s] INFO:colcon.colcon_core.shell:Creating environment hook '/home/zhang/self_project/arm_study_ws/install/robot_motion/share/robot_motion/hook/ld_library_path_lib.sh'
[28.045s] Level 1:colcon.colcon_core.environment:checking '/home/zhang/self_project/arm_study_ws/install/robot_motion/bin'
[28.045s] Level 1:colcon.colcon_core.environment:checking '/home/zhang/self_project/arm_study_ws/install/robot_motion/lib/pkgconfig/robot_motion.pc'
[28.045s] Level 1:colcon.colcon_core.environment:checking '/home/zhang/self_project/arm_study_ws/install/robot_motion/lib/python3.12/site-packages'
[28.045s] Level 1:colcon.colcon_core.environment:checking '/home/zhang/self_project/arm_study_ws/install/robot_motion/bin'
[28.045s] INFO:colcon.colcon_core.shell:Creating package descriptor '/home/zhang/self_project/arm_study_ws/install/robot_motion/share/robot_motion/package.dsv'
[28.046s] INFO:colcon.colcon_core.shell:Creating package script '/home/zhang/self_project/arm_study_ws/install/robot_motion/share/robot_motion/package.sh'
[28.046s] INFO:colcon.colcon_core.shell:Creating package script '/home/zhang/self_project/arm_study_ws/install/robot_motion/share/robot_motion/package.bash'
[28.046s] INFO:colcon.colcon_core.shell:Creating package script '/home/zhang/self_project/arm_study_ws/install/robot_motion/share/robot_motion/package.zsh'
[28.046s] Level 1:colcon.colcon_core.environment:create_file_with_runtime_dependencies(/home/zhang/self_project/arm_study_ws/install/robot_motion/share/colcon-core/packages/robot_motion)
[28.046s] Level 1:colcon.colcon_core.environment:create_environment_scripts_only(robot_motion)
[28.046s] Level 1:colcon.colcon_core.environment:checking '/home/zhang/self_project/arm_study_ws/install/robot_motion' for CMake module files
[28.046s] Level 1:colcon.colcon_core.environment:checking '/home/zhang/self_project/arm_study_ws/install/robot_motion' for CMake config files
[28.047s] Level 1:colcon.colcon_core.shell:create_environment_hook('robot_motion', 'cmake_prefix_path')
[28.047s] INFO:colcon.colcon_core.shell:Creating environment descriptor '/home/zhang/self_project/arm_study_ws/install/robot_motion/share/robot_motion/hook/cmake_prefix_path.dsv'
[28.047s] INFO:colcon.colcon_core.shell:Creating environment hook '/home/zhang/self_project/arm_study_ws/install/robot_motion/share/robot_motion/hook/cmake_prefix_path.sh'
[28.047s] Level 1:colcon.colcon_core.environment:checking '/home/zhang/self_project/arm_study_ws/install/robot_motion/lib'
[28.047s] Level 1:colcon.colcon_core.shell:create_environment_hook('robot_motion', 'ld_library_path_lib')
[28.047s] INFO:colcon.colcon_core.shell:Creating environment descriptor '/home/zhang/self_project/arm_study_ws/install/robot_motion/share/robot_motion/hook/ld_library_path_lib.dsv'
[28.047s] INFO:colcon.colcon_core.shell:Creating environment hook '/home/zhang/self_project/arm_study_ws/install/robot_motion/share/robot_motion/hook/ld_library_path_lib.sh'
[28.047s] Level 1:colcon.colcon_core.environment:checking '/home/zhang/self_project/arm_study_ws/install/robot_motion/bin'
[28.047s] Level 1:colcon.colcon_core.environment:checking '/home/zhang/self_project/arm_study_ws/install/robot_motion/lib/pkgconfig/robot_motion.pc'
[28.047s] Level 1:colcon.colcon_core.environment:checking '/home/zhang/self_project/arm_study_ws/install/robot_motion/lib/python3.12/site-packages'
[28.048s] Level 1:colcon.colcon_core.environment:checking '/home/zhang/self_project/arm_study_ws/install/robot_motion/bin'
[28.048s] INFO:colcon.colcon_core.shell:Creating package descriptor '/home/zhang/self_project/arm_study_ws/install/robot_motion/share/robot_motion/package.dsv'
[28.048s] INFO:colcon.colcon_core.shell:Creating package script '/home/zhang/self_project/arm_study_ws/install/robot_motion/share/robot_motion/package.sh'
[28.048s] INFO:colcon.colcon_core.shell:Creating package script '/home/zhang/self_project/arm_study_ws/install/robot_motion/share/robot_motion/package.bash'
[28.048s] INFO:colcon.colcon_core.shell:Creating package script '/home/zhang/self_project/arm_study_ws/install/robot_motion/share/robot_motion/package.zsh'
[28.048s] Level 1:colcon.colcon_core.environment:create_file_with_runtime_dependencies(/home/zhang/self_project/arm_study_ws/install/robot_motion/share/colcon-core/packages/robot_motion)
[28.048s] INFO:colcon.colcon_ros.task.ament_cmake.build:Building ROS package in '/home/zhang/self_project/arm_study_ws/src/test_control' with build type 'ament_cmake'
[28.048s] INFO:colcon.colcon_cmake.task.cmake.build:Building CMake package in '/home/zhang/self_project/arm_study_ws/src/test_control'
[28.048s] DEBUG:colcon.colcon_core.shell:Skip shell extension 'dsv' for command environment
[28.055s] DEBUG:colcon.colcon_core.event_handler.log_command:Invoking command in '/home/zhang/self_project/arm_study_ws/build/test_control': CMAKE_PREFIX_PATH=/home/zhang/self_project/arm_study_ws/install/robot_motion:/home/zhang/self_project/arm_study_ws/install/robot_msgs:/home/zhang/self_project/arm_study_ws/install/test_control:/home/zhang/self_project/arm_study_ws/install/rebot_description:/opt/ros/jazzy/opt/gz_sim_vendor:/opt/ros/jazzy/opt/gz_sensors_vendor:/opt/ros/jazzy/opt/gz_physics_vendor:/opt/ros/jazzy/opt/sdformat_vendor:/opt/ros/jazzy/opt/gz_gui_vendor:/opt/ros/jazzy/opt/gz_transport_vendor:/opt/ros/jazzy/opt/gz_rendering_vendor:/opt/ros/jazzy/opt/gz_plugin_vendor:/opt/ros/jazzy/opt/gz_fuel_tools_vendor:/opt/ros/jazzy/opt/gz_msgs_vendor:/opt/ros/jazzy/opt/gz_common_vendor:/opt/ros/jazzy/opt/gz_math_vendor:/opt/ros/jazzy/opt/gz_utils_vendor:/opt/ros/jazzy/opt/gz_tools_vendor:/opt/ros/jazzy/opt/gz_ogre_next_vendor:/opt/ros/jazzy/opt/gz_dartsim_vendor:/opt/ros/jazzy/opt/gz_cmake_vendor:/opt/ros/jazzy CONDA_PROMPT_MODIFIER=(base) DEBUGINFOD_URLS=https://debuginfod.ubuntu.com /usr/bin/cmake --build /home/zhang/self_project/arm_study_ws/build/test_control -- -j20 -l20
[28.747s] DEBUG:colcon.colcon_core.event_handler.log_command:Invoked command in '/home/zhang/self_project/arm_study_ws/build/test_control' returned '0': CMAKE_PREFIX_PATH=/home/zhang/self_project/arm_study_ws/install/robot_motion:/home/zhang/self_project/arm_study_ws/install/robot_msgs:/home/zhang/self_project/arm_study_ws/install/test_control:/home/zhang/self_project/arm_study_ws/install/rebot_description:/opt/ros/jazzy/opt/gz_sim_vendor:/opt/ros/jazzy/opt/gz_sensors_vendor:/opt/ros/jazzy/opt/gz_physics_vendor:/opt/ros/jazzy/opt/sdformat_vendor:/opt/ros/jazzy/opt/gz_gui_vendor:/opt/ros/jazzy/opt/gz_transport_vendor:/opt/ros/jazzy/opt/gz_rendering_vendor:/opt/ros/jazzy/opt/gz_plugin_vendor:/opt/ros/jazzy/opt/gz_fuel_tools_vendor:/opt/ros/jazzy/opt/gz_msgs_vendor:/opt/ros/jazzy/opt/gz_common_vendor:/opt/ros/jazzy/opt/gz_math_vendor:/opt/ros/jazzy/opt/gz_utils_vendor:/opt/ros/jazzy/opt/gz_tools_vendor:/opt/ros/jazzy/opt/gz_ogre_next_vendor:/opt/ros/jazzy/opt/gz_dartsim_vendor:/opt/ros/jazzy/opt/gz_cmake_vendor:/opt/ros/jazzy CONDA_PROMPT_MODIFIER=(base) DEBUGINFOD_URLS=https://debuginfod.ubuntu.com /usr/bin/cmake --build /home/zhang/self_project/arm_study_ws/build/test_control -- -j20 -l20
[28.748s] DEBUG:colcon.colcon_core.event_handler.log_command:Invoking command in '/home/zhang/self_project/arm_study_ws/build/test_control': CMAKE_PREFIX_PATH=/home/zhang/self_project/arm_study_ws/install/robot_motion:/home/zhang/self_project/arm_study_ws/install/robot_msgs:/home/zhang/self_project/arm_study_ws/install/test_control:/home/zhang/self_project/arm_study_ws/install/rebot_description:/opt/ros/jazzy/opt/gz_sim_vendor:/opt/ros/jazzy/opt/gz_sensors_vendor:/opt/ros/jazzy/opt/gz_physics_vendor:/opt/ros/jazzy/opt/sdformat_vendor:/opt/ros/jazzy/opt/gz_gui_vendor:/opt/ros/jazzy/opt/gz_transport_vendor:/opt/ros/jazzy/opt/gz_rendering_vendor:/opt/ros/jazzy/opt/gz_plugin_vendor:/opt/ros/jazzy/opt/gz_fuel_tools_vendor:/opt/ros/jazzy/opt/gz_msgs_vendor:/opt/ros/jazzy/opt/gz_common_vendor:/opt/ros/jazzy/opt/gz_math_vendor:/opt/ros/jazzy/opt/gz_utils_vendor:/opt/ros/jazzy/opt/gz_tools_vendor:/opt/ros/jazzy/opt/gz_ogre_next_vendor:/opt/ros/jazzy/opt/gz_dartsim_vendor:/opt/ros/jazzy/opt/gz_cmake_vendor:/opt/ros/jazzy CONDA_PROMPT_MODIFIER=(base) DEBUGINFOD_URLS=https://debuginfod.ubuntu.com /usr/bin/cmake --install /home/zhang/self_project/arm_study_ws/build/test_control
[28.760s] Level 1:colcon.colcon_core.environment:create_environment_scripts_only(test_control)
[28.760s] Level 1:colcon.colcon_core.environment:checking '/home/zhang/self_project/arm_study_ws/install/test_control' for CMake module files
[28.760s] DEBUG:colcon.colcon_core.event_handler.log_command:Invoked command in '/home/zhang/self_project/arm_study_ws/build/test_control' returned '0': CMAKE_PREFIX_PATH=/home/zhang/self_project/arm_study_ws/install/robot_motion:/home/zhang/self_project/arm_study_ws/install/robot_msgs:/home/zhang/self_project/arm_study_ws/install/test_control:/home/zhang/self_project/arm_study_ws/install/rebot_description:/opt/ros/jazzy/opt/gz_sim_vendor:/opt/ros/jazzy/opt/gz_sensors_vendor:/opt/ros/jazzy/opt/gz_physics_vendor:/opt/ros/jazzy/opt/sdformat_vendor:/opt/ros/jazzy/opt/gz_gui_vendor:/opt/ros/jazzy/opt/gz_transport_vendor:/opt/ros/jazzy/opt/gz_rendering_vendor:/opt/ros/jazzy/opt/gz_plugin_vendor:/opt/ros/jazzy/opt/gz_fuel_tools_vendor:/opt/ros/jazzy/opt/gz_msgs_vendor:/opt/ros/jazzy/opt/gz_common_vendor:/opt/ros/jazzy/opt/gz_math_vendor:/opt/ros/jazzy/opt/gz_utils_vendor:/opt/ros/jazzy/opt/gz_tools_vendor:/opt/ros/jazzy/opt/gz_ogre_next_vendor:/opt/ros/jazzy/opt/gz_dartsim_vendor:/opt/ros/jazzy/opt/gz_cmake_vendor:/opt/ros/jazzy CONDA_PROMPT_MODIFIER=(base) DEBUGINFOD_URLS=https://debuginfod.ubuntu.com /usr/bin/cmake --install /home/zhang/self_project/arm_study_ws/build/test_control
[28.760s] Level 1:colcon.colcon_core.environment:checking '/home/zhang/self_project/arm_study_ws/install/test_control' for CMake config files
[28.761s] Level 1:colcon.colcon_core.shell:create_environment_hook('test_control', 'cmake_prefix_path')
[28.761s] INFO:colcon.colcon_core.shell:Creating environment descriptor '/home/zhang/self_project/arm_study_ws/install/test_control/share/test_control/hook/cmake_prefix_path.dsv'
[28.761s] INFO:colcon.colcon_core.shell:Creating environment hook '/home/zhang/self_project/arm_study_ws/install/test_control/share/test_control/hook/cmake_prefix_path.sh'
[28.761s] Level 1:colcon.colcon_core.environment:checking '/home/zhang/self_project/arm_study_ws/install/test_control/lib'
[28.761s] Level 1:colcon.colcon_core.environment:checking '/home/zhang/self_project/arm_study_ws/install/test_control/bin'
[28.761s] Level 1:colcon.colcon_core.environment:checking '/home/zhang/self_project/arm_study_ws/install/test_control/lib/pkgconfig/test_control.pc'
[28.761s] Level 1:colcon.colcon_core.environment:checking '/home/zhang/self_project/arm_study_ws/install/test_control/lib/python3.12/site-packages'
[28.762s] Level 1:colcon.colcon_core.environment:checking '/home/zhang/self_project/arm_study_ws/install/test_control/bin'
[28.762s] INFO:colcon.colcon_core.shell:Creating package descriptor '/home/zhang/self_project/arm_study_ws/install/test_control/share/test_control/package.dsv'
[28.762s] INFO:colcon.colcon_core.shell:Creating package script '/home/zhang/self_project/arm_study_ws/install/test_control/share/test_control/package.sh'
[28.762s] INFO:colcon.colcon_core.shell:Creating package script '/home/zhang/self_project/arm_study_ws/install/test_control/share/test_control/package.bash'
[28.762s] INFO:colcon.colcon_core.shell:Creating package script '/home/zhang/self_project/arm_study_ws/install/test_control/share/test_control/package.zsh'
[28.762s] Level 1:colcon.colcon_core.environment:create_file_with_runtime_dependencies(/home/zhang/self_project/arm_study_ws/install/test_control/share/colcon-core/packages/test_control)
[28.763s] Level 1:colcon.colcon_core.environment:create_environment_scripts_only(test_control)
[28.763s] Level 1:colcon.colcon_core.environment:checking '/home/zhang/self_project/arm_study_ws/install/test_control' for CMake module files
[28.763s] Level 1:colcon.colcon_core.environment:checking '/home/zhang/self_project/arm_study_ws/install/test_control' for CMake config files
[28.763s] Level 1:colcon.colcon_core.shell:create_environment_hook('test_control', 'cmake_prefix_path')
[28.763s] INFO:colcon.colcon_core.shell:Creating environment descriptor '/home/zhang/self_project/arm_study_ws/install/test_control/share/test_control/hook/cmake_prefix_path.dsv'
[28.763s] INFO:colcon.colcon_core.shell:Creating environment hook '/home/zhang/self_project/arm_study_ws/install/test_control/share/test_control/hook/cmake_prefix_path.sh'
[28.763s] Level 1:colcon.colcon_core.environment:checking '/home/zhang/self_project/arm_study_ws/install/test_control/lib'
[28.764s] Level 1:colcon.colcon_core.environment:checking '/home/zhang/self_project/arm_study_ws/install/test_control/bin'
[28.764s] Level 1:colcon.colcon_core.environment:checking '/home/zhang/self_project/arm_study_ws/install/test_control/lib/pkgconfig/test_control.pc'
[28.764s] Level 1:colcon.colcon_core.environment:checking '/home/zhang/self_project/arm_study_ws/install/test_control/lib/python3.12/site-packages'
[28.764s] Level 1:colcon.colcon_core.environment:checking '/home/zhang/self_project/arm_study_ws/install/test_control/bin'
[28.764s] INFO:colcon.colcon_core.shell:Creating package descriptor '/home/zhang/self_project/arm_study_ws/install/test_control/share/test_control/package.dsv'
[28.764s] INFO:colcon.colcon_core.shell:Creating package script '/home/zhang/self_project/arm_study_ws/install/test_control/share/test_control/package.sh'
[28.764s] INFO:colcon.colcon_core.shell:Creating package script '/home/zhang/self_project/arm_study_ws/install/test_control/share/test_control/package.bash'
[28.764s] INFO:colcon.colcon_core.shell:Creating package script '/home/zhang/self_project/arm_study_ws/install/test_control/share/test_control/package.zsh'
[28.765s] Level 1:colcon.colcon_core.environment:create_file_with_runtime_dependencies(/home/zhang/self_project/arm_study_ws/install/test_control/share/colcon-core/packages/test_control)
[28.765s] DEBUG:colcon.colcon_parallel_executor.executor.parallel:closing loop
[28.765s] DEBUG:colcon.colcon_parallel_executor.executor.parallel:loop closed
[28.765s] DEBUG:colcon.colcon_parallel_executor.executor.parallel:run_until_complete finished with '0'
[28.765s] DEBUG:colcon.colcon_core.event_reactor:joining thread
[28.768s] INFO:colcon.colcon_core.plugin_system:Skipping extension 'colcon_notification.desktop_notification.terminal_notifier': Not used on non-Darwin systems
[28.768s] INFO:colcon.colcon_core.plugin_system:Skipping extension 'colcon_notification.desktop_notification.win32': Not used on non-Windows systems
[28.768s] INFO:colcon.colcon_notification.desktop_notification:Sending desktop notification using 'notify2'
[28.786s] DEBUG:colcon.colcon_core.event_reactor:joined thread
[28.786s] INFO:colcon.colcon_core.shell:Creating prefix script '/home/zhang/self_project/arm_study_ws/install/local_setup.sh'
[28.787s] INFO:colcon.colcon_core.shell:Creating prefix util module '/home/zhang/self_project/arm_study_ws/install/_local_setup_util_sh.py'
[28.788s] INFO:colcon.colcon_core.shell:Creating prefix chain script '/home/zhang/self_project/arm_study_ws/install/setup.sh'
[28.788s] INFO:colcon.colcon_core.shell:Creating prefix script '/home/zhang/self_project/arm_study_ws/install/local_setup.bash'
[28.788s] INFO:colcon.colcon_core.shell:Creating prefix chain script '/home/zhang/self_project/arm_study_ws/install/setup.bash'
[28.789s] INFO:colcon.colcon_core.shell:Creating prefix script '/home/zhang/self_project/arm_study_ws/install/local_setup.zsh'
[28.789s] INFO:colcon.colcon_core.shell:Creating prefix chain script '/home/zhang/self_project/arm_study_ws/install/setup.zsh'
