[  2%] Built target robot_msgs__rs
[  5%] Built target robot_msgs__rosidl_generator_type_description
[  5%] Built target ament_cmake_python_copy_robot_msgs
[  8%] Built target robot_msgs__cpp
[ 22%] Built target robot_msgs__rosidl_generator_c
[ 31%] Built target robot_msgs__rosidl_typesupport_introspection_c
[ 40%] Built target robot_msgs__rosidl_typesupport_introspection_cpp
[ 48%] Built target robot_msgs__rosidl_typesupport_fastrtps_c
[ 57%] Built target robot_msgs__rosidl_typesupport_cpp
[ 65%] Built target robot_msgs__rosidl_typesupport_fastrtps_cpp
[ 74%] Built target robot_msgs__rosidl_typesupport_c
[ 74%] Built target robot_msgs
[ 77%] Built target robot_msgs__py
[ 82%] Built target robot_msgs__rosidl_generator_py
[ 88%] Built target robot_msgs_s__rosidl_typesupport_fastrtps_c
[ 94%] Built target robot_msgs_s__rosidl_typesupport_introspection_c
[100%] Built target robot_msgs_s__rosidl_typesupport_c
running egg_info
writing robot_msgs.egg-info/PKG-INFO
writing dependency_links to robot_msgs.egg-info/dependency_links.txt
writing top-level names to robot_msgs.egg-info/top_level.txt
reading manifest file 'robot_msgs.egg-info/SOURCES.txt'
writing manifest file 'robot_msgs.egg-info/SOURCES.txt'
[100%] Built target ament_cmake_python_build_robot_msgs_egg
-- Install configuration: ""
-- Up-to-date: /home/zme/self_project/rebotArm_mujoco/install/robot_msgs/share/ament_index/resource_index/rosidl_interfaces/robot_msgs
-- Up-to-date: /home/zme/self_project/rebotArm_mujoco/install/robot_msgs/share/robot_msgs/msg/ArmPositionCmd.json
-- Up-to-date: /home/zme/self_project/rebotArm_mujoco/install/robot_msgs/include/robot_msgs/robot_msgs
-- Up-to-date: /home/zme/self_project/rebotArm_mujoco/install/robot_msgs/include/robot_msgs/robot_msgs/msg
-- Up-to-date: /home/zme/self_project/rebotArm_mujoco/install/robot_msgs/include/robot_msgs/robot_msgs/msg/rosidl_generator_c__visibility_control.h
-- Up-to-date: /home/zme/self_project/rebotArm_mujoco/install/robot_msgs/include/robot_msgs/robot_msgs/msg/arm_position_cmd.h
-- Up-to-date: /home/zme/self_project/rebotArm_mujoco/install/robot_msgs/include/robot_msgs/robot_msgs/msg/detail
-- Up-to-date: /home/zme/self_project/rebotArm_mujoco/install/robot_msgs/include/robot_msgs/robot_msgs/msg/detail/arm_position_cmd__functions.c
-- Up-to-date: /home/zme/self_project/rebotArm_mujoco/install/robot_msgs/include/robot_msgs/robot_msgs/msg/detail/arm_position_cmd__struct.h
-- Up-to-date: /home/zme/self_project/rebotArm_mujoco/install/robot_msgs/include/robot_msgs/robot_msgs/msg/detail/arm_position_cmd__description.c
-- Up-to-date: /home/zme/self_project/rebotArm_mujoco/install/robot_msgs/include/robot_msgs/robot_msgs/msg/detail/arm_position_cmd__type_support.h
-- Up-to-date: /home/zme/self_project/rebotArm_mujoco/install/robot_msgs/include/robot_msgs/robot_msgs/msg/detail/arm_position_cmd__functions.h
-- Up-to-date: /home/zme/self_project/rebotArm_mujoco/install/robot_msgs/include/robot_msgs/robot_msgs/msg/detail/arm_position_cmd__type_support.c
-- Up-to-date: /home/zme/self_project/rebotArm_mujoco/install/robot_msgs/share/robot_msgs/environment/library_path.sh
-- Up-to-date: /home/zme/self_project/rebotArm_mujoco/install/robot_msgs/share/robot_msgs/environment/library_path.dsv
-- Up-to-date: /home/zme/self_project/rebotArm_mujoco/install/robot_msgs/lib/librobot_msgs__rosidl_generator_c.so
-- Up-to-date: /home/zme/self_project/rebotArm_mujoco/install/robot_msgs/include/robot_msgs/robot_msgs
-- Up-to-date: /home/zme/self_project/rebotArm_mujoco/install/robot_msgs/include/robot_msgs/robot_msgs/msg
-- Up-to-date: /home/zme/self_project/rebotArm_mujoco/install/robot_msgs/include/robot_msgs/robot_msgs/msg/rosidl_typesupport_fastrtps_c__visibility_control.h
-- Up-to-date: /home/zme/self_project/rebotArm_mujoco/install/robot_msgs/include/robot_msgs/robot_msgs/msg/detail
-- Up-to-date: /home/zme/self_project/rebotArm_mujoco/install/robot_msgs/include/robot_msgs/robot_msgs/msg/detail/arm_position_cmd__rosidl_typesupport_fastrtps_c.h
-- Up-to-date: /home/zme/self_project/rebotArm_mujoco/install/robot_msgs/lib/librobot_msgs__rosidl_typesupport_fastrtps_c.so
-- Up-to-date: /home/zme/self_project/rebotArm_mujoco/install/robot_msgs/include/robot_msgs/robot_msgs
-- Up-to-date: /home/zme/self_project/rebotArm_mujoco/install/robot_msgs/include/robot_msgs/robot_msgs/msg
-- Up-to-date: /home/zme/self_project/rebotArm_mujoco/install/robot_msgs/include/robot_msgs/robot_msgs/msg/rosidl_typesupport_introspection_c__visibility_control.h
-- Up-to-date: /home/zme/self_project/rebotArm_mujoco/install/robot_msgs/include/robot_msgs/robot_msgs/msg/detail
-- Up-to-date: /home/zme/self_project/rebotArm_mujoco/install/robot_msgs/include/robot_msgs/robot_msgs/msg/detail/arm_position_cmd__rosidl_typesupport_introspection_c.h
-- Up-to-date: /home/zme/self_project/rebotArm_mujoco/install/robot_msgs/include/robot_msgs/robot_msgs/msg/detail/arm_position_cmd__type_support.c
-- Up-to-date: /home/zme/self_project/rebotArm_mujoco/install/robot_msgs/lib/librobot_msgs__rosidl_typesupport_introspection_c.so
-- Up-to-date: /home/zme/self_project/rebotArm_mujoco/install/robot_msgs/lib/librobot_msgs__rosidl_typesupport_c.so
-- Up-to-date: /home/zme/self_project/rebotArm_mujoco/install/robot_msgs/include/robot_msgs/robot_msgs
-- Up-to-date: /home/zme/self_project/rebotArm_mujoco/install/robot_msgs/include/robot_msgs/robot_msgs/msg
-- Up-to-date: /home/zme/self_project/rebotArm_mujoco/install/robot_msgs/include/robot_msgs/robot_msgs/msg/rosidl_generator_cpp__visibility_control.hpp
-- Up-to-date: /home/zme/self_project/rebotArm_mujoco/install/robot_msgs/include/robot_msgs/robot_msgs/msg/arm_position_cmd.hpp
-- Up-to-date: /home/zme/self_project/rebotArm_mujoco/install/robot_msgs/include/robot_msgs/robot_msgs/msg/detail
-- Up-to-date: /home/zme/self_project/rebotArm_mujoco/install/robot_msgs/include/robot_msgs/robot_msgs/msg/detail/arm_position_cmd__traits.hpp
-- Up-to-date: /home/zme/self_project/rebotArm_mujoco/install/robot_msgs/include/robot_msgs/robot_msgs/msg/detail/arm_position_cmd__struct.hpp
-- Up-to-date: /home/zme/self_project/rebotArm_mujoco/install/robot_msgs/include/robot_msgs/robot_msgs/msg/detail/arm_position_cmd__type_support.hpp
-- Up-to-date: /home/zme/self_project/rebotArm_mujoco/install/robot_msgs/include/robot_msgs/robot_msgs/msg/detail/arm_position_cmd__builder.hpp
-- Up-to-date: /home/zme/self_project/rebotArm_mujoco/install/robot_msgs/include/robot_msgs/robot_msgs
-- Up-to-date: /home/zme/self_project/rebotArm_mujoco/install/robot_msgs/include/robot_msgs/robot_msgs/msg
-- Up-to-date: /home/zme/self_project/rebotArm_mujoco/install/robot_msgs/include/robot_msgs/robot_msgs/msg/rosidl_typesupport_fastrtps_cpp__visibility_control.h
-- Up-to-date: /home/zme/self_project/rebotArm_mujoco/install/robot_msgs/include/robot_msgs/robot_msgs/msg/detail
-- Up-to-date: /home/zme/self_project/rebotArm_mujoco/install/robot_msgs/include/robot_msgs/robot_msgs/msg/detail/dds_fastrtps
-- Up-to-date: /home/zme/self_project/rebotArm_mujoco/install/robot_msgs/include/robot_msgs/robot_msgs/msg/detail/arm_position_cmd__rosidl_typesupport_fastrtps_cpp.hpp
-- Up-to-date: /home/zme/self_project/rebotArm_mujoco/install/robot_msgs/lib/librobot_msgs__rosidl_typesupport_fastrtps_cpp.so
-- Up-to-date: /home/zme/self_project/rebotArm_mujoco/install/robot_msgs/include/robot_msgs/robot_msgs
-- Up-to-date: /home/zme/self_project/rebotArm_mujoco/install/robot_msgs/include/robot_msgs/robot_msgs/msg
-- Up-to-date: /home/zme/self_project/rebotArm_mujoco/install/robot_msgs/include/robot_msgs/robot_msgs/msg/detail
-- Up-to-date: /home/zme/self_project/rebotArm_mujoco/install/robot_msgs/include/robot_msgs/robot_msgs/msg/detail/arm_position_cmd__type_support.cpp
-- Up-to-date: /home/zme/self_project/rebotArm_mujoco/install/robot_msgs/include/robot_msgs/robot_msgs/msg/detail/arm_position_cmd__rosidl_typesupport_introspection_cpp.hpp
-- Up-to-date: /home/zme/self_project/rebotArm_mujoco/install/robot_msgs/lib/librobot_msgs__rosidl_typesupport_introspection_cpp.so
-- Up-to-date: /home/zme/self_project/rebotArm_mujoco/install/robot_msgs/lib/librobot_msgs__rosidl_typesupport_cpp.so
-- Up-to-date: /home/zme/self_project/rebotArm_mujoco/install/robot_msgs/share/robot_msgs/environment/pythonpath.sh
-- Up-to-date: /home/zme/self_project/rebotArm_mujoco/install/robot_msgs/share/robot_msgs/environment/pythonpath.dsv
-- Up-to-date: /home/zme/self_project/rebotArm_mujoco/install/robot_msgs/lib/python3.12/site-packages/robot_msgs-0.0.0-py3.12.egg-info
-- Installing: /home/zme/self_project/rebotArm_mujoco/install/robot_msgs/lib/python3.12/site-packages/robot_msgs-0.0.0-py3.12.egg-info/PKG-INFO
-- Installing: /home/zme/self_project/rebotArm_mujoco/install/robot_msgs/lib/python3.12/site-packages/robot_msgs-0.0.0-py3.12.egg-info/top_level.txt
-- Installing: /home/zme/self_project/rebotArm_mujoco/install/robot_msgs/lib/python3.12/site-packages/robot_msgs-0.0.0-py3.12.egg-info/dependency_links.txt
-- Installing: /home/zme/self_project/rebotArm_mujoco/install/robot_msgs/lib/python3.12/site-packages/robot_msgs-0.0.0-py3.12.egg-info/SOURCES.txt
-- Up-to-date: /home/zme/self_project/rebotArm_mujoco/install/robot_msgs/lib/python3.12/site-packages/robot_msgs
-- Up-to-date: /home/zme/self_project/rebotArm_mujoco/install/robot_msgs/lib/python3.12/site-packages/robot_msgs/_robot_msgs_s.ep.rosidl_typesupport_introspection_c.c
-- Up-to-date: /home/zme/self_project/rebotArm_mujoco/install/robot_msgs/lib/python3.12/site-packages/robot_msgs/__init__.py
-- Up-to-date: /home/zme/self_project/rebotArm_mujoco/install/robot_msgs/lib/python3.12/site-packages/robot_msgs/robot_msgs_s__rosidl_typesupport_c.so
-- Up-to-date: /home/zme/self_project/rebotArm_mujoco/install/robot_msgs/lib/python3.12/site-packages/robot_msgs/robot_msgs_s__rosidl_typesupport_fastrtps_c.so
-- Up-to-date: /home/zme/self_project/rebotArm_mujoco/install/robot_msgs/lib/python3.12/site-packages/robot_msgs/_robot_msgs_s.ep.rosidl_typesupport_fastrtps_c.c
-- Up-to-date: /home/zme/self_project/rebotArm_mujoco/install/robot_msgs/lib/python3.12/site-packages/robot_msgs/msg
-- Up-to-date: /home/zme/self_project/rebotArm_mujoco/install/robot_msgs/lib/python3.12/site-packages/robot_msgs/msg/__init__.py
-- Up-to-date: /home/zme/self_project/rebotArm_mujoco/install/robot_msgs/lib/python3.12/site-packages/robot_msgs/msg/_arm_position_cmd.py
-- Up-to-date: /home/zme/self_project/rebotArm_mujoco/install/robot_msgs/lib/python3.12/site-packages/robot_msgs/msg/_arm_position_cmd_s.c
-- Up-to-date: /home/zme/self_project/rebotArm_mujoco/install/robot_msgs/lib/python3.12/site-packages/robot_msgs/robot_msgs_s__rosidl_typesupport_introspection_c.so
-- Up-to-date: /home/zme/self_project/rebotArm_mujoco/install/robot_msgs/lib/python3.12/site-packages/robot_msgs/_robot_msgs_s.ep.rosidl_typesupport_c.c
Listing '/home/zme/self_project/rebotArm_mujoco/install/robot_msgs/lib/python3.12/site-packages/robot_msgs'...
Listing '/home/zme/self_project/rebotArm_mujoco/install/robot_msgs/lib/python3.12/site-packages/robot_msgs/msg'...
-- Up-to-date: /home/zme/self_project/rebotArm_mujoco/install/robot_msgs/lib/python3.12/site-packages/robot_msgs/robot_msgs_s__rosidl_typesupport_fastrtps_c.so
-- Up-to-date: /home/zme/self_project/rebotArm_mujoco/install/robot_msgs/lib/python3.12/site-packages/robot_msgs/robot_msgs_s__rosidl_typesupport_introspection_c.so
-- Up-to-date: /home/zme/self_project/rebotArm_mujoco/install/robot_msgs/lib/python3.12/site-packages/robot_msgs/robot_msgs_s__rosidl_typesupport_c.so
-- Up-to-date: /home/zme/self_project/rebotArm_mujoco/install/robot_msgs/lib/librobot_msgs__rosidl_generator_py.so
-- Up-to-date: /home/zme/self_project/rebotArm_mujoco/install/robot_msgs/share/ament_index/resource_index/rust_packages/robot_msgs
-- Up-to-date: /home/zme/self_project/rebotArm_mujoco/install/robot_msgs/share/robot_msgs/rust
-- Up-to-date: /home/zme/self_project/rebotArm_mujoco/install/robot_msgs/share/robot_msgs/rust/Cargo.toml
-- Up-to-date: /home/zme/self_project/rebotArm_mujoco/install/robot_msgs/share/robot_msgs/rust/src
-- Up-to-date: /home/zme/self_project/rebotArm_mujoco/install/robot_msgs/share/robot_msgs/rust/src/msg.rs
-- Up-to-date: /home/zme/self_project/rebotArm_mujoco/install/robot_msgs/share/robot_msgs/rust/src/msg
-- Up-to-date: /home/zme/self_project/rebotArm_mujoco/install/robot_msgs/share/robot_msgs/rust/src/msg/rmw.rs
-- Up-to-date: /home/zme/self_project/rebotArm_mujoco/install/robot_msgs/share/robot_msgs/rust/src/lib.rs
-- Up-to-date: /home/zme/self_project/rebotArm_mujoco/install/robot_msgs/share/robot_msgs/rust/build.rs
-- Up-to-date: /home/zme/self_project/rebotArm_mujoco/install/robot_msgs/share/robot_msgs/msg/ArmPositionCmd.idl
-- Up-to-date: /home/zme/self_project/rebotArm_mujoco/install/robot_msgs/share/robot_msgs/msg/ArmPositionCmd.msg
-- Up-to-date: /home/zme/self_project/rebotArm_mujoco/install/robot_msgs/share/ament_index/resource_index/package_run_dependencies/robot_msgs
-- Up-to-date: /home/zme/self_project/rebotArm_mujoco/install/robot_msgs/share/ament_index/resource_index/parent_prefix_path/robot_msgs
-- Up-to-date: /home/zme/self_project/rebotArm_mujoco/install/robot_msgs/share/robot_msgs/environment/ament_prefix_path.sh
-- Up-to-date: /home/zme/self_project/rebotArm_mujoco/install/robot_msgs/share/robot_msgs/environment/ament_prefix_path.dsv
-- Up-to-date: /home/zme/self_project/rebotArm_mujoco/install/robot_msgs/share/robot_msgs/environment/path.sh
-- Up-to-date: /home/zme/self_project/rebotArm_mujoco/install/robot_msgs/share/robot_msgs/environment/path.dsv
-- Up-to-date: /home/zme/self_project/rebotArm_mujoco/install/robot_msgs/share/robot_msgs/local_setup.bash
-- Up-to-date: /home/zme/self_project/rebotArm_mujoco/install/robot_msgs/share/robot_msgs/local_setup.sh
-- Up-to-date: /home/zme/self_project/rebotArm_mujoco/install/robot_msgs/share/robot_msgs/local_setup.zsh
-- Up-to-date: /home/zme/self_project/rebotArm_mujoco/install/robot_msgs/share/robot_msgs/local_setup.dsv
-- Installing: /home/zme/self_project/rebotArm_mujoco/install/robot_msgs/share/robot_msgs/package.dsv
-- Up-to-date: /home/zme/self_project/rebotArm_mujoco/install/robot_msgs/share/ament_index/resource_index/packages/robot_msgs
-- Up-to-date: /home/zme/self_project/rebotArm_mujoco/install/robot_msgs/share/robot_msgs/cmake/export_robot_msgs__rosidl_generator_cExport.cmake
-- Up-to-date: /home/zme/self_project/rebotArm_mujoco/install/robot_msgs/share/robot_msgs/cmake/export_robot_msgs__rosidl_generator_cExport-noconfig.cmake
-- Up-to-date: /home/zme/self_project/rebotArm_mujoco/install/robot_msgs/share/robot_msgs/cmake/export_robot_msgs__rosidl_typesupport_fastrtps_cExport.cmake
-- Up-to-date: /home/zme/self_project/rebotArm_mujoco/install/robot_msgs/share/robot_msgs/cmake/export_robot_msgs__rosidl_typesupport_fastrtps_cExport-noconfig.cmake
-- Up-to-date: /home/zme/self_project/rebotArm_mujoco/install/robot_msgs/share/robot_msgs/cmake/robot_msgs__rosidl_typesupport_introspection_cExport.cmake
-- Up-to-date: /home/zme/self_project/rebotArm_mujoco/install/robot_msgs/share/robot_msgs/cmake/robot_msgs__rosidl_typesupport_introspection_cExport-noconfig.cmake
-- Up-to-date: /home/zme/self_project/rebotArm_mujoco/install/robot_msgs/share/robot_msgs/cmake/robot_msgs__rosidl_typesupport_cExport.cmake
-- Up-to-date: /home/zme/self_project/rebotArm_mujoco/install/robot_msgs/share/robot_msgs/cmake/robot_msgs__rosidl_typesupport_cExport-noconfig.cmake
-- Up-to-date: /home/zme/self_project/rebotArm_mujoco/install/robot_msgs/share/robot_msgs/cmake/export_robot_msgs__rosidl_generator_cppExport.cmake
-- Up-to-date: /home/zme/self_project/rebotArm_mujoco/install/robot_msgs/share/robot_msgs/cmake/export_robot_msgs__rosidl_typesupport_fastrtps_cppExport.cmake
-- Up-to-date: /home/zme/self_project/rebotArm_mujoco/install/robot_msgs/share/robot_msgs/cmake/export_robot_msgs__rosidl_typesupport_fastrtps_cppExport-noconfig.cmake
-- Up-to-date: /home/zme/self_project/rebotArm_mujoco/install/robot_msgs/share/robot_msgs/cmake/robot_msgs__rosidl_typesupport_introspection_cppExport.cmake
-- Up-to-date: /home/zme/self_project/rebotArm_mujoco/install/robot_msgs/share/robot_msgs/cmake/robot_msgs__rosidl_typesupport_introspection_cppExport-noconfig.cmake
-- Up-to-date: /home/zme/self_project/rebotArm_mujoco/install/robot_msgs/share/robot_msgs/cmake/robot_msgs__rosidl_typesupport_cppExport.cmake
-- Up-to-date: /home/zme/self_project/rebotArm_mujoco/install/robot_msgs/share/robot_msgs/cmake/robot_msgs__rosidl_typesupport_cppExport-noconfig.cmake
-- Up-to-date: /home/zme/self_project/rebotArm_mujoco/install/robot_msgs/share/robot_msgs/cmake/export_robot_msgs__rosidl_generator_pyExport.cmake
-- Up-to-date: /home/zme/self_project/rebotArm_mujoco/install/robot_msgs/share/robot_msgs/cmake/export_robot_msgs__rosidl_generator_pyExport-noconfig.cmake
-- Up-to-date: /home/zme/self_project/rebotArm_mujoco/install/robot_msgs/share/robot_msgs/cmake/rosidl_cmake-extras.cmake
-- Up-to-date: /home/zme/self_project/rebotArm_mujoco/install/robot_msgs/share/robot_msgs/cmake/ament_cmake_export_include_directories-extras.cmake
-- Up-to-date: /home/zme/self_project/rebotArm_mujoco/install/robot_msgs/share/robot_msgs/cmake/ament_cmake_export_libraries-extras.cmake
-- Up-to-date: /home/zme/self_project/rebotArm_mujoco/install/robot_msgs/share/robot_msgs/cmake/ament_cmake_export_targets-extras.cmake
-- Up-to-date: /home/zme/self_project/rebotArm_mujoco/install/robot_msgs/share/robot_msgs/cmake/rosidl_cmake_export_typesupport_targets-extras.cmake
-- Up-to-date: /home/zme/self_project/rebotArm_mujoco/install/robot_msgs/share/robot_msgs/cmake/ament_cmake_export_dependencies-extras.cmake
-- Up-to-date: /home/zme/self_project/rebotArm_mujoco/install/robot_msgs/share/robot_msgs/cmake/rosidl_cmake_export_typesupport_libraries-extras.cmake
-- Up-to-date: /home/zme/self_project/rebotArm_mujoco/install/robot_msgs/share/robot_msgs/cmake/rosidl_cmake_aggregate_target-extras.cmake
-- Up-to-date: /home/zme/self_project/rebotArm_mujoco/install/robot_msgs/share/robot_msgs/cmake/robot_msgsConfig.cmake
-- Up-to-date: /home/zme/self_project/rebotArm_mujoco/install/robot_msgs/share/robot_msgs/cmake/robot_msgsConfig-version.cmake
-- Up-to-date: /home/zme/self_project/rebotArm_mujoco/install/robot_msgs/share/robot_msgs/package.xml
