[0.013s] Invoking command in '/home/zhang/self_project/arm_study_ws/build/robot_motion': CMAKE_PREFIX_PATH=/home/zhang/self_project/arm_study_ws/install/robot_msgs:/home/zhang/self_project/arm_study_ws/install/test_control:/home/zhang/self_project/arm_study_ws/install/robot_motion:/home/zhang/self_project/arm_study_ws/install/rebot_description:/opt/ros/jazzy/opt/gz_sim_vendor:/opt/ros/jazzy/opt/gz_sensors_vendor:/opt/ros/jazzy/opt/gz_physics_vendor:/opt/ros/jazzy/opt/sdformat_vendor:/opt/ros/jazzy/opt/gz_gui_vendor:/opt/ros/jazzy/opt/gz_transport_vendor:/opt/ros/jazzy/opt/gz_rendering_vendor:/opt/ros/jazzy/opt/gz_plugin_vendor:/opt/ros/jazzy/opt/gz_fuel_tools_vendor:/opt/ros/jazzy/opt/gz_msgs_vendor:/opt/ros/jazzy/opt/gz_common_vendor:/opt/ros/jazzy/opt/gz_math_vendor:/opt/ros/jazzy/opt/gz_utils_vendor:/opt/ros/jazzy/opt/gz_tools_vendor:/opt/ros/jazzy/opt/gz_ogre_next_vendor:/opt/ros/jazzy/opt/gz_dartsim_vendor:/opt/ros/jazzy/opt/gz_cmake_vendor:/opt/ros/jazzy DEBUGINFOD_URLS=https://debuginfod.ubuntu.com LD_LIBRARY_PATH=/home/zhang/self_project/arm_study_ws/install/robot_msgs/lib:/home/zhang/self_project/arm_study_ws/install/robot_motion/lib:/opt/ros/jazzy/opt/gz_sim_vendor/lib:/opt/ros/jazzy/opt/gz_sensors_vendor/lib:/opt/ros/jazzy/opt/gz_physics_vendor/lib:/opt/ros/jazzy/opt/sdformat_vendor/lib:/opt/ros/jazzy/opt/rviz_ogre_vendor/lib:/opt/ros/jazzy/lib/x86_64-linux-gnu:/opt/ros/jazzy/opt/gz_gui_vendor/lib:/opt/ros/jazzy/opt/gz_transport_vendor/lib:/opt/ros/jazzy/opt/gz_rendering_vendor/lib:/opt/ros/jazzy/opt/gz_plugin_vendor/lib:/opt/ros/jazzy/opt/gz_fuel_tools_vendor/lib:/opt/ros/jazzy/opt/gz_msgs_vendor/lib:/opt/ros/jazzy/opt/gz_common_vendor/lib:/opt/ros/jazzy/opt/gz_math_vendor/lib:/opt/ros/jazzy/opt/gz_utils_vendor/lib:/opt/ros/jazzy/opt/gz_tools_vendor/lib:/opt/ros/jazzy/opt/gz_ogre_next_vendor/lib:/opt/ros/jazzy/opt/gz_dartsim_vendor/lib:/opt/ros/jazzy/opt/gz_cmake_vendor/lib:/opt/ros/jazzy/lib:/usr/local/cuda-12.8/lib64 /usr/bin/cmake /home/zhang/self_project/arm_study_ws/src/robot_motion -DCMAKE_INSTALL_PREFIX=/home/zhang/self_project/arm_study_ws/install/robot_motion
[0.053s] -- The C compiler identification is GNU 13.3.0
[0.088s] -- The CXX compiler identification is GNU 13.3.0
[0.105s] -- Detecting C compiler ABI info
[0.173s] -- Detecting C compiler ABI info - done
[0.179s] -- Check for working C compiler: /usr/bin/cc - skipped
[0.179s] -- Detecting C compile features
[0.179s] -- Detecting C compile features - done
[0.186s] -- Detecting CXX compiler ABI info
[0.261s] -- Detecting CXX compiler ABI info - done
[0.265s] -- Check for working CXX compiler: /usr/bin/c++ - skipped
[0.265s] -- Detecting CXX compile features
[0.266s] -- Detecting CXX compile features - done
[0.268s] -- Found ament_cmake: 2.5.4 (/opt/ros/jazzy/share/ament_cmake/cmake)
[0.377s] -- Found Python3: /usr/bin/python3 (found version "3.12.3") found components: Interpreter 
[0.461s] -- Found rclcpp: 28.1.13 (/opt/ros/jazzy/share/rclcpp/cmake)
[0.494s] -- Found rosidl_generator_c: 4.6.6 (/opt/ros/jazzy/share/rosidl_generator_c/cmake)
[0.503s] -- Found rosidl_generator_cpp: 4.6.6 (/opt/ros/jazzy/share/rosidl_generator_cpp/cmake)
[0.510s] -- Using all available rosidl_typesupport_c: rosidl_typesupport_fastrtps_c;rosidl_typesupport_introspection_c
[0.520s] -- Using all available rosidl_typesupport_cpp: rosidl_typesupport_fastrtps_cpp;rosidl_typesupport_introspection_cpp
[0.562s] -- Found rmw_implementation_cmake: 7.3.2 (/opt/ros/jazzy/share/rmw_implementation_cmake/cmake)
[0.564s] -- Found rmw_fastrtps_cpp: 8.4.3 (/opt/ros/jazzy/share/rmw_fastrtps_cpp/cmake)
[0.615s] -- Found OpenSSL: /usr/lib/x86_64-linux-gnu/libcrypto.so (found version "3.0.13")  
[0.625s] -- Found FastRTPS: /opt/ros/jazzy/include (Required is at least version "2.13") 
[0.640s] -- Using RMW implementation 'rmw_fastrtps_cpp' as default
[0.687s] -- Found std_msgs: 5.3.6 (/opt/ros/jazzy/share/std_msgs/cmake)
[0.696s] -- Found sensor_msgs: 5.3.6 (/opt/ros/jazzy/share/sensor_msgs/cmake)
[0.714s] -- Found robot_msgs: 0.0.0 (/home/zhang/self_project/arm_study_ws/install/robot_msgs/share/robot_msgs/cmake)
[0.719s] -- pinocchio_default FOUND. pinocchio_default at /opt/ros/jazzy/lib/x86_64-linux-gnu/libpinocchio_default.so
[0.719s] -- pinocchio_parsers FOUND. pinocchio_parsers at /opt/ros/jazzy/lib/x86_64-linux-gnu/libpinocchio_parsers.so
[0.720s] -- boost_filesystem FOUND. boost_filesystem at /lib/x86_64-linux-gnu/libboost_filesystem.so
[0.760s] -- Found Boost: /usr/include (found version "1.83.0") found components: filesystem serialization 
[0.761s] -- eigenpy FOUND. eigenpy at /opt/ros/jazzy/lib/x86_64-linux-gnu/libeigenpy.so
[0.779s] -- Checking for NumPy
[0.921s] --   NUMPY_INCLUDE_DIRS=/usr/lib/python3/dist-packages/numpy/core/include
[0.989s] --   NUMPY_VERSION=1.26.4
[1.223s] -- Found Python3: /usr/bin/python3 (found version "3.12.3") found components: Interpreter Development.Module NumPy 
[1.224s] -- PythonLibraryDirs: 
[1.224s] -- PythonLibVersionString: 3.12.3
[1.238s] -- Python site lib: lib/python3.12/site-packages
[1.238s] -- Python include dirs: /usr/include/python3.12
[1.275s] -- Checking for NumPy
[1.339s] --   NUMPY_INCLUDE_DIRS=/usr/lib/python3/dist-packages/numpy/core/include
[1.408s] --   NUMPY_VERSION=1.26.4
[1.408s] -- NumPy include dir: /usr/lib/python3/dist-packages/numpy/core/include
[1.415s] -- Found Boost: /usr/include (found version "1.83.0") found components: python312 
[1.617s] -- Default C++ standard: 201703
[1.617s] -- Minimal C++ standard upgraded to 11
[1.617s] -- C++ standard sufficient: Minimal required 11, currently defined: 17
[1.617s] -- CMAKE_CXX_STANDARD was not set: automatically set to currently defined standard 17
[1.624s] -- hpp-fcl FOUND. hpp-fcl at /opt/ros/jazzy/lib/x86_64-linux-gnu/libhpp-fcl.so
[1.633s] -- Found Boost: /usr/include (found version "1.83.0") found components: chrono serialization filesystem 
[1.635s] -- Minimal C++ standard upgraded to 14
[1.635s] -- C++ standard sufficient: Minimal required 14, currently defined: 17
[1.635s] -- C++ standard sufficient: Minimal required 14, currently defined: 17
[1.636s] -- CasADi include: /usr/local/include
[1.636s] -- CasADi library: /usr/local/lib/libcasadi.so
[1.703s] -- Configuring done (1.7s)
[1.714s] -- Generating done (0.0s)
[1.720s] -- Build files have been written to: /home/zhang/self_project/arm_study_ws/build/robot_motion
[1.729s] Invoked command in '/home/zhang/self_project/arm_study_ws/build/robot_motion' returned '0': CMAKE_PREFIX_PATH=/home/zhang/self_project/arm_study_ws/install/robot_msgs:/home/zhang/self_project/arm_study_ws/install/test_control:/home/zhang/self_project/arm_study_ws/install/robot_motion:/home/zhang/self_project/arm_study_ws/install/rebot_description:/opt/ros/jazzy/opt/gz_sim_vendor:/opt/ros/jazzy/opt/gz_sensors_vendor:/opt/ros/jazzy/opt/gz_physics_vendor:/opt/ros/jazzy/opt/sdformat_vendor:/opt/ros/jazzy/opt/gz_gui_vendor:/opt/ros/jazzy/opt/gz_transport_vendor:/opt/ros/jazzy/opt/gz_rendering_vendor:/opt/ros/jazzy/opt/gz_plugin_vendor:/opt/ros/jazzy/opt/gz_fuel_tools_vendor:/opt/ros/jazzy/opt/gz_msgs_vendor:/opt/ros/jazzy/opt/gz_common_vendor:/opt/ros/jazzy/opt/gz_math_vendor:/opt/ros/jazzy/opt/gz_utils_vendor:/opt/ros/jazzy/opt/gz_tools_vendor:/opt/ros/jazzy/opt/gz_ogre_next_vendor:/opt/ros/jazzy/opt/gz_dartsim_vendor:/opt/ros/jazzy/opt/gz_cmake_vendor:/opt/ros/jazzy DEBUGINFOD_URLS=https://debuginfod.ubuntu.com LD_LIBRARY_PATH=/home/zhang/self_project/arm_study_ws/install/robot_msgs/lib:/home/zhang/self_project/arm_study_ws/install/robot_motion/lib:/opt/ros/jazzy/opt/gz_sim_vendor/lib:/opt/ros/jazzy/opt/gz_sensors_vendor/lib:/opt/ros/jazzy/opt/gz_physics_vendor/lib:/opt/ros/jazzy/opt/sdformat_vendor/lib:/opt/ros/jazzy/opt/rviz_ogre_vendor/lib:/opt/ros/jazzy/lib/x86_64-linux-gnu:/opt/ros/jazzy/opt/gz_gui_vendor/lib:/opt/ros/jazzy/opt/gz_transport_vendor/lib:/opt/ros/jazzy/opt/gz_rendering_vendor/lib:/opt/ros/jazzy/opt/gz_plugin_vendor/lib:/opt/ros/jazzy/opt/gz_fuel_tools_vendor/lib:/opt/ros/jazzy/opt/gz_msgs_vendor/lib:/opt/ros/jazzy/opt/gz_common_vendor/lib:/opt/ros/jazzy/opt/gz_math_vendor/lib:/opt/ros/jazzy/opt/gz_utils_vendor/lib:/opt/ros/jazzy/opt/gz_tools_vendor/lib:/opt/ros/jazzy/opt/gz_ogre_next_vendor/lib:/opt/ros/jazzy/opt/gz_dartsim_vendor/lib:/opt/ros/jazzy/opt/gz_cmake_vendor/lib:/opt/ros/jazzy/lib:/usr/local/cuda-12.8/lib64 /usr/bin/cmake /home/zhang/self_project/arm_study_ws/src/robot_motion -DCMAKE_INSTALL_PREFIX=/home/zhang/self_project/arm_study_ws/install/robot_motion
[1.730s] Invoking command in '/home/zhang/self_project/arm_study_ws/build/robot_motion': CMAKE_PREFIX_PATH=/home/zhang/self_project/arm_study_ws/install/robot_msgs:/home/zhang/self_project/arm_study_ws/install/test_control:/home/zhang/self_project/arm_study_ws/install/robot_motion:/home/zhang/self_project/arm_study_ws/install/rebot_description:/opt/ros/jazzy/opt/gz_sim_vendor:/opt/ros/jazzy/opt/gz_sensors_vendor:/opt/ros/jazzy/opt/gz_physics_vendor:/opt/ros/jazzy/opt/sdformat_vendor:/opt/ros/jazzy/opt/gz_gui_vendor:/opt/ros/jazzy/opt/gz_transport_vendor:/opt/ros/jazzy/opt/gz_rendering_vendor:/opt/ros/jazzy/opt/gz_plugin_vendor:/opt/ros/jazzy/opt/gz_fuel_tools_vendor:/opt/ros/jazzy/opt/gz_msgs_vendor:/opt/ros/jazzy/opt/gz_common_vendor:/opt/ros/jazzy/opt/gz_math_vendor:/opt/ros/jazzy/opt/gz_utils_vendor:/opt/ros/jazzy/opt/gz_tools_vendor:/opt/ros/jazzy/opt/gz_ogre_next_vendor:/opt/ros/jazzy/opt/gz_dartsim_vendor:/opt/ros/jazzy/opt/gz_cmake_vendor:/opt/ros/jazzy DEBUGINFOD_URLS=https://debuginfod.ubuntu.com LD_LIBRARY_PATH=/home/zhang/self_project/arm_study_ws/install/robot_msgs/lib:/home/zhang/self_project/arm_study_ws/install/robot_motion/lib:/opt/ros/jazzy/opt/gz_sim_vendor/lib:/opt/ros/jazzy/opt/gz_sensors_vendor/lib:/opt/ros/jazzy/opt/gz_physics_vendor/lib:/opt/ros/jazzy/opt/sdformat_vendor/lib:/opt/ros/jazzy/opt/rviz_ogre_vendor/lib:/opt/ros/jazzy/lib/x86_64-linux-gnu:/opt/ros/jazzy/opt/gz_gui_vendor/lib:/opt/ros/jazzy/opt/gz_transport_vendor/lib:/opt/ros/jazzy/opt/gz_rendering_vendor/lib:/opt/ros/jazzy/opt/gz_plugin_vendor/lib:/opt/ros/jazzy/opt/gz_fuel_tools_vendor/lib:/opt/ros/jazzy/opt/gz_msgs_vendor/lib:/opt/ros/jazzy/opt/gz_common_vendor/lib:/opt/ros/jazzy/opt/gz_math_vendor/lib:/opt/ros/jazzy/opt/gz_utils_vendor/lib:/opt/ros/jazzy/opt/gz_tools_vendor/lib:/opt/ros/jazzy/opt/gz_ogre_next_vendor/lib:/opt/ros/jazzy/opt/gz_dartsim_vendor/lib:/opt/ros/jazzy/opt/gz_cmake_vendor/lib:/opt/ros/jazzy/lib:/usr/local/cuda-12.8/lib64 /usr/bin/cmake --build /home/zhang/self_project/arm_study_ws/build/robot_motion -- -j20 -l20
[1.764s] [ 66%] [32mBuilding CXX object CMakeFiles/robot_motion.dir/src/pseudo_inverse_ik.cpp.o[0m
[1.764s] [ 66%] [32mBuilding CXX object CMakeFiles/robot_motion.dir/src/nlp_ik.cpp.o[0m
[21.464s] [100%] [32m[1mLinking CXX shared library librobot_motion.so[0m
[22.222s] [100%] Built target robot_motion
[22.230s] Invoked command in '/home/zhang/self_project/arm_study_ws/build/robot_motion' returned '0': CMAKE_PREFIX_PATH=/home/zhang/self_project/arm_study_ws/install/robot_msgs:/home/zhang/self_project/arm_study_ws/install/test_control:/home/zhang/self_project/arm_study_ws/install/robot_motion:/home/zhang/self_project/arm_study_ws/install/rebot_description:/opt/ros/jazzy/opt/gz_sim_vendor:/opt/ros/jazzy/opt/gz_sensors_vendor:/opt/ros/jazzy/opt/gz_physics_vendor:/opt/ros/jazzy/opt/sdformat_vendor:/opt/ros/jazzy/opt/gz_gui_vendor:/opt/ros/jazzy/opt/gz_transport_vendor:/opt/ros/jazzy/opt/gz_rendering_vendor:/opt/ros/jazzy/opt/gz_plugin_vendor:/opt/ros/jazzy/opt/gz_fuel_tools_vendor:/opt/ros/jazzy/opt/gz_msgs_vendor:/opt/ros/jazzy/opt/gz_common_vendor:/opt/ros/jazzy/opt/gz_math_vendor:/opt/ros/jazzy/opt/gz_utils_vendor:/opt/ros/jazzy/opt/gz_tools_vendor:/opt/ros/jazzy/opt/gz_ogre_next_vendor:/opt/ros/jazzy/opt/gz_dartsim_vendor:/opt/ros/jazzy/opt/gz_cmake_vendor:/opt/ros/jazzy DEBUGINFOD_URLS=https://debuginfod.ubuntu.com LD_LIBRARY_PATH=/home/zhang/self_project/arm_study_ws/install/robot_msgs/lib:/home/zhang/self_project/arm_study_ws/install/robot_motion/lib:/opt/ros/jazzy/opt/gz_sim_vendor/lib:/opt/ros/jazzy/opt/gz_sensors_vendor/lib:/opt/ros/jazzy/opt/gz_physics_vendor/lib:/opt/ros/jazzy/opt/sdformat_vendor/lib:/opt/ros/jazzy/opt/rviz_ogre_vendor/lib:/opt/ros/jazzy/lib/x86_64-linux-gnu:/opt/ros/jazzy/opt/gz_gui_vendor/lib:/opt/ros/jazzy/opt/gz_transport_vendor/lib:/opt/ros/jazzy/opt/gz_rendering_vendor/lib:/opt/ros/jazzy/opt/gz_plugin_vendor/lib:/opt/ros/jazzy/opt/gz_fuel_tools_vendor/lib:/opt/ros/jazzy/opt/gz_msgs_vendor/lib:/opt/ros/jazzy/opt/gz_common_vendor/lib:/opt/ros/jazzy/opt/gz_math_vendor/lib:/opt/ros/jazzy/opt/gz_utils_vendor/lib:/opt/ros/jazzy/opt/gz_tools_vendor/lib:/opt/ros/jazzy/opt/gz_ogre_next_vendor/lib:/opt/ros/jazzy/opt/gz_dartsim_vendor/lib:/opt/ros/jazzy/opt/gz_cmake_vendor/lib:/opt/ros/jazzy/lib:/usr/local/cuda-12.8/lib64 /usr/bin/cmake --build /home/zhang/self_project/arm_study_ws/build/robot_motion -- -j20 -l20
[22.230s] Invoking command in '/home/zhang/self_project/arm_study_ws/build/robot_motion': CMAKE_PREFIX_PATH=/home/zhang/self_project/arm_study_ws/install/robot_msgs:/home/zhang/self_project/arm_study_ws/install/test_control:/home/zhang/self_project/arm_study_ws/install/robot_motion:/home/zhang/self_project/arm_study_ws/install/rebot_description:/opt/ros/jazzy/opt/gz_sim_vendor:/opt/ros/jazzy/opt/gz_sensors_vendor:/opt/ros/jazzy/opt/gz_physics_vendor:/opt/ros/jazzy/opt/sdformat_vendor:/opt/ros/jazzy/opt/gz_gui_vendor:/opt/ros/jazzy/opt/gz_transport_vendor:/opt/ros/jazzy/opt/gz_rendering_vendor:/opt/ros/jazzy/opt/gz_plugin_vendor:/opt/ros/jazzy/opt/gz_fuel_tools_vendor:/opt/ros/jazzy/opt/gz_msgs_vendor:/opt/ros/jazzy/opt/gz_common_vendor:/opt/ros/jazzy/opt/gz_math_vendor:/opt/ros/jazzy/opt/gz_utils_vendor:/opt/ros/jazzy/opt/gz_tools_vendor:/opt/ros/jazzy/opt/gz_ogre_next_vendor:/opt/ros/jazzy/opt/gz_dartsim_vendor:/opt/ros/jazzy/opt/gz_cmake_vendor:/opt/ros/jazzy DEBUGINFOD_URLS=https://debuginfod.ubuntu.com LD_LIBRARY_PATH=/home/zhang/self_project/arm_study_ws/install/robot_msgs/lib:/home/zhang/self_project/arm_study_ws/install/robot_motion/lib:/opt/ros/jazzy/opt/gz_sim_vendor/lib:/opt/ros/jazzy/opt/gz_sensors_vendor/lib:/opt/ros/jazzy/opt/gz_physics_vendor/lib:/opt/ros/jazzy/opt/sdformat_vendor/lib:/opt/ros/jazzy/opt/rviz_ogre_vendor/lib:/opt/ros/jazzy/lib/x86_64-linux-gnu:/opt/ros/jazzy/opt/gz_gui_vendor/lib:/opt/ros/jazzy/opt/gz_transport_vendor/lib:/opt/ros/jazzy/opt/gz_rendering_vendor/lib:/opt/ros/jazzy/opt/gz_plugin_vendor/lib:/opt/ros/jazzy/opt/gz_fuel_tools_vendor/lib:/opt/ros/jazzy/opt/gz_msgs_vendor/lib:/opt/ros/jazzy/opt/gz_common_vendor/lib:/opt/ros/jazzy/opt/gz_math_vendor/lib:/opt/ros/jazzy/opt/gz_utils_vendor/lib:/opt/ros/jazzy/opt/gz_tools_vendor/lib:/opt/ros/jazzy/opt/gz_ogre_next_vendor/lib:/opt/ros/jazzy/opt/gz_dartsim_vendor/lib:/opt/ros/jazzy/opt/gz_cmake_vendor/lib:/opt/ros/jazzy/lib:/usr/local/cuda-12.8/lib64 /usr/bin/cmake --install /home/zhang/self_project/arm_study_ws/build/robot_motion
[22.236s] -- Install configuration: ""
[22.236s] -- Installing: /home/zhang/self_project/arm_study_ws/install/robot_motion/lib/librobot_motion.so
[22.251s] -- Set non-toolchain portion of runtime path of "/home/zhang/self_project/arm_study_ws/install/robot_motion/lib/librobot_motion.so" to ""
[22.251s] -- Installing: /home/zhang/self_project/arm_study_ws/install/robot_motion/include
[22.251s] -- Installing: /home/zhang/self_project/arm_study_ws/install/robot_motion/include/ik
[22.251s] -- Installing: /home/zhang/self_project/arm_study_ws/install/robot_motion/include/ik/nlp_ik.hpp
[22.251s] -- Installing: /home/zhang/self_project/arm_study_ws/install/robot_motion/include/ik/pseudo_inverse_ik.hpp
[22.251s] -- Installing: /home/zhang/self_project/arm_study_ws/install/robot_motion/share/robot_motion/cmake/robot_motionTargets.cmake
[22.251s] -- Installing: /home/zhang/self_project/arm_study_ws/install/robot_motion/share/robot_motion/cmake/robot_motionTargets-noconfig.cmake
[22.251s] -- Installing: /home/zhang/self_project/arm_study_ws/install/robot_motion/share/robot_motion/environment/library_path.sh
[22.251s] -- Installing: /home/zhang/self_project/arm_study_ws/install/robot_motion/share/robot_motion/environment/library_path.dsv
[22.252s] -- Installing: /home/zhang/self_project/arm_study_ws/install/robot_motion/share/ament_index/resource_index/package_run_dependencies/robot_motion
[22.252s] -- Installing: /home/zhang/self_project/arm_study_ws/install/robot_motion/share/ament_index/resource_index/parent_prefix_path/robot_motion
[22.252s] -- Installing: /home/zhang/self_project/arm_study_ws/install/robot_motion/share/robot_motion/environment/ament_prefix_path.sh
[22.252s] -- Installing: /home/zhang/self_project/arm_study_ws/install/robot_motion/share/robot_motion/environment/ament_prefix_path.dsv
[22.252s] -- Installing: /home/zhang/self_project/arm_study_ws/install/robot_motion/share/robot_motion/environment/path.sh
[22.252s] -- Installing: /home/zhang/self_project/arm_study_ws/install/robot_motion/share/robot_motion/environment/path.dsv
[22.252s] -- Installing: /home/zhang/self_project/arm_study_ws/install/robot_motion/share/robot_motion/local_setup.bash
[22.252s] -- Installing: /home/zhang/self_project/arm_study_ws/install/robot_motion/share/robot_motion/local_setup.sh
[22.252s] -- Installing: /home/zhang/self_project/arm_study_ws/install/robot_motion/share/robot_motion/local_setup.zsh
[22.252s] -- Installing: /home/zhang/self_project/arm_study_ws/install/robot_motion/share/robot_motion/local_setup.dsv
[22.252s] -- Installing: /home/zhang/self_project/arm_study_ws/install/robot_motion/share/robot_motion/package.dsv
[22.252s] -- Installing: /home/zhang/self_project/arm_study_ws/install/robot_motion/share/ament_index/resource_index/packages/robot_motion
[22.252s] -- Installing: /home/zhang/self_project/arm_study_ws/install/robot_motion/share/robot_motion/cmake/robot_motionTargetsExport.cmake
[22.252s] -- Installing: /home/zhang/self_project/arm_study_ws/install/robot_motion/share/robot_motion/cmake/robot_motionTargetsExport-noconfig.cmake
[22.252s] -- Installing: /home/zhang/self_project/arm_study_ws/install/robot_motion/share/robot_motion/cmake/ament_cmake_export_include_directories-extras.cmake
[22.252s] -- Installing: /home/zhang/self_project/arm_study_ws/install/robot_motion/share/robot_motion/cmake/ament_cmake_export_targets-extras.cmake
[22.252s] -- Installing: /home/zhang/self_project/arm_study_ws/install/robot_motion/share/robot_motion/cmake/ament_cmake_export_dependencies-extras.cmake
[22.253s] -- Installing: /home/zhang/self_project/arm_study_ws/install/robot_motion/share/robot_motion/cmake/robot_motionConfig.cmake
[22.253s] -- Installing: /home/zhang/self_project/arm_study_ws/install/robot_motion/share/robot_motion/cmake/robot_motionConfig-version.cmake
[22.253s] -- Installing: /home/zhang/self_project/arm_study_ws/install/robot_motion/share/robot_motion/package.xml
[22.254s] Invoked command in '/home/zhang/self_project/arm_study_ws/build/robot_motion' returned '0': CMAKE_PREFIX_PATH=/home/zhang/self_project/arm_study_ws/install/robot_msgs:/home/zhang/self_project/arm_study_ws/install/test_control:/home/zhang/self_project/arm_study_ws/install/robot_motion:/home/zhang/self_project/arm_study_ws/install/rebot_description:/opt/ros/jazzy/opt/gz_sim_vendor:/opt/ros/jazzy/opt/gz_sensors_vendor:/opt/ros/jazzy/opt/gz_physics_vendor:/opt/ros/jazzy/opt/sdformat_vendor:/opt/ros/jazzy/opt/gz_gui_vendor:/opt/ros/jazzy/opt/gz_transport_vendor:/opt/ros/jazzy/opt/gz_rendering_vendor:/opt/ros/jazzy/opt/gz_plugin_vendor:/opt/ros/jazzy/opt/gz_fuel_tools_vendor:/opt/ros/jazzy/opt/gz_msgs_vendor:/opt/ros/jazzy/opt/gz_common_vendor:/opt/ros/jazzy/opt/gz_math_vendor:/opt/ros/jazzy/opt/gz_utils_vendor:/opt/ros/jazzy/opt/gz_tools_vendor:/opt/ros/jazzy/opt/gz_ogre_next_vendor:/opt/ros/jazzy/opt/gz_dartsim_vendor:/opt/ros/jazzy/opt/gz_cmake_vendor:/opt/ros/jazzy DEBUGINFOD_URLS=https://debuginfod.ubuntu.com LD_LIBRARY_PATH=/home/zhang/self_project/arm_study_ws/install/robot_msgs/lib:/home/zhang/self_project/arm_study_ws/install/robot_motion/lib:/opt/ros/jazzy/opt/gz_sim_vendor/lib:/opt/ros/jazzy/opt/gz_sensors_vendor/lib:/opt/ros/jazzy/opt/gz_physics_vendor/lib:/opt/ros/jazzy/opt/sdformat_vendor/lib:/opt/ros/jazzy/opt/rviz_ogre_vendor/lib:/opt/ros/jazzy/lib/x86_64-linux-gnu:/opt/ros/jazzy/opt/gz_gui_vendor/lib:/opt/ros/jazzy/opt/gz_transport_vendor/lib:/opt/ros/jazzy/opt/gz_rendering_vendor/lib:/opt/ros/jazzy/opt/gz_plugin_vendor/lib:/opt/ros/jazzy/opt/gz_fuel_tools_vendor/lib:/opt/ros/jazzy/opt/gz_msgs_vendor/lib:/opt/ros/jazzy/opt/gz_common_vendor/lib:/opt/ros/jazzy/opt/gz_math_vendor/lib:/opt/ros/jazzy/opt/gz_utils_vendor/lib:/opt/ros/jazzy/opt/gz_tools_vendor/lib:/opt/ros/jazzy/opt/gz_ogre_next_vendor/lib:/opt/ros/jazzy/opt/gz_dartsim_vendor/lib:/opt/ros/jazzy/opt/gz_cmake_vendor/lib:/opt/ros/jazzy/lib:/usr/local/cuda-12.8/lib64 /usr/bin/cmake --install /home/zhang/self_project/arm_study_ws/build/robot_motion
