[0.006s] Invoking command in '/home/zhang/self_project/arm_study_ws/build/rebot_description': CMAKE_PREFIX_PATH=${CMAKE_PREFIX_PATH}:/opt/ros/jazzy DEBUGINFOD_URLS=https://debuginfod.ubuntu.com /usr/bin/cmake /home/zhang/self_project/arm_study_ws/src/rebot_description -DCMAKE_INSTALL_PREFIX=/home/zhang/self_project/arm_study_ws/install/rebot_description
[0.054s] -- The C compiler identification is GNU 13.3.0
[0.088s] -- The CXX compiler identification is GNU 13.3.0
[0.097s] -- Detecting C compiler ABI info
[0.164s] -- Detecting C compiler ABI info - done
[0.170s] -- Check for working C compiler: /usr/bin/cc - skipped
[0.170s] -- Detecting C compile features
[0.171s] -- Detecting C compile features - done
[0.177s] -- Detecting CXX compiler ABI info
[0.260s] -- Detecting CXX compiler ABI info - done
[0.264s] -- Check for working CXX compiler: /usr/bin/c++ - skipped
[0.264s] -- Detecting CXX compile features
[0.264s] -- Detecting CXX compile features - done
[0.266s] -- Found ament_cmake: 2.5.4 (/opt/ros/jazzy/share/ament_cmake/cmake)
[0.371s] -- Found Python3: /usr/bin/python3 (found version "3.12.3") found components: Interpreter 
[0.450s] -- Found rclpy: 7.1.6 (/opt/ros/jazzy/share/rclpy/cmake)
[0.514s] -- Configuring done (0.5s)
[0.514s] -- Generating done (0.0s)
[0.516s] -- Build files have been written to: /home/zhang/self_project/arm_study_ws/build/rebot_description
[0.520s] Invoked command in '/home/zhang/self_project/arm_study_ws/build/rebot_description' returned '0': CMAKE_PREFIX_PATH=${CMAKE_PREFIX_PATH}:/opt/ros/jazzy DEBUGINFOD_URLS=https://debuginfod.ubuntu.com /usr/bin/cmake /home/zhang/self_project/arm_study_ws/src/rebot_description -DCMAKE_INSTALL_PREFIX=/home/zhang/self_project/arm_study_ws/install/rebot_description
[0.525s] Invoking command in '/home/zhang/self_project/arm_study_ws/build/rebot_description': CMAKE_PREFIX_PATH=${CMAKE_PREFIX_PATH}:/opt/ros/jazzy DEBUGINFOD_URLS=https://debuginfod.ubuntu.com /usr/bin/cmake --build /home/zhang/self_project/arm_study_ws/build/rebot_description -- -j20 -l20
[0.547s] Invoked command in '/home/zhang/self_project/arm_study_ws/build/rebot_description' returned '0': CMAKE_PREFIX_PATH=${CMAKE_PREFIX_PATH}:/opt/ros/jazzy DEBUGINFOD_URLS=https://debuginfod.ubuntu.com /usr/bin/cmake --build /home/zhang/self_project/arm_study_ws/build/rebot_description -- -j20 -l20
[0.554s] Invoking command in '/home/zhang/self_project/arm_study_ws/build/rebot_description': CMAKE_PREFIX_PATH=${CMAKE_PREFIX_PATH}:/opt/ros/jazzy DEBUGINFOD_URLS=https://debuginfod.ubuntu.com /usr/bin/cmake --install /home/zhang/self_project/arm_study_ws/build/rebot_description
[0.561s] -- Install configuration: ""
[0.561s] -- Installing: /home/zhang/self_project/arm_study_ws/install/rebot_description/lib/rebot_description/arm_mujoco_node.py
[0.561s] -- Installing: /home/zhang/self_project/arm_study_ws/install/rebot_description/share/rebot_description/urdf
[0.561s] -- Installing: /home/zhang/self_project/arm_study_ws/install/rebot_description/share/rebot_description/urdf/reBot_DevArm_fixend.xml
[0.561s] -- Installing: /home/zhang/self_project/arm_study_ws/install/rebot_description/share/rebot_description/urdf/meshes_rs
[0.561s] -- Installing: /home/zhang/self_project/arm_study_ws/install/rebot_description/share/rebot_description/urdf/meshes_rs/pla2_green.STL
[0.561s] -- Installing: /home/zhang/self_project/arm_study_ws/install/rebot_description/share/rebot_description/urdf/meshes_rs/pla2_black.STL
[0.561s] -- Installing: /home/zhang/self_project/arm_study_ws/install/rebot_description/share/rebot_description/urdf/meshes_rs/motor_2_3.STL
[0.562s] -- Installing: /home/zhang/self_project/arm_study_ws/install/rebot_description/share/rebot_description/urdf/meshes_rs/gripper_end.STL
[0.564s] -- Installing: /home/zhang/self_project/arm_study_ws/install/rebot_description/share/rebot_description/urdf/meshes_rs/link2.STL
[0.567s] -- Installing: /home/zhang/self_project/arm_study_ws/install/rebot_description/share/rebot_description/urdf/meshes_rs/cnc_right.STL
[0.567s] -- Installing: /home/zhang/self_project/arm_study_ws/install/rebot_description/share/rebot_description/urdf/meshes_rs/link3.STL
[0.570s] -- Installing: /home/zhang/self_project/arm_study_ws/install/rebot_description/share/rebot_description/urdf/meshes_rs/pla7_green.STL
[0.570s] -- Installing: /home/zhang/self_project/arm_study_ws/install/rebot_description/share/rebot_description/urdf/meshes_rs/link1.STL
[0.571s] -- Installing: /home/zhang/self_project/arm_study_ws/install/rebot_description/share/rebot_description/urdf/meshes_rs/pla5_green.STL
[0.572s] -- Installing: /home/zhang/self_project/arm_study_ws/install/rebot_description/share/rebot_description/urdf/meshes_rs/cnc3.STL
[0.579s] -- Installing: /home/zhang/self_project/arm_study_ws/install/rebot_description/share/rebot_description/urdf/meshes_rs/motor_6.STL
[0.579s] -- Installing: /home/zhang/self_project/arm_study_ws/install/rebot_description/share/rebot_description/urdf/meshes_rs/link5.STL
[0.579s] -- Installing: /home/zhang/self_project/arm_study_ws/install/rebot_description/share/rebot_description/urdf/meshes_rs/base_link.STL
[0.582s] -- Installing: /home/zhang/self_project/arm_study_ws/install/rebot_description/share/rebot_description/urdf/meshes_rs/pla3_green.STL
[0.582s] -- Installing: /home/zhang/self_project/arm_study_ws/install/rebot_description/share/rebot_description/urdf/meshes_rs/motor_5.STL
[0.582s] -- Installing: /home/zhang/self_project/arm_study_ws/install/rebot_description/share/rebot_description/urdf/meshes_rs/cnc7.STL
[0.582s] -- Installing: /home/zhang/self_project/arm_study_ws/install/rebot_description/share/rebot_description/urdf/meshes_rs/pla3_black.STL
[0.582s] -- Installing: /home/zhang/self_project/arm_study_ws/install/rebot_description/share/rebot_description/urdf/meshes_rs/motor_4.STL
[0.585s] -- Installing: /home/zhang/self_project/arm_study_ws/install/rebot_description/share/rebot_description/urdf/meshes_rs/cnc4.STL
[0.585s] -- Installing: /home/zhang/self_project/arm_study_ws/install/rebot_description/share/rebot_description/urdf/meshes_rs/cnc_left.STL
[0.585s] -- Installing: /home/zhang/self_project/arm_study_ws/install/rebot_description/share/rebot_description/urdf/meshes_rs/link4.STL
[0.586s] -- Installing: /home/zhang/self_project/arm_study_ws/install/rebot_description/share/rebot_description/urdf/meshes_rs/pla_right.STL
[0.586s] -- Installing: /home/zhang/self_project/arm_study_ws/install/rebot_description/share/rebot_description/urdf/meshes_rs/gripper_right.STL
[0.587s] -- Installing: /home/zhang/self_project/arm_study_ws/install/rebot_description/share/rebot_description/urdf/meshes_rs/cnc2.STL
[0.588s] -- Installing: /home/zhang/self_project/arm_study_ws/install/rebot_description/share/rebot_description/urdf/meshes_rs/pla_left.STL
[0.588s] -- Installing: /home/zhang/self_project/arm_study_ws/install/rebot_description/share/rebot_description/urdf/meshes_rs/cnc5.STL
[0.588s] -- Installing: /home/zhang/self_project/arm_study_ws/install/rebot_description/share/rebot_description/urdf/meshes_rs/gripper_left.STL
[0.589s] -- Installing: /home/zhang/self_project/arm_study_ws/install/rebot_description/share/rebot_description/urdf/meshes_rs/link6.STL
[0.589s] -- Installing: /home/zhang/self_project/arm_study_ws/install/rebot_description/share/rebot_description/urdf/meshes_rs/motor_7.STL
[0.591s] -- Installing: /home/zhang/self_project/arm_study_ws/install/rebot_description/share/rebot_description/urdf/meshes
[0.591s] -- Installing: /home/zhang/self_project/arm_study_ws/install/rebot_description/share/rebot_description/urdf/meshes/link3.stl
[0.593s] -- Installing: /home/zhang/self_project/arm_study_ws/install/rebot_description/share/rebot_description/urdf/meshes/end_link.stl
[0.597s] -- Installing: /home/zhang/self_project/arm_study_ws/install/rebot_description/share/rebot_description/urdf/meshes/link2.stl
[0.597s] -- Installing: /home/zhang/self_project/arm_study_ws/install/rebot_description/share/rebot_description/urdf/meshes/link1.stl
[0.597s] -- Installing: /home/zhang/self_project/arm_study_ws/install/rebot_description/share/rebot_description/urdf/meshes/link5.stl
[0.598s] -- Installing: /home/zhang/self_project/arm_study_ws/install/rebot_description/share/rebot_description/urdf/meshes/link4.stl
[0.599s] -- Installing: /home/zhang/self_project/arm_study_ws/install/rebot_description/share/rebot_description/urdf/meshes/base_link.stl
[0.601s] -- Installing: /home/zhang/self_project/arm_study_ws/install/rebot_description/share/rebot_description/urdf/meshes/link6.stl
[0.602s] -- Installing: /home/zhang/self_project/arm_study_ws/install/rebot_description/share/rebot_description/urdf/reBot_B601_DM_with_gripper.urdf
[0.603s] -- Installing: /home/zhang/self_project/arm_study_ws/install/rebot_description/share/rebot_description/urdf/00-arm-rs_asm-v3.urdf
[0.603s] -- Installing: /home/zhang/self_project/arm_study_ws/install/rebot_description/share/rebot_description/urdf/reBot_B601_DM_with_gripper.xml
[0.603s] -- Installing: /home/zhang/self_project/arm_study_ws/install/rebot_description/share/rebot_description/urdf/meshes_b601_gripper
[0.603s] -- Installing: /home/zhang/self_project/arm_study_ws/install/rebot_description/share/rebot_description/urdf/meshes_b601_gripper/link2.STL
[0.606s] -- Installing: /home/zhang/self_project/arm_study_ws/install/rebot_description/share/rebot_description/urdf/meshes_b601_gripper/link3.STL
[0.609s] -- Installing: /home/zhang/self_project/arm_study_ws/install/rebot_description/share/rebot_description/urdf/meshes_b601_gripper/gripper_link.STL
[0.610s] -- Installing: /home/zhang/self_project/arm_study_ws/install/rebot_description/share/rebot_description/urdf/meshes_b601_gripper/link1.STL
[0.610s] -- Installing: /home/zhang/self_project/arm_study_ws/install/rebot_description/share/rebot_description/urdf/meshes_b601_gripper/link5.STL
[0.611s] -- Installing: /home/zhang/self_project/arm_study_ws/install/rebot_description/share/rebot_description/urdf/meshes_b601_gripper/base_link.STL
[0.612s] -- Installing: /home/zhang/self_project/arm_study_ws/install/rebot_description/share/rebot_description/urdf/meshes_b601_gripper/link4.STL
[0.613s] -- Installing: /home/zhang/self_project/arm_study_ws/install/rebot_description/share/rebot_description/urdf/meshes_b601_gripper/gripper_right.STL
[0.614s] -- Installing: /home/zhang/self_project/arm_study_ws/install/rebot_description/share/rebot_description/urdf/meshes_b601_gripper/gripper_left.STL
[0.614s] -- Installing: /home/zhang/self_project/arm_study_ws/install/rebot_description/share/rebot_description/urdf/meshes_b601_gripper/link6.STL
[0.615s] -- Installing: /home/zhang/self_project/arm_study_ws/install/rebot_description/share/rebot_description/urdf/reBot-DevArm_fixend.urdf
[0.615s] -- Installing: /home/zhang/self_project/arm_study_ws/install/rebot_description/share/rebot_description/script
[0.615s] -- Installing: /home/zhang/self_project/arm_study_ws/install/rebot_description/share/rebot_description/script/arm_mujoco_node.py
[0.615s] -- Installing: /home/zhang/self_project/arm_study_ws/install/rebot_description/share/ament_index/resource_index/package_run_dependencies/rebot_description
[0.615s] -- Installing: /home/zhang/self_project/arm_study_ws/install/rebot_description/share/ament_index/resource_index/parent_prefix_path/rebot_description
[0.615s] -- Installing: /home/zhang/self_project/arm_study_ws/install/rebot_description/share/rebot_description/environment/ament_prefix_path.sh
[0.615s] -- Installing: /home/zhang/self_project/arm_study_ws/install/rebot_description/share/rebot_description/environment/ament_prefix_path.dsv
[0.615s] -- Installing: /home/zhang/self_project/arm_study_ws/install/rebot_description/share/rebot_description/environment/path.sh
[0.615s] -- Installing: /home/zhang/self_project/arm_study_ws/install/rebot_description/share/rebot_description/environment/path.dsv
[0.615s] -- Installing: /home/zhang/self_project/arm_study_ws/install/rebot_description/share/rebot_description/local_setup.bash
[0.615s] -- Installing: /home/zhang/self_project/arm_study_ws/install/rebot_description/share/rebot_description/local_setup.sh
[0.615s] -- Installing: /home/zhang/self_project/arm_study_ws/install/rebot_description/share/rebot_description/local_setup.zsh
[0.615s] -- Installing: /home/zhang/self_project/arm_study_ws/install/rebot_description/share/rebot_description/local_setup.dsv
[0.615s] -- Installing: /home/zhang/self_project/arm_study_ws/install/rebot_description/share/rebot_description/package.dsv
[0.615s] -- Installing: /home/zhang/self_project/arm_study_ws/install/rebot_description/share/ament_index/resource_index/packages/rebot_description
[0.615s] -- Installing: /home/zhang/self_project/arm_study_ws/install/rebot_description/share/rebot_description/cmake/rebot_descriptionConfig.cmake
[0.615s] -- Installing: /home/zhang/self_project/arm_study_ws/install/rebot_description/share/rebot_description/cmake/rebot_descriptionConfig-version.cmake
[0.615s] -- Installing: /home/zhang/self_project/arm_study_ws/install/rebot_description/share/rebot_description/package.xml
[0.617s] Invoked command in '/home/zhang/self_project/arm_study_ws/build/rebot_description' returned '0': CMAKE_PREFIX_PATH=${CMAKE_PREFIX_PATH}:/opt/ros/jazzy DEBUGINFOD_URLS=https://debuginfod.ubuntu.com /usr/bin/cmake --install /home/zhang/self_project/arm_study_ws/build/rebot_description
