[0.026s] Invoking command in '/home/zme/self_project/rebotArm_mujoco/build/robot_msgs': CMAKE_PREFIX_PATH=${CMAKE_PREFIX_PATH}:/opt/ros/jazzy DEBUGINFOD_URLS=https://debuginfod.ubuntu.com /usr/bin/cmake --build /home/zme/self_project/rebotArm_mujoco/build/robot_msgs -- -j8 -l8
[0.133s] [  2%] Built target robot_msgs__rs
[0.151s] [  5%] Built target robot_msgs__rosidl_generator_type_description
[0.163s] [  5%] Built target ament_cmake_python_copy_robot_msgs
[0.230s] [  8%] Built target robot_msgs__cpp
[0.231s] [ 22%] Built target robot_msgs__rosidl_generator_c
[0.288s] [ 31%] Built target robot_msgs__rosidl_typesupport_c
[0.298s] [ 40%] Built target robot_msgs__rosidl_typesupport_cpp
[0.305s] [ 48%] Built target robot_msgs__rosidl_typesupport_introspection_c
[0.310s] [ 57%] Built target robot_msgs__rosidl_typesupport_fastrtps_cpp
[0.325s] [ 74%] Built target robot_msgs__rosidl_typesupport_fastrtps_c
[0.325s] [ 74%] Built target robot_msgs__rosidl_typesupport_introspection_cpp
[0.372s] [ 74%] Built target robot_msgs
[0.426s] [ 77%] Built target robot_msgs__py
[0.486s] [ 82%] Built target robot_msgs__rosidl_generator_py
[0.558s] [ 88%] Built target robot_msgs_s__rosidl_typesupport_fastrtps_c
[0.567s] [ 94%] Built target robot_msgs_s__rosidl_typesupport_c
[0.572s] [100%] Built target robot_msgs_s__rosidl_typesupport_introspection_c
[0.765s] running egg_info
[0.810s] writing robot_msgs.egg-info/PKG-INFO
[0.810s] writing dependency_links to robot_msgs.egg-info/dependency_links.txt
[0.810s] writing top-level names to robot_msgs.egg-info/top_level.txt
[0.958s] reading manifest file 'robot_msgs.egg-info/SOURCES.txt'
[0.960s] writing manifest file 'robot_msgs.egg-info/SOURCES.txt'
[1.031s] [100%] Built target ament_cmake_python_build_robot_msgs_egg
[1.056s] Invoked command in '/home/zme/self_project/rebotArm_mujoco/build/robot_msgs' returned '0': CMAKE_PREFIX_PATH=${CMAKE_PREFIX_PATH}:/opt/ros/jazzy DEBUGINFOD_URLS=https://debuginfod.ubuntu.com /usr/bin/cmake --build /home/zme/self_project/rebotArm_mujoco/build/robot_msgs -- -j8 -l8
[1.059s] Invoking command in '/home/zme/self_project/rebotArm_mujoco/build/robot_msgs': CMAKE_PREFIX_PATH=${CMAKE_PREFIX_PATH}:/opt/ros/jazzy DEBUGINFOD_URLS=https://debuginfod.ubuntu.com /usr/bin/cmake --install /home/zme/self_project/rebotArm_mujoco/build/robot_msgs
[1.075s] -- Install configuration: ""
[1.075s] -- Up-to-date: /home/zme/self_project/rebotArm_mujoco/install/robot_msgs/share/ament_index/resource_index/rosidl_interfaces/robot_msgs
[1.075s] -- Up-to-date: /home/zme/self_project/rebotArm_mujoco/install/robot_msgs/share/robot_msgs/msg/ArmPositionCmd.json
[1.075s] -- Up-to-date: /home/zme/self_project/rebotArm_mujoco/install/robot_msgs/include/robot_msgs/robot_msgs
[1.076s] -- Up-to-date: /home/zme/self_project/rebotArm_mujoco/install/robot_msgs/include/robot_msgs/robot_msgs/msg
[1.076s] -- Up-to-date: /home/zme/self_project/rebotArm_mujoco/install/robot_msgs/include/robot_msgs/robot_msgs/msg/rosidl_generator_c__visibility_control.h
[1.076s] -- Up-to-date: /home/zme/self_project/rebotArm_mujoco/install/robot_msgs/include/robot_msgs/robot_msgs/msg/arm_position_cmd.h
[1.077s] -- Up-to-date: /home/zme/self_project/rebotArm_mujoco/install/robot_msgs/include/robot_msgs/robot_msgs/msg/detail
[1.077s] -- Up-to-date: /home/zme/self_project/rebotArm_mujoco/install/robot_msgs/include/robot_msgs/robot_msgs/msg/detail/arm_position_cmd__functions.c
[1.077s] -- Up-to-date: /home/zme/self_project/rebotArm_mujoco/install/robot_msgs/include/robot_msgs/robot_msgs/msg/detail/arm_position_cmd__struct.h
[1.078s] -- Up-to-date: /home/zme/self_project/rebotArm_mujoco/install/robot_msgs/include/robot_msgs/robot_msgs/msg/detail/arm_position_cmd__description.c
[1.078s] -- Up-to-date: /home/zme/self_project/rebotArm_mujoco/install/robot_msgs/include/robot_msgs/robot_msgs/msg/detail/arm_position_cmd__type_support.h
[1.078s] -- Up-to-date: /home/zme/self_project/rebotArm_mujoco/install/robot_msgs/include/robot_msgs/robot_msgs/msg/detail/arm_position_cmd__functions.h
[1.079s] -- Up-to-date: /home/zme/self_project/rebotArm_mujoco/install/robot_msgs/include/robot_msgs/robot_msgs/msg/detail/arm_position_cmd__type_support.c
[1.079s] -- Up-to-date: /home/zme/self_project/rebotArm_mujoco/install/robot_msgs/share/robot_msgs/environment/library_path.sh
[1.079s] -- Up-to-date: /home/zme/self_project/rebotArm_mujoco/install/robot_msgs/share/robot_msgs/environment/library_path.dsv
[1.080s] -- Up-to-date: /home/zme/self_project/rebotArm_mujoco/install/robot_msgs/lib/librobot_msgs__rosidl_generator_c.so
[1.080s] -- Up-to-date: /home/zme/self_project/rebotArm_mujoco/install/robot_msgs/include/robot_msgs/robot_msgs
[1.081s] -- Up-to-date: /home/zme/self_project/rebotArm_mujoco/install/robot_msgs/include/robot_msgs/robot_msgs/msg
[1.081s] -- Up-to-date: /home/zme/self_project/rebotArm_mujoco/install/robot_msgs/include/robot_msgs/robot_msgs/msg/rosidl_typesupport_fastrtps_c__visibility_control.h
[1.082s] -- Up-to-date: /home/zme/self_project/rebotArm_mujoco/install/robot_msgs/include/robot_msgs/robot_msgs/msg/detail
[1.082s] -- Up-to-date: /home/zme/self_project/rebotArm_mujoco/install/robot_msgs/include/robot_msgs/robot_msgs/msg/detail/arm_position_cmd__rosidl_typesupport_fastrtps_c.h
[1.083s] -- Up-to-date: /home/zme/self_project/rebotArm_mujoco/install/robot_msgs/lib/librobot_msgs__rosidl_typesupport_fastrtps_c.so
[1.083s] -- Up-to-date: /home/zme/self_project/rebotArm_mujoco/install/robot_msgs/include/robot_msgs/robot_msgs
[1.083s] -- Up-to-date: /home/zme/self_project/rebotArm_mujoco/install/robot_msgs/include/robot_msgs/robot_msgs/msg
[1.083s] -- Up-to-date: /home/zme/self_project/rebotArm_mujoco/install/robot_msgs/include/robot_msgs/robot_msgs/msg/rosidl_typesupport_introspection_c__visibility_control.h
[1.084s] -- Up-to-date: /home/zme/self_project/rebotArm_mujoco/install/robot_msgs/include/robot_msgs/robot_msgs/msg/detail
[1.084s] -- Up-to-date: /home/zme/self_project/rebotArm_mujoco/install/robot_msgs/include/robot_msgs/robot_msgs/msg/detail/arm_position_cmd__rosidl_typesupport_introspection_c.h
[1.084s] -- Up-to-date: /home/zme/self_project/rebotArm_mujoco/install/robot_msgs/include/robot_msgs/robot_msgs/msg/detail/arm_position_cmd__type_support.c
[1.084s] -- Up-to-date: /home/zme/self_project/rebotArm_mujoco/install/robot_msgs/lib/librobot_msgs__rosidl_typesupport_introspection_c.so
[1.085s] -- Up-to-date: /home/zme/self_project/rebotArm_mujoco/install/robot_msgs/lib/librobot_msgs__rosidl_typesupport_c.so
[1.085s] -- Up-to-date: /home/zme/self_project/rebotArm_mujoco/install/robot_msgs/include/robot_msgs/robot_msgs
[1.085s] -- Up-to-date: /home/zme/self_project/rebotArm_mujoco/install/robot_msgs/include/robot_msgs/robot_msgs/msg
[1.085s] -- Up-to-date: /home/zme/self_project/rebotArm_mujoco/install/robot_msgs/include/robot_msgs/robot_msgs/msg/rosidl_generator_cpp__visibility_control.hpp
[1.086s] -- Up-to-date: /home/zme/self_project/rebotArm_mujoco/install/robot_msgs/include/robot_msgs/robot_msgs/msg/arm_position_cmd.hpp
[1.086s] -- Up-to-date: /home/zme/self_project/rebotArm_mujoco/install/robot_msgs/include/robot_msgs/robot_msgs/msg/detail
[1.086s] -- Up-to-date: /home/zme/self_project/rebotArm_mujoco/install/robot_msgs/include/robot_msgs/robot_msgs/msg/detail/arm_position_cmd__traits.hpp
[1.087s] -- Up-to-date: /home/zme/self_project/rebotArm_mujoco/install/robot_msgs/include/robot_msgs/robot_msgs/msg/detail/arm_position_cmd__struct.hpp
[1.087s] -- Up-to-date: /home/zme/self_project/rebotArm_mujoco/install/robot_msgs/include/robot_msgs/robot_msgs/msg/detail/arm_position_cmd__type_support.hpp
[1.087s] -- Up-to-date: /home/zme/self_project/rebotArm_mujoco/install/robot_msgs/include/robot_msgs/robot_msgs/msg/detail/arm_position_cmd__builder.hpp
[1.087s] -- Up-to-date: /home/zme/self_project/rebotArm_mujoco/install/robot_msgs/include/robot_msgs/robot_msgs
[1.087s] -- Up-to-date: /home/zme/self_project/rebotArm_mujoco/install/robot_msgs/include/robot_msgs/robot_msgs/msg
[1.088s] -- Up-to-date: /home/zme/self_project/rebotArm_mujoco/install/robot_msgs/include/robot_msgs/robot_msgs/msg/rosidl_typesupport_fastrtps_cpp__visibility_control.h
[1.088s] -- Up-to-date: /home/zme/self_project/rebotArm_mujoco/install/robot_msgs/include/robot_msgs/robot_msgs/msg/detail
[1.088s] -- Up-to-date: /home/zme/self_project/rebotArm_mujoco/install/robot_msgs/include/robot_msgs/robot_msgs/msg/detail/dds_fastrtps
[1.088s] -- Up-to-date: /home/zme/self_project/rebotArm_mujoco/install/robot_msgs/include/robot_msgs/robot_msgs/msg/detail/arm_position_cmd__rosidl_typesupport_fastrtps_cpp.hpp
[1.088s] -- Up-to-date: /home/zme/self_project/rebotArm_mujoco/install/robot_msgs/lib/librobot_msgs__rosidl_typesupport_fastrtps_cpp.so
[1.089s] -- Up-to-date: /home/zme/self_project/rebotArm_mujoco/install/robot_msgs/include/robot_msgs/robot_msgs
[1.089s] -- Up-to-date: /home/zme/self_project/rebotArm_mujoco/install/robot_msgs/include/robot_msgs/robot_msgs/msg
[1.089s] -- Up-to-date: /home/zme/self_project/rebotArm_mujoco/install/robot_msgs/include/robot_msgs/robot_msgs/msg/detail
[1.089s] -- Up-to-date: /home/zme/self_project/rebotArm_mujoco/install/robot_msgs/include/robot_msgs/robot_msgs/msg/detail/arm_position_cmd__type_support.cpp
[1.089s] -- Up-to-date: /home/zme/self_project/rebotArm_mujoco/install/robot_msgs/include/robot_msgs/robot_msgs/msg/detail/arm_position_cmd__rosidl_typesupport_introspection_cpp.hpp
[1.090s] -- Up-to-date: /home/zme/self_project/rebotArm_mujoco/install/robot_msgs/lib/librobot_msgs__rosidl_typesupport_introspection_cpp.so
[1.090s] -- Up-to-date: /home/zme/self_project/rebotArm_mujoco/install/robot_msgs/lib/librobot_msgs__rosidl_typesupport_cpp.so
[1.090s] -- Up-to-date: /home/zme/self_project/rebotArm_mujoco/install/robot_msgs/share/robot_msgs/environment/pythonpath.sh
[1.090s] -- Up-to-date: /home/zme/self_project/rebotArm_mujoco/install/robot_msgs/share/robot_msgs/environment/pythonpath.dsv
[1.090s] -- Up-to-date: /home/zme/self_project/rebotArm_mujoco/install/robot_msgs/lib/python3.12/site-packages/robot_msgs-0.0.0-py3.12.egg-info
[1.091s] -- Installing: /home/zme/self_project/rebotArm_mujoco/install/robot_msgs/lib/python3.12/site-packages/robot_msgs-0.0.0-py3.12.egg-info/PKG-INFO
[1.091s] -- Installing: /home/zme/self_project/rebotArm_mujoco/install/robot_msgs/lib/python3.12/site-packages/robot_msgs-0.0.0-py3.12.egg-info/top_level.txt
[1.091s] -- Installing: /home/zme/self_project/rebotArm_mujoco/install/robot_msgs/lib/python3.12/site-packages/robot_msgs-0.0.0-py3.12.egg-info/dependency_links.txt
[1.091s] -- Installing: /home/zme/self_project/rebotArm_mujoco/install/robot_msgs/lib/python3.12/site-packages/robot_msgs-0.0.0-py3.12.egg-info/SOURCES.txt
[1.091s] -- Up-to-date: /home/zme/self_project/rebotArm_mujoco/install/robot_msgs/lib/python3.12/site-packages/robot_msgs
[1.092s] -- Up-to-date: /home/zme/self_project/rebotArm_mujoco/install/robot_msgs/lib/python3.12/site-packages/robot_msgs/_robot_msgs_s.ep.rosidl_typesupport_introspection_c.c
[1.092s] -- Up-to-date: /home/zme/self_project/rebotArm_mujoco/install/robot_msgs/lib/python3.12/site-packages/robot_msgs/__init__.py
[1.092s] -- Up-to-date: /home/zme/self_project/rebotArm_mujoco/install/robot_msgs/lib/python3.12/site-packages/robot_msgs/robot_msgs_s__rosidl_typesupport_c.so
[1.092s] -- Up-to-date: /home/zme/self_project/rebotArm_mujoco/install/robot_msgs/lib/python3.12/site-packages/robot_msgs/robot_msgs_s__rosidl_typesupport_fastrtps_c.so
[1.092s] -- Up-to-date: /home/zme/self_project/rebotArm_mujoco/install/robot_msgs/lib/python3.12/site-packages/robot_msgs/_robot_msgs_s.ep.rosidl_typesupport_fastrtps_c.c
[1.093s] -- Up-to-date: /home/zme/self_project/rebotArm_mujoco/install/robot_msgs/lib/python3.12/site-packages/robot_msgs/msg
[1.093s] -- Up-to-date: /home/zme/self_project/rebotArm_mujoco/install/robot_msgs/lib/python3.12/site-packages/robot_msgs/msg/__init__.py
[1.093s] -- Up-to-date: /home/zme/self_project/rebotArm_mujoco/install/robot_msgs/lib/python3.12/site-packages/robot_msgs/msg/_arm_position_cmd.py
[1.093s] -- Up-to-date: /home/zme/self_project/rebotArm_mujoco/install/robot_msgs/lib/python3.12/site-packages/robot_msgs/msg/_arm_position_cmd_s.c
[1.093s] -- Up-to-date: /home/zme/self_project/rebotArm_mujoco/install/robot_msgs/lib/python3.12/site-packages/robot_msgs/robot_msgs_s__rosidl_typesupport_introspection_c.so
[1.094s] -- Up-to-date: /home/zme/self_project/rebotArm_mujoco/install/robot_msgs/lib/python3.12/site-packages/robot_msgs/_robot_msgs_s.ep.rosidl_typesupport_c.c
[1.160s] Listing '/home/zme/self_project/rebotArm_mujoco/install/robot_msgs/lib/python3.12/site-packages/robot_msgs'...
[1.160s] Listing '/home/zme/self_project/rebotArm_mujoco/install/robot_msgs/lib/python3.12/site-packages/robot_msgs/msg'...
[1.176s] -- Up-to-date: /home/zme/self_project/rebotArm_mujoco/install/robot_msgs/lib/python3.12/site-packages/robot_msgs/robot_msgs_s__rosidl_typesupport_fastrtps_c.so
[1.177s] -- Up-to-date: /home/zme/self_project/rebotArm_mujoco/install/robot_msgs/lib/python3.12/site-packages/robot_msgs/robot_msgs_s__rosidl_typesupport_introspection_c.so
[1.178s] -- Up-to-date: /home/zme/self_project/rebotArm_mujoco/install/robot_msgs/lib/python3.12/site-packages/robot_msgs/robot_msgs_s__rosidl_typesupport_c.so
[1.179s] -- Up-to-date: /home/zme/self_project/rebotArm_mujoco/install/robot_msgs/lib/librobot_msgs__rosidl_generator_py.so
[1.179s] -- Up-to-date: /home/zme/self_project/rebotArm_mujoco/install/robot_msgs/share/ament_index/resource_index/rust_packages/robot_msgs
[1.180s] -- Up-to-date: /home/zme/self_project/rebotArm_mujoco/install/robot_msgs/share/robot_msgs/rust
[1.181s] -- Up-to-date: /home/zme/self_project/rebotArm_mujoco/install/robot_msgs/share/robot_msgs/rust/Cargo.toml
[1.181s] -- Up-to-date: /home/zme/self_project/rebotArm_mujoco/install/robot_msgs/share/robot_msgs/rust/src
[1.181s] -- Up-to-date: /home/zme/self_project/rebotArm_mujoco/install/robot_msgs/share/robot_msgs/rust/src/msg.rs
[1.181s] -- Up-to-date: /home/zme/self_project/rebotArm_mujoco/install/robot_msgs/share/robot_msgs/rust/src/msg
[1.182s] -- Up-to-date: /home/zme/self_project/rebotArm_mujoco/install/robot_msgs/share/robot_msgs/rust/src/msg/rmw.rs
[1.182s] -- Up-to-date: /home/zme/self_project/rebotArm_mujoco/install/robot_msgs/share/robot_msgs/rust/src/lib.rs
[1.182s] -- Up-to-date: /home/zme/self_project/rebotArm_mujoco/install/robot_msgs/share/robot_msgs/rust/build.rs
[1.183s] -- Up-to-date: /home/zme/self_project/rebotArm_mujoco/install/robot_msgs/share/robot_msgs/msg/ArmPositionCmd.idl
[1.183s] -- Up-to-date: /home/zme/self_project/rebotArm_mujoco/install/robot_msgs/share/robot_msgs/msg/ArmPositionCmd.msg
[1.183s] -- Up-to-date: /home/zme/self_project/rebotArm_mujoco/install/robot_msgs/share/ament_index/resource_index/package_run_dependencies/robot_msgs
[1.183s] -- Up-to-date: /home/zme/self_project/rebotArm_mujoco/install/robot_msgs/share/ament_index/resource_index/parent_prefix_path/robot_msgs
[1.184s] -- Up-to-date: /home/zme/self_project/rebotArm_mujoco/install/robot_msgs/share/robot_msgs/environment/ament_prefix_path.sh
[1.184s] -- Up-to-date: /home/zme/self_project/rebotArm_mujoco/install/robot_msgs/share/robot_msgs/environment/ament_prefix_path.dsv
[1.184s] -- Up-to-date: /home/zme/self_project/rebotArm_mujoco/install/robot_msgs/share/robot_msgs/environment/path.sh
[1.185s] -- Up-to-date: /home/zme/self_project/rebotArm_mujoco/install/robot_msgs/share/robot_msgs/environment/path.dsv
[1.185s] -- Up-to-date: /home/zme/self_project/rebotArm_mujoco/install/robot_msgs/share/robot_msgs/local_setup.bash
[1.185s] -- Up-to-date: /home/zme/self_project/rebotArm_mujoco/install/robot_msgs/share/robot_msgs/local_setup.sh
[1.185s] -- Up-to-date: /home/zme/self_project/rebotArm_mujoco/install/robot_msgs/share/robot_msgs/local_setup.zsh
[1.185s] -- Up-to-date: /home/zme/self_project/rebotArm_mujoco/install/robot_msgs/share/robot_msgs/local_setup.dsv
[1.186s] -- Installing: /home/zme/self_project/rebotArm_mujoco/install/robot_msgs/share/robot_msgs/package.dsv
[1.186s] -- Up-to-date: /home/zme/self_project/rebotArm_mujoco/install/robot_msgs/share/ament_index/resource_index/packages/robot_msgs
[1.186s] -- Up-to-date: /home/zme/self_project/rebotArm_mujoco/install/robot_msgs/share/robot_msgs/cmake/export_robot_msgs__rosidl_generator_cExport.cmake
[1.187s] -- Up-to-date: /home/zme/self_project/rebotArm_mujoco/install/robot_msgs/share/robot_msgs/cmake/export_robot_msgs__rosidl_generator_cExport-noconfig.cmake
[1.187s] -- Up-to-date: /home/zme/self_project/rebotArm_mujoco/install/robot_msgs/share/robot_msgs/cmake/export_robot_msgs__rosidl_typesupport_fastrtps_cExport.cmake
[1.187s] -- Up-to-date: /home/zme/self_project/rebotArm_mujoco/install/robot_msgs/share/robot_msgs/cmake/export_robot_msgs__rosidl_typesupport_fastrtps_cExport-noconfig.cmake
[1.187s] -- Up-to-date: /home/zme/self_project/rebotArm_mujoco/install/robot_msgs/share/robot_msgs/cmake/robot_msgs__rosidl_typesupport_introspection_cExport.cmake
[1.188s] -- Up-to-date: /home/zme/self_project/rebotArm_mujoco/install/robot_msgs/share/robot_msgs/cmake/robot_msgs__rosidl_typesupport_introspection_cExport-noconfig.cmake
[1.188s] -- Up-to-date: /home/zme/self_project/rebotArm_mujoco/install/robot_msgs/share/robot_msgs/cmake/robot_msgs__rosidl_typesupport_cExport.cmake
[1.188s] -- Up-to-date: /home/zme/self_project/rebotArm_mujoco/install/robot_msgs/share/robot_msgs/cmake/robot_msgs__rosidl_typesupport_cExport-noconfig.cmake
[1.188s] -- Up-to-date: /home/zme/self_project/rebotArm_mujoco/install/robot_msgs/share/robot_msgs/cmake/export_robot_msgs__rosidl_generator_cppExport.cmake
[1.189s] -- Up-to-date: /home/zme/self_project/rebotArm_mujoco/install/robot_msgs/share/robot_msgs/cmake/export_robot_msgs__rosidl_typesupport_fastrtps_cppExport.cmake
[1.189s] -- Up-to-date: /home/zme/self_project/rebotArm_mujoco/install/robot_msgs/share/robot_msgs/cmake/export_robot_msgs__rosidl_typesupport_fastrtps_cppExport-noconfig.cmake
[1.189s] -- Up-to-date: /home/zme/self_project/rebotArm_mujoco/install/robot_msgs/share/robot_msgs/cmake/robot_msgs__rosidl_typesupport_introspection_cppExport.cmake
[1.190s] -- Up-to-date: /home/zme/self_project/rebotArm_mujoco/install/robot_msgs/share/robot_msgs/cmake/robot_msgs__rosidl_typesupport_introspection_cppExport-noconfig.cmake
[1.190s] -- Up-to-date: /home/zme/self_project/rebotArm_mujoco/install/robot_msgs/share/robot_msgs/cmake/robot_msgs__rosidl_typesupport_cppExport.cmake
[1.191s] -- Up-to-date: /home/zme/self_project/rebotArm_mujoco/install/robot_msgs/share/robot_msgs/cmake/robot_msgs__rosidl_typesupport_cppExport-noconfig.cmake
[1.193s] -- Up-to-date: /home/zme/self_project/rebotArm_mujoco/install/robot_msgs/share/robot_msgs/cmake/export_robot_msgs__rosidl_generator_pyExport.cmake
[1.193s] -- Up-to-date: /home/zme/self_project/rebotArm_mujoco/install/robot_msgs/share/robot_msgs/cmake/export_robot_msgs__rosidl_generator_pyExport-noconfig.cmake
[1.194s] -- Up-to-date: /home/zme/self_project/rebotArm_mujoco/install/robot_msgs/share/robot_msgs/cmake/rosidl_cmake-extras.cmake
[1.194s] -- Up-to-date: /home/zme/self_project/rebotArm_mujoco/install/robot_msgs/share/robot_msgs/cmake/ament_cmake_export_include_directories-extras.cmake
[1.195s] -- Up-to-date: /home/zme/self_project/rebotArm_mujoco/install/robot_msgs/share/robot_msgs/cmake/ament_cmake_export_libraries-extras.cmake
[1.195s] -- Up-to-date: /home/zme/self_project/rebotArm_mujoco/install/robot_msgs/share/robot_msgs/cmake/ament_cmake_export_targets-extras.cmake
[1.196s] -- Up-to-date: /home/zme/self_project/rebotArm_mujoco/install/robot_msgs/share/robot_msgs/cmake/rosidl_cmake_export_typesupport_targets-extras.cmake
[1.196s] -- Up-to-date: /home/zme/self_project/rebotArm_mujoco/install/robot_msgs/share/robot_msgs/cmake/ament_cmake_export_dependencies-extras.cmake
[1.196s] -- Up-to-date: /home/zme/self_project/rebotArm_mujoco/install/robot_msgs/share/robot_msgs/cmake/rosidl_cmake_export_typesupport_libraries-extras.cmake
[1.198s] -- Up-to-date: /home/zme/self_project/rebotArm_mujoco/install/robot_msgs/share/robot_msgs/cmake/rosidl_cmake_aggregate_target-extras.cmake
[1.200s] -- Up-to-date: /home/zme/self_project/rebotArm_mujoco/install/robot_msgs/share/robot_msgs/cmake/robot_msgsConfig.cmake
[1.200s] -- Up-to-date: /home/zme/self_project/rebotArm_mujoco/install/robot_msgs/share/robot_msgs/cmake/robot_msgsConfig-version.cmake
[1.200s] -- Up-to-date: /home/zme/self_project/rebotArm_mujoco/install/robot_msgs/share/robot_msgs/package.xml
[1.201s] Invoked command in '/home/zme/self_project/rebotArm_mujoco/build/robot_msgs' returned '0': CMAKE_PREFIX_PATH=${CMAKE_PREFIX_PATH}:/opt/ros/jazzy DEBUGINFOD_URLS=https://debuginfod.ubuntu.com /usr/bin/cmake --install /home/zme/self_project/rebotArm_mujoco/build/robot_msgs
