[0.044s] DEBUG:colcon:Command line arguments: ['/usr/bin/colcon', 'build']
[0.044s] DEBUG:colcon:Parsed command line arguments: Namespace(log_base=None, log_level=None, verb_name='build', build_base='build', install_base='install', merge_install=False, symlink_install=False, test_result_base=None, continue_on_error=False, executor='parallel', parallel_workers=20, event_handlers=None, ignore_user_meta=False, metas=['./colcon.meta'], base_paths=['.'], packages_ignore=None, packages_ignore_regex=None, paths=None, packages_up_to=None, packages_up_to_regex=None, packages_above=None, packages_above_and_dependencies=None, packages_above_depth=None, packages_select_by_dep=None, packages_skip_by_dep=None, packages_skip_up_to=None, packages_select_build_failed=False, packages_skip_build_finished=False, packages_select_test_failures=False, packages_skip_test_passed=False, packages_select=None, packages_skip=None, packages_select_regex=None, packages_skip_regex=None, packages_start=None, packages_end=None, cmake_args=None, cmake_target=None, cmake_target_skip_unavailable=False, cmake_clean_cache=False, cmake_clean_first=False, cmake_force_configure=False, ament_cmake_args=None, catkin_cmake_args=None, catkin_skip_building_tests=False, verb_parser=<colcon_defaults.argument_parser.defaults.DefaultArgumentsDecorator object at 0x74ab307c1730>, verb_extension=<colcon_core.verb.build.BuildVerb object at 0x74ab307c1550>, main=<bound method BuildVerb.main of <colcon_core.verb.build.BuildVerb object at 0x74ab307c1550>>)
[0.061s] Level 1:colcon.colcon_core.package_discovery:discover_packages(colcon_meta) check parameters
[0.061s] Level 1:colcon.colcon_core.package_discovery:discover_packages(recursive) check parameters
[0.061s] Level 1:colcon.colcon_core.package_discovery:discover_packages(ignore) check parameters
[0.061s] Level 1:colcon.colcon_core.package_discovery:discover_packages(path) check parameters
[0.061s] Level 1:colcon.colcon_core.package_discovery:discover_packages(colcon_meta) discover
[0.061s] Level 1:colcon.colcon_core.package_discovery:discover_packages(recursive) discover
[0.061s] INFO:colcon.colcon_core.package_discovery:Crawling recursively for packages in '/home/zhang/self_project/arm_study_ws'
[0.061s] Level 1:colcon.colcon_core.package_identification:_identify(.) by extensions ['ignore', 'ignore_ament_install']
[0.061s] Level 1:colcon.colcon_core.package_identification:_identify(.) by extension 'ignore'
[0.061s] Level 1:colcon.colcon_core.package_identification:_identify(.) by extension 'ignore_ament_install'
[0.061s] Level 1:colcon.colcon_core.package_identification:_identify(.) by extensions ['colcon_pkg']
[0.061s] Level 1:colcon.colcon_core.package_identification:_identify(.) by extension 'colcon_pkg'
[0.062s] Level 1:colcon.colcon_core.package_identification:_identify(.) by extensions ['colcon_meta']
[0.062s] Level 1:colcon.colcon_core.package_identification:_identify(.) by extension 'colcon_meta'
[0.062s] Level 1:colcon.colcon_core.package_identification:_identify(.) by extensions ['ros']
[0.062s] Level 1:colcon.colcon_core.package_identification:_identify(.) by extension 'ros'
[0.073s] Level 1:colcon.colcon_core.package_identification:_identify(.) by extensions ['cmake', 'python']
[0.073s] Level 1:colcon.colcon_core.package_identification:_identify(.) by extension 'cmake'
[0.073s] Level 1:colcon.colcon_core.package_identification:_identify(.) by extension 'python'
[0.073s] Level 1:colcon.colcon_core.package_identification:_identify(.) by extensions ['python_setup_py']
[0.073s] Level 1:colcon.colcon_core.package_identification:_identify(.) by extension 'python_setup_py'
[0.073s] Level 1:colcon.colcon_core.package_identification:_identify(build) by extensions ['ignore', 'ignore_ament_install']
[0.073s] Level 1:colcon.colcon_core.package_identification:_identify(build) by extension 'ignore'
[0.073s] Level 1:colcon.colcon_core.package_identification:_identify(build) ignored
[0.073s] Level 1:colcon.colcon_core.package_identification:_identify(install) by extensions ['ignore', 'ignore_ament_install']
[0.073s] Level 1:colcon.colcon_core.package_identification:_identify(install) by extension 'ignore'
[0.073s] Level 1:colcon.colcon_core.package_identification:_identify(install) ignored
[0.073s] Level 1:colcon.colcon_core.package_identification:_identify(log) by extensions ['ignore', 'ignore_ament_install']
[0.073s] Level 1:colcon.colcon_core.package_identification:_identify(log) by extension 'ignore'
[0.073s] Level 1:colcon.colcon_core.package_identification:_identify(log) ignored
[0.073s] Level 1:colcon.colcon_core.package_identification:_identify(src) by extensions ['ignore', 'ignore_ament_install']
[0.073s] Level 1:colcon.colcon_core.package_identification:_identify(src) by extension 'ignore'
[0.073s] Level 1:colcon.colcon_core.package_identification:_identify(src) by extension 'ignore_ament_install'
[0.073s] Level 1:colcon.colcon_core.package_identification:_identify(src) by extensions ['colcon_pkg']
[0.073s] Level 1:colcon.colcon_core.package_identification:_identify(src) by extension 'colcon_pkg'
[0.073s] Level 1:colcon.colcon_core.package_identification:_identify(src) by extensions ['colcon_meta']
[0.073s] Level 1:colcon.colcon_core.package_identification:_identify(src) by extension 'colcon_meta'
[0.073s] Level 1:colcon.colcon_core.package_identification:_identify(src) by extensions ['ros']
[0.073s] Level 1:colcon.colcon_core.package_identification:_identify(src) by extension 'ros'
[0.073s] Level 1:colcon.colcon_core.package_identification:_identify(src) by extensions ['cmake', 'python']
[0.073s] Level 1:colcon.colcon_core.package_identification:_identify(src) by extension 'cmake'
[0.073s] Level 1:colcon.colcon_core.package_identification:_identify(src) by extension 'python'
[0.073s] Level 1:colcon.colcon_core.package_identification:_identify(src) by extensions ['python_setup_py']
[0.074s] Level 1:colcon.colcon_core.package_identification:_identify(src) by extension 'python_setup_py'
[0.074s] Level 1:colcon.colcon_core.package_identification:_identify(src/rebot_description) by extensions ['ignore', 'ignore_ament_install']
[0.074s] Level 1:colcon.colcon_core.package_identification:_identify(src/rebot_description) by extension 'ignore'
[0.074s] Level 1:colcon.colcon_core.package_identification:_identify(src/rebot_description) by extension 'ignore_ament_install'
[0.074s] Level 1:colcon.colcon_core.package_identification:_identify(src/rebot_description) by extensions ['colcon_pkg']
[0.074s] Level 1:colcon.colcon_core.package_identification:_identify(src/rebot_description) by extension 'colcon_pkg'
[0.074s] Level 1:colcon.colcon_core.package_identification:_identify(src/rebot_description) by extensions ['colcon_meta']
[0.074s] Level 1:colcon.colcon_core.package_identification:_identify(src/rebot_description) by extension 'colcon_meta'
[0.074s] Level 1:colcon.colcon_core.package_identification:_identify(src/rebot_description) by extensions ['ros']
[0.074s] Level 1:colcon.colcon_core.package_identification:_identify(src/rebot_description) by extension 'ros'
[0.075s] DEBUG:colcon.colcon_core.package_identification:Package 'src/rebot_description' with type 'ros.ament_cmake' and name 'rebot_description'
[0.075s] Level 1:colcon.colcon_core.package_identification:_identify(src/robot_motion) by extensions ['ignore', 'ignore_ament_install']
[0.075s] Level 1:colcon.colcon_core.package_identification:_identify(src/robot_motion) by extension 'ignore'
[0.075s] Level 1:colcon.colcon_core.package_identification:_identify(src/robot_motion) by extension 'ignore_ament_install'
[0.075s] Level 1:colcon.colcon_core.package_identification:_identify(src/robot_motion) by extensions ['colcon_pkg']
[0.075s] Level 1:colcon.colcon_core.package_identification:_identify(src/robot_motion) by extension 'colcon_pkg'
[0.075s] Level 1:colcon.colcon_core.package_identification:_identify(src/robot_motion) by extensions ['colcon_meta']
[0.075s] Level 1:colcon.colcon_core.package_identification:_identify(src/robot_motion) by extension 'colcon_meta'
[0.075s] Level 1:colcon.colcon_core.package_identification:_identify(src/robot_motion) by extensions ['ros']
[0.075s] Level 1:colcon.colcon_core.package_identification:_identify(src/robot_motion) by extension 'ros'
[0.075s] DEBUG:colcon.colcon_core.package_identification:Package 'src/robot_motion' with type 'ros.ament_cmake' and name 'robot_motion'
[0.075s] Level 1:colcon.colcon_core.package_identification:_identify(src/robot_msgs) by extensions ['ignore', 'ignore_ament_install']
[0.075s] Level 1:colcon.colcon_core.package_identification:_identify(src/robot_msgs) by extension 'ignore'
[0.075s] Level 1:colcon.colcon_core.package_identification:_identify(src/robot_msgs) by extension 'ignore_ament_install'
[0.075s] Level 1:colcon.colcon_core.package_identification:_identify(src/robot_msgs) by extensions ['colcon_pkg']
[0.075s] Level 1:colcon.colcon_core.package_identification:_identify(src/robot_msgs) by extension 'colcon_pkg'
[0.076s] Level 1:colcon.colcon_core.package_identification:_identify(src/robot_msgs) by extensions ['colcon_meta']
[0.076s] Level 1:colcon.colcon_core.package_identification:_identify(src/robot_msgs) by extension 'colcon_meta'
[0.076s] Level 1:colcon.colcon_core.package_identification:_identify(src/robot_msgs) by extensions ['ros']
[0.076s] Level 1:colcon.colcon_core.package_identification:_identify(src/robot_msgs) by extension 'ros'
[0.076s] DEBUG:colcon.colcon_core.package_identification:Package 'src/robot_msgs' with type 'ros.ament_cmake' and name 'robot_msgs'
[0.076s] Level 1:colcon.colcon_core.package_identification:_identify(src/test_control) by extensions ['ignore', 'ignore_ament_install']
[0.076s] Level 1:colcon.colcon_core.package_identification:_identify(src/test_control) by extension 'ignore'
[0.076s] Level 1:colcon.colcon_core.package_identification:_identify(src/test_control) by extension 'ignore_ament_install'
[0.076s] Level 1:colcon.colcon_core.package_identification:_identify(src/test_control) by extensions ['colcon_pkg']
[0.076s] Level 1:colcon.colcon_core.package_identification:_identify(src/test_control) by extension 'colcon_pkg'
[0.076s] Level 1:colcon.colcon_core.package_identification:_identify(src/test_control) by extensions ['colcon_meta']
[0.076s] Level 1:colcon.colcon_core.package_identification:_identify(src/test_control) by extension 'colcon_meta'
[0.076s] Level 1:colcon.colcon_core.package_identification:_identify(src/test_control) by extensions ['ros']
[0.076s] Level 1:colcon.colcon_core.package_identification:_identify(src/test_control) by extension 'ros'
[0.077s] DEBUG:colcon.colcon_core.package_identification:Package 'src/test_control' with type 'ros.ament_cmake' and name 'test_control'
[0.077s] Level 1:colcon.colcon_core.package_discovery:discover_packages(recursive) using defaults
[0.077s] Level 1:colcon.colcon_core.package_discovery:discover_packages(ignore) discover
[0.077s] Level 1:colcon.colcon_core.package_discovery:discover_packages(ignore) using defaults
[0.077s] Level 1:colcon.colcon_core.package_discovery:discover_packages(path) discover
[0.077s] Level 1:colcon.colcon_core.package_discovery:discover_packages(path) using defaults
[0.085s] Level 5:colcon.colcon_core.verb:set package 'rebot_description' build argument 'cmake_args' from command line to 'None'
[0.085s] Level 5:colcon.colcon_core.verb:set package 'rebot_description' build argument 'cmake_target' from command line to 'None'
[0.085s] Level 5:colcon.colcon_core.verb:set package 'rebot_description' build argument 'cmake_target_skip_unavailable' from command line to 'False'
[0.085s] Level 5:colcon.colcon_core.verb:set package 'rebot_description' build argument 'cmake_clean_cache' from command line to 'False'
[0.085s] Level 5:colcon.colcon_core.verb:set package 'rebot_description' build argument 'cmake_clean_first' from command line to 'False'
[0.085s] Level 5:colcon.colcon_core.verb:set package 'rebot_description' build argument 'cmake_force_configure' from command line to 'False'
[0.085s] Level 5:colcon.colcon_core.verb:set package 'rebot_description' build argument 'ament_cmake_args' from command line to 'None'
[0.085s] Level 5:colcon.colcon_core.verb:set package 'rebot_description' build argument 'catkin_cmake_args' from command line to 'None'
[0.085s] Level 5:colcon.colcon_core.verb:set package 'rebot_description' build argument 'catkin_skip_building_tests' from command line to 'False'
[0.085s] DEBUG:colcon.colcon_core.verb:Building package 'rebot_description' with the following arguments: {'ament_cmake_args': None, 'build_base': '/home/zhang/self_project/arm_study_ws/build/rebot_description', 'catkin_cmake_args': None, 'catkin_skip_building_tests': False, 'cmake_args': None, 'cmake_clean_cache': False, 'cmake_clean_first': False, 'cmake_force_configure': False, 'cmake_target': None, 'cmake_target_skip_unavailable': False, 'install_base': '/home/zhang/self_project/arm_study_ws/install/rebot_description', 'merge_install': False, 'path': '/home/zhang/self_project/arm_study_ws/src/rebot_description', 'symlink_install': False, 'test_result_base': None}
[0.085s] Level 5:colcon.colcon_core.verb:set package 'robot_msgs' build argument 'cmake_args' from command line to 'None'
[0.085s] Level 5:colcon.colcon_core.verb:set package 'robot_msgs' build argument 'cmake_target' from command line to 'None'
[0.085s] Level 5:colcon.colcon_core.verb:set package 'robot_msgs' build argument 'cmake_target_skip_unavailable' from command line to 'False'
[0.085s] Level 5:colcon.colcon_core.verb:set package 'robot_msgs' build argument 'cmake_clean_cache' from command line to 'False'
[0.085s] Level 5:colcon.colcon_core.verb:set package 'robot_msgs' build argument 'cmake_clean_first' from command line to 'False'
[0.085s] Level 5:colcon.colcon_core.verb:set package 'robot_msgs' build argument 'cmake_force_configure' from command line to 'False'
[0.085s] Level 5:colcon.colcon_core.verb:set package 'robot_msgs' build argument 'ament_cmake_args' from command line to 'None'
[0.085s] Level 5:colcon.colcon_core.verb:set package 'robot_msgs' build argument 'catkin_cmake_args' from command line to 'None'
[0.085s] Level 5:colcon.colcon_core.verb:set package 'robot_msgs' build argument 'catkin_skip_building_tests' from command line to 'False'
[0.085s] DEBUG:colcon.colcon_core.verb:Building package 'robot_msgs' with the following arguments: {'ament_cmake_args': None, 'build_base': '/home/zhang/self_project/arm_study_ws/build/robot_msgs', 'catkin_cmake_args': None, 'catkin_skip_building_tests': False, 'cmake_args': None, 'cmake_clean_cache': False, 'cmake_clean_first': False, 'cmake_force_configure': False, 'cmake_target': None, 'cmake_target_skip_unavailable': False, 'install_base': '/home/zhang/self_project/arm_study_ws/install/robot_msgs', 'merge_install': False, 'path': '/home/zhang/self_project/arm_study_ws/src/robot_msgs', 'symlink_install': False, 'test_result_base': None}
[0.085s] Level 5:colcon.colcon_core.verb:set package 'robot_motion' build argument 'cmake_args' from command line to 'None'
[0.085s] Level 5:colcon.colcon_core.verb:set package 'robot_motion' build argument 'cmake_target' from command line to 'None'
[0.085s] Level 5:colcon.colcon_core.verb:set package 'robot_motion' build argument 'cmake_target_skip_unavailable' from command line to 'False'
[0.085s] Level 5:colcon.colcon_core.verb:set package 'robot_motion' build argument 'cmake_clean_cache' from command line to 'False'
[0.085s] Level 5:colcon.colcon_core.verb:set package 'robot_motion' build argument 'cmake_clean_first' from command line to 'False'
[0.085s] Level 5:colcon.colcon_core.verb:set package 'robot_motion' build argument 'cmake_force_configure' from command line to 'False'
[0.085s] Level 5:colcon.colcon_core.verb:set package 'robot_motion' build argument 'ament_cmake_args' from command line to 'None'
[0.085s] Level 5:colcon.colcon_core.verb:set package 'robot_motion' build argument 'catkin_cmake_args' from command line to 'None'
[0.085s] Level 5:colcon.colcon_core.verb:set package 'robot_motion' build argument 'catkin_skip_building_tests' from command line to 'False'
[0.085s] DEBUG:colcon.colcon_core.verb:Building package 'robot_motion' with the following arguments: {'ament_cmake_args': None, 'build_base': '/home/zhang/self_project/arm_study_ws/build/robot_motion', 'catkin_cmake_args': None, 'catkin_skip_building_tests': False, 'cmake_args': None, 'cmake_clean_cache': False, 'cmake_clean_first': False, 'cmake_force_configure': False, 'cmake_target': None, 'cmake_target_skip_unavailable': False, 'install_base': '/home/zhang/self_project/arm_study_ws/install/robot_motion', 'merge_install': False, 'path': '/home/zhang/self_project/arm_study_ws/src/robot_motion', 'symlink_install': False, 'test_result_base': None}
[0.085s] Level 5:colcon.colcon_core.verb:set package 'test_control' build argument 'cmake_args' from command line to 'None'
[0.085s] Level 5:colcon.colcon_core.verb:set package 'test_control' build argument 'cmake_target' from command line to 'None'
[0.085s] Level 5:colcon.colcon_core.verb:set package 'test_control' build argument 'cmake_target_skip_unavailable' from command line to 'False'
[0.085s] Level 5:colcon.colcon_core.verb:set package 'test_control' build argument 'cmake_clean_cache' from command line to 'False'
[0.085s] Level 5:colcon.colcon_core.verb:set package 'test_control' build argument 'cmake_clean_first' from command line to 'False'
[0.085s] Level 5:colcon.colcon_core.verb:set package 'test_control' build argument 'cmake_force_configure' from command line to 'False'
[0.085s] Level 5:colcon.colcon_core.verb:set package 'test_control' build argument 'ament_cmake_args' from command line to 'None'
[0.085s] Level 5:colcon.colcon_core.verb:set package 'test_control' build argument 'catkin_cmake_args' from command line to 'None'
[0.085s] Level 5:colcon.colcon_core.verb:set package 'test_control' build argument 'catkin_skip_building_tests' from command line to 'False'
[0.085s] DEBUG:colcon.colcon_core.verb:Building package 'test_control' with the following arguments: {'ament_cmake_args': None, 'build_base': '/home/zhang/self_project/arm_study_ws/build/test_control', 'catkin_cmake_args': None, 'catkin_skip_building_tests': False, 'cmake_args': None, 'cmake_clean_cache': False, 'cmake_clean_first': False, 'cmake_force_configure': False, 'cmake_target': None, 'cmake_target_skip_unavailable': False, 'install_base': '/home/zhang/self_project/arm_study_ws/install/test_control', 'merge_install': False, 'path': '/home/zhang/self_project/arm_study_ws/src/test_control', 'symlink_install': False, 'test_result_base': None}
[0.085s] INFO:colcon.colcon_core.executor:Executing jobs using 'parallel' executor
[0.086s] DEBUG:colcon.colcon_parallel_executor.executor.parallel:run_until_complete
[0.086s] INFO:colcon.colcon_ros.task.ament_cmake.build:Building ROS package in '/home/zhang/self_project/arm_study_ws/src/robot_msgs' with build type 'ament_cmake'
[0.086s] INFO:colcon.colcon_cmake.task.cmake.build:Building CMake package in '/home/zhang/self_project/arm_study_ws/src/robot_msgs'
[0.087s] INFO:colcon.colcon_core.plugin_system:Skipping extension 'colcon_core.shell.bat': Not used on non-Windows systems
[0.087s] DEBUG:colcon.colcon_core.shell:Skip shell extension 'dsv' for command environment
[0.089s] INFO:colcon.colcon_ros.task.ament_cmake.build:Building ROS package in '/home/zhang/self_project/arm_study_ws/src/rebot_description' with build type 'ament_cmake'
[0.089s] INFO:colcon.colcon_cmake.task.cmake.build:Building CMake package in '/home/zhang/self_project/arm_study_ws/src/rebot_description'
[0.089s] DEBUG:colcon.colcon_core.shell:Skip shell extension 'dsv' for command environment
[0.092s] DEBUG:colcon.colcon_core.event_handler.log_command:Invoking command in '/home/zhang/self_project/arm_study_ws/build/robot_msgs': CMAKE_PREFIX_PATH=${CMAKE_PREFIX_PATH}:/opt/ros/jazzy DEBUGINFOD_URLS=https://debuginfod.ubuntu.com /usr/bin/cmake --build /home/zhang/self_project/arm_study_ws/build/robot_msgs -- -j20 -l20
[0.094s] DEBUG:colcon.colcon_core.event_handler.log_command:Invoking command in '/home/zhang/self_project/arm_study_ws/build/rebot_description': CMAKE_PREFIX_PATH=${CMAKE_PREFIX_PATH}:/opt/ros/jazzy DEBUGINFOD_URLS=https://debuginfod.ubuntu.com /usr/bin/cmake --build /home/zhang/self_project/arm_study_ws/build/rebot_description -- -j20 -l20
[0.118s] DEBUG:colcon.colcon_core.event_handler.log_command:Invoked command in '/home/zhang/self_project/arm_study_ws/build/rebot_description' returned '0': CMAKE_PREFIX_PATH=${CMAKE_PREFIX_PATH}:/opt/ros/jazzy DEBUGINFOD_URLS=https://debuginfod.ubuntu.com /usr/bin/cmake --build /home/zhang/self_project/arm_study_ws/build/rebot_description -- -j20 -l20
[0.123s] DEBUG:colcon.colcon_core.event_handler.log_command:Invoking command in '/home/zhang/self_project/arm_study_ws/build/rebot_description': CMAKE_PREFIX_PATH=${CMAKE_PREFIX_PATH}:/opt/ros/jazzy DEBUGINFOD_URLS=https://debuginfod.ubuntu.com /usr/bin/cmake --install /home/zhang/self_project/arm_study_ws/build/rebot_description
[0.131s] Level 1:colcon.colcon_core.environment:create_environment_scripts_only(rebot_description)
[0.132s] DEBUG:colcon.colcon_core.event_handler.log_command:Invoked command in '/home/zhang/self_project/arm_study_ws/build/rebot_description' returned '0': CMAKE_PREFIX_PATH=${CMAKE_PREFIX_PATH}:/opt/ros/jazzy DEBUGINFOD_URLS=https://debuginfod.ubuntu.com /usr/bin/cmake --install /home/zhang/self_project/arm_study_ws/build/rebot_description
[0.132s] Level 1:colcon.colcon_core.environment:checking '/home/zhang/self_project/arm_study_ws/install/rebot_description' for CMake module files
[0.133s] Level 1:colcon.colcon_core.environment:checking '/home/zhang/self_project/arm_study_ws/install/rebot_description' for CMake config files
[0.133s] Level 1:colcon.colcon_core.shell:create_environment_hook('rebot_description', 'cmake_prefix_path')
[0.133s] INFO:colcon.colcon_core.shell:Creating environment descriptor '/home/zhang/self_project/arm_study_ws/install/rebot_description/share/rebot_description/hook/cmake_prefix_path.dsv'
[0.133s] INFO:colcon.colcon_core.shell:Creating environment hook '/home/zhang/self_project/arm_study_ws/install/rebot_description/share/rebot_description/hook/cmake_prefix_path.sh'
[0.133s] Level 1:colcon.colcon_core.environment:checking '/home/zhang/self_project/arm_study_ws/install/rebot_description/lib'
[0.134s] Level 1:colcon.colcon_core.environment:checking '/home/zhang/self_project/arm_study_ws/install/rebot_description/bin'
[0.134s] Level 1:colcon.colcon_core.environment:checking '/home/zhang/self_project/arm_study_ws/install/rebot_description/lib/pkgconfig/rebot_description.pc'
[0.135s] Level 1:colcon.colcon_core.environment:checking '/home/zhang/self_project/arm_study_ws/install/rebot_description/lib/python3.12/site-packages'
[0.135s] Level 1:colcon.colcon_core.environment:checking '/home/zhang/self_project/arm_study_ws/install/rebot_description/bin'
[0.135s] INFO:colcon.colcon_core.shell:Creating package descriptor '/home/zhang/self_project/arm_study_ws/install/rebot_description/share/rebot_description/package.dsv'
[0.135s] INFO:colcon.colcon_core.shell:Creating package script '/home/zhang/self_project/arm_study_ws/install/rebot_description/share/rebot_description/package.sh'
[0.136s] INFO:colcon.colcon_core.shell:Creating package script '/home/zhang/self_project/arm_study_ws/install/rebot_description/share/rebot_description/package.bash'
[0.136s] INFO:colcon.colcon_core.shell:Creating package script '/home/zhang/self_project/arm_study_ws/install/rebot_description/share/rebot_description/package.zsh'
[0.136s] Level 1:colcon.colcon_core.environment:create_file_with_runtime_dependencies(/home/zhang/self_project/arm_study_ws/install/rebot_description/share/colcon-core/packages/rebot_description)
[0.136s] Level 1:colcon.colcon_core.environment:create_environment_scripts_only(rebot_description)
[0.136s] Level 1:colcon.colcon_core.environment:checking '/home/zhang/self_project/arm_study_ws/install/rebot_description' for CMake module files
[0.137s] Level 1:colcon.colcon_core.environment:checking '/home/zhang/self_project/arm_study_ws/install/rebot_description' for CMake config files
[0.137s] Level 1:colcon.colcon_core.shell:create_environment_hook('rebot_description', 'cmake_prefix_path')
[0.137s] INFO:colcon.colcon_core.shell:Creating environment descriptor '/home/zhang/self_project/arm_study_ws/install/rebot_description/share/rebot_description/hook/cmake_prefix_path.dsv'
[0.137s] INFO:colcon.colcon_core.shell:Creating environment hook '/home/zhang/self_project/arm_study_ws/install/rebot_description/share/rebot_description/hook/cmake_prefix_path.sh'
[0.137s] Level 1:colcon.colcon_core.environment:checking '/home/zhang/self_project/arm_study_ws/install/rebot_description/lib'
[0.137s] Level 1:colcon.colcon_core.environment:checking '/home/zhang/self_project/arm_study_ws/install/rebot_description/bin'
[0.137s] Level 1:colcon.colcon_core.environment:checking '/home/zhang/self_project/arm_study_ws/install/rebot_description/lib/pkgconfig/rebot_description.pc'
[0.137s] Level 1:colcon.colcon_core.environment:checking '/home/zhang/self_project/arm_study_ws/install/rebot_description/lib/python3.12/site-packages'
[0.138s] Level 1:colcon.colcon_core.environment:checking '/home/zhang/self_project/arm_study_ws/install/rebot_description/bin'
[0.138s] INFO:colcon.colcon_core.shell:Creating package descriptor '/home/zhang/self_project/arm_study_ws/install/rebot_description/share/rebot_description/package.dsv'
[0.138s] INFO:colcon.colcon_core.shell:Creating package script '/home/zhang/self_project/arm_study_ws/install/rebot_description/share/rebot_description/package.sh'
[0.138s] INFO:colcon.colcon_core.shell:Creating package script '/home/zhang/self_project/arm_study_ws/install/rebot_description/share/rebot_description/package.bash'
[0.138s] INFO:colcon.colcon_core.shell:Creating package script '/home/zhang/self_project/arm_study_ws/install/rebot_description/share/rebot_description/package.zsh'
[0.138s] Level 1:colcon.colcon_core.environment:create_file_with_runtime_dependencies(/home/zhang/self_project/arm_study_ws/install/rebot_description/share/colcon-core/packages/rebot_description)
[0.280s] DEBUG:colcon.colcon_core.event_handler.log_command:Invoked command in '/home/zhang/self_project/arm_study_ws/build/robot_msgs' returned '0': CMAKE_PREFIX_PATH=${CMAKE_PREFIX_PATH}:/opt/ros/jazzy DEBUGINFOD_URLS=https://debuginfod.ubuntu.com /usr/bin/cmake --build /home/zhang/self_project/arm_study_ws/build/robot_msgs -- -j20 -l20
[0.280s] DEBUG:colcon.colcon_core.event_handler.log_command:Invoking command in '/home/zhang/self_project/arm_study_ws/build/robot_msgs': CMAKE_PREFIX_PATH=${CMAKE_PREFIX_PATH}:/opt/ros/jazzy DEBUGINFOD_URLS=https://debuginfod.ubuntu.com /usr/bin/cmake --install /home/zhang/self_project/arm_study_ws/build/robot_msgs
[0.314s] Level 1:colcon.colcon_core.environment:create_environment_scripts_only(robot_msgs)
[0.314s] Level 1:colcon.colcon_core.environment:checking '/home/zhang/self_project/arm_study_ws/install/robot_msgs' for CMake module files
[0.314s] DEBUG:colcon.colcon_core.event_handler.log_command:Invoked command in '/home/zhang/self_project/arm_study_ws/build/robot_msgs' returned '0': CMAKE_PREFIX_PATH=${CMAKE_PREFIX_PATH}:/opt/ros/jazzy DEBUGINFOD_URLS=https://debuginfod.ubuntu.com /usr/bin/cmake --install /home/zhang/self_project/arm_study_ws/build/robot_msgs
[0.315s] Level 1:colcon.colcon_core.environment:checking '/home/zhang/self_project/arm_study_ws/install/robot_msgs' for CMake config files
[0.315s] Level 1:colcon.colcon_core.shell:create_environment_hook('robot_msgs', 'cmake_prefix_path')
[0.315s] INFO:colcon.colcon_core.shell:Creating environment descriptor '/home/zhang/self_project/arm_study_ws/install/robot_msgs/share/robot_msgs/hook/cmake_prefix_path.dsv'
[0.315s] INFO:colcon.colcon_core.shell:Creating environment hook '/home/zhang/self_project/arm_study_ws/install/robot_msgs/share/robot_msgs/hook/cmake_prefix_path.sh'
[0.315s] Level 1:colcon.colcon_core.environment:checking '/home/zhang/self_project/arm_study_ws/install/robot_msgs/lib'
[0.315s] Level 1:colcon.colcon_core.shell:create_environment_hook('robot_msgs', 'ld_library_path_lib')
[0.316s] INFO:colcon.colcon_core.shell:Creating environment descriptor '/home/zhang/self_project/arm_study_ws/install/robot_msgs/share/robot_msgs/hook/ld_library_path_lib.dsv'
[0.316s] INFO:colcon.colcon_core.shell:Creating environment hook '/home/zhang/self_project/arm_study_ws/install/robot_msgs/share/robot_msgs/hook/ld_library_path_lib.sh'
[0.316s] Level 1:colcon.colcon_core.environment:checking '/home/zhang/self_project/arm_study_ws/install/robot_msgs/bin'
[0.316s] Level 1:colcon.colcon_core.environment:checking '/home/zhang/self_project/arm_study_ws/install/robot_msgs/lib/pkgconfig/robot_msgs.pc'
[0.316s] Level 1:colcon.colcon_core.environment:checking '/home/zhang/self_project/arm_study_ws/install/robot_msgs/lib/python3.12/site-packages'
[0.316s] Level 1:colcon.colcon_core.shell:create_environment_hook('robot_msgs', 'pythonpath')
[0.316s] INFO:colcon.colcon_core.shell:Creating environment descriptor '/home/zhang/self_project/arm_study_ws/install/robot_msgs/share/robot_msgs/hook/pythonpath.dsv'
[0.316s] INFO:colcon.colcon_core.shell:Creating environment hook '/home/zhang/self_project/arm_study_ws/install/robot_msgs/share/robot_msgs/hook/pythonpath.sh'
[0.316s] Level 1:colcon.colcon_core.environment:checking '/home/zhang/self_project/arm_study_ws/install/robot_msgs/bin'
[0.317s] INFO:colcon.colcon_core.shell:Creating package descriptor '/home/zhang/self_project/arm_study_ws/install/robot_msgs/share/robot_msgs/package.dsv'
[0.317s] INFO:colcon.colcon_core.shell:Creating package script '/home/zhang/self_project/arm_study_ws/install/robot_msgs/share/robot_msgs/package.sh'
[0.317s] INFO:colcon.colcon_core.shell:Creating package script '/home/zhang/self_project/arm_study_ws/install/robot_msgs/share/robot_msgs/package.bash'
[0.317s] INFO:colcon.colcon_core.shell:Creating package script '/home/zhang/self_project/arm_study_ws/install/robot_msgs/share/robot_msgs/package.zsh'
[0.317s] Level 1:colcon.colcon_core.environment:create_file_with_runtime_dependencies(/home/zhang/self_project/arm_study_ws/install/robot_msgs/share/colcon-core/packages/robot_msgs)
[0.317s] Level 1:colcon.colcon_core.environment:create_environment_scripts_only(robot_msgs)
[0.317s] Level 1:colcon.colcon_core.environment:checking '/home/zhang/self_project/arm_study_ws/install/robot_msgs' for CMake module files
[0.318s] Level 1:colcon.colcon_core.environment:checking '/home/zhang/self_project/arm_study_ws/install/robot_msgs' for CMake config files
[0.318s] Level 1:colcon.colcon_core.shell:create_environment_hook('robot_msgs', 'cmake_prefix_path')
[0.318s] INFO:colcon.colcon_core.shell:Creating environment descriptor '/home/zhang/self_project/arm_study_ws/install/robot_msgs/share/robot_msgs/hook/cmake_prefix_path.dsv'
[0.318s] INFO:colcon.colcon_core.shell:Creating environment hook '/home/zhang/self_project/arm_study_ws/install/robot_msgs/share/robot_msgs/hook/cmake_prefix_path.sh'
[0.318s] Level 1:colcon.colcon_core.environment:checking '/home/zhang/self_project/arm_study_ws/install/robot_msgs/lib'
[0.318s] Level 1:colcon.colcon_core.shell:create_environment_hook('robot_msgs', 'ld_library_path_lib')
[0.318s] INFO:colcon.colcon_core.shell:Creating environment descriptor '/home/zhang/self_project/arm_study_ws/install/robot_msgs/share/robot_msgs/hook/ld_library_path_lib.dsv'
[0.318s] INFO:colcon.colcon_core.shell:Creating environment hook '/home/zhang/self_project/arm_study_ws/install/robot_msgs/share/robot_msgs/hook/ld_library_path_lib.sh'
[0.318s] Level 1:colcon.colcon_core.environment:checking '/home/zhang/self_project/arm_study_ws/install/robot_msgs/bin'
[0.319s] Level 1:colcon.colcon_core.environment:checking '/home/zhang/self_project/arm_study_ws/install/robot_msgs/lib/pkgconfig/robot_msgs.pc'
[0.319s] Level 1:colcon.colcon_core.environment:checking '/home/zhang/self_project/arm_study_ws/install/robot_msgs/lib/python3.12/site-packages'
[0.319s] Level 1:colcon.colcon_core.shell:create_environment_hook('robot_msgs', 'pythonpath')
[0.319s] INFO:colcon.colcon_core.shell:Creating environment descriptor '/home/zhang/self_project/arm_study_ws/install/robot_msgs/share/robot_msgs/hook/pythonpath.dsv'
[0.319s] INFO:colcon.colcon_core.shell:Creating environment hook '/home/zhang/self_project/arm_study_ws/install/robot_msgs/share/robot_msgs/hook/pythonpath.sh'
[0.319s] Level 1:colcon.colcon_core.environment:checking '/home/zhang/self_project/arm_study_ws/install/robot_msgs/bin'
[0.319s] INFO:colcon.colcon_core.shell:Creating package descriptor '/home/zhang/self_project/arm_study_ws/install/robot_msgs/share/robot_msgs/package.dsv'
[0.319s] INFO:colcon.colcon_core.shell:Creating package script '/home/zhang/self_project/arm_study_ws/install/robot_msgs/share/robot_msgs/package.sh'
[0.320s] INFO:colcon.colcon_core.shell:Creating package script '/home/zhang/self_project/arm_study_ws/install/robot_msgs/share/robot_msgs/package.bash'
[0.320s] INFO:colcon.colcon_core.shell:Creating package script '/home/zhang/self_project/arm_study_ws/install/robot_msgs/share/robot_msgs/package.zsh'
[0.320s] Level 1:colcon.colcon_core.environment:create_file_with_runtime_dependencies(/home/zhang/self_project/arm_study_ws/install/robot_msgs/share/colcon-core/packages/robot_msgs)
[0.320s] INFO:colcon.colcon_ros.task.ament_cmake.build:Building ROS package in '/home/zhang/self_project/arm_study_ws/src/robot_motion' with build type 'ament_cmake'
[0.320s] INFO:colcon.colcon_cmake.task.cmake.build:Building CMake package in '/home/zhang/self_project/arm_study_ws/src/robot_motion'
[0.320s] DEBUG:colcon.colcon_core.shell:Skip shell extension 'dsv' for command environment
[0.329s] DEBUG:colcon.colcon_core.event_handler.log_command:Invoking command in '/home/zhang/self_project/arm_study_ws/build/robot_motion': AMENT_PREFIX_PATH=/home/zhang/self_project/arm_study_ws/install/robot_msgs:${AMENT_PREFIX_PATH} CMAKE_PREFIX_PATH=/home/zhang/self_project/arm_study_ws/install/robot_msgs:/opt/ros/jazzy/opt/gz_sim_vendor:/opt/ros/jazzy/opt/gz_sensors_vendor:/opt/ros/jazzy/opt/gz_physics_vendor:/opt/ros/jazzy/opt/sdformat_vendor:/opt/ros/jazzy/opt/gz_gui_vendor:/opt/ros/jazzy/opt/gz_transport_vendor:/opt/ros/jazzy/opt/gz_rendering_vendor:/opt/ros/jazzy/opt/gz_plugin_vendor:/opt/ros/jazzy/opt/gz_fuel_tools_vendor:/opt/ros/jazzy/opt/gz_msgs_vendor:/opt/ros/jazzy/opt/gz_common_vendor:/opt/ros/jazzy/opt/gz_math_vendor:/opt/ros/jazzy/opt/gz_utils_vendor:/opt/ros/jazzy/opt/gz_tools_vendor:/opt/ros/jazzy/opt/gz_ogre_next_vendor:/opt/ros/jazzy/opt/gz_dartsim_vendor:/opt/ros/jazzy/opt/gz_cmake_vendor:/opt/ros/jazzy DEBUGINFOD_URLS=https://debuginfod.ubuntu.com LD_LIBRARY_PATH=/home/zhang/self_project/arm_study_ws/install/robot_msgs/lib:${LD_LIBRARY_PATH} PYTHONPATH=/home/zhang/self_project/arm_study_ws/install/robot_msgs/lib/python3.12/site-packages:${PYTHONPATH} /usr/bin/cmake --build /home/zhang/self_project/arm_study_ws/build/robot_motion -- -j20 -l20
[1.234s] DEBUG:colcon.colcon_core.event_handler.log_command:Invoked command in '/home/zhang/self_project/arm_study_ws/build/robot_motion' returned '2': AMENT_PREFIX_PATH=/home/zhang/self_project/arm_study_ws/install/robot_msgs:${AMENT_PREFIX_PATH} CMAKE_PREFIX_PATH=/home/zhang/self_project/arm_study_ws/install/robot_msgs:/opt/ros/jazzy/opt/gz_sim_vendor:/opt/ros/jazzy/opt/gz_sensors_vendor:/opt/ros/jazzy/opt/gz_physics_vendor:/opt/ros/jazzy/opt/sdformat_vendor:/opt/ros/jazzy/opt/gz_gui_vendor:/opt/ros/jazzy/opt/gz_transport_vendor:/opt/ros/jazzy/opt/gz_rendering_vendor:/opt/ros/jazzy/opt/gz_plugin_vendor:/opt/ros/jazzy/opt/gz_fuel_tools_vendor:/opt/ros/jazzy/opt/gz_msgs_vendor:/opt/ros/jazzy/opt/gz_common_vendor:/opt/ros/jazzy/opt/gz_math_vendor:/opt/ros/jazzy/opt/gz_utils_vendor:/opt/ros/jazzy/opt/gz_tools_vendor:/opt/ros/jazzy/opt/gz_ogre_next_vendor:/opt/ros/jazzy/opt/gz_dartsim_vendor:/opt/ros/jazzy/opt/gz_cmake_vendor:/opt/ros/jazzy DEBUGINFOD_URLS=https://debuginfod.ubuntu.com LD_LIBRARY_PATH=/home/zhang/self_project/arm_study_ws/install/robot_msgs/lib:${LD_LIBRARY_PATH} PYTHONPATH=/home/zhang/self_project/arm_study_ws/install/robot_msgs/lib/python3.12/site-packages:${PYTHONPATH} /usr/bin/cmake --build /home/zhang/self_project/arm_study_ws/build/robot_motion -- -j20 -l20
[1.234s] Level 1:colcon.colcon_core.environment:create_environment_scripts_only(robot_motion)
[1.235s] Level 1:colcon.colcon_core.environment:checking '/home/zhang/self_project/arm_study_ws/install/robot_motion' for CMake module files
[1.235s] Level 1:colcon.colcon_core.environment:checking '/home/zhang/self_project/arm_study_ws/install/robot_motion' for CMake config files
[1.235s] Level 1:colcon.colcon_core.shell:create_environment_hook('robot_motion', 'cmake_prefix_path')
[1.235s] INFO:colcon.colcon_core.shell:Creating environment descriptor '/home/zhang/self_project/arm_study_ws/install/robot_motion/share/robot_motion/hook/cmake_prefix_path.dsv'
[1.235s] INFO:colcon.colcon_core.shell:Creating environment hook '/home/zhang/self_project/arm_study_ws/install/robot_motion/share/robot_motion/hook/cmake_prefix_path.sh'
[1.236s] Level 1:colcon.colcon_core.environment:checking '/home/zhang/self_project/arm_study_ws/install/robot_motion/lib'
[1.236s] Level 1:colcon.colcon_core.shell:create_environment_hook('robot_motion', 'ld_library_path_lib')
[1.236s] INFO:colcon.colcon_core.shell:Creating environment descriptor '/home/zhang/self_project/arm_study_ws/install/robot_motion/share/robot_motion/hook/ld_library_path_lib.dsv'
[1.236s] INFO:colcon.colcon_core.shell:Creating environment hook '/home/zhang/self_project/arm_study_ws/install/robot_motion/share/robot_motion/hook/ld_library_path_lib.sh'
[1.236s] Level 1:colcon.colcon_core.environment:checking '/home/zhang/self_project/arm_study_ws/install/robot_motion/bin'
[1.236s] Level 1:colcon.colcon_core.environment:checking '/home/zhang/self_project/arm_study_ws/install/robot_motion/lib/pkgconfig/robot_motion.pc'
[1.236s] Level 1:colcon.colcon_core.environment:checking '/home/zhang/self_project/arm_study_ws/install/robot_motion/lib/python3.12/site-packages'
[1.236s] Level 1:colcon.colcon_core.environment:checking '/home/zhang/self_project/arm_study_ws/install/robot_motion/bin'
[1.236s] INFO:colcon.colcon_core.shell:Creating package descriptor '/home/zhang/self_project/arm_study_ws/install/robot_motion/share/robot_motion/package.dsv'
[1.237s] INFO:colcon.colcon_core.shell:Creating package script '/home/zhang/self_project/arm_study_ws/install/robot_motion/share/robot_motion/package.sh'
[1.237s] INFO:colcon.colcon_core.shell:Creating package script '/home/zhang/self_project/arm_study_ws/install/robot_motion/share/robot_motion/package.bash'
[1.237s] INFO:colcon.colcon_core.shell:Creating package script '/home/zhang/self_project/arm_study_ws/install/robot_motion/share/robot_motion/package.zsh'
[1.237s] Level 1:colcon.colcon_core.environment:create_file_with_runtime_dependencies(/home/zhang/self_project/arm_study_ws/install/robot_motion/share/colcon-core/packages/robot_motion)
[1.248s] DEBUG:colcon.colcon_parallel_executor.executor.parallel:closing loop
[1.248s] DEBUG:colcon.colcon_parallel_executor.executor.parallel:loop closed
[1.248s] DEBUG:colcon.colcon_parallel_executor.executor.parallel:run_until_complete finished with '2'
[1.248s] DEBUG:colcon.colcon_core.event_reactor:joining thread
[1.251s] INFO:colcon.colcon_core.plugin_system:Skipping extension 'colcon_notification.desktop_notification.terminal_notifier': Not used on non-Darwin systems
[1.251s] INFO:colcon.colcon_core.plugin_system:Skipping extension 'colcon_notification.desktop_notification.win32': Not used on non-Windows systems
[1.251s] INFO:colcon.colcon_notification.desktop_notification:Sending desktop notification using 'notify2'
[1.263s] DEBUG:colcon.colcon_core.event_reactor:joined thread
[1.264s] INFO:colcon.colcon_core.shell:Creating prefix script '/home/zhang/self_project/arm_study_ws/install/local_setup.sh'
[1.264s] INFO:colcon.colcon_core.shell:Creating prefix util module '/home/zhang/self_project/arm_study_ws/install/_local_setup_util_sh.py'
[1.265s] INFO:colcon.colcon_core.shell:Creating prefix chain script '/home/zhang/self_project/arm_study_ws/install/setup.sh'
[1.265s] INFO:colcon.colcon_core.shell:Creating prefix script '/home/zhang/self_project/arm_study_ws/install/local_setup.bash'
[1.265s] INFO:colcon.colcon_core.shell:Creating prefix chain script '/home/zhang/self_project/arm_study_ws/install/setup.bash'
[1.266s] INFO:colcon.colcon_core.shell:Creating prefix script '/home/zhang/self_project/arm_study_ws/install/local_setup.zsh'
[1.266s] INFO:colcon.colcon_core.shell:Creating prefix chain script '/home/zhang/self_project/arm_study_ws/install/setup.zsh'
