[0.047s] DEBUG:colcon:Command line arguments: ['/usr/bin/colcon', 'build']
[0.047s] DEBUG:colcon:Parsed command line arguments: Namespace(log_base=None, log_level=None, verb_name='build', build_base='build', install_base='install', merge_install=False, symlink_install=False, test_result_base=None, continue_on_error=False, executor='parallel', parallel_workers=20, event_handlers=None, ignore_user_meta=False, metas=['./colcon.meta'], base_paths=['.'], packages_ignore=None, packages_ignore_regex=None, paths=None, packages_up_to=None, packages_up_to_regex=None, packages_above=None, packages_above_and_dependencies=None, packages_above_depth=None, packages_select_by_dep=None, packages_skip_by_dep=None, packages_skip_up_to=None, packages_select_build_failed=False, packages_skip_build_finished=False, packages_select_test_failures=False, packages_skip_test_passed=False, packages_select=None, packages_skip=None, packages_select_regex=None, packages_skip_regex=None, packages_start=None, packages_end=None, cmake_args=None, cmake_target=None, cmake_target_skip_unavailable=False, cmake_clean_cache=False, cmake_clean_first=False, cmake_force_configure=False, ament_cmake_args=None, catkin_cmake_args=None, catkin_skip_building_tests=False, verb_parser=<colcon_defaults.argument_parser.defaults.DefaultArgumentsDecorator object at 0x7bb3dc7c1af0>, verb_extension=<colcon_core.verb.build.BuildVerb object at 0x7bb3dc7c1a90>, main=<bound method BuildVerb.main of <colcon_core.verb.build.BuildVerb object at 0x7bb3dc7c1a90>>)
[0.066s] Level 1:colcon.colcon_core.package_discovery:discover_packages(colcon_meta) check parameters
[0.066s] Level 1:colcon.colcon_core.package_discovery:discover_packages(recursive) check parameters
[0.066s] Level 1:colcon.colcon_core.package_discovery:discover_packages(ignore) check parameters
[0.066s] Level 1:colcon.colcon_core.package_discovery:discover_packages(path) check parameters
[0.066s] Level 1:colcon.colcon_core.package_discovery:discover_packages(colcon_meta) discover
[0.066s] Level 1:colcon.colcon_core.package_discovery:discover_packages(recursive) discover
[0.066s] INFO:colcon.colcon_core.package_discovery:Crawling recursively for packages in '/home/zhang/self_project/arm_study_ws'
[0.066s] Level 1:colcon.colcon_core.package_identification:_identify(.) by extensions ['ignore', 'ignore_ament_install']
[0.066s] Level 1:colcon.colcon_core.package_identification:_identify(.) by extension 'ignore'
[0.066s] Level 1:colcon.colcon_core.package_identification:_identify(.) by extension 'ignore_ament_install'
[0.066s] Level 1:colcon.colcon_core.package_identification:_identify(.) by extensions ['colcon_pkg']
[0.066s] Level 1:colcon.colcon_core.package_identification:_identify(.) by extension 'colcon_pkg'
[0.066s] Level 1:colcon.colcon_core.package_identification:_identify(.) by extensions ['colcon_meta']
[0.066s] Level 1:colcon.colcon_core.package_identification:_identify(.) by extension 'colcon_meta'
[0.066s] Level 1:colcon.colcon_core.package_identification:_identify(.) by extensions ['ros']
[0.066s] Level 1:colcon.colcon_core.package_identification:_identify(.) by extension 'ros'
[0.079s] Level 1:colcon.colcon_core.package_identification:_identify(.) by extensions ['cmake', 'python']
[0.079s] Level 1:colcon.colcon_core.package_identification:_identify(.) by extension 'cmake'
[0.079s] Level 1:colcon.colcon_core.package_identification:_identify(.) by extension 'python'
[0.079s] Level 1:colcon.colcon_core.package_identification:_identify(.) by extensions ['python_setup_py']
[0.079s] Level 1:colcon.colcon_core.package_identification:_identify(.) by extension 'python_setup_py'
[0.079s] Level 1:colcon.colcon_core.package_identification:_identify(build) by extensions ['ignore', 'ignore_ament_install']
[0.079s] Level 1:colcon.colcon_core.package_identification:_identify(build) by extension 'ignore'
[0.079s] Level 1:colcon.colcon_core.package_identification:_identify(build) ignored
[0.079s] Level 1:colcon.colcon_core.package_identification:_identify(install) by extensions ['ignore', 'ignore_ament_install']
[0.079s] Level 1:colcon.colcon_core.package_identification:_identify(install) by extension 'ignore'
[0.079s] Level 1:colcon.colcon_core.package_identification:_identify(install) ignored
[0.079s] Level 1:colcon.colcon_core.package_identification:_identify(log) by extensions ['ignore', 'ignore_ament_install']
[0.079s] Level 1:colcon.colcon_core.package_identification:_identify(log) by extension 'ignore'
[0.079s] Level 1:colcon.colcon_core.package_identification:_identify(log) ignored
[0.079s] Level 1:colcon.colcon_core.package_identification:_identify(src) by extensions ['ignore', 'ignore_ament_install']
[0.080s] Level 1:colcon.colcon_core.package_identification:_identify(src) by extension 'ignore'
[0.080s] Level 1:colcon.colcon_core.package_identification:_identify(src) by extension 'ignore_ament_install'
[0.080s] Level 1:colcon.colcon_core.package_identification:_identify(src) by extensions ['colcon_pkg']
[0.080s] Level 1:colcon.colcon_core.package_identification:_identify(src) by extension 'colcon_pkg'
[0.080s] Level 1:colcon.colcon_core.package_identification:_identify(src) by extensions ['colcon_meta']
[0.080s] Level 1:colcon.colcon_core.package_identification:_identify(src) by extension 'colcon_meta'
[0.080s] Level 1:colcon.colcon_core.package_identification:_identify(src) by extensions ['ros']
[0.080s] Level 1:colcon.colcon_core.package_identification:_identify(src) by extension 'ros'
[0.080s] Level 1:colcon.colcon_core.package_identification:_identify(src) by extensions ['cmake', 'python']
[0.080s] Level 1:colcon.colcon_core.package_identification:_identify(src) by extension 'cmake'
[0.080s] Level 1:colcon.colcon_core.package_identification:_identify(src) by extension 'python'
[0.080s] Level 1:colcon.colcon_core.package_identification:_identify(src) by extensions ['python_setup_py']
[0.080s] Level 1:colcon.colcon_core.package_identification:_identify(src) by extension 'python_setup_py'
[0.080s] Level 1:colcon.colcon_core.package_identification:_identify(src/rebot_description) by extensions ['ignore', 'ignore_ament_install']
[0.080s] Level 1:colcon.colcon_core.package_identification:_identify(src/rebot_description) by extension 'ignore'
[0.080s] Level 1:colcon.colcon_core.package_identification:_identify(src/rebot_description) by extension 'ignore_ament_install'
[0.080s] Level 1:colcon.colcon_core.package_identification:_identify(src/rebot_description) by extensions ['colcon_pkg']
[0.080s] Level 1:colcon.colcon_core.package_identification:_identify(src/rebot_description) by extension 'colcon_pkg'
[0.080s] Level 1:colcon.colcon_core.package_identification:_identify(src/rebot_description) by extensions ['colcon_meta']
[0.080s] Level 1:colcon.colcon_core.package_identification:_identify(src/rebot_description) by extension 'colcon_meta'
[0.080s] Level 1:colcon.colcon_core.package_identification:_identify(src/rebot_description) by extensions ['ros']
[0.080s] Level 1:colcon.colcon_core.package_identification:_identify(src/rebot_description) by extension 'ros'
[0.081s] DEBUG:colcon.colcon_core.package_identification:Package 'src/rebot_description' with type 'ros.ament_cmake' and name 'rebot_description'
[0.081s] Level 1:colcon.colcon_core.package_identification:_identify(src/robot_motion) by extensions ['ignore', 'ignore_ament_install']
[0.081s] Level 1:colcon.colcon_core.package_identification:_identify(src/robot_motion) by extension 'ignore'
[0.081s] Level 1:colcon.colcon_core.package_identification:_identify(src/robot_motion) by extension 'ignore_ament_install'
[0.081s] Level 1:colcon.colcon_core.package_identification:_identify(src/robot_motion) by extensions ['colcon_pkg']
[0.081s] Level 1:colcon.colcon_core.package_identification:_identify(src/robot_motion) by extension 'colcon_pkg'
[0.081s] Level 1:colcon.colcon_core.package_identification:_identify(src/robot_motion) by extensions ['colcon_meta']
[0.081s] Level 1:colcon.colcon_core.package_identification:_identify(src/robot_motion) by extension 'colcon_meta'
[0.081s] Level 1:colcon.colcon_core.package_identification:_identify(src/robot_motion) by extensions ['ros']
[0.081s] Level 1:colcon.colcon_core.package_identification:_identify(src/robot_motion) by extension 'ros'
[0.082s] DEBUG:colcon.colcon_core.package_identification:Package 'src/robot_motion' with type 'ros.ament_cmake' and name 'robot_motion'
[0.082s] Level 1:colcon.colcon_core.package_identification:_identify(src/robot_msgs) by extensions ['ignore', 'ignore_ament_install']
[0.082s] Level 1:colcon.colcon_core.package_identification:_identify(src/robot_msgs) by extension 'ignore'
[0.082s] Level 1:colcon.colcon_core.package_identification:_identify(src/robot_msgs) by extension 'ignore_ament_install'
[0.082s] Level 1:colcon.colcon_core.package_identification:_identify(src/robot_msgs) by extensions ['colcon_pkg']
[0.082s] Level 1:colcon.colcon_core.package_identification:_identify(src/robot_msgs) by extension 'colcon_pkg'
[0.082s] Level 1:colcon.colcon_core.package_identification:_identify(src/robot_msgs) by extensions ['colcon_meta']
[0.082s] Level 1:colcon.colcon_core.package_identification:_identify(src/robot_msgs) by extension 'colcon_meta'
[0.082s] Level 1:colcon.colcon_core.package_identification:_identify(src/robot_msgs) by extensions ['ros']
[0.082s] Level 1:colcon.colcon_core.package_identification:_identify(src/robot_msgs) by extension 'ros'
[0.082s] DEBUG:colcon.colcon_core.package_identification:Package 'src/robot_msgs' with type 'ros.ament_cmake' and name 'robot_msgs'
[0.082s] Level 1:colcon.colcon_core.package_identification:_identify(src/test_control) by extensions ['ignore', 'ignore_ament_install']
[0.082s] Level 1:colcon.colcon_core.package_identification:_identify(src/test_control) by extension 'ignore'
[0.082s] Level 1:colcon.colcon_core.package_identification:_identify(src/test_control) by extension 'ignore_ament_install'
[0.082s] Level 1:colcon.colcon_core.package_identification:_identify(src/test_control) by extensions ['colcon_pkg']
[0.082s] Level 1:colcon.colcon_core.package_identification:_identify(src/test_control) by extension 'colcon_pkg'
[0.082s] Level 1:colcon.colcon_core.package_identification:_identify(src/test_control) by extensions ['colcon_meta']
[0.082s] Level 1:colcon.colcon_core.package_identification:_identify(src/test_control) by extension 'colcon_meta'
[0.082s] Level 1:colcon.colcon_core.package_identification:_identify(src/test_control) by extensions ['ros']
[0.082s] Level 1:colcon.colcon_core.package_identification:_identify(src/test_control) by extension 'ros'
[0.083s] DEBUG:colcon.colcon_core.package_identification:Package 'src/test_control' with type 'ros.ament_cmake' and name 'test_control'
[0.083s] Level 1:colcon.colcon_core.package_discovery:discover_packages(recursive) using defaults
[0.083s] Level 1:colcon.colcon_core.package_discovery:discover_packages(ignore) discover
[0.083s] Level 1:colcon.colcon_core.package_discovery:discover_packages(ignore) using defaults
[0.083s] Level 1:colcon.colcon_core.package_discovery:discover_packages(path) discover
[0.083s] Level 1:colcon.colcon_core.package_discovery:discover_packages(path) using defaults
[0.093s] Level 5:colcon.colcon_core.verb:set package 'rebot_description' build argument 'cmake_args' from command line to 'None'
[0.093s] Level 5:colcon.colcon_core.verb:set package 'rebot_description' build argument 'cmake_target' from command line to 'None'
[0.093s] Level 5:colcon.colcon_core.verb:set package 'rebot_description' build argument 'cmake_target_skip_unavailable' from command line to 'False'
[0.093s] Level 5:colcon.colcon_core.verb:set package 'rebot_description' build argument 'cmake_clean_cache' from command line to 'False'
[0.093s] Level 5:colcon.colcon_core.verb:set package 'rebot_description' build argument 'cmake_clean_first' from command line to 'False'
[0.093s] Level 5:colcon.colcon_core.verb:set package 'rebot_description' build argument 'cmake_force_configure' from command line to 'False'
[0.093s] Level 5:colcon.colcon_core.verb:set package 'rebot_description' build argument 'ament_cmake_args' from command line to 'None'
[0.093s] Level 5:colcon.colcon_core.verb:set package 'rebot_description' build argument 'catkin_cmake_args' from command line to 'None'
[0.093s] Level 5:colcon.colcon_core.verb:set package 'rebot_description' build argument 'catkin_skip_building_tests' from command line to 'False'
[0.093s] DEBUG:colcon.colcon_core.verb:Building package 'rebot_description' with the following arguments: {'ament_cmake_args': None, 'build_base': '/home/zhang/self_project/arm_study_ws/build/rebot_description', 'catkin_cmake_args': None, 'catkin_skip_building_tests': False, 'cmake_args': None, 'cmake_clean_cache': False, 'cmake_clean_first': False, 'cmake_force_configure': False, 'cmake_target': None, 'cmake_target_skip_unavailable': False, 'install_base': '/home/zhang/self_project/arm_study_ws/install/rebot_description', 'merge_install': False, 'path': '/home/zhang/self_project/arm_study_ws/src/rebot_description', 'symlink_install': False, 'test_result_base': None}
[0.093s] Level 5:colcon.colcon_core.verb:set package 'robot_msgs' build argument 'cmake_args' from command line to 'None'
[0.093s] Level 5:colcon.colcon_core.verb:set package 'robot_msgs' build argument 'cmake_target' from command line to 'None'
[0.093s] Level 5:colcon.colcon_core.verb:set package 'robot_msgs' build argument 'cmake_target_skip_unavailable' from command line to 'False'
[0.093s] Level 5:colcon.colcon_core.verb:set package 'robot_msgs' build argument 'cmake_clean_cache' from command line to 'False'
[0.093s] Level 5:colcon.colcon_core.verb:set package 'robot_msgs' build argument 'cmake_clean_first' from command line to 'False'
[0.093s] Level 5:colcon.colcon_core.verb:set package 'robot_msgs' build argument 'cmake_force_configure' from command line to 'False'
[0.093s] Level 5:colcon.colcon_core.verb:set package 'robot_msgs' build argument 'ament_cmake_args' from command line to 'None'
[0.093s] Level 5:colcon.colcon_core.verb:set package 'robot_msgs' build argument 'catkin_cmake_args' from command line to 'None'
[0.093s] Level 5:colcon.colcon_core.verb:set package 'robot_msgs' build argument 'catkin_skip_building_tests' from command line to 'False'
[0.093s] DEBUG:colcon.colcon_core.verb:Building package 'robot_msgs' with the following arguments: {'ament_cmake_args': None, 'build_base': '/home/zhang/self_project/arm_study_ws/build/robot_msgs', 'catkin_cmake_args': None, 'catkin_skip_building_tests': False, 'cmake_args': None, 'cmake_clean_cache': False, 'cmake_clean_first': False, 'cmake_force_configure': False, 'cmake_target': None, 'cmake_target_skip_unavailable': False, 'install_base': '/home/zhang/self_project/arm_study_ws/install/robot_msgs', 'merge_install': False, 'path': '/home/zhang/self_project/arm_study_ws/src/robot_msgs', 'symlink_install': False, 'test_result_base': None}
[0.093s] Level 5:colcon.colcon_core.verb:set package 'robot_motion' build argument 'cmake_args' from command line to 'None'
[0.093s] Level 5:colcon.colcon_core.verb:set package 'robot_motion' build argument 'cmake_target' from command line to 'None'
[0.093s] Level 5:colcon.colcon_core.verb:set package 'robot_motion' build argument 'cmake_target_skip_unavailable' from command line to 'False'
[0.093s] Level 5:colcon.colcon_core.verb:set package 'robot_motion' build argument 'cmake_clean_cache' from command line to 'False'
[0.093s] Level 5:colcon.colcon_core.verb:set package 'robot_motion' build argument 'cmake_clean_first' from command line to 'False'
[0.093s] Level 5:colcon.colcon_core.verb:set package 'robot_motion' build argument 'cmake_force_configure' from command line to 'False'
[0.093s] Level 5:colcon.colcon_core.verb:set package 'robot_motion' build argument 'ament_cmake_args' from command line to 'None'
[0.093s] Level 5:colcon.colcon_core.verb:set package 'robot_motion' build argument 'catkin_cmake_args' from command line to 'None'
[0.093s] Level 5:colcon.colcon_core.verb:set package 'robot_motion' build argument 'catkin_skip_building_tests' from command line to 'False'
[0.093s] DEBUG:colcon.colcon_core.verb:Building package 'robot_motion' with the following arguments: {'ament_cmake_args': None, 'build_base': '/home/zhang/self_project/arm_study_ws/build/robot_motion', 'catkin_cmake_args': None, 'catkin_skip_building_tests': False, 'cmake_args': None, 'cmake_clean_cache': False, 'cmake_clean_first': False, 'cmake_force_configure': False, 'cmake_target': None, 'cmake_target_skip_unavailable': False, 'install_base': '/home/zhang/self_project/arm_study_ws/install/robot_motion', 'merge_install': False, 'path': '/home/zhang/self_project/arm_study_ws/src/robot_motion', 'symlink_install': False, 'test_result_base': None}
[0.093s] Level 5:colcon.colcon_core.verb:set package 'test_control' build argument 'cmake_args' from command line to 'None'
[0.093s] Level 5:colcon.colcon_core.verb:set package 'test_control' build argument 'cmake_target' from command line to 'None'
[0.093s] Level 5:colcon.colcon_core.verb:set package 'test_control' build argument 'cmake_target_skip_unavailable' from command line to 'False'
[0.093s] Level 5:colcon.colcon_core.verb:set package 'test_control' build argument 'cmake_clean_cache' from command line to 'False'
[0.093s] Level 5:colcon.colcon_core.verb:set package 'test_control' build argument 'cmake_clean_first' from command line to 'False'
[0.093s] Level 5:colcon.colcon_core.verb:set package 'test_control' build argument 'cmake_force_configure' from command line to 'False'
[0.093s] Level 5:colcon.colcon_core.verb:set package 'test_control' build argument 'ament_cmake_args' from command line to 'None'
[0.093s] Level 5:colcon.colcon_core.verb:set package 'test_control' build argument 'catkin_cmake_args' from command line to 'None'
[0.093s] Level 5:colcon.colcon_core.verb:set package 'test_control' build argument 'catkin_skip_building_tests' from command line to 'False'
[0.094s] DEBUG:colcon.colcon_core.verb:Building package 'test_control' with the following arguments: {'ament_cmake_args': None, 'build_base': '/home/zhang/self_project/arm_study_ws/build/test_control', 'catkin_cmake_args': None, 'catkin_skip_building_tests': False, 'cmake_args': None, 'cmake_clean_cache': False, 'cmake_clean_first': False, 'cmake_force_configure': False, 'cmake_target': None, 'cmake_target_skip_unavailable': False, 'install_base': '/home/zhang/self_project/arm_study_ws/install/test_control', 'merge_install': False, 'path': '/home/zhang/self_project/arm_study_ws/src/test_control', 'symlink_install': False, 'test_result_base': None}
[0.094s] INFO:colcon.colcon_core.executor:Executing jobs using 'parallel' executor
[0.094s] DEBUG:colcon.colcon_parallel_executor.executor.parallel:run_until_complete
[0.094s] INFO:colcon.colcon_ros.task.ament_cmake.build:Building ROS package in '/home/zhang/self_project/arm_study_ws/src/robot_msgs' with build type 'ament_cmake'
[0.094s] INFO:colcon.colcon_cmake.task.cmake.build:Building CMake package in '/home/zhang/self_project/arm_study_ws/src/robot_msgs'
[0.096s] INFO:colcon.colcon_core.plugin_system:Skipping extension 'colcon_core.shell.bat': Not used on non-Windows systems
[0.096s] DEBUG:colcon.colcon_core.shell:Skip shell extension 'dsv' for command environment
[0.099s] INFO:colcon.colcon_ros.task.ament_cmake.build:Building ROS package in '/home/zhang/self_project/arm_study_ws/src/rebot_description' with build type 'ament_cmake'
[0.099s] INFO:colcon.colcon_cmake.task.cmake.build:Building CMake package in '/home/zhang/self_project/arm_study_ws/src/rebot_description'
[0.099s] DEBUG:colcon.colcon_core.shell:Skip shell extension 'dsv' for command environment
[0.103s] DEBUG:colcon.colcon_core.event_handler.log_command:Invoking command in '/home/zhang/self_project/arm_study_ws/build/robot_msgs': CMAKE_PREFIX_PATH=${CMAKE_PREFIX_PATH}:/opt/ros/jazzy DEBUGINFOD_URLS=https://debuginfod.ubuntu.com /usr/bin/cmake --build /home/zhang/self_project/arm_study_ws/build/robot_msgs -- -j20 -l20
[0.107s] DEBUG:colcon.colcon_core.event_handler.log_command:Invoking command in '/home/zhang/self_project/arm_study_ws/build/rebot_description': CMAKE_PREFIX_PATH=${CMAKE_PREFIX_PATH}:/opt/ros/jazzy DEBUGINFOD_URLS=https://debuginfod.ubuntu.com /usr/bin/cmake --build /home/zhang/self_project/arm_study_ws/build/rebot_description -- -j20 -l20
[0.137s] DEBUG:colcon.colcon_core.event_handler.log_command:Invoked command in '/home/zhang/self_project/arm_study_ws/build/rebot_description' returned '0': CMAKE_PREFIX_PATH=${CMAKE_PREFIX_PATH}:/opt/ros/jazzy DEBUGINFOD_URLS=https://debuginfod.ubuntu.com /usr/bin/cmake --build /home/zhang/self_project/arm_study_ws/build/rebot_description -- -j20 -l20
[0.141s] DEBUG:colcon.colcon_core.event_handler.log_command:Invoking command in '/home/zhang/self_project/arm_study_ws/build/rebot_description': CMAKE_PREFIX_PATH=${CMAKE_PREFIX_PATH}:/opt/ros/jazzy DEBUGINFOD_URLS=https://debuginfod.ubuntu.com /usr/bin/cmake --install /home/zhang/self_project/arm_study_ws/build/rebot_description
[0.148s] Level 1:colcon.colcon_core.environment:create_environment_scripts_only(rebot_description)
[0.149s] DEBUG:colcon.colcon_core.event_handler.log_command:Invoked command in '/home/zhang/self_project/arm_study_ws/build/rebot_description' returned '0': CMAKE_PREFIX_PATH=${CMAKE_PREFIX_PATH}:/opt/ros/jazzy DEBUGINFOD_URLS=https://debuginfod.ubuntu.com /usr/bin/cmake --install /home/zhang/self_project/arm_study_ws/build/rebot_description
[0.150s] Level 1:colcon.colcon_core.environment:checking '/home/zhang/self_project/arm_study_ws/install/rebot_description' for CMake module files
[0.150s] Level 1:colcon.colcon_core.environment:checking '/home/zhang/self_project/arm_study_ws/install/rebot_description' for CMake config files
[0.150s] Level 1:colcon.colcon_core.shell:create_environment_hook('rebot_description', 'cmake_prefix_path')
[0.150s] INFO:colcon.colcon_core.shell:Creating environment descriptor '/home/zhang/self_project/arm_study_ws/install/rebot_description/share/rebot_description/hook/cmake_prefix_path.dsv'
[0.150s] INFO:colcon.colcon_core.shell:Creating environment hook '/home/zhang/self_project/arm_study_ws/install/rebot_description/share/rebot_description/hook/cmake_prefix_path.sh'
[0.151s] Level 1:colcon.colcon_core.environment:checking '/home/zhang/self_project/arm_study_ws/install/rebot_description/lib'
[0.151s] Level 1:colcon.colcon_core.environment:checking '/home/zhang/self_project/arm_study_ws/install/rebot_description/bin'
[0.151s] Level 1:colcon.colcon_core.environment:checking '/home/zhang/self_project/arm_study_ws/install/rebot_description/lib/pkgconfig/rebot_description.pc'
[0.152s] Level 1:colcon.colcon_core.environment:checking '/home/zhang/self_project/arm_study_ws/install/rebot_description/lib/python3.12/site-packages'
[0.153s] Level 1:colcon.colcon_core.environment:checking '/home/zhang/self_project/arm_study_ws/install/rebot_description/bin'
[0.153s] INFO:colcon.colcon_core.shell:Creating package descriptor '/home/zhang/self_project/arm_study_ws/install/rebot_description/share/rebot_description/package.dsv'
[0.153s] INFO:colcon.colcon_core.shell:Creating package script '/home/zhang/self_project/arm_study_ws/install/rebot_description/share/rebot_description/package.sh'
[0.153s] INFO:colcon.colcon_core.shell:Creating package script '/home/zhang/self_project/arm_study_ws/install/rebot_description/share/rebot_description/package.bash'
[0.154s] INFO:colcon.colcon_core.shell:Creating package script '/home/zhang/self_project/arm_study_ws/install/rebot_description/share/rebot_description/package.zsh'
[0.154s] Level 1:colcon.colcon_core.environment:create_file_with_runtime_dependencies(/home/zhang/self_project/arm_study_ws/install/rebot_description/share/colcon-core/packages/rebot_description)
[0.154s] Level 1:colcon.colcon_core.environment:create_environment_scripts_only(rebot_description)
[0.154s] Level 1:colcon.colcon_core.environment:checking '/home/zhang/self_project/arm_study_ws/install/rebot_description' for CMake module files
[0.154s] Level 1:colcon.colcon_core.environment:checking '/home/zhang/self_project/arm_study_ws/install/rebot_description' for CMake config files
[0.154s] Level 1:colcon.colcon_core.shell:create_environment_hook('rebot_description', 'cmake_prefix_path')
[0.155s] INFO:colcon.colcon_core.shell:Creating environment descriptor '/home/zhang/self_project/arm_study_ws/install/rebot_description/share/rebot_description/hook/cmake_prefix_path.dsv'
[0.155s] INFO:colcon.colcon_core.shell:Creating environment hook '/home/zhang/self_project/arm_study_ws/install/rebot_description/share/rebot_description/hook/cmake_prefix_path.sh'
[0.155s] Level 1:colcon.colcon_core.environment:checking '/home/zhang/self_project/arm_study_ws/install/rebot_description/lib'
[0.155s] Level 1:colcon.colcon_core.environment:checking '/home/zhang/self_project/arm_study_ws/install/rebot_description/bin'
[0.155s] Level 1:colcon.colcon_core.environment:checking '/home/zhang/self_project/arm_study_ws/install/rebot_description/lib/pkgconfig/rebot_description.pc'
[0.155s] Level 1:colcon.colcon_core.environment:checking '/home/zhang/self_project/arm_study_ws/install/rebot_description/lib/python3.12/site-packages'
[0.155s] Level 1:colcon.colcon_core.environment:checking '/home/zhang/self_project/arm_study_ws/install/rebot_description/bin'
[0.155s] INFO:colcon.colcon_core.shell:Creating package descriptor '/home/zhang/self_project/arm_study_ws/install/rebot_description/share/rebot_description/package.dsv'
[0.156s] INFO:colcon.colcon_core.shell:Creating package script '/home/zhang/self_project/arm_study_ws/install/rebot_description/share/rebot_description/package.sh'
[0.156s] INFO:colcon.colcon_core.shell:Creating package script '/home/zhang/self_project/arm_study_ws/install/rebot_description/share/rebot_description/package.bash'
[0.156s] INFO:colcon.colcon_core.shell:Creating package script '/home/zhang/self_project/arm_study_ws/install/rebot_description/share/rebot_description/package.zsh'
[0.156s] Level 1:colcon.colcon_core.environment:create_file_with_runtime_dependencies(/home/zhang/self_project/arm_study_ws/install/rebot_description/share/colcon-core/packages/rebot_description)
[0.328s] DEBUG:colcon.colcon_core.event_handler.log_command:Invoked command in '/home/zhang/self_project/arm_study_ws/build/robot_msgs' returned '0': CMAKE_PREFIX_PATH=${CMAKE_PREFIX_PATH}:/opt/ros/jazzy DEBUGINFOD_URLS=https://debuginfod.ubuntu.com /usr/bin/cmake --build /home/zhang/self_project/arm_study_ws/build/robot_msgs -- -j20 -l20
[0.328s] DEBUG:colcon.colcon_core.event_handler.log_command:Invoking command in '/home/zhang/self_project/arm_study_ws/build/robot_msgs': CMAKE_PREFIX_PATH=${CMAKE_PREFIX_PATH}:/opt/ros/jazzy DEBUGINFOD_URLS=https://debuginfod.ubuntu.com /usr/bin/cmake --install /home/zhang/self_project/arm_study_ws/build/robot_msgs
[0.369s] Level 1:colcon.colcon_core.environment:create_environment_scripts_only(robot_msgs)
[0.369s] Level 1:colcon.colcon_core.environment:checking '/home/zhang/self_project/arm_study_ws/install/robot_msgs' for CMake module files
[0.369s] DEBUG:colcon.colcon_core.event_handler.log_command:Invoked command in '/home/zhang/self_project/arm_study_ws/build/robot_msgs' returned '0': CMAKE_PREFIX_PATH=${CMAKE_PREFIX_PATH}:/opt/ros/jazzy DEBUGINFOD_URLS=https://debuginfod.ubuntu.com /usr/bin/cmake --install /home/zhang/self_project/arm_study_ws/build/robot_msgs
[0.369s] Level 1:colcon.colcon_core.environment:checking '/home/zhang/self_project/arm_study_ws/install/robot_msgs' for CMake config files
[0.369s] Level 1:colcon.colcon_core.shell:create_environment_hook('robot_msgs', 'cmake_prefix_path')
[0.369s] INFO:colcon.colcon_core.shell:Creating environment descriptor '/home/zhang/self_project/arm_study_ws/install/robot_msgs/share/robot_msgs/hook/cmake_prefix_path.dsv'
[0.370s] INFO:colcon.colcon_core.shell:Creating environment hook '/home/zhang/self_project/arm_study_ws/install/robot_msgs/share/robot_msgs/hook/cmake_prefix_path.sh'
[0.370s] Level 1:colcon.colcon_core.environment:checking '/home/zhang/self_project/arm_study_ws/install/robot_msgs/lib'
[0.370s] Level 1:colcon.colcon_core.shell:create_environment_hook('robot_msgs', 'ld_library_path_lib')
[0.370s] INFO:colcon.colcon_core.shell:Creating environment descriptor '/home/zhang/self_project/arm_study_ws/install/robot_msgs/share/robot_msgs/hook/ld_library_path_lib.dsv'
[0.370s] INFO:colcon.colcon_core.shell:Creating environment hook '/home/zhang/self_project/arm_study_ws/install/robot_msgs/share/robot_msgs/hook/ld_library_path_lib.sh'
[0.370s] Level 1:colcon.colcon_core.environment:checking '/home/zhang/self_project/arm_study_ws/install/robot_msgs/bin'
[0.370s] Level 1:colcon.colcon_core.environment:checking '/home/zhang/self_project/arm_study_ws/install/robot_msgs/lib/pkgconfig/robot_msgs.pc'
[0.370s] Level 1:colcon.colcon_core.environment:checking '/home/zhang/self_project/arm_study_ws/install/robot_msgs/lib/python3.12/site-packages'
[0.370s] Level 1:colcon.colcon_core.shell:create_environment_hook('robot_msgs', 'pythonpath')
[0.371s] INFO:colcon.colcon_core.shell:Creating environment descriptor '/home/zhang/self_project/arm_study_ws/install/robot_msgs/share/robot_msgs/hook/pythonpath.dsv'
[0.371s] INFO:colcon.colcon_core.shell:Creating environment hook '/home/zhang/self_project/arm_study_ws/install/robot_msgs/share/robot_msgs/hook/pythonpath.sh'
[0.371s] Level 1:colcon.colcon_core.environment:checking '/home/zhang/self_project/arm_study_ws/install/robot_msgs/bin'
[0.371s] INFO:colcon.colcon_core.shell:Creating package descriptor '/home/zhang/self_project/arm_study_ws/install/robot_msgs/share/robot_msgs/package.dsv'
[0.371s] INFO:colcon.colcon_core.shell:Creating package script '/home/zhang/self_project/arm_study_ws/install/robot_msgs/share/robot_msgs/package.sh'
[0.371s] INFO:colcon.colcon_core.shell:Creating package script '/home/zhang/self_project/arm_study_ws/install/robot_msgs/share/robot_msgs/package.bash'
[0.371s] INFO:colcon.colcon_core.shell:Creating package script '/home/zhang/self_project/arm_study_ws/install/robot_msgs/share/robot_msgs/package.zsh'
[0.372s] Level 1:colcon.colcon_core.environment:create_file_with_runtime_dependencies(/home/zhang/self_project/arm_study_ws/install/robot_msgs/share/colcon-core/packages/robot_msgs)
[0.372s] Level 1:colcon.colcon_core.environment:create_environment_scripts_only(robot_msgs)
[0.372s] Level 1:colcon.colcon_core.environment:checking '/home/zhang/self_project/arm_study_ws/install/robot_msgs' for CMake module files
[0.372s] Level 1:colcon.colcon_core.environment:checking '/home/zhang/self_project/arm_study_ws/install/robot_msgs' for CMake config files
[0.372s] Level 1:colcon.colcon_core.shell:create_environment_hook('robot_msgs', 'cmake_prefix_path')
[0.372s] INFO:colcon.colcon_core.shell:Creating environment descriptor '/home/zhang/self_project/arm_study_ws/install/robot_msgs/share/robot_msgs/hook/cmake_prefix_path.dsv'
[0.372s] INFO:colcon.colcon_core.shell:Creating environment hook '/home/zhang/self_project/arm_study_ws/install/robot_msgs/share/robot_msgs/hook/cmake_prefix_path.sh'
[0.373s] Level 1:colcon.colcon_core.environment:checking '/home/zhang/self_project/arm_study_ws/install/robot_msgs/lib'
[0.373s] Level 1:colcon.colcon_core.shell:create_environment_hook('robot_msgs', 'ld_library_path_lib')
[0.373s] INFO:colcon.colcon_core.shell:Creating environment descriptor '/home/zhang/self_project/arm_study_ws/install/robot_msgs/share/robot_msgs/hook/ld_library_path_lib.dsv'
[0.373s] INFO:colcon.colcon_core.shell:Creating environment hook '/home/zhang/self_project/arm_study_ws/install/robot_msgs/share/robot_msgs/hook/ld_library_path_lib.sh'
[0.373s] Level 1:colcon.colcon_core.environment:checking '/home/zhang/self_project/arm_study_ws/install/robot_msgs/bin'
[0.373s] Level 1:colcon.colcon_core.environment:checking '/home/zhang/self_project/arm_study_ws/install/robot_msgs/lib/pkgconfig/robot_msgs.pc'
[0.373s] Level 1:colcon.colcon_core.environment:checking '/home/zhang/self_project/arm_study_ws/install/robot_msgs/lib/python3.12/site-packages'
[0.373s] Level 1:colcon.colcon_core.shell:create_environment_hook('robot_msgs', 'pythonpath')
[0.373s] INFO:colcon.colcon_core.shell:Creating environment descriptor '/home/zhang/self_project/arm_study_ws/install/robot_msgs/share/robot_msgs/hook/pythonpath.dsv'
[0.373s] INFO:colcon.colcon_core.shell:Creating environment hook '/home/zhang/self_project/arm_study_ws/install/robot_msgs/share/robot_msgs/hook/pythonpath.sh'
[0.373s] Level 1:colcon.colcon_core.environment:checking '/home/zhang/self_project/arm_study_ws/install/robot_msgs/bin'
[0.374s] INFO:colcon.colcon_core.shell:Creating package descriptor '/home/zhang/self_project/arm_study_ws/install/robot_msgs/share/robot_msgs/package.dsv'
[0.374s] INFO:colcon.colcon_core.shell:Creating package script '/home/zhang/self_project/arm_study_ws/install/robot_msgs/share/robot_msgs/package.sh'
[0.374s] INFO:colcon.colcon_core.shell:Creating package script '/home/zhang/self_project/arm_study_ws/install/robot_msgs/share/robot_msgs/package.bash'
[0.374s] INFO:colcon.colcon_core.shell:Creating package script '/home/zhang/self_project/arm_study_ws/install/robot_msgs/share/robot_msgs/package.zsh'
[0.374s] Level 1:colcon.colcon_core.environment:create_file_with_runtime_dependencies(/home/zhang/self_project/arm_study_ws/install/robot_msgs/share/colcon-core/packages/robot_msgs)
[0.374s] INFO:colcon.colcon_ros.task.ament_cmake.build:Building ROS package in '/home/zhang/self_project/arm_study_ws/src/robot_motion' with build type 'ament_cmake'
[0.374s] INFO:colcon.colcon_cmake.task.cmake.build:Building CMake package in '/home/zhang/self_project/arm_study_ws/src/robot_motion'
[0.374s] DEBUG:colcon.colcon_core.shell:Skip shell extension 'dsv' for command environment
[0.380s] DEBUG:colcon.colcon_core.event_handler.log_command:Invoking command in '/home/zhang/self_project/arm_study_ws/build/robot_motion': CMAKE_PREFIX_PATH=/home/zhang/self_project/arm_study_ws/install/robot_msgs:/home/zhang/self_project/arm_study_ws/install/test_control:/home/zhang/self_project/arm_study_ws/install/robot_motion:/home/zhang/self_project/arm_study_ws/install/rebot_description:/opt/ros/jazzy/opt/gz_sim_vendor:/opt/ros/jazzy/opt/gz_sensors_vendor:/opt/ros/jazzy/opt/gz_physics_vendor:/opt/ros/jazzy/opt/sdformat_vendor:/opt/ros/jazzy/opt/gz_gui_vendor:/opt/ros/jazzy/opt/gz_transport_vendor:/opt/ros/jazzy/opt/gz_rendering_vendor:/opt/ros/jazzy/opt/gz_plugin_vendor:/opt/ros/jazzy/opt/gz_fuel_tools_vendor:/opt/ros/jazzy/opt/gz_msgs_vendor:/opt/ros/jazzy/opt/gz_common_vendor:/opt/ros/jazzy/opt/gz_math_vendor:/opt/ros/jazzy/opt/gz_utils_vendor:/opt/ros/jazzy/opt/gz_tools_vendor:/opt/ros/jazzy/opt/gz_ogre_next_vendor:/opt/ros/jazzy/opt/gz_dartsim_vendor:/opt/ros/jazzy/opt/gz_cmake_vendor:/opt/ros/jazzy DEBUGINFOD_URLS=https://debuginfod.ubuntu.com LD_LIBRARY_PATH=/home/zhang/self_project/arm_study_ws/install/robot_msgs/lib:/home/zhang/self_project/arm_study_ws/install/robot_motion/lib:/opt/ros/jazzy/opt/gz_sim_vendor/lib:/opt/ros/jazzy/opt/gz_sensors_vendor/lib:/opt/ros/jazzy/opt/gz_physics_vendor/lib:/opt/ros/jazzy/opt/sdformat_vendor/lib:/opt/ros/jazzy/opt/rviz_ogre_vendor/lib:/opt/ros/jazzy/lib/x86_64-linux-gnu:/opt/ros/jazzy/opt/gz_gui_vendor/lib:/opt/ros/jazzy/opt/gz_transport_vendor/lib:/opt/ros/jazzy/opt/gz_rendering_vendor/lib:/opt/ros/jazzy/opt/gz_plugin_vendor/lib:/opt/ros/jazzy/opt/gz_fuel_tools_vendor/lib:/opt/ros/jazzy/opt/gz_msgs_vendor/lib:/opt/ros/jazzy/opt/gz_common_vendor/lib:/opt/ros/jazzy/opt/gz_math_vendor/lib:/opt/ros/jazzy/opt/gz_utils_vendor/lib:/opt/ros/jazzy/opt/gz_tools_vendor/lib:/opt/ros/jazzy/opt/gz_ogre_next_vendor/lib:/opt/ros/jazzy/opt/gz_dartsim_vendor/lib:/opt/ros/jazzy/opt/gz_cmake_vendor/lib:/opt/ros/jazzy/lib:/usr/local/cuda-12.8/lib64 /usr/bin/cmake --build /home/zhang/self_project/arm_study_ws/build/robot_motion -- -j20 -l20
[20.511s] DEBUG:colcon.colcon_core.event_handler.log_command:Invoked command in '/home/zhang/self_project/arm_study_ws/build/robot_motion' returned '0': CMAKE_PREFIX_PATH=/home/zhang/self_project/arm_study_ws/install/robot_msgs:/home/zhang/self_project/arm_study_ws/install/test_control:/home/zhang/self_project/arm_study_ws/install/robot_motion:/home/zhang/self_project/arm_study_ws/install/rebot_description:/opt/ros/jazzy/opt/gz_sim_vendor:/opt/ros/jazzy/opt/gz_sensors_vendor:/opt/ros/jazzy/opt/gz_physics_vendor:/opt/ros/jazzy/opt/sdformat_vendor:/opt/ros/jazzy/opt/gz_gui_vendor:/opt/ros/jazzy/opt/gz_transport_vendor:/opt/ros/jazzy/opt/gz_rendering_vendor:/opt/ros/jazzy/opt/gz_plugin_vendor:/opt/ros/jazzy/opt/gz_fuel_tools_vendor:/opt/ros/jazzy/opt/gz_msgs_vendor:/opt/ros/jazzy/opt/gz_common_vendor:/opt/ros/jazzy/opt/gz_math_vendor:/opt/ros/jazzy/opt/gz_utils_vendor:/opt/ros/jazzy/opt/gz_tools_vendor:/opt/ros/jazzy/opt/gz_ogre_next_vendor:/opt/ros/jazzy/opt/gz_dartsim_vendor:/opt/ros/jazzy/opt/gz_cmake_vendor:/opt/ros/jazzy DEBUGINFOD_URLS=https://debuginfod.ubuntu.com LD_LIBRARY_PATH=/home/zhang/self_project/arm_study_ws/install/robot_msgs/lib:/home/zhang/self_project/arm_study_ws/install/robot_motion/lib:/opt/ros/jazzy/opt/gz_sim_vendor/lib:/opt/ros/jazzy/opt/gz_sensors_vendor/lib:/opt/ros/jazzy/opt/gz_physics_vendor/lib:/opt/ros/jazzy/opt/sdformat_vendor/lib:/opt/ros/jazzy/opt/rviz_ogre_vendor/lib:/opt/ros/jazzy/lib/x86_64-linux-gnu:/opt/ros/jazzy/opt/gz_gui_vendor/lib:/opt/ros/jazzy/opt/gz_transport_vendor/lib:/opt/ros/jazzy/opt/gz_rendering_vendor/lib:/opt/ros/jazzy/opt/gz_plugin_vendor/lib:/opt/ros/jazzy/opt/gz_fuel_tools_vendor/lib:/opt/ros/jazzy/opt/gz_msgs_vendor/lib:/opt/ros/jazzy/opt/gz_common_vendor/lib:/opt/ros/jazzy/opt/gz_math_vendor/lib:/opt/ros/jazzy/opt/gz_utils_vendor/lib:/opt/ros/jazzy/opt/gz_tools_vendor/lib:/opt/ros/jazzy/opt/gz_ogre_next_vendor/lib:/opt/ros/jazzy/opt/gz_dartsim_vendor/lib:/opt/ros/jazzy/opt/gz_cmake_vendor/lib:/opt/ros/jazzy/lib:/usr/local/cuda-12.8/lib64 /usr/bin/cmake --build /home/zhang/self_project/arm_study_ws/build/robot_motion -- -j20 -l20
[20.512s] DEBUG:colcon.colcon_core.event_handler.log_command:Invoking command in '/home/zhang/self_project/arm_study_ws/build/robot_motion': CMAKE_PREFIX_PATH=/home/zhang/self_project/arm_study_ws/install/robot_msgs:/home/zhang/self_project/arm_study_ws/install/test_control:/home/zhang/self_project/arm_study_ws/install/robot_motion:/home/zhang/self_project/arm_study_ws/install/rebot_description:/opt/ros/jazzy/opt/gz_sim_vendor:/opt/ros/jazzy/opt/gz_sensors_vendor:/opt/ros/jazzy/opt/gz_physics_vendor:/opt/ros/jazzy/opt/sdformat_vendor:/opt/ros/jazzy/opt/gz_gui_vendor:/opt/ros/jazzy/opt/gz_transport_vendor:/opt/ros/jazzy/opt/gz_rendering_vendor:/opt/ros/jazzy/opt/gz_plugin_vendor:/opt/ros/jazzy/opt/gz_fuel_tools_vendor:/opt/ros/jazzy/opt/gz_msgs_vendor:/opt/ros/jazzy/opt/gz_common_vendor:/opt/ros/jazzy/opt/gz_math_vendor:/opt/ros/jazzy/opt/gz_utils_vendor:/opt/ros/jazzy/opt/gz_tools_vendor:/opt/ros/jazzy/opt/gz_ogre_next_vendor:/opt/ros/jazzy/opt/gz_dartsim_vendor:/opt/ros/jazzy/opt/gz_cmake_vendor:/opt/ros/jazzy DEBUGINFOD_URLS=https://debuginfod.ubuntu.com LD_LIBRARY_PATH=/home/zhang/self_project/arm_study_ws/install/robot_msgs/lib:/home/zhang/self_project/arm_study_ws/install/robot_motion/lib:/opt/ros/jazzy/opt/gz_sim_vendor/lib:/opt/ros/jazzy/opt/gz_sensors_vendor/lib:/opt/ros/jazzy/opt/gz_physics_vendor/lib:/opt/ros/jazzy/opt/sdformat_vendor/lib:/opt/ros/jazzy/opt/rviz_ogre_vendor/lib:/opt/ros/jazzy/lib/x86_64-linux-gnu:/opt/ros/jazzy/opt/gz_gui_vendor/lib:/opt/ros/jazzy/opt/gz_transport_vendor/lib:/opt/ros/jazzy/opt/gz_rendering_vendor/lib:/opt/ros/jazzy/opt/gz_plugin_vendor/lib:/opt/ros/jazzy/opt/gz_fuel_tools_vendor/lib:/opt/ros/jazzy/opt/gz_msgs_vendor/lib:/opt/ros/jazzy/opt/gz_common_vendor/lib:/opt/ros/jazzy/opt/gz_math_vendor/lib:/opt/ros/jazzy/opt/gz_utils_vendor/lib:/opt/ros/jazzy/opt/gz_tools_vendor/lib:/opt/ros/jazzy/opt/gz_ogre_next_vendor/lib:/opt/ros/jazzy/opt/gz_dartsim_vendor/lib:/opt/ros/jazzy/opt/gz_cmake_vendor/lib:/opt/ros/jazzy/lib:/usr/local/cuda-12.8/lib64 /usr/bin/cmake --install /home/zhang/self_project/arm_study_ws/build/robot_motion
[20.536s] Level 1:colcon.colcon_core.environment:create_environment_scripts_only(robot_motion)
[20.536s] Level 1:colcon.colcon_core.environment:checking '/home/zhang/self_project/arm_study_ws/install/robot_motion' for CMake module files
[20.537s] DEBUG:colcon.colcon_core.event_handler.log_command:Invoked command in '/home/zhang/self_project/arm_study_ws/build/robot_motion' returned '0': CMAKE_PREFIX_PATH=/home/zhang/self_project/arm_study_ws/install/robot_msgs:/home/zhang/self_project/arm_study_ws/install/test_control:/home/zhang/self_project/arm_study_ws/install/robot_motion:/home/zhang/self_project/arm_study_ws/install/rebot_description:/opt/ros/jazzy/opt/gz_sim_vendor:/opt/ros/jazzy/opt/gz_sensors_vendor:/opt/ros/jazzy/opt/gz_physics_vendor:/opt/ros/jazzy/opt/sdformat_vendor:/opt/ros/jazzy/opt/gz_gui_vendor:/opt/ros/jazzy/opt/gz_transport_vendor:/opt/ros/jazzy/opt/gz_rendering_vendor:/opt/ros/jazzy/opt/gz_plugin_vendor:/opt/ros/jazzy/opt/gz_fuel_tools_vendor:/opt/ros/jazzy/opt/gz_msgs_vendor:/opt/ros/jazzy/opt/gz_common_vendor:/opt/ros/jazzy/opt/gz_math_vendor:/opt/ros/jazzy/opt/gz_utils_vendor:/opt/ros/jazzy/opt/gz_tools_vendor:/opt/ros/jazzy/opt/gz_ogre_next_vendor:/opt/ros/jazzy/opt/gz_dartsim_vendor:/opt/ros/jazzy/opt/gz_cmake_vendor:/opt/ros/jazzy DEBUGINFOD_URLS=https://debuginfod.ubuntu.com LD_LIBRARY_PATH=/home/zhang/self_project/arm_study_ws/install/robot_msgs/lib:/home/zhang/self_project/arm_study_ws/install/robot_motion/lib:/opt/ros/jazzy/opt/gz_sim_vendor/lib:/opt/ros/jazzy/opt/gz_sensors_vendor/lib:/opt/ros/jazzy/opt/gz_physics_vendor/lib:/opt/ros/jazzy/opt/sdformat_vendor/lib:/opt/ros/jazzy/opt/rviz_ogre_vendor/lib:/opt/ros/jazzy/lib/x86_64-linux-gnu:/opt/ros/jazzy/opt/gz_gui_vendor/lib:/opt/ros/jazzy/opt/gz_transport_vendor/lib:/opt/ros/jazzy/opt/gz_rendering_vendor/lib:/opt/ros/jazzy/opt/gz_plugin_vendor/lib:/opt/ros/jazzy/opt/gz_fuel_tools_vendor/lib:/opt/ros/jazzy/opt/gz_msgs_vendor/lib:/opt/ros/jazzy/opt/gz_common_vendor/lib:/opt/ros/jazzy/opt/gz_math_vendor/lib:/opt/ros/jazzy/opt/gz_utils_vendor/lib:/opt/ros/jazzy/opt/gz_tools_vendor/lib:/opt/ros/jazzy/opt/gz_ogre_next_vendor/lib:/opt/ros/jazzy/opt/gz_dartsim_vendor/lib:/opt/ros/jazzy/opt/gz_cmake_vendor/lib:/opt/ros/jazzy/lib:/usr/local/cuda-12.8/lib64 /usr/bin/cmake --install /home/zhang/self_project/arm_study_ws/build/robot_motion
[20.537s] Level 1:colcon.colcon_core.environment:checking '/home/zhang/self_project/arm_study_ws/install/robot_motion' for CMake config files
[20.537s] Level 1:colcon.colcon_core.shell:create_environment_hook('robot_motion', 'cmake_prefix_path')
[20.537s] INFO:colcon.colcon_core.shell:Creating environment descriptor '/home/zhang/self_project/arm_study_ws/install/robot_motion/share/robot_motion/hook/cmake_prefix_path.dsv'
[20.537s] INFO:colcon.colcon_core.shell:Creating environment hook '/home/zhang/self_project/arm_study_ws/install/robot_motion/share/robot_motion/hook/cmake_prefix_path.sh'
[20.537s] Level 1:colcon.colcon_core.environment:checking '/home/zhang/self_project/arm_study_ws/install/robot_motion/lib'
[20.537s] Level 1:colcon.colcon_core.shell:create_environment_hook('robot_motion', 'ld_library_path_lib')
[20.537s] INFO:colcon.colcon_core.shell:Creating environment descriptor '/home/zhang/self_project/arm_study_ws/install/robot_motion/share/robot_motion/hook/ld_library_path_lib.dsv'
[20.538s] INFO:colcon.colcon_core.shell:Creating environment hook '/home/zhang/self_project/arm_study_ws/install/robot_motion/share/robot_motion/hook/ld_library_path_lib.sh'
[20.538s] Level 1:colcon.colcon_core.environment:checking '/home/zhang/self_project/arm_study_ws/install/robot_motion/bin'
[20.538s] Level 1:colcon.colcon_core.environment:checking '/home/zhang/self_project/arm_study_ws/install/robot_motion/lib/pkgconfig/robot_motion.pc'
[20.538s] Level 1:colcon.colcon_core.environment:checking '/home/zhang/self_project/arm_study_ws/install/robot_motion/lib/python3.12/site-packages'
[20.538s] Level 1:colcon.colcon_core.environment:checking '/home/zhang/self_project/arm_study_ws/install/robot_motion/bin'
[20.538s] INFO:colcon.colcon_core.shell:Creating package descriptor '/home/zhang/self_project/arm_study_ws/install/robot_motion/share/robot_motion/package.dsv'
[20.538s] INFO:colcon.colcon_core.shell:Creating package script '/home/zhang/self_project/arm_study_ws/install/robot_motion/share/robot_motion/package.sh'
[20.538s] INFO:colcon.colcon_core.shell:Creating package script '/home/zhang/self_project/arm_study_ws/install/robot_motion/share/robot_motion/package.bash'
[20.539s] INFO:colcon.colcon_core.shell:Creating package script '/home/zhang/self_project/arm_study_ws/install/robot_motion/share/robot_motion/package.zsh'
[20.539s] Level 1:colcon.colcon_core.environment:create_file_with_runtime_dependencies(/home/zhang/self_project/arm_study_ws/install/robot_motion/share/colcon-core/packages/robot_motion)
[20.539s] Level 1:colcon.colcon_core.environment:create_environment_scripts_only(robot_motion)
[20.539s] Level 1:colcon.colcon_core.environment:checking '/home/zhang/self_project/arm_study_ws/install/robot_motion' for CMake module files
[20.539s] Level 1:colcon.colcon_core.environment:checking '/home/zhang/self_project/arm_study_ws/install/robot_motion' for CMake config files
[20.539s] Level 1:colcon.colcon_core.shell:create_environment_hook('robot_motion', 'cmake_prefix_path')
[20.539s] INFO:colcon.colcon_core.shell:Creating environment descriptor '/home/zhang/self_project/arm_study_ws/install/robot_motion/share/robot_motion/hook/cmake_prefix_path.dsv'
[20.539s] INFO:colcon.colcon_core.shell:Creating environment hook '/home/zhang/self_project/arm_study_ws/install/robot_motion/share/robot_motion/hook/cmake_prefix_path.sh'
[20.540s] Level 1:colcon.colcon_core.environment:checking '/home/zhang/self_project/arm_study_ws/install/robot_motion/lib'
[20.540s] Level 1:colcon.colcon_core.shell:create_environment_hook('robot_motion', 'ld_library_path_lib')
[20.540s] INFO:colcon.colcon_core.shell:Creating environment descriptor '/home/zhang/self_project/arm_study_ws/install/robot_motion/share/robot_motion/hook/ld_library_path_lib.dsv'
[20.540s] INFO:colcon.colcon_core.shell:Creating environment hook '/home/zhang/self_project/arm_study_ws/install/robot_motion/share/robot_motion/hook/ld_library_path_lib.sh'
[20.540s] Level 1:colcon.colcon_core.environment:checking '/home/zhang/self_project/arm_study_ws/install/robot_motion/bin'
[20.540s] Level 1:colcon.colcon_core.environment:checking '/home/zhang/self_project/arm_study_ws/install/robot_motion/lib/pkgconfig/robot_motion.pc'
[20.540s] Level 1:colcon.colcon_core.environment:checking '/home/zhang/self_project/arm_study_ws/install/robot_motion/lib/python3.12/site-packages'
[20.540s] Level 1:colcon.colcon_core.environment:checking '/home/zhang/self_project/arm_study_ws/install/robot_motion/bin'
[20.540s] INFO:colcon.colcon_core.shell:Creating package descriptor '/home/zhang/self_project/arm_study_ws/install/robot_motion/share/robot_motion/package.dsv'
[20.541s] INFO:colcon.colcon_core.shell:Creating package script '/home/zhang/self_project/arm_study_ws/install/robot_motion/share/robot_motion/package.sh'
[20.541s] INFO:colcon.colcon_core.shell:Creating package script '/home/zhang/self_project/arm_study_ws/install/robot_motion/share/robot_motion/package.bash'
[20.541s] INFO:colcon.colcon_core.shell:Creating package script '/home/zhang/self_project/arm_study_ws/install/robot_motion/share/robot_motion/package.zsh'
[20.541s] Level 1:colcon.colcon_core.environment:create_file_with_runtime_dependencies(/home/zhang/self_project/arm_study_ws/install/robot_motion/share/colcon-core/packages/robot_motion)
[20.541s] INFO:colcon.colcon_ros.task.ament_cmake.build:Building ROS package in '/home/zhang/self_project/arm_study_ws/src/test_control' with build type 'ament_cmake'
[20.542s] INFO:colcon.colcon_cmake.task.cmake.build:Building CMake package in '/home/zhang/self_project/arm_study_ws/src/test_control'
[20.542s] DEBUG:colcon.colcon_core.shell:Skip shell extension 'dsv' for command environment
[20.557s] DEBUG:colcon.colcon_core.event_handler.log_command:Invoking command in '/home/zhang/self_project/arm_study_ws/build/test_control': CMAKE_PREFIX_PATH=/home/zhang/self_project/arm_study_ws/install/robot_motion:/home/zhang/self_project/arm_study_ws/install/robot_msgs:/home/zhang/self_project/arm_study_ws/install/test_control:/home/zhang/self_project/arm_study_ws/install/rebot_description:/opt/ros/jazzy/opt/gz_sim_vendor:/opt/ros/jazzy/opt/gz_sensors_vendor:/opt/ros/jazzy/opt/gz_physics_vendor:/opt/ros/jazzy/opt/sdformat_vendor:/opt/ros/jazzy/opt/gz_gui_vendor:/opt/ros/jazzy/opt/gz_transport_vendor:/opt/ros/jazzy/opt/gz_rendering_vendor:/opt/ros/jazzy/opt/gz_plugin_vendor:/opt/ros/jazzy/opt/gz_fuel_tools_vendor:/opt/ros/jazzy/opt/gz_msgs_vendor:/opt/ros/jazzy/opt/gz_common_vendor:/opt/ros/jazzy/opt/gz_math_vendor:/opt/ros/jazzy/opt/gz_utils_vendor:/opt/ros/jazzy/opt/gz_tools_vendor:/opt/ros/jazzy/opt/gz_ogre_next_vendor:/opt/ros/jazzy/opt/gz_dartsim_vendor:/opt/ros/jazzy/opt/gz_cmake_vendor:/opt/ros/jazzy DEBUGINFOD_URLS=https://debuginfod.ubuntu.com /usr/bin/cmake --build /home/zhang/self_project/arm_study_ws/build/test_control -- -j20 -l20
[29.543s] DEBUG:colcon.colcon_core.event_handler.log_command:Invoked command in '/home/zhang/self_project/arm_study_ws/build/test_control' returned '0': CMAKE_PREFIX_PATH=/home/zhang/self_project/arm_study_ws/install/robot_motion:/home/zhang/self_project/arm_study_ws/install/robot_msgs:/home/zhang/self_project/arm_study_ws/install/test_control:/home/zhang/self_project/arm_study_ws/install/rebot_description:/opt/ros/jazzy/opt/gz_sim_vendor:/opt/ros/jazzy/opt/gz_sensors_vendor:/opt/ros/jazzy/opt/gz_physics_vendor:/opt/ros/jazzy/opt/sdformat_vendor:/opt/ros/jazzy/opt/gz_gui_vendor:/opt/ros/jazzy/opt/gz_transport_vendor:/opt/ros/jazzy/opt/gz_rendering_vendor:/opt/ros/jazzy/opt/gz_plugin_vendor:/opt/ros/jazzy/opt/gz_fuel_tools_vendor:/opt/ros/jazzy/opt/gz_msgs_vendor:/opt/ros/jazzy/opt/gz_common_vendor:/opt/ros/jazzy/opt/gz_math_vendor:/opt/ros/jazzy/opt/gz_utils_vendor:/opt/ros/jazzy/opt/gz_tools_vendor:/opt/ros/jazzy/opt/gz_ogre_next_vendor:/opt/ros/jazzy/opt/gz_dartsim_vendor:/opt/ros/jazzy/opt/gz_cmake_vendor:/opt/ros/jazzy DEBUGINFOD_URLS=https://debuginfod.ubuntu.com /usr/bin/cmake --build /home/zhang/self_project/arm_study_ws/build/test_control -- -j20 -l20
[29.543s] DEBUG:colcon.colcon_core.event_handler.log_command:Invoking command in '/home/zhang/self_project/arm_study_ws/build/test_control': CMAKE_PREFIX_PATH=/home/zhang/self_project/arm_study_ws/install/robot_motion:/home/zhang/self_project/arm_study_ws/install/robot_msgs:/home/zhang/self_project/arm_study_ws/install/test_control:/home/zhang/self_project/arm_study_ws/install/rebot_description:/opt/ros/jazzy/opt/gz_sim_vendor:/opt/ros/jazzy/opt/gz_sensors_vendor:/opt/ros/jazzy/opt/gz_physics_vendor:/opt/ros/jazzy/opt/sdformat_vendor:/opt/ros/jazzy/opt/gz_gui_vendor:/opt/ros/jazzy/opt/gz_transport_vendor:/opt/ros/jazzy/opt/gz_rendering_vendor:/opt/ros/jazzy/opt/gz_plugin_vendor:/opt/ros/jazzy/opt/gz_fuel_tools_vendor:/opt/ros/jazzy/opt/gz_msgs_vendor:/opt/ros/jazzy/opt/gz_common_vendor:/opt/ros/jazzy/opt/gz_math_vendor:/opt/ros/jazzy/opt/gz_utils_vendor:/opt/ros/jazzy/opt/gz_tools_vendor:/opt/ros/jazzy/opt/gz_ogre_next_vendor:/opt/ros/jazzy/opt/gz_dartsim_vendor:/opt/ros/jazzy/opt/gz_cmake_vendor:/opt/ros/jazzy DEBUGINFOD_URLS=https://debuginfod.ubuntu.com /usr/bin/cmake --install /home/zhang/self_project/arm_study_ws/build/test_control
[29.556s] Level 1:colcon.colcon_core.environment:create_environment_scripts_only(test_control)
[29.556s] Level 1:colcon.colcon_core.environment:checking '/home/zhang/self_project/arm_study_ws/install/test_control' for CMake module files
[29.556s] DEBUG:colcon.colcon_core.event_handler.log_command:Invoked command in '/home/zhang/self_project/arm_study_ws/build/test_control' returned '0': CMAKE_PREFIX_PATH=/home/zhang/self_project/arm_study_ws/install/robot_motion:/home/zhang/self_project/arm_study_ws/install/robot_msgs:/home/zhang/self_project/arm_study_ws/install/test_control:/home/zhang/self_project/arm_study_ws/install/rebot_description:/opt/ros/jazzy/opt/gz_sim_vendor:/opt/ros/jazzy/opt/gz_sensors_vendor:/opt/ros/jazzy/opt/gz_physics_vendor:/opt/ros/jazzy/opt/sdformat_vendor:/opt/ros/jazzy/opt/gz_gui_vendor:/opt/ros/jazzy/opt/gz_transport_vendor:/opt/ros/jazzy/opt/gz_rendering_vendor:/opt/ros/jazzy/opt/gz_plugin_vendor:/opt/ros/jazzy/opt/gz_fuel_tools_vendor:/opt/ros/jazzy/opt/gz_msgs_vendor:/opt/ros/jazzy/opt/gz_common_vendor:/opt/ros/jazzy/opt/gz_math_vendor:/opt/ros/jazzy/opt/gz_utils_vendor:/opt/ros/jazzy/opt/gz_tools_vendor:/opt/ros/jazzy/opt/gz_ogre_next_vendor:/opt/ros/jazzy/opt/gz_dartsim_vendor:/opt/ros/jazzy/opt/gz_cmake_vendor:/opt/ros/jazzy DEBUGINFOD_URLS=https://debuginfod.ubuntu.com /usr/bin/cmake --install /home/zhang/self_project/arm_study_ws/build/test_control
[29.556s] Level 1:colcon.colcon_core.environment:checking '/home/zhang/self_project/arm_study_ws/install/test_control' for CMake config files
[29.556s] Level 1:colcon.colcon_core.shell:create_environment_hook('test_control', 'cmake_prefix_path')
[29.556s] INFO:colcon.colcon_core.shell:Creating environment descriptor '/home/zhang/self_project/arm_study_ws/install/test_control/share/test_control/hook/cmake_prefix_path.dsv'
[29.557s] INFO:colcon.colcon_core.shell:Creating environment hook '/home/zhang/self_project/arm_study_ws/install/test_control/share/test_control/hook/cmake_prefix_path.sh'
[29.557s] Level 1:colcon.colcon_core.environment:checking '/home/zhang/self_project/arm_study_ws/install/test_control/lib'
[29.557s] Level 1:colcon.colcon_core.environment:checking '/home/zhang/self_project/arm_study_ws/install/test_control/bin'
[29.557s] Level 1:colcon.colcon_core.environment:checking '/home/zhang/self_project/arm_study_ws/install/test_control/lib/pkgconfig/test_control.pc'
[29.557s] Level 1:colcon.colcon_core.environment:checking '/home/zhang/self_project/arm_study_ws/install/test_control/lib/python3.12/site-packages'
[29.557s] Level 1:colcon.colcon_core.environment:checking '/home/zhang/self_project/arm_study_ws/install/test_control/bin'
[29.557s] INFO:colcon.colcon_core.shell:Creating package descriptor '/home/zhang/self_project/arm_study_ws/install/test_control/share/test_control/package.dsv'
[29.558s] INFO:colcon.colcon_core.shell:Creating package script '/home/zhang/self_project/arm_study_ws/install/test_control/share/test_control/package.sh'
[29.558s] INFO:colcon.colcon_core.shell:Creating package script '/home/zhang/self_project/arm_study_ws/install/test_control/share/test_control/package.bash'
[29.558s] INFO:colcon.colcon_core.shell:Creating package script '/home/zhang/self_project/arm_study_ws/install/test_control/share/test_control/package.zsh'
[29.558s] Level 1:colcon.colcon_core.environment:create_file_with_runtime_dependencies(/home/zhang/self_project/arm_study_ws/install/test_control/share/colcon-core/packages/test_control)
[29.558s] Level 1:colcon.colcon_core.environment:create_environment_scripts_only(test_control)
[29.558s] Level 1:colcon.colcon_core.environment:checking '/home/zhang/self_project/arm_study_ws/install/test_control' for CMake module files
[29.558s] Level 1:colcon.colcon_core.environment:checking '/home/zhang/self_project/arm_study_ws/install/test_control' for CMake config files
[29.558s] Level 1:colcon.colcon_core.shell:create_environment_hook('test_control', 'cmake_prefix_path')
[29.558s] INFO:colcon.colcon_core.shell:Creating environment descriptor '/home/zhang/self_project/arm_study_ws/install/test_control/share/test_control/hook/cmake_prefix_path.dsv'
[29.559s] INFO:colcon.colcon_core.shell:Creating environment hook '/home/zhang/self_project/arm_study_ws/install/test_control/share/test_control/hook/cmake_prefix_path.sh'
[29.559s] Level 1:colcon.colcon_core.environment:checking '/home/zhang/self_project/arm_study_ws/install/test_control/lib'
[29.559s] Level 1:colcon.colcon_core.environment:checking '/home/zhang/self_project/arm_study_ws/install/test_control/bin'
[29.559s] Level 1:colcon.colcon_core.environment:checking '/home/zhang/self_project/arm_study_ws/install/test_control/lib/pkgconfig/test_control.pc'
[29.559s] Level 1:colcon.colcon_core.environment:checking '/home/zhang/self_project/arm_study_ws/install/test_control/lib/python3.12/site-packages'
[29.559s] Level 1:colcon.colcon_core.environment:checking '/home/zhang/self_project/arm_study_ws/install/test_control/bin'
[29.559s] INFO:colcon.colcon_core.shell:Creating package descriptor '/home/zhang/self_project/arm_study_ws/install/test_control/share/test_control/package.dsv'
[29.559s] INFO:colcon.colcon_core.shell:Creating package script '/home/zhang/self_project/arm_study_ws/install/test_control/share/test_control/package.sh'
[29.559s] INFO:colcon.colcon_core.shell:Creating package script '/home/zhang/self_project/arm_study_ws/install/test_control/share/test_control/package.bash'
[29.560s] INFO:colcon.colcon_core.shell:Creating package script '/home/zhang/self_project/arm_study_ws/install/test_control/share/test_control/package.zsh'
[29.560s] Level 1:colcon.colcon_core.environment:create_file_with_runtime_dependencies(/home/zhang/self_project/arm_study_ws/install/test_control/share/colcon-core/packages/test_control)
[29.560s] DEBUG:colcon.colcon_parallel_executor.executor.parallel:closing loop
[29.560s] DEBUG:colcon.colcon_parallel_executor.executor.parallel:loop closed
[29.560s] DEBUG:colcon.colcon_parallel_executor.executor.parallel:run_until_complete finished with '0'
[29.560s] DEBUG:colcon.colcon_core.event_reactor:joining thread
[29.564s] INFO:colcon.colcon_core.plugin_system:Skipping extension 'colcon_notification.desktop_notification.terminal_notifier': Not used on non-Darwin systems
[29.564s] INFO:colcon.colcon_core.plugin_system:Skipping extension 'colcon_notification.desktop_notification.win32': Not used on non-Windows systems
[29.564s] INFO:colcon.colcon_notification.desktop_notification:Sending desktop notification using 'notify2'
[29.604s] DEBUG:colcon.colcon_core.event_reactor:joined thread
[29.604s] INFO:colcon.colcon_core.shell:Creating prefix script '/home/zhang/self_project/arm_study_ws/install/local_setup.sh'
[29.605s] INFO:colcon.colcon_core.shell:Creating prefix util module '/home/zhang/self_project/arm_study_ws/install/_local_setup_util_sh.py'
[29.606s] INFO:colcon.colcon_core.shell:Creating prefix chain script '/home/zhang/self_project/arm_study_ws/install/setup.sh'
[29.607s] INFO:colcon.colcon_core.shell:Creating prefix script '/home/zhang/self_project/arm_study_ws/install/local_setup.bash'
[29.607s] INFO:colcon.colcon_core.shell:Creating prefix chain script '/home/zhang/self_project/arm_study_ws/install/setup.bash'
[29.608s] INFO:colcon.colcon_core.shell:Creating prefix script '/home/zhang/self_project/arm_study_ws/install/local_setup.zsh'
[29.608s] INFO:colcon.colcon_core.shell:Creating prefix chain script '/home/zhang/self_project/arm_study_ws/install/setup.zsh'
