[0.260s] DEBUG:colcon:Command line arguments: ['/usr/bin/colcon', 'build']
[0.260s] DEBUG:colcon:Parsed command line arguments: Namespace(log_base=None, log_level=None, verb_name='build', build_base='build', install_base='install', merge_install=False, symlink_install=False, test_result_base=None, continue_on_error=False, executor='parallel', parallel_workers=8, event_handlers=None, ignore_user_meta=False, metas=['./colcon.meta'], base_paths=['.'], packages_ignore=None, packages_ignore_regex=None, paths=None, packages_up_to=None, packages_up_to_regex=None, packages_above=None, packages_above_and_dependencies=None, packages_above_depth=None, packages_select_by_dep=None, packages_skip_by_dep=None, packages_skip_up_to=None, packages_select_build_failed=False, packages_skip_build_finished=False, packages_select_test_failures=False, packages_skip_test_passed=False, packages_select=None, packages_skip=None, packages_select_regex=None, packages_skip_regex=None, packages_start=None, packages_end=None, allow_overriding=[], cmake_args=None, cmake_target=None, cmake_target_skip_unavailable=False, cmake_clean_cache=False, cmake_clean_first=False, cmake_force_configure=False, ament_cmake_args=None, catkin_cmake_args=None, catkin_skip_building_tests=False, verb_parser=<colcon_defaults.argument_parser.defaults.DefaultArgumentsDecorator object at 0x79d2edc7a180>, verb_extension=<colcon_core.verb.build.BuildVerb object at 0x79d2edc7a030>, main=<bound method BuildVerb.main of <colcon_core.verb.build.BuildVerb object at 0x79d2edc7a030>>)
[0.347s] Level 1:colcon.colcon_core.package_discovery:discover_packages(colcon_meta) check parameters
[0.347s] Level 1:colcon.colcon_core.package_discovery:discover_packages(recursive) check parameters
[0.347s] Level 1:colcon.colcon_core.package_discovery:discover_packages(ignore) check parameters
[0.347s] Level 1:colcon.colcon_core.package_discovery:discover_packages(path) check parameters
[0.347s] Level 1:colcon.colcon_core.package_discovery:discover_packages(colcon_meta) discover
[0.347s] Level 1:colcon.colcon_core.package_discovery:discover_packages(recursive) discover
[0.347s] INFO:colcon.colcon_core.package_discovery:Crawling recursively for packages in '/home/zme/self_project/rebotArm_mujoco'
[0.348s] Level 1:colcon.colcon_core.package_identification:_identify(.) by extensions ['ignore', 'ignore_ament_install']
[0.348s] Level 1:colcon.colcon_core.package_identification:_identify(.) by extension 'ignore'
[0.348s] Level 1:colcon.colcon_core.package_identification:_identify(.) by extension 'ignore_ament_install'
[0.348s] Level 1:colcon.colcon_core.package_identification:_identify(.) by extensions ['colcon_pkg']
[0.348s] Level 1:colcon.colcon_core.package_identification:_identify(.) by extension 'colcon_pkg'
[0.348s] Level 1:colcon.colcon_core.package_identification:_identify(.) by extensions ['colcon_meta']
[0.348s] Level 1:colcon.colcon_core.package_identification:_identify(.) by extension 'colcon_meta'
[0.349s] Level 1:colcon.colcon_core.package_identification:_identify(.) by extensions ['ros']
[0.349s] Level 1:colcon.colcon_core.package_identification:_identify(.) by extension 'ros'
[0.416s] Level 1:colcon.colcon_core.package_identification:_identify(.) by extensions ['cmake', 'python']
[0.416s] Level 1:colcon.colcon_core.package_identification:_identify(.) by extension 'cmake'
[0.416s] Level 1:colcon.colcon_core.package_identification:_identify(.) by extension 'python'
[0.416s] Level 1:colcon.colcon_core.package_identification:_identify(.) by extensions ['python_setup_py']
[0.416s] Level 1:colcon.colcon_core.package_identification:_identify(.) by extension 'python_setup_py'
[0.417s] Level 1:colcon.colcon_core.package_identification:_identify(build) by extensions ['ignore', 'ignore_ament_install']
[0.417s] Level 1:colcon.colcon_core.package_identification:_identify(build) by extension 'ignore'
[0.418s] Level 1:colcon.colcon_core.package_identification:_identify(build) ignored
[0.418s] Level 1:colcon.colcon_core.package_identification:_identify(install) by extensions ['ignore', 'ignore_ament_install']
[0.418s] Level 1:colcon.colcon_core.package_identification:_identify(install) by extension 'ignore'
[0.418s] Level 1:colcon.colcon_core.package_identification:_identify(install) ignored
[0.419s] Level 1:colcon.colcon_core.package_identification:_identify(log) by extensions ['ignore', 'ignore_ament_install']
[0.419s] Level 1:colcon.colcon_core.package_identification:_identify(log) by extension 'ignore'
[0.419s] Level 1:colcon.colcon_core.package_identification:_identify(log) ignored
[0.419s] Level 1:colcon.colcon_core.package_identification:_identify(src) by extensions ['ignore', 'ignore_ament_install']
[0.419s] Level 1:colcon.colcon_core.package_identification:_identify(src) by extension 'ignore'
[0.419s] Level 1:colcon.colcon_core.package_identification:_identify(src) by extension 'ignore_ament_install'
[0.419s] Level 1:colcon.colcon_core.package_identification:_identify(src) by extensions ['colcon_pkg']
[0.420s] Level 1:colcon.colcon_core.package_identification:_identify(src) by extension 'colcon_pkg'
[0.420s] Level 1:colcon.colcon_core.package_identification:_identify(src) by extensions ['colcon_meta']
[0.420s] Level 1:colcon.colcon_core.package_identification:_identify(src) by extension 'colcon_meta'
[0.420s] Level 1:colcon.colcon_core.package_identification:_identify(src) by extensions ['ros']
[0.420s] Level 1:colcon.colcon_core.package_identification:_identify(src) by extension 'ros'
[0.420s] Level 1:colcon.colcon_core.package_identification:_identify(src) by extensions ['cmake', 'python']
[0.420s] Level 1:colcon.colcon_core.package_identification:_identify(src) by extension 'cmake'
[0.420s] Level 1:colcon.colcon_core.package_identification:_identify(src) by extension 'python'
[0.421s] Level 1:colcon.colcon_core.package_identification:_identify(src) by extensions ['python_setup_py']
[0.421s] Level 1:colcon.colcon_core.package_identification:_identify(src) by extension 'python_setup_py'
[0.421s] Level 1:colcon.colcon_core.package_identification:_identify(src/rebot_description) by extensions ['ignore', 'ignore_ament_install']
[0.421s] Level 1:colcon.colcon_core.package_identification:_identify(src/rebot_description) by extension 'ignore'
[0.421s] Level 1:colcon.colcon_core.package_identification:_identify(src/rebot_description) by extension 'ignore_ament_install'
[0.422s] Level 1:colcon.colcon_core.package_identification:_identify(src/rebot_description) by extensions ['colcon_pkg']
[0.422s] Level 1:colcon.colcon_core.package_identification:_identify(src/rebot_description) by extension 'colcon_pkg'
[0.422s] Level 1:colcon.colcon_core.package_identification:_identify(src/rebot_description) by extensions ['colcon_meta']
[0.422s] Level 1:colcon.colcon_core.package_identification:_identify(src/rebot_description) by extension 'colcon_meta'
[0.422s] Level 1:colcon.colcon_core.package_identification:_identify(src/rebot_description) by extensions ['ros']
[0.422s] Level 1:colcon.colcon_core.package_identification:_identify(src/rebot_description) by extension 'ros'
[0.429s] DEBUG:colcon.colcon_core.package_identification:Package 'src/rebot_description' with type 'ros.ament_cmake' and name 'rebot_description'
[0.430s] Level 1:colcon.colcon_core.package_identification:_identify(src/robot_motion) by extensions ['ignore', 'ignore_ament_install']
[0.430s] Level 1:colcon.colcon_core.package_identification:_identify(src/robot_motion) by extension 'ignore'
[0.430s] Level 1:colcon.colcon_core.package_identification:_identify(src/robot_motion) by extension 'ignore_ament_install'
[0.430s] Level 1:colcon.colcon_core.package_identification:_identify(src/robot_motion) by extensions ['colcon_pkg']
[0.430s] Level 1:colcon.colcon_core.package_identification:_identify(src/robot_motion) by extension 'colcon_pkg'
[0.430s] Level 1:colcon.colcon_core.package_identification:_identify(src/robot_motion) by extensions ['colcon_meta']
[0.430s] Level 1:colcon.colcon_core.package_identification:_identify(src/robot_motion) by extension 'colcon_meta'
[0.431s] Level 1:colcon.colcon_core.package_identification:_identify(src/robot_motion) by extensions ['ros']
[0.431s] Level 1:colcon.colcon_core.package_identification:_identify(src/robot_motion) by extension 'ros'
[0.432s] DEBUG:colcon.colcon_core.package_identification:Package 'src/robot_motion' with type 'ros.ament_cmake' and name 'robot_motion'
[0.432s] Level 1:colcon.colcon_core.package_identification:_identify(src/robot_msgs) by extensions ['ignore', 'ignore_ament_install']
[0.432s] Level 1:colcon.colcon_core.package_identification:_identify(src/robot_msgs) by extension 'ignore'
[0.432s] Level 1:colcon.colcon_core.package_identification:_identify(src/robot_msgs) by extension 'ignore_ament_install'
[0.433s] Level 1:colcon.colcon_core.package_identification:_identify(src/robot_msgs) by extensions ['colcon_pkg']
[0.433s] Level 1:colcon.colcon_core.package_identification:_identify(src/robot_msgs) by extension 'colcon_pkg'
[0.433s] Level 1:colcon.colcon_core.package_identification:_identify(src/robot_msgs) by extensions ['colcon_meta']
[0.433s] Level 1:colcon.colcon_core.package_identification:_identify(src/robot_msgs) by extension 'colcon_meta'
[0.433s] Level 1:colcon.colcon_core.package_identification:_identify(src/robot_msgs) by extensions ['ros']
[0.433s] Level 1:colcon.colcon_core.package_identification:_identify(src/robot_msgs) by extension 'ros'
[0.434s] DEBUG:colcon.colcon_core.package_identification:Package 'src/robot_msgs' with type 'ros.ament_cmake' and name 'robot_msgs'
[0.434s] Level 1:colcon.colcon_core.package_identification:_identify(src/test_control) by extensions ['ignore', 'ignore_ament_install']
[0.435s] Level 1:colcon.colcon_core.package_identification:_identify(src/test_control) by extension 'ignore'
[0.435s] Level 1:colcon.colcon_core.package_identification:_identify(src/test_control) by extension 'ignore_ament_install'
[0.435s] Level 1:colcon.colcon_core.package_identification:_identify(src/test_control) by extensions ['colcon_pkg']
[0.435s] Level 1:colcon.colcon_core.package_identification:_identify(src/test_control) by extension 'colcon_pkg'
[0.435s] Level 1:colcon.colcon_core.package_identification:_identify(src/test_control) by extensions ['colcon_meta']
[0.435s] Level 1:colcon.colcon_core.package_identification:_identify(src/test_control) by extension 'colcon_meta'
[0.435s] Level 1:colcon.colcon_core.package_identification:_identify(src/test_control) by extensions ['ros']
[0.435s] Level 1:colcon.colcon_core.package_identification:_identify(src/test_control) by extension 'ros'
[0.437s] DEBUG:colcon.colcon_core.package_identification:Package 'src/test_control' with type 'ros.ament_cmake' and name 'test_control'
[0.437s] Level 1:colcon.colcon_core.package_discovery:discover_packages(recursive) using defaults
[0.437s] Level 1:colcon.colcon_core.package_discovery:discover_packages(ignore) discover
[0.437s] Level 1:colcon.colcon_core.package_discovery:discover_packages(ignore) using defaults
[0.437s] Level 1:colcon.colcon_core.package_discovery:discover_packages(path) discover
[0.438s] Level 1:colcon.colcon_core.package_discovery:discover_packages(path) using defaults
[0.483s] Level 1:colcon.colcon_core.package_discovery:discover_packages(prefix_path) check parameters
[0.484s] Level 1:colcon.colcon_core.package_discovery:discover_packages(prefix_path) discover
[0.490s] DEBUG:colcon.colcon_installed_package_information.package_discovery:Found 385 installed packages in /opt/ros/jazzy
[0.493s] Level 1:colcon.colcon_core.package_discovery:discover_packages(prefix_path) using defaults
[0.654s] Level 5:colcon.colcon_core.verb:set package 'rebot_description' build argument 'cmake_args' from command line to 'None'
[0.654s] Level 5:colcon.colcon_core.verb:set package 'rebot_description' build argument 'cmake_target' from command line to 'None'
[0.654s] Level 5:colcon.colcon_core.verb:set package 'rebot_description' build argument 'cmake_target_skip_unavailable' from command line to 'False'
[0.654s] Level 5:colcon.colcon_core.verb:set package 'rebot_description' build argument 'cmake_clean_cache' from command line to 'False'
[0.654s] Level 5:colcon.colcon_core.verb:set package 'rebot_description' build argument 'cmake_clean_first' from command line to 'False'
[0.654s] Level 5:colcon.colcon_core.verb:set package 'rebot_description' build argument 'cmake_force_configure' from command line to 'False'
[0.654s] Level 5:colcon.colcon_core.verb:set package 'rebot_description' build argument 'ament_cmake_args' from command line to 'None'
[0.654s] Level 5:colcon.colcon_core.verb:set package 'rebot_description' build argument 'catkin_cmake_args' from command line to 'None'
[0.654s] Level 5:colcon.colcon_core.verb:set package 'rebot_description' build argument 'catkin_skip_building_tests' from command line to 'False'
[0.654s] DEBUG:colcon.colcon_core.verb:Building package 'rebot_description' with the following arguments: {'ament_cmake_args': None, 'build_base': '/home/zme/self_project/rebotArm_mujoco/build/rebot_description', 'catkin_cmake_args': None, 'catkin_skip_building_tests': False, 'cmake_args': None, 'cmake_clean_cache': False, 'cmake_clean_first': False, 'cmake_force_configure': False, 'cmake_target': None, 'cmake_target_skip_unavailable': False, 'install_base': '/home/zme/self_project/rebotArm_mujoco/install/rebot_description', 'merge_install': False, 'path': '/home/zme/self_project/rebotArm_mujoco/src/rebot_description', 'symlink_install': False, 'test_result_base': None}
[0.655s] Level 5:colcon.colcon_core.verb:set package 'robot_msgs' build argument 'cmake_args' from command line to 'None'
[0.655s] Level 5:colcon.colcon_core.verb:set package 'robot_msgs' build argument 'cmake_target' from command line to 'None'
[0.655s] Level 5:colcon.colcon_core.verb:set package 'robot_msgs' build argument 'cmake_target_skip_unavailable' from command line to 'False'
[0.655s] Level 5:colcon.colcon_core.verb:set package 'robot_msgs' build argument 'cmake_clean_cache' from command line to 'False'
[0.655s] Level 5:colcon.colcon_core.verb:set package 'robot_msgs' build argument 'cmake_clean_first' from command line to 'False'
[0.655s] Level 5:colcon.colcon_core.verb:set package 'robot_msgs' build argument 'cmake_force_configure' from command line to 'False'
[0.655s] Level 5:colcon.colcon_core.verb:set package 'robot_msgs' build argument 'ament_cmake_args' from command line to 'None'
[0.655s] Level 5:colcon.colcon_core.verb:set package 'robot_msgs' build argument 'catkin_cmake_args' from command line to 'None'
[0.656s] Level 5:colcon.colcon_core.verb:set package 'robot_msgs' build argument 'catkin_skip_building_tests' from command line to 'False'
[0.656s] DEBUG:colcon.colcon_core.verb:Building package 'robot_msgs' with the following arguments: {'ament_cmake_args': None, 'build_base': '/home/zme/self_project/rebotArm_mujoco/build/robot_msgs', 'catkin_cmake_args': None, 'catkin_skip_building_tests': False, 'cmake_args': None, 'cmake_clean_cache': False, 'cmake_clean_first': False, 'cmake_force_configure': False, 'cmake_target': None, 'cmake_target_skip_unavailable': False, 'install_base': '/home/zme/self_project/rebotArm_mujoco/install/robot_msgs', 'merge_install': False, 'path': '/home/zme/self_project/rebotArm_mujoco/src/robot_msgs', 'symlink_install': False, 'test_result_base': None}
[0.656s] Level 5:colcon.colcon_core.verb:set package 'robot_motion' build argument 'cmake_args' from command line to 'None'
[0.656s] Level 5:colcon.colcon_core.verb:set package 'robot_motion' build argument 'cmake_target' from command line to 'None'
[0.657s] Level 5:colcon.colcon_core.verb:set package 'robot_motion' build argument 'cmake_target_skip_unavailable' from command line to 'False'
[0.657s] Level 5:colcon.colcon_core.verb:set package 'robot_motion' build argument 'cmake_clean_cache' from command line to 'False'
[0.657s] Level 5:colcon.colcon_core.verb:set package 'robot_motion' build argument 'cmake_clean_first' from command line to 'False'
[0.657s] Level 5:colcon.colcon_core.verb:set package 'robot_motion' build argument 'cmake_force_configure' from command line to 'False'
[0.657s] Level 5:colcon.colcon_core.verb:set package 'robot_motion' build argument 'ament_cmake_args' from command line to 'None'
[0.657s] Level 5:colcon.colcon_core.verb:set package 'robot_motion' build argument 'catkin_cmake_args' from command line to 'None'
[0.657s] Level 5:colcon.colcon_core.verb:set package 'robot_motion' build argument 'catkin_skip_building_tests' from command line to 'False'
[0.657s] DEBUG:colcon.colcon_core.verb:Building package 'robot_motion' with the following arguments: {'ament_cmake_args': None, 'build_base': '/home/zme/self_project/rebotArm_mujoco/build/robot_motion', 'catkin_cmake_args': None, 'catkin_skip_building_tests': False, 'cmake_args': None, 'cmake_clean_cache': False, 'cmake_clean_first': False, 'cmake_force_configure': False, 'cmake_target': None, 'cmake_target_skip_unavailable': False, 'install_base': '/home/zme/self_project/rebotArm_mujoco/install/robot_motion', 'merge_install': False, 'path': '/home/zme/self_project/rebotArm_mujoco/src/robot_motion', 'symlink_install': False, 'test_result_base': None}
[0.658s] Level 5:colcon.colcon_core.verb:set package 'test_control' build argument 'cmake_args' from command line to 'None'
[0.658s] Level 5:colcon.colcon_core.verb:set package 'test_control' build argument 'cmake_target' from command line to 'None'
[0.658s] Level 5:colcon.colcon_core.verb:set package 'test_control' build argument 'cmake_target_skip_unavailable' from command line to 'False'
[0.658s] Level 5:colcon.colcon_core.verb:set package 'test_control' build argument 'cmake_clean_cache' from command line to 'False'
[0.658s] Level 5:colcon.colcon_core.verb:set package 'test_control' build argument 'cmake_clean_first' from command line to 'False'
[0.658s] Level 5:colcon.colcon_core.verb:set package 'test_control' build argument 'cmake_force_configure' from command line to 'False'
[0.658s] Level 5:colcon.colcon_core.verb:set package 'test_control' build argument 'ament_cmake_args' from command line to 'None'
[0.658s] Level 5:colcon.colcon_core.verb:set package 'test_control' build argument 'catkin_cmake_args' from command line to 'None'
[0.658s] Level 5:colcon.colcon_core.verb:set package 'test_control' build argument 'catkin_skip_building_tests' from command line to 'False'
[0.659s] DEBUG:colcon.colcon_core.verb:Building package 'test_control' with the following arguments: {'ament_cmake_args': None, 'build_base': '/home/zme/self_project/rebotArm_mujoco/build/test_control', 'catkin_cmake_args': None, 'catkin_skip_building_tests': False, 'cmake_args': None, 'cmake_clean_cache': False, 'cmake_clean_first': False, 'cmake_force_configure': False, 'cmake_target': None, 'cmake_target_skip_unavailable': False, 'install_base': '/home/zme/self_project/rebotArm_mujoco/install/test_control', 'merge_install': False, 'path': '/home/zme/self_project/rebotArm_mujoco/src/test_control', 'symlink_install': False, 'test_result_base': None}
[0.659s] INFO:colcon.colcon_core.executor:Executing jobs using 'parallel' executor
[0.661s] DEBUG:colcon.colcon_parallel_executor.executor.parallel:run_until_complete
[0.661s] INFO:colcon.colcon_ros.task.ament_cmake.build:Building ROS package in '/home/zme/self_project/rebotArm_mujoco/src/robot_msgs' with build type 'ament_cmake'
[0.662s] INFO:colcon.colcon_cmake.task.cmake.build:Building CMake package in '/home/zme/self_project/rebotArm_mujoco/src/robot_msgs'
[0.667s] INFO:colcon.colcon_core.plugin_system:Skipping extension 'colcon_core.shell.bat': Not used on non-Windows systems
[0.667s] INFO:colcon.colcon_core.shell:Skip shell extension 'powershell' for command environment: Not usable outside of PowerShell
[0.667s] DEBUG:colcon.colcon_core.shell:Skip shell extension 'dsv' for command environment
[0.678s] INFO:colcon.colcon_ros.task.ament_cmake.build:Building ROS package in '/home/zme/self_project/rebotArm_mujoco/src/rebot_description' with build type 'ament_cmake'
[0.678s] INFO:colcon.colcon_cmake.task.cmake.build:Building CMake package in '/home/zme/self_project/rebotArm_mujoco/src/rebot_description'
[0.679s] INFO:colcon.colcon_core.shell:Skip shell extension 'powershell' for command environment: Not usable outside of PowerShell
[0.679s] DEBUG:colcon.colcon_core.shell:Skip shell extension 'dsv' for command environment
[0.699s] DEBUG:colcon.colcon_core.event_handler.log_command:Invoking command in '/home/zme/self_project/rebotArm_mujoco/build/robot_msgs': CMAKE_PREFIX_PATH=${CMAKE_PREFIX_PATH}:/opt/ros/jazzy DEBUGINFOD_URLS=https://debuginfod.ubuntu.com /usr/bin/cmake --build /home/zme/self_project/rebotArm_mujoco/build/robot_msgs -- -j8 -l8
[0.713s] DEBUG:colcon.colcon_core.event_handler.log_command:Invoking command in '/home/zme/self_project/rebotArm_mujoco/build/rebot_description': CMAKE_PREFIX_PATH=${CMAKE_PREFIX_PATH}:/opt/ros/jazzy DEBUGINFOD_URLS=https://debuginfod.ubuntu.com /usr/bin/cmake --build /home/zme/self_project/rebotArm_mujoco/build/rebot_description -- -j8 -l8
[0.800s] DEBUG:colcon.colcon_core.event_handler.log_command:Invoked command in '/home/zme/self_project/rebotArm_mujoco/build/rebot_description' returned '0': CMAKE_PREFIX_PATH=${CMAKE_PREFIX_PATH}:/opt/ros/jazzy DEBUGINFOD_URLS=https://debuginfod.ubuntu.com /usr/bin/cmake --build /home/zme/self_project/rebotArm_mujoco/build/rebot_description -- -j8 -l8
[0.827s] DEBUG:colcon.colcon_core.event_handler.log_command:Invoking command in '/home/zme/self_project/rebotArm_mujoco/build/rebot_description': CMAKE_PREFIX_PATH=${CMAKE_PREFIX_PATH}:/opt/ros/jazzy DEBUGINFOD_URLS=https://debuginfod.ubuntu.com /usr/bin/cmake --install /home/zme/self_project/rebotArm_mujoco/build/rebot_description
[0.880s] Level 1:colcon.colcon_core.environment:create_environment_scripts_only(rebot_description)
[0.907s] Level 1:colcon.colcon_core.environment:checking '/home/zme/self_project/rebotArm_mujoco/install/rebot_description' for CMake module files
[0.913s] Level 1:colcon.colcon_core.environment:checking '/home/zme/self_project/rebotArm_mujoco/install/rebot_description' for CMake config files
[0.914s] Level 1:colcon.colcon_core.shell:create_environment_hook('rebot_description', 'cmake_prefix_path')
[0.915s] INFO:colcon.colcon_core.shell:Creating environment hook '/home/zme/self_project/rebotArm_mujoco/install/rebot_description/share/rebot_description/hook/cmake_prefix_path.ps1'
[0.920s] INFO:colcon.colcon_core.shell:Creating environment descriptor '/home/zme/self_project/rebotArm_mujoco/install/rebot_description/share/rebot_description/hook/cmake_prefix_path.dsv'
[0.920s] DEBUG:colcon.colcon_core.event_handler.log_command:Invoked command in '/home/zme/self_project/rebotArm_mujoco/build/rebot_description' returned '0': CMAKE_PREFIX_PATH=${CMAKE_PREFIX_PATH}:/opt/ros/jazzy DEBUGINFOD_URLS=https://debuginfod.ubuntu.com /usr/bin/cmake --install /home/zme/self_project/rebotArm_mujoco/build/rebot_description
[0.927s] INFO:colcon.colcon_core.shell:Creating environment hook '/home/zme/self_project/rebotArm_mujoco/install/rebot_description/share/rebot_description/hook/cmake_prefix_path.sh'
[0.929s] Level 1:colcon.colcon_core.environment:checking '/home/zme/self_project/rebotArm_mujoco/install/rebot_description/lib'
[0.929s] Level 1:colcon.colcon_core.environment:checking '/home/zme/self_project/rebotArm_mujoco/install/rebot_description/bin'
[0.930s] Level 1:colcon.colcon_core.environment:checking '/home/zme/self_project/rebotArm_mujoco/install/rebot_description/lib/pkgconfig/rebot_description.pc'
[0.930s] Level 1:colcon.colcon_core.environment:checking '/home/zme/self_project/rebotArm_mujoco/install/rebot_description/lib/python3.12/site-packages'
[0.933s] Level 1:colcon.colcon_core.environment:checking '/home/zme/self_project/rebotArm_mujoco/install/rebot_description/bin'
[0.934s] INFO:colcon.colcon_core.shell:Creating package script '/home/zme/self_project/rebotArm_mujoco/install/rebot_description/share/rebot_description/package.ps1'
[0.940s] INFO:colcon.colcon_core.shell:Creating package descriptor '/home/zme/self_project/rebotArm_mujoco/install/rebot_description/share/rebot_description/package.dsv'
[0.949s] INFO:colcon.colcon_core.shell:Creating package script '/home/zme/self_project/rebotArm_mujoco/install/rebot_description/share/rebot_description/package.sh'
[0.955s] INFO:colcon.colcon_core.shell:Creating package script '/home/zme/self_project/rebotArm_mujoco/install/rebot_description/share/rebot_description/package.bash'
[0.957s] INFO:colcon.colcon_core.shell:Creating package script '/home/zme/self_project/rebotArm_mujoco/install/rebot_description/share/rebot_description/package.zsh'
[0.962s] Level 1:colcon.colcon_core.environment:create_file_with_runtime_dependencies(/home/zme/self_project/rebotArm_mujoco/install/rebot_description/share/colcon-core/packages/rebot_description)
[0.963s] Level 1:colcon.colcon_core.environment:create_environment_scripts_only(rebot_description)
[0.964s] Level 1:colcon.colcon_core.environment:checking '/home/zme/self_project/rebotArm_mujoco/install/rebot_description' for CMake module files
[0.967s] Level 1:colcon.colcon_core.environment:checking '/home/zme/self_project/rebotArm_mujoco/install/rebot_description' for CMake config files
[0.968s] Level 1:colcon.colcon_core.shell:create_environment_hook('rebot_description', 'cmake_prefix_path')
[0.968s] INFO:colcon.colcon_core.shell:Creating environment hook '/home/zme/self_project/rebotArm_mujoco/install/rebot_description/share/rebot_description/hook/cmake_prefix_path.ps1'
[0.969s] INFO:colcon.colcon_core.shell:Creating environment descriptor '/home/zme/self_project/rebotArm_mujoco/install/rebot_description/share/rebot_description/hook/cmake_prefix_path.dsv'
[0.971s] INFO:colcon.colcon_core.shell:Creating environment hook '/home/zme/self_project/rebotArm_mujoco/install/rebot_description/share/rebot_description/hook/cmake_prefix_path.sh'
[0.972s] Level 1:colcon.colcon_core.environment:checking '/home/zme/self_project/rebotArm_mujoco/install/rebot_description/lib'
[0.972s] Level 1:colcon.colcon_core.environment:checking '/home/zme/self_project/rebotArm_mujoco/install/rebot_description/bin'
[0.973s] Level 1:colcon.colcon_core.environment:checking '/home/zme/self_project/rebotArm_mujoco/install/rebot_description/lib/pkgconfig/rebot_description.pc'
[0.973s] Level 1:colcon.colcon_core.environment:checking '/home/zme/self_project/rebotArm_mujoco/install/rebot_description/lib/python3.12/site-packages'
[0.975s] Level 1:colcon.colcon_core.environment:checking '/home/zme/self_project/rebotArm_mujoco/install/rebot_description/bin'
[0.976s] INFO:colcon.colcon_core.shell:Creating package script '/home/zme/self_project/rebotArm_mujoco/install/rebot_description/share/rebot_description/package.ps1'
[0.978s] INFO:colcon.colcon_core.shell:Creating package descriptor '/home/zme/self_project/rebotArm_mujoco/install/rebot_description/share/rebot_description/package.dsv'
[0.979s] INFO:colcon.colcon_core.shell:Creating package script '/home/zme/self_project/rebotArm_mujoco/install/rebot_description/share/rebot_description/package.sh'
[0.981s] INFO:colcon.colcon_core.shell:Creating package script '/home/zme/self_project/rebotArm_mujoco/install/rebot_description/share/rebot_description/package.bash'
[0.982s] INFO:colcon.colcon_core.shell:Creating package script '/home/zme/self_project/rebotArm_mujoco/install/rebot_description/share/rebot_description/package.zsh'
[0.983s] Level 1:colcon.colcon_core.environment:create_file_with_runtime_dependencies(/home/zme/self_project/rebotArm_mujoco/install/rebot_description/share/colcon-core/packages/rebot_description)
[1.960s] DEBUG:colcon.colcon_core.event_handler.log_command:Invoked command in '/home/zme/self_project/rebotArm_mujoco/build/robot_msgs' returned '0': CMAKE_PREFIX_PATH=${CMAKE_PREFIX_PATH}:/opt/ros/jazzy DEBUGINFOD_URLS=https://debuginfod.ubuntu.com /usr/bin/cmake --build /home/zme/self_project/rebotArm_mujoco/build/robot_msgs -- -j8 -l8
[1.963s] DEBUG:colcon.colcon_core.event_handler.log_command:Invoking command in '/home/zme/self_project/rebotArm_mujoco/build/robot_msgs': CMAKE_PREFIX_PATH=${CMAKE_PREFIX_PATH}:/opt/ros/jazzy DEBUGINFOD_URLS=https://debuginfod.ubuntu.com /usr/bin/cmake --install /home/zme/self_project/rebotArm_mujoco/build/robot_msgs
[2.109s] Level 1:colcon.colcon_core.environment:create_environment_scripts_only(robot_msgs)
[2.110s] Level 1:colcon.colcon_core.environment:checking '/home/zme/self_project/rebotArm_mujoco/install/robot_msgs' for CMake module files
[2.117s] Level 1:colcon.colcon_core.environment:checking '/home/zme/self_project/rebotArm_mujoco/install/robot_msgs' for CMake config files
[2.120s] Level 1:colcon.colcon_core.shell:create_environment_hook('robot_msgs', 'cmake_prefix_path')
[2.121s] INFO:colcon.colcon_core.shell:Creating environment hook '/home/zme/self_project/rebotArm_mujoco/install/robot_msgs/share/robot_msgs/hook/cmake_prefix_path.ps1'
[2.123s] DEBUG:colcon.colcon_core.event_handler.log_command:Invoked command in '/home/zme/self_project/rebotArm_mujoco/build/robot_msgs' returned '0': CMAKE_PREFIX_PATH=${CMAKE_PREFIX_PATH}:/opt/ros/jazzy DEBUGINFOD_URLS=https://debuginfod.ubuntu.com /usr/bin/cmake --install /home/zme/self_project/rebotArm_mujoco/build/robot_msgs
[2.123s] INFO:colcon.colcon_core.shell:Creating environment descriptor '/home/zme/self_project/rebotArm_mujoco/install/robot_msgs/share/robot_msgs/hook/cmake_prefix_path.dsv'
[2.124s] INFO:colcon.colcon_core.shell:Creating environment hook '/home/zme/self_project/rebotArm_mujoco/install/robot_msgs/share/robot_msgs/hook/cmake_prefix_path.sh'
[2.126s] Level 1:colcon.colcon_core.environment:checking '/home/zme/self_project/rebotArm_mujoco/install/robot_msgs/lib'
[2.126s] Level 1:colcon.colcon_core.shell:create_environment_hook('robot_msgs', 'ld_library_path_lib')
[2.127s] INFO:colcon.colcon_core.shell:Creating environment hook '/home/zme/self_project/rebotArm_mujoco/install/robot_msgs/share/robot_msgs/hook/ld_library_path_lib.ps1'
[2.128s] INFO:colcon.colcon_core.shell:Creating environment descriptor '/home/zme/self_project/rebotArm_mujoco/install/robot_msgs/share/robot_msgs/hook/ld_library_path_lib.dsv'
[2.128s] INFO:colcon.colcon_core.shell:Creating environment hook '/home/zme/self_project/rebotArm_mujoco/install/robot_msgs/share/robot_msgs/hook/ld_library_path_lib.sh'
[2.129s] Level 1:colcon.colcon_core.environment:checking '/home/zme/self_project/rebotArm_mujoco/install/robot_msgs/bin'
[2.129s] Level 1:colcon.colcon_core.environment:checking '/home/zme/self_project/rebotArm_mujoco/install/robot_msgs/lib/pkgconfig/robot_msgs.pc'
[2.130s] Level 1:colcon.colcon_core.environment:checking '/home/zme/self_project/rebotArm_mujoco/install/robot_msgs/lib/python3.12/site-packages'
[2.130s] Level 1:colcon.colcon_core.shell:create_environment_hook('robot_msgs', 'pythonpath')
[2.131s] INFO:colcon.colcon_core.shell:Creating environment hook '/home/zme/self_project/rebotArm_mujoco/install/robot_msgs/share/robot_msgs/hook/pythonpath.ps1'
[2.132s] INFO:colcon.colcon_core.shell:Creating environment descriptor '/home/zme/self_project/rebotArm_mujoco/install/robot_msgs/share/robot_msgs/hook/pythonpath.dsv'
[2.133s] INFO:colcon.colcon_core.shell:Creating environment hook '/home/zme/self_project/rebotArm_mujoco/install/robot_msgs/share/robot_msgs/hook/pythonpath.sh'
[2.135s] Level 1:colcon.colcon_core.environment:checking '/home/zme/self_project/rebotArm_mujoco/install/robot_msgs/bin'
[2.136s] INFO:colcon.colcon_core.shell:Creating package script '/home/zme/self_project/rebotArm_mujoco/install/robot_msgs/share/robot_msgs/package.ps1'
[2.138s] INFO:colcon.colcon_core.shell:Creating package descriptor '/home/zme/self_project/rebotArm_mujoco/install/robot_msgs/share/robot_msgs/package.dsv'
[2.139s] INFO:colcon.colcon_core.shell:Creating package script '/home/zme/self_project/rebotArm_mujoco/install/robot_msgs/share/robot_msgs/package.sh'
[2.140s] INFO:colcon.colcon_core.shell:Creating package script '/home/zme/self_project/rebotArm_mujoco/install/robot_msgs/share/robot_msgs/package.bash'
[2.142s] INFO:colcon.colcon_core.shell:Creating package script '/home/zme/self_project/rebotArm_mujoco/install/robot_msgs/share/robot_msgs/package.zsh'
[2.143s] Level 1:colcon.colcon_core.environment:create_file_with_runtime_dependencies(/home/zme/self_project/rebotArm_mujoco/install/robot_msgs/share/colcon-core/packages/robot_msgs)
[2.145s] Level 1:colcon.colcon_core.environment:create_environment_scripts_only(robot_msgs)
[2.146s] Level 1:colcon.colcon_core.environment:checking '/home/zme/self_project/rebotArm_mujoco/install/robot_msgs' for CMake module files
[2.148s] Level 1:colcon.colcon_core.environment:checking '/home/zme/self_project/rebotArm_mujoco/install/robot_msgs' for CMake config files
[2.149s] Level 1:colcon.colcon_core.shell:create_environment_hook('robot_msgs', 'cmake_prefix_path')
[2.149s] INFO:colcon.colcon_core.shell:Creating environment hook '/home/zme/self_project/rebotArm_mujoco/install/robot_msgs/share/robot_msgs/hook/cmake_prefix_path.ps1'
[2.150s] INFO:colcon.colcon_core.shell:Creating environment descriptor '/home/zme/self_project/rebotArm_mujoco/install/robot_msgs/share/robot_msgs/hook/cmake_prefix_path.dsv'
[2.151s] INFO:colcon.colcon_core.shell:Creating environment hook '/home/zme/self_project/rebotArm_mujoco/install/robot_msgs/share/robot_msgs/hook/cmake_prefix_path.sh'
[2.153s] Level 1:colcon.colcon_core.environment:checking '/home/zme/self_project/rebotArm_mujoco/install/robot_msgs/lib'
[2.153s] Level 1:colcon.colcon_core.shell:create_environment_hook('robot_msgs', 'ld_library_path_lib')
[2.153s] INFO:colcon.colcon_core.shell:Creating environment hook '/home/zme/self_project/rebotArm_mujoco/install/robot_msgs/share/robot_msgs/hook/ld_library_path_lib.ps1'
[2.154s] INFO:colcon.colcon_core.shell:Creating environment descriptor '/home/zme/self_project/rebotArm_mujoco/install/robot_msgs/share/robot_msgs/hook/ld_library_path_lib.dsv'
[2.155s] INFO:colcon.colcon_core.shell:Creating environment hook '/home/zme/self_project/rebotArm_mujoco/install/robot_msgs/share/robot_msgs/hook/ld_library_path_lib.sh'
[2.156s] Level 1:colcon.colcon_core.environment:checking '/home/zme/self_project/rebotArm_mujoco/install/robot_msgs/bin'
[2.156s] Level 1:colcon.colcon_core.environment:checking '/home/zme/self_project/rebotArm_mujoco/install/robot_msgs/lib/pkgconfig/robot_msgs.pc'
[2.157s] Level 1:colcon.colcon_core.environment:checking '/home/zme/self_project/rebotArm_mujoco/install/robot_msgs/lib/python3.12/site-packages'
[2.157s] Level 1:colcon.colcon_core.shell:create_environment_hook('robot_msgs', 'pythonpath')
[2.157s] INFO:colcon.colcon_core.shell:Creating environment hook '/home/zme/self_project/rebotArm_mujoco/install/robot_msgs/share/robot_msgs/hook/pythonpath.ps1'
[2.158s] INFO:colcon.colcon_core.shell:Creating environment descriptor '/home/zme/self_project/rebotArm_mujoco/install/robot_msgs/share/robot_msgs/hook/pythonpath.dsv'
[2.159s] INFO:colcon.colcon_core.shell:Creating environment hook '/home/zme/self_project/rebotArm_mujoco/install/robot_msgs/share/robot_msgs/hook/pythonpath.sh'
[2.161s] Level 1:colcon.colcon_core.environment:checking '/home/zme/self_project/rebotArm_mujoco/install/robot_msgs/bin'
[2.162s] INFO:colcon.colcon_core.shell:Creating package script '/home/zme/self_project/rebotArm_mujoco/install/robot_msgs/share/robot_msgs/package.ps1'
[2.164s] INFO:colcon.colcon_core.shell:Creating package descriptor '/home/zme/self_project/rebotArm_mujoco/install/robot_msgs/share/robot_msgs/package.dsv'
[2.165s] INFO:colcon.colcon_core.shell:Creating package script '/home/zme/self_project/rebotArm_mujoco/install/robot_msgs/share/robot_msgs/package.sh'
[2.167s] INFO:colcon.colcon_core.shell:Creating package script '/home/zme/self_project/rebotArm_mujoco/install/robot_msgs/share/robot_msgs/package.bash'
[2.168s] INFO:colcon.colcon_core.shell:Creating package script '/home/zme/self_project/rebotArm_mujoco/install/robot_msgs/share/robot_msgs/package.zsh'
[2.169s] Level 1:colcon.colcon_core.environment:create_file_with_runtime_dependencies(/home/zme/self_project/rebotArm_mujoco/install/robot_msgs/share/colcon-core/packages/robot_msgs)
[2.170s] INFO:colcon.colcon_ros.task.ament_cmake.build:Building ROS package in '/home/zme/self_project/rebotArm_mujoco/src/robot_motion' with build type 'ament_cmake'
[2.170s] INFO:colcon.colcon_cmake.task.cmake.build:Building CMake package in '/home/zme/self_project/rebotArm_mujoco/src/robot_motion'
[2.171s] INFO:colcon.colcon_core.shell:Skip shell extension 'powershell' for command environment: Not usable outside of PowerShell
[2.171s] DEBUG:colcon.colcon_core.shell:Skip shell extension 'dsv' for command environment
[2.195s] DEBUG:colcon.colcon_core.event_handler.log_command:Invoking command in '/home/zme/self_project/rebotArm_mujoco/build/robot_motion': AMENT_PREFIX_PATH=/home/zme/self_project/rebotArm_mujoco/install/robot_msgs:${AMENT_PREFIX_PATH} CMAKE_PREFIX_PATH=/home/zme/self_project/rebotArm_mujoco/install/robot_msgs:/opt/ros/jazzy/opt/sdformat_vendor:/opt/ros/jazzy/opt/gz_math_vendor:/opt/ros/jazzy/opt/gz_utils_vendor:/opt/ros/jazzy/opt/gz_tools_vendor:/opt/ros/jazzy/opt/gz_cmake_vendor:/opt/ros/jazzy DEBUGINFOD_URLS=https://debuginfod.ubuntu.com LD_LIBRARY_PATH=/home/zme/self_project/rebotArm_mujoco/install/robot_msgs/lib:${LD_LIBRARY_PATH} PYTHONPATH=/home/zme/self_project/rebotArm_mujoco/install/robot_msgs/lib/python3.12/site-packages:${PYTHONPATH} /usr/bin/cmake --build /home/zme/self_project/rebotArm_mujoco/build/robot_motion -- -j8 -l8
[2.366s] DEBUG:colcon.colcon_core.event_handler.log_command:Invoked command in '/home/zme/self_project/rebotArm_mujoco/build/robot_motion' returned '0': AMENT_PREFIX_PATH=/home/zme/self_project/rebotArm_mujoco/install/robot_msgs:${AMENT_PREFIX_PATH} CMAKE_PREFIX_PATH=/home/zme/self_project/rebotArm_mujoco/install/robot_msgs:/opt/ros/jazzy/opt/sdformat_vendor:/opt/ros/jazzy/opt/gz_math_vendor:/opt/ros/jazzy/opt/gz_utils_vendor:/opt/ros/jazzy/opt/gz_tools_vendor:/opt/ros/jazzy/opt/gz_cmake_vendor:/opt/ros/jazzy DEBUGINFOD_URLS=https://debuginfod.ubuntu.com LD_LIBRARY_PATH=/home/zme/self_project/rebotArm_mujoco/install/robot_msgs/lib:${LD_LIBRARY_PATH} PYTHONPATH=/home/zme/self_project/rebotArm_mujoco/install/robot_msgs/lib/python3.12/site-packages:${PYTHONPATH} /usr/bin/cmake --build /home/zme/self_project/rebotArm_mujoco/build/robot_motion -- -j8 -l8
[2.371s] DEBUG:colcon.colcon_core.event_handler.log_command:Invoking command in '/home/zme/self_project/rebotArm_mujoco/build/robot_motion': AMENT_PREFIX_PATH=/home/zme/self_project/rebotArm_mujoco/install/robot_msgs:${AMENT_PREFIX_PATH} CMAKE_PREFIX_PATH=/home/zme/self_project/rebotArm_mujoco/install/robot_msgs:/opt/ros/jazzy/opt/sdformat_vendor:/opt/ros/jazzy/opt/gz_math_vendor:/opt/ros/jazzy/opt/gz_utils_vendor:/opt/ros/jazzy/opt/gz_tools_vendor:/opt/ros/jazzy/opt/gz_cmake_vendor:/opt/ros/jazzy DEBUGINFOD_URLS=https://debuginfod.ubuntu.com LD_LIBRARY_PATH=/home/zme/self_project/rebotArm_mujoco/install/robot_msgs/lib:${LD_LIBRARY_PATH} PYTHONPATH=/home/zme/self_project/rebotArm_mujoco/install/robot_msgs/lib/python3.12/site-packages:${PYTHONPATH} /usr/bin/cmake --install /home/zme/self_project/rebotArm_mujoco/build/robot_motion
[2.403s] Level 1:colcon.colcon_core.environment:create_environment_scripts_only(robot_motion)
[2.404s] Level 1:colcon.colcon_core.environment:checking '/home/zme/self_project/rebotArm_mujoco/install/robot_motion' for CMake module files
[2.406s] Level 1:colcon.colcon_core.environment:checking '/home/zme/self_project/rebotArm_mujoco/install/robot_motion' for CMake config files
[2.407s] Level 1:colcon.colcon_core.shell:create_environment_hook('robot_motion', 'cmake_prefix_path')
[2.408s] INFO:colcon.colcon_core.shell:Creating environment hook '/home/zme/self_project/rebotArm_mujoco/install/robot_motion/share/robot_motion/hook/cmake_prefix_path.ps1'
[2.410s] INFO:colcon.colcon_core.shell:Creating environment descriptor '/home/zme/self_project/rebotArm_mujoco/install/robot_motion/share/robot_motion/hook/cmake_prefix_path.dsv'
[2.411s] INFO:colcon.colcon_core.shell:Creating environment hook '/home/zme/self_project/rebotArm_mujoco/install/robot_motion/share/robot_motion/hook/cmake_prefix_path.sh'
[2.414s] Level 1:colcon.colcon_core.environment:checking '/home/zme/self_project/rebotArm_mujoco/install/robot_motion/lib'
[2.415s] Level 1:colcon.colcon_core.shell:create_environment_hook('robot_motion', 'ld_library_path_lib')
[2.415s] INFO:colcon.colcon_core.shell:Creating environment hook '/home/zme/self_project/rebotArm_mujoco/install/robot_motion/share/robot_motion/hook/ld_library_path_lib.ps1'
[2.418s] INFO:colcon.colcon_core.shell:Creating environment descriptor '/home/zme/self_project/rebotArm_mujoco/install/robot_motion/share/robot_motion/hook/ld_library_path_lib.dsv'
[2.418s] DEBUG:colcon.colcon_core.event_handler.log_command:Invoked command in '/home/zme/self_project/rebotArm_mujoco/build/robot_motion' returned '0': AMENT_PREFIX_PATH=/home/zme/self_project/rebotArm_mujoco/install/robot_msgs:${AMENT_PREFIX_PATH} CMAKE_PREFIX_PATH=/home/zme/self_project/rebotArm_mujoco/install/robot_msgs:/opt/ros/jazzy/opt/sdformat_vendor:/opt/ros/jazzy/opt/gz_math_vendor:/opt/ros/jazzy/opt/gz_utils_vendor:/opt/ros/jazzy/opt/gz_tools_vendor:/opt/ros/jazzy/opt/gz_cmake_vendor:/opt/ros/jazzy DEBUGINFOD_URLS=https://debuginfod.ubuntu.com LD_LIBRARY_PATH=/home/zme/self_project/rebotArm_mujoco/install/robot_msgs/lib:${LD_LIBRARY_PATH} PYTHONPATH=/home/zme/self_project/rebotArm_mujoco/install/robot_msgs/lib/python3.12/site-packages:${PYTHONPATH} /usr/bin/cmake --install /home/zme/self_project/rebotArm_mujoco/build/robot_motion
[2.419s] INFO:colcon.colcon_core.shell:Creating environment hook '/home/zme/self_project/rebotArm_mujoco/install/robot_motion/share/robot_motion/hook/ld_library_path_lib.sh'
[2.421s] Level 1:colcon.colcon_core.environment:checking '/home/zme/self_project/rebotArm_mujoco/install/robot_motion/bin'
[2.421s] Level 1:colcon.colcon_core.environment:checking '/home/zme/self_project/rebotArm_mujoco/install/robot_motion/lib/pkgconfig/robot_motion.pc'
[2.421s] Level 1:colcon.colcon_core.environment:checking '/home/zme/self_project/rebotArm_mujoco/install/robot_motion/lib/python3.12/site-packages'
[2.422s] Level 1:colcon.colcon_core.environment:checking '/home/zme/self_project/rebotArm_mujoco/install/robot_motion/bin'
[2.423s] INFO:colcon.colcon_core.shell:Creating package script '/home/zme/self_project/rebotArm_mujoco/install/robot_motion/share/robot_motion/package.ps1'
[2.424s] INFO:colcon.colcon_core.shell:Creating package descriptor '/home/zme/self_project/rebotArm_mujoco/install/robot_motion/share/robot_motion/package.dsv'
[2.425s] INFO:colcon.colcon_core.shell:Creating package script '/home/zme/self_project/rebotArm_mujoco/install/robot_motion/share/robot_motion/package.sh'
[2.426s] INFO:colcon.colcon_core.shell:Creating package script '/home/zme/self_project/rebotArm_mujoco/install/robot_motion/share/robot_motion/package.bash'
[2.427s] INFO:colcon.colcon_core.shell:Creating package script '/home/zme/self_project/rebotArm_mujoco/install/robot_motion/share/robot_motion/package.zsh'
[2.427s] Level 1:colcon.colcon_core.environment:create_file_with_runtime_dependencies(/home/zme/self_project/rebotArm_mujoco/install/robot_motion/share/colcon-core/packages/robot_motion)
[2.428s] Level 1:colcon.colcon_core.environment:create_environment_scripts_only(robot_motion)
[2.429s] Level 1:colcon.colcon_core.environment:checking '/home/zme/self_project/rebotArm_mujoco/install/robot_motion' for CMake module files
[2.430s] Level 1:colcon.colcon_core.environment:checking '/home/zme/self_project/rebotArm_mujoco/install/robot_motion' for CMake config files
[2.430s] Level 1:colcon.colcon_core.shell:create_environment_hook('robot_motion', 'cmake_prefix_path')
[2.430s] INFO:colcon.colcon_core.shell:Creating environment hook '/home/zme/self_project/rebotArm_mujoco/install/robot_motion/share/robot_motion/hook/cmake_prefix_path.ps1'
[2.432s] INFO:colcon.colcon_core.shell:Creating environment descriptor '/home/zme/self_project/rebotArm_mujoco/install/robot_motion/share/robot_motion/hook/cmake_prefix_path.dsv'
[2.433s] INFO:colcon.colcon_core.shell:Creating environment hook '/home/zme/self_project/rebotArm_mujoco/install/robot_motion/share/robot_motion/hook/cmake_prefix_path.sh'
[2.435s] Level 1:colcon.colcon_core.environment:checking '/home/zme/self_project/rebotArm_mujoco/install/robot_motion/lib'
[2.436s] Level 1:colcon.colcon_core.shell:create_environment_hook('robot_motion', 'ld_library_path_lib')
[2.436s] INFO:colcon.colcon_core.shell:Creating environment hook '/home/zme/self_project/rebotArm_mujoco/install/robot_motion/share/robot_motion/hook/ld_library_path_lib.ps1'
[2.438s] INFO:colcon.colcon_core.shell:Creating environment descriptor '/home/zme/self_project/rebotArm_mujoco/install/robot_motion/share/robot_motion/hook/ld_library_path_lib.dsv'
[2.438s] INFO:colcon.colcon_core.shell:Creating environment hook '/home/zme/self_project/rebotArm_mujoco/install/robot_motion/share/robot_motion/hook/ld_library_path_lib.sh'
[2.439s] Level 1:colcon.colcon_core.environment:checking '/home/zme/self_project/rebotArm_mujoco/install/robot_motion/bin'
[2.439s] Level 1:colcon.colcon_core.environment:checking '/home/zme/self_project/rebotArm_mujoco/install/robot_motion/lib/pkgconfig/robot_motion.pc'
[2.440s] Level 1:colcon.colcon_core.environment:checking '/home/zme/self_project/rebotArm_mujoco/install/robot_motion/lib/python3.12/site-packages'
[2.440s] Level 1:colcon.colcon_core.environment:checking '/home/zme/self_project/rebotArm_mujoco/install/robot_motion/bin'
[2.441s] INFO:colcon.colcon_core.shell:Creating package script '/home/zme/self_project/rebotArm_mujoco/install/robot_motion/share/robot_motion/package.ps1'
[2.443s] INFO:colcon.colcon_core.shell:Creating package descriptor '/home/zme/self_project/rebotArm_mujoco/install/robot_motion/share/robot_motion/package.dsv'
[2.443s] INFO:colcon.colcon_core.shell:Creating package script '/home/zme/self_project/rebotArm_mujoco/install/robot_motion/share/robot_motion/package.sh'
[2.444s] INFO:colcon.colcon_core.shell:Creating package script '/home/zme/self_project/rebotArm_mujoco/install/robot_motion/share/robot_motion/package.bash'
[2.445s] INFO:colcon.colcon_core.shell:Creating package script '/home/zme/self_project/rebotArm_mujoco/install/robot_motion/share/robot_motion/package.zsh'
[2.445s] Level 1:colcon.colcon_core.environment:create_file_with_runtime_dependencies(/home/zme/self_project/rebotArm_mujoco/install/robot_motion/share/colcon-core/packages/robot_motion)
[2.446s] INFO:colcon.colcon_ros.task.ament_cmake.build:Building ROS package in '/home/zme/self_project/rebotArm_mujoco/src/test_control' with build type 'ament_cmake'
[2.446s] INFO:colcon.colcon_cmake.task.cmake.build:Building CMake package in '/home/zme/self_project/rebotArm_mujoco/src/test_control'
[2.447s] INFO:colcon.colcon_core.shell:Skip shell extension 'powershell' for command environment: Not usable outside of PowerShell
[2.447s] DEBUG:colcon.colcon_core.shell:Skip shell extension 'dsv' for command environment
[2.472s] DEBUG:colcon.colcon_core.event_handler.log_command:Invoking command in '/home/zme/self_project/rebotArm_mujoco/build/test_control': AMENT_PREFIX_PATH=/home/zme/self_project/rebotArm_mujoco/install/robot_motion:/home/zme/self_project/rebotArm_mujoco/install/robot_msgs:${AMENT_PREFIX_PATH} CMAKE_PREFIX_PATH=/home/zme/self_project/rebotArm_mujoco/install/robot_motion:/home/zme/self_project/rebotArm_mujoco/install/robot_msgs:/opt/ros/jazzy/opt/sdformat_vendor:/opt/ros/jazzy/opt/gz_math_vendor:/opt/ros/jazzy/opt/gz_utils_vendor:/opt/ros/jazzy/opt/gz_tools_vendor:/opt/ros/jazzy/opt/gz_cmake_vendor:/opt/ros/jazzy DEBUGINFOD_URLS=https://debuginfod.ubuntu.com LD_LIBRARY_PATH=/home/zme/self_project/rebotArm_mujoco/install/robot_motion/lib:/home/zme/self_project/rebotArm_mujoco/install/robot_msgs/lib:${LD_LIBRARY_PATH} PYTHONPATH=/home/zme/self_project/rebotArm_mujoco/install/robot_msgs/lib/python3.12/site-packages:${PYTHONPATH} /usr/bin/cmake --build /home/zme/self_project/rebotArm_mujoco/build/test_control -- -j8 -l8
[29.319s] DEBUG:colcon.colcon_core.event_handler.log_command:Invoked command in '/home/zme/self_project/rebotArm_mujoco/build/test_control' returned '2': AMENT_PREFIX_PATH=/home/zme/self_project/rebotArm_mujoco/install/robot_motion:/home/zme/self_project/rebotArm_mujoco/install/robot_msgs:${AMENT_PREFIX_PATH} CMAKE_PREFIX_PATH=/home/zme/self_project/rebotArm_mujoco/install/robot_motion:/home/zme/self_project/rebotArm_mujoco/install/robot_msgs:/opt/ros/jazzy/opt/sdformat_vendor:/opt/ros/jazzy/opt/gz_math_vendor:/opt/ros/jazzy/opt/gz_utils_vendor:/opt/ros/jazzy/opt/gz_tools_vendor:/opt/ros/jazzy/opt/gz_cmake_vendor:/opt/ros/jazzy DEBUGINFOD_URLS=https://debuginfod.ubuntu.com LD_LIBRARY_PATH=/home/zme/self_project/rebotArm_mujoco/install/robot_motion/lib:/home/zme/self_project/rebotArm_mujoco/install/robot_msgs/lib:${LD_LIBRARY_PATH} PYTHONPATH=/home/zme/self_project/rebotArm_mujoco/install/robot_msgs/lib/python3.12/site-packages:${PYTHONPATH} /usr/bin/cmake --build /home/zme/self_project/rebotArm_mujoco/build/test_control -- -j8 -l8
[29.319s] Level 1:colcon.colcon_core.environment:create_environment_scripts_only(test_control)
[29.320s] Level 1:colcon.colcon_core.environment:checking '/home/zme/self_project/rebotArm_mujoco/install/test_control' for CMake module files
[29.321s] Level 1:colcon.colcon_core.environment:checking '/home/zme/self_project/rebotArm_mujoco/install/test_control' for CMake config files
[29.322s] Level 1:colcon.colcon_core.environment:checking '/home/zme/self_project/rebotArm_mujoco/install/test_control/bin'
[29.322s] Level 1:colcon.colcon_core.environment:checking '/home/zme/self_project/rebotArm_mujoco/install/test_control/lib/pkgconfig/test_control.pc'
[29.323s] Level 1:colcon.colcon_core.environment:checking '/home/zme/self_project/rebotArm_mujoco/install/test_control/lib/python3.12/site-packages'
[29.323s] Level 1:colcon.colcon_core.environment:checking '/home/zme/self_project/rebotArm_mujoco/install/test_control/bin'
[29.324s] INFO:colcon.colcon_core.shell:Creating package script '/home/zme/self_project/rebotArm_mujoco/install/test_control/share/test_control/package.ps1'
[29.325s] INFO:colcon.colcon_core.shell:Creating package descriptor '/home/zme/self_project/rebotArm_mujoco/install/test_control/share/test_control/package.dsv'
[29.325s] INFO:colcon.colcon_core.shell:Creating package script '/home/zme/self_project/rebotArm_mujoco/install/test_control/share/test_control/package.sh'
[29.326s] INFO:colcon.colcon_core.shell:Creating package script '/home/zme/self_project/rebotArm_mujoco/install/test_control/share/test_control/package.bash'
[29.326s] INFO:colcon.colcon_core.shell:Creating package script '/home/zme/self_project/rebotArm_mujoco/install/test_control/share/test_control/package.zsh'
[29.327s] Level 1:colcon.colcon_core.environment:create_file_with_runtime_dependencies(/home/zme/self_project/rebotArm_mujoco/install/test_control/share/colcon-core/packages/test_control)
[29.337s] DEBUG:colcon.colcon_parallel_executor.executor.parallel:closing loop
[29.338s] DEBUG:colcon.colcon_parallel_executor.executor.parallel:loop closed
[29.338s] DEBUG:colcon.colcon_parallel_executor.executor.parallel:run_until_complete finished with '2'
[29.338s] DEBUG:colcon.colcon_core.event_reactor:joining thread
[29.353s] INFO:colcon.colcon_core.plugin_system:Skipping extension 'colcon_notification.desktop_notification.terminal_notifier': Not used on non-Darwin systems
[29.353s] INFO:colcon.colcon_core.plugin_system:Skipping extension 'colcon_notification.desktop_notification.win32': Not used on non-Windows systems
[29.353s] INFO:colcon.colcon_notification.desktop_notification:Sending desktop notification using 'notify2'
[29.382s] DEBUG:colcon.colcon_core.event_reactor:joined thread
[29.382s] INFO:colcon.colcon_core.shell:Creating prefix script '/home/zme/self_project/rebotArm_mujoco/install/local_setup.ps1'
[29.386s] INFO:colcon.colcon_core.shell:Creating prefix util module '/home/zme/self_project/rebotArm_mujoco/install/_local_setup_util_ps1.py'
[29.390s] INFO:colcon.colcon_core.shell:Creating prefix chain script '/home/zme/self_project/rebotArm_mujoco/install/setup.ps1'
[29.392s] INFO:colcon.colcon_core.shell:Creating prefix script '/home/zme/self_project/rebotArm_mujoco/install/local_setup.sh'
[29.393s] INFO:colcon.colcon_core.shell:Creating prefix util module '/home/zme/self_project/rebotArm_mujoco/install/_local_setup_util_sh.py'
[29.395s] INFO:colcon.colcon_core.shell:Creating prefix chain script '/home/zme/self_project/rebotArm_mujoco/install/setup.sh'
[29.397s] INFO:colcon.colcon_core.shell:Creating prefix script '/home/zme/self_project/rebotArm_mujoco/install/local_setup.bash'
[29.399s] INFO:colcon.colcon_core.shell:Creating prefix chain script '/home/zme/self_project/rebotArm_mujoco/install/setup.bash'
[29.401s] INFO:colcon.colcon_core.shell:Creating prefix script '/home/zme/self_project/rebotArm_mujoco/install/local_setup.zsh'
[29.402s] INFO:colcon.colcon_core.shell:Creating prefix chain script '/home/zme/self_project/rebotArm_mujoco/install/setup.zsh'
