[0.004s] Invoking command in '/home/zhang/self_project/arm_study_ws/build/rebot_description': CMAKE_PREFIX_PATH=${CMAKE_PREFIX_PATH}:/opt/ros/jazzy DEBUGINFOD_URLS=https://debuginfod.ubuntu.com /usr/bin/cmake /home/zhang/self_project/arm_study_ws/src/rebot_description -DCMAKE_INSTALL_PREFIX=/home/zhang/self_project/arm_study_ws/install/rebot_description
[0.034s] -- The C compiler identification is GNU 13.3.0
[0.066s] -- The CXX compiler identification is GNU 13.3.0
[0.075s] -- Detecting C compiler ABI info
[0.124s] -- Detecting C compiler ABI info - done
[0.129s] -- Check for working C compiler: /usr/bin/cc - skipped
[0.129s] -- Detecting C compile features
[0.130s] -- Detecting C compile features - done
[0.134s] -- Detecting CXX compiler ABI info
[0.190s] -- Detecting CXX compiler ABI info - done
[0.196s] -- Check for working CXX compiler: /usr/bin/c++ - skipped
[0.196s] -- Detecting CXX compile features
[0.196s] -- Detecting CXX compile features - done
[0.198s] -- Found ament_cmake: 2.5.4 (/opt/ros/jazzy/share/ament_cmake/cmake)
[0.285s] -- Found Python3: /usr/bin/python3 (found version "3.12.3") found components: Interpreter 
[0.355s] -- Found rclcpp: 28.1.13 (/opt/ros/jazzy/share/rclcpp/cmake)
[0.385s] -- Found rosidl_generator_c: 4.6.6 (/opt/ros/jazzy/share/rosidl_generator_c/cmake)
[0.394s] -- Found rosidl_generator_cpp: 4.6.6 (/opt/ros/jazzy/share/rosidl_generator_cpp/cmake)
[0.404s] -- Using all available rosidl_typesupport_c: rosidl_typesupport_fastrtps_c;rosidl_typesupport_introspection_c
[0.413s] -- Using all available rosidl_typesupport_cpp: rosidl_typesupport_fastrtps_cpp;rosidl_typesupport_introspection_cpp
[0.453s] -- Found rmw_implementation_cmake: 7.3.2 (/opt/ros/jazzy/share/rmw_implementation_cmake/cmake)
[0.455s] -- Found rmw_cyclonedds_cpp: 2.2.3 (/opt/ros/jazzy/share/rmw_cyclonedds_cpp/cmake)
[0.470s] -- Using RMW implementation 'rmw_cyclonedds_cpp' as default
[0.504s] -- Found rclpy: 7.1.6 (/opt/ros/jazzy/share/rclpy/cmake)
[0.505s] -- Found geometry_msgs: 5.3.6 (/opt/ros/jazzy/share/geometry_msgs/cmake)
[0.522s] -- Found visualization_msgs: 5.3.6 (/opt/ros/jazzy/share/visualization_msgs/cmake)
[0.551s] -- Found interactive_markers: 2.5.5 (/opt/ros/jazzy/share/interactive_markers/cmake)
[0.612s] -- Configuring done (0.6s)
[0.618s] -- Generating done (0.0s)
[0.619s] -- Build files have been written to: /home/zhang/self_project/arm_study_ws/build/rebot_description
[0.624s] Invoked command in '/home/zhang/self_project/arm_study_ws/build/rebot_description' returned '0': CMAKE_PREFIX_PATH=${CMAKE_PREFIX_PATH}:/opt/ros/jazzy DEBUGINFOD_URLS=https://debuginfod.ubuntu.com /usr/bin/cmake /home/zhang/self_project/arm_study_ws/src/rebot_description -DCMAKE_INSTALL_PREFIX=/home/zhang/self_project/arm_study_ws/install/rebot_description
[0.625s] Invoking command in '/home/zhang/self_project/arm_study_ws/build/rebot_description': CMAKE_PREFIX_PATH=${CMAKE_PREFIX_PATH}:/opt/ros/jazzy DEBUGINFOD_URLS=https://debuginfod.ubuntu.com /usr/bin/cmake --build /home/zhang/self_project/arm_study_ws/build/rebot_description -- -j20 -l20
[0.656s] [ 50%] [32mBuilding CXX object CMakeFiles/target_marker.dir/src/interactive_marker.cpp.o[0m
[3.279s] [100%] [32m[1mLinking CXX executable target_marker[0m
[3.384s] [100%] Built target target_marker
[3.391s] Invoked command in '/home/zhang/self_project/arm_study_ws/build/rebot_description' returned '0': CMAKE_PREFIX_PATH=${CMAKE_PREFIX_PATH}:/opt/ros/jazzy DEBUGINFOD_URLS=https://debuginfod.ubuntu.com /usr/bin/cmake --build /home/zhang/self_project/arm_study_ws/build/rebot_description -- -j20 -l20
[3.392s] Invoking command in '/home/zhang/self_project/arm_study_ws/build/rebot_description': CMAKE_PREFIX_PATH=${CMAKE_PREFIX_PATH}:/opt/ros/jazzy DEBUGINFOD_URLS=https://debuginfod.ubuntu.com /usr/bin/cmake --install /home/zhang/self_project/arm_study_ws/build/rebot_description
[3.396s] -- Install configuration: ""
[3.396s] -- Installing: /home/zhang/self_project/arm_study_ws/install/rebot_description/lib/rebot_description/target_marker
[3.397s] -- Set non-toolchain portion of runtime path of "/home/zhang/self_project/arm_study_ws/install/rebot_description/lib/rebot_description/target_marker" to ""
[3.397s] -- Installing: /home/zhang/self_project/arm_study_ws/install/rebot_description/lib/rebot_description/arm_mujoco_node.py
[3.397s] -- Installing: /home/zhang/self_project/arm_study_ws/install/rebot_description/share/rebot_description/urdf
[3.397s] -- Installing: /home/zhang/self_project/arm_study_ws/install/rebot_description/share/rebot_description/urdf/reBot_DevArm_fixend.xml
[3.397s] -- Installing: /home/zhang/self_project/arm_study_ws/install/rebot_description/share/rebot_description/urdf/meshes_rs
[3.397s] -- Installing: /home/zhang/self_project/arm_study_ws/install/rebot_description/share/rebot_description/urdf/meshes_rs/pla2_green.STL
[3.397s] -- Installing: /home/zhang/self_project/arm_study_ws/install/rebot_description/share/rebot_description/urdf/meshes_rs/pla2_black.STL
[3.398s] -- Installing: /home/zhang/self_project/arm_study_ws/install/rebot_description/share/rebot_description/urdf/meshes_rs/motor_2_3.STL
[3.399s] -- Installing: /home/zhang/self_project/arm_study_ws/install/rebot_description/share/rebot_description/urdf/meshes_rs/gripper_end.STL
[3.401s] -- Installing: /home/zhang/self_project/arm_study_ws/install/rebot_description/share/rebot_description/urdf/meshes_rs/link2.STL
[3.406s] -- Installing: /home/zhang/self_project/arm_study_ws/install/rebot_description/share/rebot_description/urdf/meshes_rs/cnc_right.STL
[3.406s] -- Installing: /home/zhang/self_project/arm_study_ws/install/rebot_description/share/rebot_description/urdf/meshes_rs/link3.STL
[3.408s] -- Installing: /home/zhang/self_project/arm_study_ws/install/rebot_description/share/rebot_description/urdf/meshes_rs/pla7_green.STL
[3.408s] -- Installing: /home/zhang/self_project/arm_study_ws/install/rebot_description/share/rebot_description/urdf/meshes_rs/link1.STL
[3.408s] -- Installing: /home/zhang/self_project/arm_study_ws/install/rebot_description/share/rebot_description/urdf/meshes_rs/pla5_green.STL
[3.408s] -- Installing: /home/zhang/self_project/arm_study_ws/install/rebot_description/share/rebot_description/urdf/meshes_rs/cnc3.STL
[3.409s] -- Installing: /home/zhang/self_project/arm_study_ws/install/rebot_description/share/rebot_description/urdf/meshes_rs/motor_6.STL
[3.411s] -- Installing: /home/zhang/self_project/arm_study_ws/install/rebot_description/share/rebot_description/urdf/meshes_rs/link5.STL
[3.412s] -- Installing: /home/zhang/self_project/arm_study_ws/install/rebot_description/share/rebot_description/urdf/meshes_rs/base_link.STL
[3.414s] -- Installing: /home/zhang/self_project/arm_study_ws/install/rebot_description/share/rebot_description/urdf/meshes_rs/pla3_green.STL
[3.414s] -- Installing: /home/zhang/self_project/arm_study_ws/install/rebot_description/share/rebot_description/urdf/meshes_rs/motor_5.STL
[3.415s] -- Installing: /home/zhang/self_project/arm_study_ws/install/rebot_description/share/rebot_description/urdf/meshes_rs/cnc7.STL
[3.415s] -- Installing: /home/zhang/self_project/arm_study_ws/install/rebot_description/share/rebot_description/urdf/meshes_rs/pla3_black.STL
[3.416s] -- Installing: /home/zhang/self_project/arm_study_ws/install/rebot_description/share/rebot_description/urdf/meshes_rs/motor_4.STL
[3.417s] -- Installing: /home/zhang/self_project/arm_study_ws/install/rebot_description/share/rebot_description/urdf/meshes_rs/cnc4.STL
[3.418s] -- Installing: /home/zhang/self_project/arm_study_ws/install/rebot_description/share/rebot_description/urdf/meshes_rs/cnc_left.STL
[3.418s] -- Installing: /home/zhang/self_project/arm_study_ws/install/rebot_description/share/rebot_description/urdf/meshes_rs/link4.STL
[3.420s] -- Installing: /home/zhang/self_project/arm_study_ws/install/rebot_description/share/rebot_description/urdf/meshes_rs/pla_right.STL
[3.420s] -- Installing: /home/zhang/self_project/arm_study_ws/install/rebot_description/share/rebot_description/urdf/meshes_rs/gripper_right.STL
[3.420s] -- Installing: /home/zhang/self_project/arm_study_ws/install/rebot_description/share/rebot_description/urdf/meshes_rs/cnc2.STL
[3.421s] -- Installing: /home/zhang/self_project/arm_study_ws/install/rebot_description/share/rebot_description/urdf/meshes_rs/pla_left.STL
[3.421s] -- Installing: /home/zhang/self_project/arm_study_ws/install/rebot_description/share/rebot_description/urdf/meshes_rs/cnc5.STL
[3.421s] -- Installing: /home/zhang/self_project/arm_study_ws/install/rebot_description/share/rebot_description/urdf/meshes_rs/gripper_left.STL
[3.422s] -- Installing: /home/zhang/self_project/arm_study_ws/install/rebot_description/share/rebot_description/urdf/meshes_rs/link6.STL
[3.422s] -- Installing: /home/zhang/self_project/arm_study_ws/install/rebot_description/share/rebot_description/urdf/meshes_rs/motor_7.STL
[3.423s] -- Installing: /home/zhang/self_project/arm_study_ws/install/rebot_description/share/rebot_description/urdf/meshes
[3.424s] -- Installing: /home/zhang/self_project/arm_study_ws/install/rebot_description/share/rebot_description/urdf/meshes/link3.stl
[3.425s] -- Installing: /home/zhang/self_project/arm_study_ws/install/rebot_description/share/rebot_description/urdf/meshes/end_link.stl
[3.427s] -- Installing: /home/zhang/self_project/arm_study_ws/install/rebot_description/share/rebot_description/urdf/meshes/link2.stl
[3.428s] -- Installing: /home/zhang/self_project/arm_study_ws/install/rebot_description/share/rebot_description/urdf/meshes/link1.stl
[3.429s] -- Installing: /home/zhang/self_project/arm_study_ws/install/rebot_description/share/rebot_description/urdf/meshes/link5.stl
[3.429s] -- Installing: /home/zhang/self_project/arm_study_ws/install/rebot_description/share/rebot_description/urdf/meshes/link4.stl
[3.430s] -- Installing: /home/zhang/self_project/arm_study_ws/install/rebot_description/share/rebot_description/urdf/meshes/base_link.stl
[3.431s] -- Installing: /home/zhang/self_project/arm_study_ws/install/rebot_description/share/rebot_description/urdf/meshes/link6.stl
[3.432s] -- Installing: /home/zhang/self_project/arm_study_ws/install/rebot_description/share/rebot_description/urdf/reBot_B601_DM_with_gripper.urdf
[3.432s] -- Installing: /home/zhang/self_project/arm_study_ws/install/rebot_description/share/rebot_description/urdf/00-arm-rs_asm-v3.urdf
[3.432s] -- Installing: /home/zhang/self_project/arm_study_ws/install/rebot_description/share/rebot_description/urdf/reBot_B601_DM_with_gripper.xml
[3.432s] -- Installing: /home/zhang/self_project/arm_study_ws/install/rebot_description/share/rebot_description/urdf/meshes_b601_gripper
[3.432s] -- Installing: /home/zhang/self_project/arm_study_ws/install/rebot_description/share/rebot_description/urdf/meshes_b601_gripper/link2.STL
[3.434s] -- Installing: /home/zhang/self_project/arm_study_ws/install/rebot_description/share/rebot_description/urdf/meshes_b601_gripper/link3.STL
[3.435s] -- Installing: /home/zhang/self_project/arm_study_ws/install/rebot_description/share/rebot_description/urdf/meshes_b601_gripper/gripper_link.STL
[3.436s] -- Installing: /home/zhang/self_project/arm_study_ws/install/rebot_description/share/rebot_description/urdf/meshes_b601_gripper/link1.STL
[3.436s] -- Installing: /home/zhang/self_project/arm_study_ws/install/rebot_description/share/rebot_description/urdf/meshes_b601_gripper/link5.STL
[3.436s] -- Installing: /home/zhang/self_project/arm_study_ws/install/rebot_description/share/rebot_description/urdf/meshes_b601_gripper/base_link.STL
[3.437s] -- Installing: /home/zhang/self_project/arm_study_ws/install/rebot_description/share/rebot_description/urdf/meshes_b601_gripper/link4.STL
[3.438s] -- Installing: /home/zhang/self_project/arm_study_ws/install/rebot_description/share/rebot_description/urdf/meshes_b601_gripper/gripper_right.STL
[3.439s] -- Installing: /home/zhang/self_project/arm_study_ws/install/rebot_description/share/rebot_description/urdf/meshes_b601_gripper/gripper_left.STL
[3.439s] -- Installing: /home/zhang/self_project/arm_study_ws/install/rebot_description/share/rebot_description/urdf/meshes_b601_gripper/link6.STL
[3.440s] -- Installing: /home/zhang/self_project/arm_study_ws/install/rebot_description/share/rebot_description/urdf/reBot-DevArm_fixend.urdf
[3.440s] -- Installing: /home/zhang/self_project/arm_study_ws/install/rebot_description/share/rebot_description/launch
[3.440s] -- Installing: /home/zhang/self_project/arm_study_ws/install/rebot_description/share/rebot_description/launch/display.launch.py
[3.440s] -- Installing: /home/zhang/self_project/arm_study_ws/install/rebot_description/share/rebot_description/script
[3.440s] -- Installing: /home/zhang/self_project/arm_study_ws/install/rebot_description/share/rebot_description/script/arm_mujoco_node.py
[3.440s] -- Up-to-date: /home/zhang/self_project/arm_study_ws/install/rebot_description/share/rebot_description/script
[3.440s] -- Up-to-date: /home/zhang/self_project/arm_study_ws/install/rebot_description/share/rebot_description/script/arm_mujoco_node.py
[3.440s] -- Installing: /home/zhang/self_project/arm_study_ws/install/rebot_description/share/ament_index/resource_index/package_run_dependencies/rebot_description
[3.440s] -- Installing: /home/zhang/self_project/arm_study_ws/install/rebot_description/share/ament_index/resource_index/parent_prefix_path/rebot_description
[3.440s] -- Installing: /home/zhang/self_project/arm_study_ws/install/rebot_description/share/rebot_description/environment/ament_prefix_path.sh
[3.440s] -- Installing: /home/zhang/self_project/arm_study_ws/install/rebot_description/share/rebot_description/environment/ament_prefix_path.dsv
[3.440s] -- Installing: /home/zhang/self_project/arm_study_ws/install/rebot_description/share/rebot_description/environment/path.sh
[3.440s] -- Installing: /home/zhang/self_project/arm_study_ws/install/rebot_description/share/rebot_description/environment/path.dsv
[3.440s] -- Installing: /home/zhang/self_project/arm_study_ws/install/rebot_description/share/rebot_description/local_setup.bash
[3.440s] -- Installing: /home/zhang/self_project/arm_study_ws/install/rebot_description/share/rebot_description/local_setup.sh
[3.440s] -- Installing: /home/zhang/self_project/arm_study_ws/install/rebot_description/share/rebot_description/local_setup.zsh
[3.440s] -- Installing: /home/zhang/self_project/arm_study_ws/install/rebot_description/share/rebot_description/local_setup.dsv
[3.441s] -- Installing: /home/zhang/self_project/arm_study_ws/install/rebot_description/share/rebot_description/package.dsv
[3.441s] -- Installing: /home/zhang/self_project/arm_study_ws/install/rebot_description/share/ament_index/resource_index/packages/rebot_description
[3.441s] -- Installing: /home/zhang/self_project/arm_study_ws/install/rebot_description/share/rebot_description/cmake/rebot_descriptionConfig.cmake
[3.441s] -- Installing: /home/zhang/self_project/arm_study_ws/install/rebot_description/share/rebot_description/cmake/rebot_descriptionConfig-version.cmake
[3.441s] -- Installing: /home/zhang/self_project/arm_study_ws/install/rebot_description/share/rebot_description/package.xml
[3.442s] Invoked command in '/home/zhang/self_project/arm_study_ws/build/rebot_description' returned '0': CMAKE_PREFIX_PATH=${CMAKE_PREFIX_PATH}:/opt/ros/jazzy DEBUGINFOD_URLS=https://debuginfod.ubuntu.com /usr/bin/cmake --install /home/zhang/self_project/arm_study_ws/build/rebot_description
