-- Install configuration: ""
-- Up-to-date: /home/zhang/self_project/arm_study_ws/install/rebot_moveit_configuration/share/ament_index/resource_index/package_run_dependencies/rebot_moveit_configuration
-- Up-to-date: /home/zhang/self_project/arm_study_ws/install/rebot_moveit_configuration/share/ament_index/resource_index/parent_prefix_path/rebot_moveit_configuration
-- Up-to-date: /home/zhang/self_project/arm_study_ws/install/rebot_moveit_configuration/share/rebot_moveit_configuration/environment/ament_prefix_path.sh
-- Up-to-date: /home/zhang/self_project/arm_study_ws/install/rebot_moveit_configuration/share/rebot_moveit_configuration/environment/ament_prefix_path.dsv
-- Up-to-date: /home/zhang/self_project/arm_study_ws/install/rebot_moveit_configuration/share/rebot_moveit_configuration/environment/path.sh
-- Up-to-date: /home/zhang/self_project/arm_study_ws/install/rebot_moveit_configuration/share/rebot_moveit_configuration/environment/path.dsv
-- Up-to-date: /home/zhang/self_project/arm_study_ws/install/rebot_moveit_configuration/share/rebot_moveit_configuration/local_setup.bash
-- Up-to-date: /home/zhang/self_project/arm_study_ws/install/rebot_moveit_configuration/share/rebot_moveit_configuration/local_setup.sh
-- Up-to-date: /home/zhang/self_project/arm_study_ws/install/rebot_moveit_configuration/share/rebot_moveit_configuration/local_setup.zsh
-- Up-to-date: /home/zhang/self_project/arm_study_ws/install/rebot_moveit_configuration/share/rebot_moveit_configuration/local_setup.dsv
-- Up-to-date: /home/zhang/self_project/arm_study_ws/install/rebot_moveit_configuration/share/rebot_moveit_configuration/package.dsv
-- Up-to-date: /home/zhang/self_project/arm_study_ws/install/rebot_moveit_configuration/share/ament_index/resource_index/packages/rebot_moveit_configuration
-- Up-to-date: /home/zhang/self_project/arm_study_ws/install/rebot_moveit_configuration/share/rebot_moveit_configuration/cmake/rebot_moveit_configurationConfig.cmake
-- Up-to-date: /home/zhang/self_project/arm_study_ws/install/rebot_moveit_configuration/share/rebot_moveit_configuration/cmake/rebot_moveit_configurationConfig-version.cmake
-- Up-to-date: /home/zhang/self_project/arm_study_ws/install/rebot_moveit_configuration/share/rebot_moveit_configuration/package.xml
-- Up-to-date: /home/zhang/self_project/arm_study_ws/install/rebot_moveit_configuration/share/rebot_moveit_configuration/launch
-- Up-to-date: /home/zhang/self_project/arm_study_ws/install/rebot_moveit_configuration/share/rebot_moveit_configuration/launch/demo.launch.py
-- Up-to-date: /home/zhang/self_project/arm_study_ws/install/rebot_moveit_configuration/share/rebot_moveit_configuration/launch/rsp.launch.py
-- Up-to-date: /home/zhang/self_project/arm_study_ws/install/rebot_moveit_configuration/share/rebot_moveit_configuration/launch/warehouse_db.launch.py
-- Up-to-date: /home/zhang/self_project/arm_study_ws/install/rebot_moveit_configuration/share/rebot_moveit_configuration/launch/moveit_rviz.launch.py
-- Up-to-date: /home/zhang/self_project/arm_study_ws/install/rebot_moveit_configuration/share/rebot_moveit_configuration/launch/setup_assistant.launch.py
-- Up-to-date: /home/zhang/self_project/arm_study_ws/install/rebot_moveit_configuration/share/rebot_moveit_configuration/launch/spawn_controllers.launch.py
-- Up-to-date: /home/zhang/self_project/arm_study_ws/install/rebot_moveit_configuration/share/rebot_moveit_configuration/launch/rebot_rviz.launch.py
-- Up-to-date: /home/zhang/self_project/arm_study_ws/install/rebot_moveit_configuration/share/rebot_moveit_configuration/launch/static_virtual_joint_tfs.launch.py
-- Up-to-date: /home/zhang/self_project/arm_study_ws/install/rebot_moveit_configuration/share/rebot_moveit_configuration/launch/move_group.launch.py
-- Up-to-date: /home/zhang/self_project/arm_study_ws/install/rebot_moveit_configuration/share/rebot_moveit_configuration/config
-- Up-to-date: /home/zhang/self_project/arm_study_ws/install/rebot_moveit_configuration/share/rebot_moveit_configuration/config/moveit.rviz
-- Up-to-date: /home/zhang/self_project/arm_study_ws/install/rebot_moveit_configuration/share/rebot_moveit_configuration/config/kinematics.yaml
-- Up-to-date: /home/zhang/self_project/arm_study_ws/install/rebot_moveit_configuration/share/rebot_moveit_configuration/config/pilz_cartesian_limits.yaml
-- Up-to-date: /home/zhang/self_project/arm_study_ws/install/rebot_moveit_configuration/share/rebot_moveit_configuration/config/joint_limits.yaml
-- Up-to-date: /home/zhang/self_project/arm_study_ws/install/rebot_moveit_configuration/share/rebot_moveit_configuration/config/reBot_B601_DM_with_gripper.srdf
-- Up-to-date: /home/zhang/self_project/arm_study_ws/install/rebot_moveit_configuration/share/rebot_moveit_configuration/config/moveit_controllers.yaml
-- Up-to-date: /home/zhang/self_project/arm_study_ws/install/rebot_moveit_configuration/share/rebot_moveit_configuration/config/initial_positions.yaml
-- Up-to-date: /home/zhang/self_project/arm_study_ws/install/rebot_moveit_configuration/share/rebot_moveit_configuration/config/ros2_controllers.yaml
-- Up-to-date: /home/zhang/self_project/arm_study_ws/install/rebot_moveit_configuration/share/rebot_moveit_configuration/config/reBot_B601_DM_with_gripper.urdf.xacro
-- Up-to-date: /home/zhang/self_project/arm_study_ws/install/rebot_moveit_configuration/share/rebot_moveit_configuration/config/reBot_B601_DM_with_gripper.ros2_control.xacro
-- Up-to-date: /home/zhang/self_project/arm_study_ws/install/rebot_moveit_configuration/share/rebot_moveit_configuration/.setup_assistant
