[0.253s] DEBUG:colcon:Command line arguments: ['/usr/bin/colcon', 'build']
[0.253s] DEBUG:colcon:Parsed command line arguments: Namespace(log_base=None, log_level=None, verb_name='build', build_base='build', install_base='install', merge_install=False, symlink_install=False, test_result_base=None, continue_on_error=False, executor='parallel', parallel_workers=8, event_handlers=None, ignore_user_meta=False, metas=['./colcon.meta'], base_paths=['.'], packages_ignore=None, packages_ignore_regex=None, paths=None, packages_up_to=None, packages_up_to_regex=None, packages_above=None, packages_above_and_dependencies=None, packages_above_depth=None, packages_select_by_dep=None, packages_skip_by_dep=None, packages_skip_up_to=None, packages_select_build_failed=False, packages_skip_build_finished=False, packages_select_test_failures=False, packages_skip_test_passed=False, packages_select=None, packages_skip=None, packages_select_regex=None, packages_skip_regex=None, packages_start=None, packages_end=None, allow_overriding=[], cmake_args=None, cmake_target=None, cmake_target_skip_unavailable=False, cmake_clean_cache=False, cmake_clean_first=False, cmake_force_configure=False, ament_cmake_args=None, catkin_cmake_args=None, catkin_skip_building_tests=False, verb_parser=<colcon_defaults.argument_parser.defaults.DefaultArgumentsDecorator object at 0x747b5c881eb0>, verb_extension=<colcon_core.verb.build.BuildVerb object at 0x747b5c881f70>, main=<bound method BuildVerb.main of <colcon_core.verb.build.BuildVerb object at 0x747b5c881f70>>)
[0.347s] Level 1:colcon.colcon_core.package_discovery:discover_packages(colcon_meta) check parameters
[0.347s] Level 1:colcon.colcon_core.package_discovery:discover_packages(recursive) check parameters
[0.355s] Level 1:colcon.colcon_core.package_discovery:discover_packages(ignore) check parameters
[0.355s] Level 1:colcon.colcon_core.package_discovery:discover_packages(path) check parameters
[0.355s] Level 1:colcon.colcon_core.package_discovery:discover_packages(colcon_meta) discover
[0.355s] Level 1:colcon.colcon_core.package_discovery:discover_packages(recursive) discover
[0.355s] INFO:colcon.colcon_core.package_discovery:Crawling recursively for packages in '/home/zme/self_project/rebotArm_mujoco'
[0.356s] Level 1:colcon.colcon_core.package_identification:_identify(.) by extensions ['ignore', 'ignore_ament_install']
[0.356s] Level 1:colcon.colcon_core.package_identification:_identify(.) by extension 'ignore'
[0.356s] Level 1:colcon.colcon_core.package_identification:_identify(.) by extension 'ignore_ament_install'
[0.356s] Level 1:colcon.colcon_core.package_identification:_identify(.) by extensions ['colcon_pkg']
[0.356s] Level 1:colcon.colcon_core.package_identification:_identify(.) by extension 'colcon_pkg'
[0.357s] Level 1:colcon.colcon_core.package_identification:_identify(.) by extensions ['colcon_meta']
[0.357s] Level 1:colcon.colcon_core.package_identification:_identify(.) by extension 'colcon_meta'
[0.357s] Level 1:colcon.colcon_core.package_identification:_identify(.) by extensions ['ros']
[0.357s] Level 1:colcon.colcon_core.package_identification:_identify(.) by extension 'ros'
[0.413s] Level 1:colcon.colcon_core.package_identification:_identify(.) by extensions ['cmake', 'python']
[0.413s] Level 1:colcon.colcon_core.package_identification:_identify(.) by extension 'cmake'
[0.413s] Level 1:colcon.colcon_core.package_identification:_identify(.) by extension 'python'
[0.413s] Level 1:colcon.colcon_core.package_identification:_identify(.) by extensions ['python_setup_py']
[0.413s] Level 1:colcon.colcon_core.package_identification:_identify(.) by extension 'python_setup_py'
[0.413s] Level 1:colcon.colcon_core.package_identification:_identify(build) by extensions ['ignore', 'ignore_ament_install']
[0.414s] Level 1:colcon.colcon_core.package_identification:_identify(build) by extension 'ignore'
[0.414s] Level 1:colcon.colcon_core.package_identification:_identify(build) ignored
[0.414s] Level 1:colcon.colcon_core.package_identification:_identify(install) by extensions ['ignore', 'ignore_ament_install']
[0.414s] Level 1:colcon.colcon_core.package_identification:_identify(install) by extension 'ignore'
[0.414s] Level 1:colcon.colcon_core.package_identification:_identify(install) ignored
[0.414s] Level 1:colcon.colcon_core.package_identification:_identify(log) by extensions ['ignore', 'ignore_ament_install']
[0.415s] Level 1:colcon.colcon_core.package_identification:_identify(log) by extension 'ignore'
[0.415s] Level 1:colcon.colcon_core.package_identification:_identify(log) ignored
[0.415s] Level 1:colcon.colcon_core.package_identification:_identify(src) by extensions ['ignore', 'ignore_ament_install']
[0.415s] Level 1:colcon.colcon_core.package_identification:_identify(src) by extension 'ignore'
[0.415s] Level 1:colcon.colcon_core.package_identification:_identify(src) by extension 'ignore_ament_install'
[0.416s] Level 1:colcon.colcon_core.package_identification:_identify(src) by extensions ['colcon_pkg']
[0.416s] Level 1:colcon.colcon_core.package_identification:_identify(src) by extension 'colcon_pkg'
[0.416s] Level 1:colcon.colcon_core.package_identification:_identify(src) by extensions ['colcon_meta']
[0.416s] Level 1:colcon.colcon_core.package_identification:_identify(src) by extension 'colcon_meta'
[0.416s] Level 1:colcon.colcon_core.package_identification:_identify(src) by extensions ['ros']
[0.416s] Level 1:colcon.colcon_core.package_identification:_identify(src) by extension 'ros'
[0.416s] Level 1:colcon.colcon_core.package_identification:_identify(src) by extensions ['cmake', 'python']
[0.416s] Level 1:colcon.colcon_core.package_identification:_identify(src) by extension 'cmake'
[0.416s] Level 1:colcon.colcon_core.package_identification:_identify(src) by extension 'python'
[0.417s] Level 1:colcon.colcon_core.package_identification:_identify(src) by extensions ['python_setup_py']
[0.417s] Level 1:colcon.colcon_core.package_identification:_identify(src) by extension 'python_setup_py'
[0.417s] Level 1:colcon.colcon_core.package_identification:_identify(src/rebot_description) by extensions ['ignore', 'ignore_ament_install']
[0.417s] Level 1:colcon.colcon_core.package_identification:_identify(src/rebot_description) by extension 'ignore'
[0.417s] Level 1:colcon.colcon_core.package_identification:_identify(src/rebot_description) by extension 'ignore_ament_install'
[0.417s] Level 1:colcon.colcon_core.package_identification:_identify(src/rebot_description) by extensions ['colcon_pkg']
[0.417s] Level 1:colcon.colcon_core.package_identification:_identify(src/rebot_description) by extension 'colcon_pkg'
[0.418s] Level 1:colcon.colcon_core.package_identification:_identify(src/rebot_description) by extensions ['colcon_meta']
[0.418s] Level 1:colcon.colcon_core.package_identification:_identify(src/rebot_description) by extension 'colcon_meta'
[0.418s] Level 1:colcon.colcon_core.package_identification:_identify(src/rebot_description) by extensions ['ros']
[0.418s] Level 1:colcon.colcon_core.package_identification:_identify(src/rebot_description) by extension 'ros'
[0.424s] DEBUG:colcon.colcon_core.package_identification:Package 'src/rebot_description' with type 'ros.ament_cmake' and name 'rebot_description'
[0.425s] Level 1:colcon.colcon_core.package_identification:_identify(src/robot_motion) by extensions ['ignore', 'ignore_ament_install']
[0.425s] Level 1:colcon.colcon_core.package_identification:_identify(src/robot_motion) by extension 'ignore'
[0.425s] Level 1:colcon.colcon_core.package_identification:_identify(src/robot_motion) by extension 'ignore_ament_install'
[0.425s] Level 1:colcon.colcon_core.package_identification:_identify(src/robot_motion) by extensions ['colcon_pkg']
[0.425s] Level 1:colcon.colcon_core.package_identification:_identify(src/robot_motion) by extension 'colcon_pkg'
[0.425s] Level 1:colcon.colcon_core.package_identification:_identify(src/robot_motion) by extensions ['colcon_meta']
[0.426s] Level 1:colcon.colcon_core.package_identification:_identify(src/robot_motion) by extension 'colcon_meta'
[0.426s] Level 1:colcon.colcon_core.package_identification:_identify(src/robot_motion) by extensions ['ros']
[0.426s] Level 1:colcon.colcon_core.package_identification:_identify(src/robot_motion) by extension 'ros'
[0.428s] DEBUG:colcon.colcon_core.package_identification:Package 'src/robot_motion' with type 'ros.ament_cmake' and name 'robot_motion'
[0.428s] Level 1:colcon.colcon_core.package_identification:_identify(src/robot_msgs) by extensions ['ignore', 'ignore_ament_install']
[0.429s] Level 1:colcon.colcon_core.package_identification:_identify(src/robot_msgs) by extension 'ignore'
[0.429s] Level 1:colcon.colcon_core.package_identification:_identify(src/robot_msgs) by extension 'ignore_ament_install'
[0.429s] Level 1:colcon.colcon_core.package_identification:_identify(src/robot_msgs) by extensions ['colcon_pkg']
[0.429s] Level 1:colcon.colcon_core.package_identification:_identify(src/robot_msgs) by extension 'colcon_pkg'
[0.429s] Level 1:colcon.colcon_core.package_identification:_identify(src/robot_msgs) by extensions ['colcon_meta']
[0.429s] Level 1:colcon.colcon_core.package_identification:_identify(src/robot_msgs) by extension 'colcon_meta'
[0.429s] Level 1:colcon.colcon_core.package_identification:_identify(src/robot_msgs) by extensions ['ros']
[0.430s] Level 1:colcon.colcon_core.package_identification:_identify(src/robot_msgs) by extension 'ros'
[0.431s] DEBUG:colcon.colcon_core.package_identification:Package 'src/robot_msgs' with type 'ros.ament_cmake' and name 'robot_msgs'
[0.431s] Level 1:colcon.colcon_core.package_identification:_identify(src/test_control) by extensions ['ignore', 'ignore_ament_install']
[0.431s] Level 1:colcon.colcon_core.package_identification:_identify(src/test_control) by extension 'ignore'
[0.431s] Level 1:colcon.colcon_core.package_identification:_identify(src/test_control) by extension 'ignore_ament_install'
[0.431s] Level 1:colcon.colcon_core.package_identification:_identify(src/test_control) by extensions ['colcon_pkg']
[0.432s] Level 1:colcon.colcon_core.package_identification:_identify(src/test_control) by extension 'colcon_pkg'
[0.432s] Level 1:colcon.colcon_core.package_identification:_identify(src/test_control) by extensions ['colcon_meta']
[0.432s] Level 1:colcon.colcon_core.package_identification:_identify(src/test_control) by extension 'colcon_meta'
[0.432s] Level 1:colcon.colcon_core.package_identification:_identify(src/test_control) by extensions ['ros']
[0.432s] Level 1:colcon.colcon_core.package_identification:_identify(src/test_control) by extension 'ros'
[0.434s] DEBUG:colcon.colcon_core.package_identification:Package 'src/test_control' with type 'ros.ament_cmake' and name 'test_control'
[0.434s] Level 1:colcon.colcon_core.package_discovery:discover_packages(recursive) using defaults
[0.434s] Level 1:colcon.colcon_core.package_discovery:discover_packages(ignore) discover
[0.434s] Level 1:colcon.colcon_core.package_discovery:discover_packages(ignore) using defaults
[0.434s] Level 1:colcon.colcon_core.package_discovery:discover_packages(path) discover
[0.435s] Level 1:colcon.colcon_core.package_discovery:discover_packages(path) using defaults
[0.467s] Level 1:colcon.colcon_core.package_discovery:discover_packages(prefix_path) check parameters
[0.468s] Level 1:colcon.colcon_core.package_discovery:discover_packages(prefix_path) discover
[0.472s] DEBUG:colcon.colcon_installed_package_information.package_discovery:Found 385 installed packages in /opt/ros/jazzy
[0.474s] Level 1:colcon.colcon_core.package_discovery:discover_packages(prefix_path) using defaults
[0.593s] Level 5:colcon.colcon_core.verb:set package 'rebot_description' build argument 'cmake_args' from command line to 'None'
[0.593s] Level 5:colcon.colcon_core.verb:set package 'rebot_description' build argument 'cmake_target' from command line to 'None'
[0.593s] Level 5:colcon.colcon_core.verb:set package 'rebot_description' build argument 'cmake_target_skip_unavailable' from command line to 'False'
[0.593s] Level 5:colcon.colcon_core.verb:set package 'rebot_description' build argument 'cmake_clean_cache' from command line to 'False'
[0.593s] Level 5:colcon.colcon_core.verb:set package 'rebot_description' build argument 'cmake_clean_first' from command line to 'False'
[0.593s] Level 5:colcon.colcon_core.verb:set package 'rebot_description' build argument 'cmake_force_configure' from command line to 'False'
[0.593s] Level 5:colcon.colcon_core.verb:set package 'rebot_description' build argument 'ament_cmake_args' from command line to 'None'
[0.593s] Level 5:colcon.colcon_core.verb:set package 'rebot_description' build argument 'catkin_cmake_args' from command line to 'None'
[0.593s] Level 5:colcon.colcon_core.verb:set package 'rebot_description' build argument 'catkin_skip_building_tests' from command line to 'False'
[0.593s] DEBUG:colcon.colcon_core.verb:Building package 'rebot_description' with the following arguments: {'ament_cmake_args': None, 'build_base': '/home/zme/self_project/rebotArm_mujoco/build/rebot_description', 'catkin_cmake_args': None, 'catkin_skip_building_tests': False, 'cmake_args': None, 'cmake_clean_cache': False, 'cmake_clean_first': False, 'cmake_force_configure': False, 'cmake_target': None, 'cmake_target_skip_unavailable': False, 'install_base': '/home/zme/self_project/rebotArm_mujoco/install/rebot_description', 'merge_install': False, 'path': '/home/zme/self_project/rebotArm_mujoco/src/rebot_description', 'symlink_install': False, 'test_result_base': None}
[0.593s] Level 5:colcon.colcon_core.verb:set package 'robot_msgs' build argument 'cmake_args' from command line to 'None'
[0.593s] Level 5:colcon.colcon_core.verb:set package 'robot_msgs' build argument 'cmake_target' from command line to 'None'
[0.594s] Level 5:colcon.colcon_core.verb:set package 'robot_msgs' build argument 'cmake_target_skip_unavailable' from command line to 'False'
[0.594s] Level 5:colcon.colcon_core.verb:set package 'robot_msgs' build argument 'cmake_clean_cache' from command line to 'False'
[0.594s] Level 5:colcon.colcon_core.verb:set package 'robot_msgs' build argument 'cmake_clean_first' from command line to 'False'
[0.594s] Level 5:colcon.colcon_core.verb:set package 'robot_msgs' build argument 'cmake_force_configure' from command line to 'False'
[0.594s] Level 5:colcon.colcon_core.verb:set package 'robot_msgs' build argument 'ament_cmake_args' from command line to 'None'
[0.594s] Level 5:colcon.colcon_core.verb:set package 'robot_msgs' build argument 'catkin_cmake_args' from command line to 'None'
[0.594s] Level 5:colcon.colcon_core.verb:set package 'robot_msgs' build argument 'catkin_skip_building_tests' from command line to 'False'
[0.594s] DEBUG:colcon.colcon_core.verb:Building package 'robot_msgs' with the following arguments: {'ament_cmake_args': None, 'build_base': '/home/zme/self_project/rebotArm_mujoco/build/robot_msgs', 'catkin_cmake_args': None, 'catkin_skip_building_tests': False, 'cmake_args': None, 'cmake_clean_cache': False, 'cmake_clean_first': False, 'cmake_force_configure': False, 'cmake_target': None, 'cmake_target_skip_unavailable': False, 'install_base': '/home/zme/self_project/rebotArm_mujoco/install/robot_msgs', 'merge_install': False, 'path': '/home/zme/self_project/rebotArm_mujoco/src/robot_msgs', 'symlink_install': False, 'test_result_base': None}
[0.594s] Level 5:colcon.colcon_core.verb:set package 'robot_motion' build argument 'cmake_args' from command line to 'None'
[0.594s] Level 5:colcon.colcon_core.verb:set package 'robot_motion' build argument 'cmake_target' from command line to 'None'
[0.594s] Level 5:colcon.colcon_core.verb:set package 'robot_motion' build argument 'cmake_target_skip_unavailable' from command line to 'False'
[0.594s] Level 5:colcon.colcon_core.verb:set package 'robot_motion' build argument 'cmake_clean_cache' from command line to 'False'
[0.594s] Level 5:colcon.colcon_core.verb:set package 'robot_motion' build argument 'cmake_clean_first' from command line to 'False'
[0.594s] Level 5:colcon.colcon_core.verb:set package 'robot_motion' build argument 'cmake_force_configure' from command line to 'False'
[0.594s] Level 5:colcon.colcon_core.verb:set package 'robot_motion' build argument 'ament_cmake_args' from command line to 'None'
[0.594s] Level 5:colcon.colcon_core.verb:set package 'robot_motion' build argument 'catkin_cmake_args' from command line to 'None'
[0.594s] Level 5:colcon.colcon_core.verb:set package 'robot_motion' build argument 'catkin_skip_building_tests' from command line to 'False'
[0.595s] DEBUG:colcon.colcon_core.verb:Building package 'robot_motion' with the following arguments: {'ament_cmake_args': None, 'build_base': '/home/zme/self_project/rebotArm_mujoco/build/robot_motion', 'catkin_cmake_args': None, 'catkin_skip_building_tests': False, 'cmake_args': None, 'cmake_clean_cache': False, 'cmake_clean_first': False, 'cmake_force_configure': False, 'cmake_target': None, 'cmake_target_skip_unavailable': False, 'install_base': '/home/zme/self_project/rebotArm_mujoco/install/robot_motion', 'merge_install': False, 'path': '/home/zme/self_project/rebotArm_mujoco/src/robot_motion', 'symlink_install': False, 'test_result_base': None}
[0.595s] Level 5:colcon.colcon_core.verb:set package 'test_control' build argument 'cmake_args' from command line to 'None'
[0.595s] Level 5:colcon.colcon_core.verb:set package 'test_control' build argument 'cmake_target' from command line to 'None'
[0.595s] Level 5:colcon.colcon_core.verb:set package 'test_control' build argument 'cmake_target_skip_unavailable' from command line to 'False'
[0.595s] Level 5:colcon.colcon_core.verb:set package 'test_control' build argument 'cmake_clean_cache' from command line to 'False'
[0.595s] Level 5:colcon.colcon_core.verb:set package 'test_control' build argument 'cmake_clean_first' from command line to 'False'
[0.595s] Level 5:colcon.colcon_core.verb:set package 'test_control' build argument 'cmake_force_configure' from command line to 'False'
[0.595s] Level 5:colcon.colcon_core.verb:set package 'test_control' build argument 'ament_cmake_args' from command line to 'None'
[0.595s] Level 5:colcon.colcon_core.verb:set package 'test_control' build argument 'catkin_cmake_args' from command line to 'None'
[0.595s] Level 5:colcon.colcon_core.verb:set package 'test_control' build argument 'catkin_skip_building_tests' from command line to 'False'
[0.595s] DEBUG:colcon.colcon_core.verb:Building package 'test_control' with the following arguments: {'ament_cmake_args': None, 'build_base': '/home/zme/self_project/rebotArm_mujoco/build/test_control', 'catkin_cmake_args': None, 'catkin_skip_building_tests': False, 'cmake_args': None, 'cmake_clean_cache': False, 'cmake_clean_first': False, 'cmake_force_configure': False, 'cmake_target': None, 'cmake_target_skip_unavailable': False, 'install_base': '/home/zme/self_project/rebotArm_mujoco/install/test_control', 'merge_install': False, 'path': '/home/zme/self_project/rebotArm_mujoco/src/test_control', 'symlink_install': False, 'test_result_base': None}
[0.596s] INFO:colcon.colcon_core.executor:Executing jobs using 'parallel' executor
[0.597s] DEBUG:colcon.colcon_parallel_executor.executor.parallel:run_until_complete
[0.597s] INFO:colcon.colcon_ros.task.ament_cmake.build:Building ROS package in '/home/zme/self_project/rebotArm_mujoco/src/robot_msgs' with build type 'ament_cmake'
[0.597s] INFO:colcon.colcon_cmake.task.cmake.build:Building CMake package in '/home/zme/self_project/rebotArm_mujoco/src/robot_msgs'
[0.601s] INFO:colcon.colcon_core.plugin_system:Skipping extension 'colcon_core.shell.bat': Not used on non-Windows systems
[0.601s] INFO:colcon.colcon_core.shell:Skip shell extension 'powershell' for command environment: Not usable outside of PowerShell
[0.601s] DEBUG:colcon.colcon_core.shell:Skip shell extension 'dsv' for command environment
[0.608s] INFO:colcon.colcon_ros.task.ament_cmake.build:Building ROS package in '/home/zme/self_project/rebotArm_mujoco/src/rebot_description' with build type 'ament_cmake'
[0.609s] INFO:colcon.colcon_cmake.task.cmake.build:Building CMake package in '/home/zme/self_project/rebotArm_mujoco/src/rebot_description'
[0.609s] INFO:colcon.colcon_core.shell:Skip shell extension 'powershell' for command environment: Not usable outside of PowerShell
[0.609s] DEBUG:colcon.colcon_core.shell:Skip shell extension 'dsv' for command environment
[0.625s] DEBUG:colcon.colcon_core.event_handler.log_command:Invoking command in '/home/zme/self_project/rebotArm_mujoco/build/robot_msgs': CMAKE_PREFIX_PATH=${CMAKE_PREFIX_PATH}:/opt/ros/jazzy DEBUGINFOD_URLS=https://debuginfod.ubuntu.com /usr/bin/cmake --build /home/zme/self_project/rebotArm_mujoco/build/robot_msgs -- -j8 -l8
[0.634s] DEBUG:colcon.colcon_core.event_handler.log_command:Invoking command in '/home/zme/self_project/rebotArm_mujoco/build/rebot_description': CMAKE_PREFIX_PATH=${CMAKE_PREFIX_PATH}:/opt/ros/jazzy DEBUGINFOD_URLS=https://debuginfod.ubuntu.com /usr/bin/cmake --build /home/zme/self_project/rebotArm_mujoco/build/rebot_description -- -j8 -l8
[0.718s] DEBUG:colcon.colcon_core.event_handler.log_command:Invoked command in '/home/zme/self_project/rebotArm_mujoco/build/rebot_description' returned '0': CMAKE_PREFIX_PATH=${CMAKE_PREFIX_PATH}:/opt/ros/jazzy DEBUGINFOD_URLS=https://debuginfod.ubuntu.com /usr/bin/cmake --build /home/zme/self_project/rebotArm_mujoco/build/rebot_description -- -j8 -l8
[0.747s] DEBUG:colcon.colcon_core.event_handler.log_command:Invoking command in '/home/zme/self_project/rebotArm_mujoco/build/rebot_description': CMAKE_PREFIX_PATH=${CMAKE_PREFIX_PATH}:/opt/ros/jazzy DEBUGINFOD_URLS=https://debuginfod.ubuntu.com /usr/bin/cmake --install /home/zme/self_project/rebotArm_mujoco/build/rebot_description
[0.774s] Level 1:colcon.colcon_core.environment:create_environment_scripts_only(rebot_description)
[0.787s] Level 1:colcon.colcon_core.environment:checking '/home/zme/self_project/rebotArm_mujoco/install/rebot_description' for CMake module files
[0.792s] Level 1:colcon.colcon_core.environment:checking '/home/zme/self_project/rebotArm_mujoco/install/rebot_description' for CMake config files
[0.793s] Level 1:colcon.colcon_core.shell:create_environment_hook('rebot_description', 'cmake_prefix_path')
[0.793s] INFO:colcon.colcon_core.shell:Creating environment hook '/home/zme/self_project/rebotArm_mujoco/install/rebot_description/share/rebot_description/hook/cmake_prefix_path.ps1'
[0.794s] INFO:colcon.colcon_core.shell:Creating environment descriptor '/home/zme/self_project/rebotArm_mujoco/install/rebot_description/share/rebot_description/hook/cmake_prefix_path.dsv'
[0.796s] INFO:colcon.colcon_core.shell:Creating environment hook '/home/zme/self_project/rebotArm_mujoco/install/rebot_description/share/rebot_description/hook/cmake_prefix_path.sh'
[0.798s] Level 1:colcon.colcon_core.environment:checking '/home/zme/self_project/rebotArm_mujoco/install/rebot_description/lib'
[0.801s] Level 1:colcon.colcon_core.environment:checking '/home/zme/self_project/rebotArm_mujoco/install/rebot_description/bin'
[0.802s] Level 1:colcon.colcon_core.environment:checking '/home/zme/self_project/rebotArm_mujoco/install/rebot_description/lib/pkgconfig/rebot_description.pc'
[0.802s] Level 1:colcon.colcon_core.environment:checking '/home/zme/self_project/rebotArm_mujoco/install/rebot_description/lib/python3.12/site-packages'
[0.803s] Level 1:colcon.colcon_core.environment:checking '/home/zme/self_project/rebotArm_mujoco/install/rebot_description/bin'
[0.804s] INFO:colcon.colcon_core.shell:Creating package script '/home/zme/self_project/rebotArm_mujoco/install/rebot_description/share/rebot_description/package.ps1'
[0.807s] INFO:colcon.colcon_core.shell:Creating package descriptor '/home/zme/self_project/rebotArm_mujoco/install/rebot_description/share/rebot_description/package.dsv'
[0.810s] INFO:colcon.colcon_core.shell:Creating package script '/home/zme/self_project/rebotArm_mujoco/install/rebot_description/share/rebot_description/package.sh'
[0.812s] INFO:colcon.colcon_core.shell:Creating package script '/home/zme/self_project/rebotArm_mujoco/install/rebot_description/share/rebot_description/package.bash'
[0.814s] INFO:colcon.colcon_core.shell:Creating package script '/home/zme/self_project/rebotArm_mujoco/install/rebot_description/share/rebot_description/package.zsh'
[0.817s] Level 1:colcon.colcon_core.environment:create_file_with_runtime_dependencies(/home/zme/self_project/rebotArm_mujoco/install/rebot_description/share/colcon-core/packages/rebot_description)
[0.822s] Level 1:colcon.colcon_core.environment:create_environment_scripts_only(rebot_description)
[0.823s] DEBUG:colcon.colcon_core.event_handler.log_command:Invoked command in '/home/zme/self_project/rebotArm_mujoco/build/rebot_description' returned '0': CMAKE_PREFIX_PATH=${CMAKE_PREFIX_PATH}:/opt/ros/jazzy DEBUGINFOD_URLS=https://debuginfod.ubuntu.com /usr/bin/cmake --install /home/zme/self_project/rebotArm_mujoco/build/rebot_description
[0.824s] Level 1:colcon.colcon_core.environment:checking '/home/zme/self_project/rebotArm_mujoco/install/rebot_description' for CMake module files
[0.826s] Level 1:colcon.colcon_core.environment:checking '/home/zme/self_project/rebotArm_mujoco/install/rebot_description' for CMake config files
[0.826s] Level 1:colcon.colcon_core.shell:create_environment_hook('rebot_description', 'cmake_prefix_path')
[0.827s] INFO:colcon.colcon_core.shell:Creating environment hook '/home/zme/self_project/rebotArm_mujoco/install/rebot_description/share/rebot_description/hook/cmake_prefix_path.ps1'
[0.828s] INFO:colcon.colcon_core.shell:Creating environment descriptor '/home/zme/self_project/rebotArm_mujoco/install/rebot_description/share/rebot_description/hook/cmake_prefix_path.dsv'
[0.829s] INFO:colcon.colcon_core.shell:Creating environment hook '/home/zme/self_project/rebotArm_mujoco/install/rebot_description/share/rebot_description/hook/cmake_prefix_path.sh'
[0.831s] Level 1:colcon.colcon_core.environment:checking '/home/zme/self_project/rebotArm_mujoco/install/rebot_description/lib'
[0.835s] Level 1:colcon.colcon_core.environment:checking '/home/zme/self_project/rebotArm_mujoco/install/rebot_description/bin'
[0.835s] Level 1:colcon.colcon_core.environment:checking '/home/zme/self_project/rebotArm_mujoco/install/rebot_description/lib/pkgconfig/rebot_description.pc'
[0.835s] Level 1:colcon.colcon_core.environment:checking '/home/zme/self_project/rebotArm_mujoco/install/rebot_description/lib/python3.12/site-packages'
[0.837s] Level 1:colcon.colcon_core.environment:checking '/home/zme/self_project/rebotArm_mujoco/install/rebot_description/bin'
[0.840s] INFO:colcon.colcon_core.shell:Creating package script '/home/zme/self_project/rebotArm_mujoco/install/rebot_description/share/rebot_description/package.ps1'
[0.842s] INFO:colcon.colcon_core.shell:Creating package descriptor '/home/zme/self_project/rebotArm_mujoco/install/rebot_description/share/rebot_description/package.dsv'
[0.846s] INFO:colcon.colcon_core.shell:Creating package script '/home/zme/self_project/rebotArm_mujoco/install/rebot_description/share/rebot_description/package.sh'
[0.848s] INFO:colcon.colcon_core.shell:Creating package script '/home/zme/self_project/rebotArm_mujoco/install/rebot_description/share/rebot_description/package.bash'
[0.854s] INFO:colcon.colcon_core.shell:Creating package script '/home/zme/self_project/rebotArm_mujoco/install/rebot_description/share/rebot_description/package.zsh'
[0.856s] Level 1:colcon.colcon_core.environment:create_file_with_runtime_dependencies(/home/zme/self_project/rebotArm_mujoco/install/rebot_description/share/colcon-core/packages/rebot_description)
[1.655s] DEBUG:colcon.colcon_core.event_handler.log_command:Invoked command in '/home/zme/self_project/rebotArm_mujoco/build/robot_msgs' returned '0': CMAKE_PREFIX_PATH=${CMAKE_PREFIX_PATH}:/opt/ros/jazzy DEBUGINFOD_URLS=https://debuginfod.ubuntu.com /usr/bin/cmake --build /home/zme/self_project/rebotArm_mujoco/build/robot_msgs -- -j8 -l8
[1.658s] DEBUG:colcon.colcon_core.event_handler.log_command:Invoking command in '/home/zme/self_project/rebotArm_mujoco/build/robot_msgs': CMAKE_PREFIX_PATH=${CMAKE_PREFIX_PATH}:/opt/ros/jazzy DEBUGINFOD_URLS=https://debuginfod.ubuntu.com /usr/bin/cmake --install /home/zme/self_project/rebotArm_mujoco/build/robot_msgs
[1.789s] Level 1:colcon.colcon_core.environment:create_environment_scripts_only(robot_msgs)
[1.790s] Level 1:colcon.colcon_core.environment:checking '/home/zme/self_project/rebotArm_mujoco/install/robot_msgs' for CMake module files
[1.793s] Level 1:colcon.colcon_core.environment:checking '/home/zme/self_project/rebotArm_mujoco/install/robot_msgs' for CMake config files
[1.795s] Level 1:colcon.colcon_core.shell:create_environment_hook('robot_msgs', 'cmake_prefix_path')
[1.796s] INFO:colcon.colcon_core.shell:Creating environment hook '/home/zme/self_project/rebotArm_mujoco/install/robot_msgs/share/robot_msgs/hook/cmake_prefix_path.ps1'
[1.798s] INFO:colcon.colcon_core.shell:Creating environment descriptor '/home/zme/self_project/rebotArm_mujoco/install/robot_msgs/share/robot_msgs/hook/cmake_prefix_path.dsv'
[1.800s] DEBUG:colcon.colcon_core.event_handler.log_command:Invoked command in '/home/zme/self_project/rebotArm_mujoco/build/robot_msgs' returned '0': CMAKE_PREFIX_PATH=${CMAKE_PREFIX_PATH}:/opt/ros/jazzy DEBUGINFOD_URLS=https://debuginfod.ubuntu.com /usr/bin/cmake --install /home/zme/self_project/rebotArm_mujoco/build/robot_msgs
[1.800s] INFO:colcon.colcon_core.shell:Creating environment hook '/home/zme/self_project/rebotArm_mujoco/install/robot_msgs/share/robot_msgs/hook/cmake_prefix_path.sh'
[1.802s] Level 1:colcon.colcon_core.environment:checking '/home/zme/self_project/rebotArm_mujoco/install/robot_msgs/lib'
[1.802s] Level 1:colcon.colcon_core.shell:create_environment_hook('robot_msgs', 'ld_library_path_lib')
[1.803s] INFO:colcon.colcon_core.shell:Creating environment hook '/home/zme/self_project/rebotArm_mujoco/install/robot_msgs/share/robot_msgs/hook/ld_library_path_lib.ps1'
[1.804s] INFO:colcon.colcon_core.shell:Creating environment descriptor '/home/zme/self_project/rebotArm_mujoco/install/robot_msgs/share/robot_msgs/hook/ld_library_path_lib.dsv'
[1.804s] INFO:colcon.colcon_core.shell:Creating environment hook '/home/zme/self_project/rebotArm_mujoco/install/robot_msgs/share/robot_msgs/hook/ld_library_path_lib.sh'
[1.806s] Level 1:colcon.colcon_core.environment:checking '/home/zme/self_project/rebotArm_mujoco/install/robot_msgs/bin'
[1.806s] Level 1:colcon.colcon_core.environment:checking '/home/zme/self_project/rebotArm_mujoco/install/robot_msgs/lib/pkgconfig/robot_msgs.pc'
[1.807s] Level 1:colcon.colcon_core.environment:checking '/home/zme/self_project/rebotArm_mujoco/install/robot_msgs/lib/python3.12/site-packages'
[1.807s] Level 1:colcon.colcon_core.shell:create_environment_hook('robot_msgs', 'pythonpath')
[1.808s] INFO:colcon.colcon_core.shell:Creating environment hook '/home/zme/self_project/rebotArm_mujoco/install/robot_msgs/share/robot_msgs/hook/pythonpath.ps1'
[1.809s] INFO:colcon.colcon_core.shell:Creating environment descriptor '/home/zme/self_project/rebotArm_mujoco/install/robot_msgs/share/robot_msgs/hook/pythonpath.dsv'
[1.810s] INFO:colcon.colcon_core.shell:Creating environment hook '/home/zme/self_project/rebotArm_mujoco/install/robot_msgs/share/robot_msgs/hook/pythonpath.sh'
[1.811s] Level 1:colcon.colcon_core.environment:checking '/home/zme/self_project/rebotArm_mujoco/install/robot_msgs/bin'
[1.812s] INFO:colcon.colcon_core.shell:Creating package script '/home/zme/self_project/rebotArm_mujoco/install/robot_msgs/share/robot_msgs/package.ps1'
[1.813s] INFO:colcon.colcon_core.shell:Creating package descriptor '/home/zme/self_project/rebotArm_mujoco/install/robot_msgs/share/robot_msgs/package.dsv'
[1.814s] INFO:colcon.colcon_core.shell:Creating package script '/home/zme/self_project/rebotArm_mujoco/install/robot_msgs/share/robot_msgs/package.sh'
[1.815s] INFO:colcon.colcon_core.shell:Creating package script '/home/zme/self_project/rebotArm_mujoco/install/robot_msgs/share/robot_msgs/package.bash'
[1.816s] INFO:colcon.colcon_core.shell:Creating package script '/home/zme/self_project/rebotArm_mujoco/install/robot_msgs/share/robot_msgs/package.zsh'
[1.816s] Level 1:colcon.colcon_core.environment:create_file_with_runtime_dependencies(/home/zme/self_project/rebotArm_mujoco/install/robot_msgs/share/colcon-core/packages/robot_msgs)
[1.817s] Level 1:colcon.colcon_core.environment:create_environment_scripts_only(robot_msgs)
[1.818s] Level 1:colcon.colcon_core.environment:checking '/home/zme/self_project/rebotArm_mujoco/install/robot_msgs' for CMake module files
[1.819s] Level 1:colcon.colcon_core.environment:checking '/home/zme/self_project/rebotArm_mujoco/install/robot_msgs' for CMake config files
[1.820s] Level 1:colcon.colcon_core.shell:create_environment_hook('robot_msgs', 'cmake_prefix_path')
[1.820s] INFO:colcon.colcon_core.shell:Creating environment hook '/home/zme/self_project/rebotArm_mujoco/install/robot_msgs/share/robot_msgs/hook/cmake_prefix_path.ps1'
[1.821s] INFO:colcon.colcon_core.shell:Creating environment descriptor '/home/zme/self_project/rebotArm_mujoco/install/robot_msgs/share/robot_msgs/hook/cmake_prefix_path.dsv'
[1.822s] INFO:colcon.colcon_core.shell:Creating environment hook '/home/zme/self_project/rebotArm_mujoco/install/robot_msgs/share/robot_msgs/hook/cmake_prefix_path.sh'
[1.823s] Level 1:colcon.colcon_core.environment:checking '/home/zme/self_project/rebotArm_mujoco/install/robot_msgs/lib'
[1.823s] Level 1:colcon.colcon_core.shell:create_environment_hook('robot_msgs', 'ld_library_path_lib')
[1.823s] INFO:colcon.colcon_core.shell:Creating environment hook '/home/zme/self_project/rebotArm_mujoco/install/robot_msgs/share/robot_msgs/hook/ld_library_path_lib.ps1'
[1.824s] INFO:colcon.colcon_core.shell:Creating environment descriptor '/home/zme/self_project/rebotArm_mujoco/install/robot_msgs/share/robot_msgs/hook/ld_library_path_lib.dsv'
[1.825s] INFO:colcon.colcon_core.shell:Creating environment hook '/home/zme/self_project/rebotArm_mujoco/install/robot_msgs/share/robot_msgs/hook/ld_library_path_lib.sh'
[1.825s] Level 1:colcon.colcon_core.environment:checking '/home/zme/self_project/rebotArm_mujoco/install/robot_msgs/bin'
[1.826s] Level 1:colcon.colcon_core.environment:checking '/home/zme/self_project/rebotArm_mujoco/install/robot_msgs/lib/pkgconfig/robot_msgs.pc'
[1.826s] Level 1:colcon.colcon_core.environment:checking '/home/zme/self_project/rebotArm_mujoco/install/robot_msgs/lib/python3.12/site-packages'
[1.826s] Level 1:colcon.colcon_core.shell:create_environment_hook('robot_msgs', 'pythonpath')
[1.826s] INFO:colcon.colcon_core.shell:Creating environment hook '/home/zme/self_project/rebotArm_mujoco/install/robot_msgs/share/robot_msgs/hook/pythonpath.ps1'
[1.827s] INFO:colcon.colcon_core.shell:Creating environment descriptor '/home/zme/self_project/rebotArm_mujoco/install/robot_msgs/share/robot_msgs/hook/pythonpath.dsv'
[1.828s] INFO:colcon.colcon_core.shell:Creating environment hook '/home/zme/self_project/rebotArm_mujoco/install/robot_msgs/share/robot_msgs/hook/pythonpath.sh'
[1.829s] Level 1:colcon.colcon_core.environment:checking '/home/zme/self_project/rebotArm_mujoco/install/robot_msgs/bin'
[1.830s] INFO:colcon.colcon_core.shell:Creating package script '/home/zme/self_project/rebotArm_mujoco/install/robot_msgs/share/robot_msgs/package.ps1'
[1.831s] INFO:colcon.colcon_core.shell:Creating package descriptor '/home/zme/self_project/rebotArm_mujoco/install/robot_msgs/share/robot_msgs/package.dsv'
[1.832s] INFO:colcon.colcon_core.shell:Creating package script '/home/zme/self_project/rebotArm_mujoco/install/robot_msgs/share/robot_msgs/package.sh'
[1.833s] INFO:colcon.colcon_core.shell:Creating package script '/home/zme/self_project/rebotArm_mujoco/install/robot_msgs/share/robot_msgs/package.bash'
[1.835s] INFO:colcon.colcon_core.shell:Creating package script '/home/zme/self_project/rebotArm_mujoco/install/robot_msgs/share/robot_msgs/package.zsh'
[1.837s] Level 1:colcon.colcon_core.environment:create_file_with_runtime_dependencies(/home/zme/self_project/rebotArm_mujoco/install/robot_msgs/share/colcon-core/packages/robot_msgs)
[1.838s] INFO:colcon.colcon_ros.task.ament_cmake.build:Building ROS package in '/home/zme/self_project/rebotArm_mujoco/src/robot_motion' with build type 'ament_cmake'
[1.838s] INFO:colcon.colcon_cmake.task.cmake.build:Building CMake package in '/home/zme/self_project/rebotArm_mujoco/src/robot_motion'
[1.839s] INFO:colcon.colcon_core.shell:Skip shell extension 'powershell' for command environment: Not usable outside of PowerShell
[1.839s] DEBUG:colcon.colcon_core.shell:Skip shell extension 'dsv' for command environment
[1.861s] DEBUG:colcon.colcon_core.event_handler.log_command:Invoking command in '/home/zme/self_project/rebotArm_mujoco/build/robot_motion': AMENT_PREFIX_PATH=/home/zme/self_project/rebotArm_mujoco/install/robot_msgs:${AMENT_PREFIX_PATH} CMAKE_PREFIX_PATH=/home/zme/self_project/rebotArm_mujoco/install/robot_msgs:/opt/ros/jazzy/opt/sdformat_vendor:/opt/ros/jazzy/opt/gz_math_vendor:/opt/ros/jazzy/opt/gz_utils_vendor:/opt/ros/jazzy/opt/gz_tools_vendor:/opt/ros/jazzy/opt/gz_cmake_vendor:/opt/ros/jazzy DEBUGINFOD_URLS=https://debuginfod.ubuntu.com LD_LIBRARY_PATH=/home/zme/self_project/rebotArm_mujoco/install/robot_msgs/lib:${LD_LIBRARY_PATH} PYTHONPATH=/home/zme/self_project/rebotArm_mujoco/install/robot_msgs/lib/python3.12/site-packages:${PYTHONPATH} /usr/bin/cmake --build /home/zme/self_project/rebotArm_mujoco/build/robot_motion -- -j8 -l8
[4.495s] DEBUG:colcon.colcon_core.event_handler.log_command:Invoked command in '/home/zme/self_project/rebotArm_mujoco/build/robot_motion' returned '0': AMENT_PREFIX_PATH=/home/zme/self_project/rebotArm_mujoco/install/robot_msgs:${AMENT_PREFIX_PATH} CMAKE_PREFIX_PATH=/home/zme/self_project/rebotArm_mujoco/install/robot_msgs:/opt/ros/jazzy/opt/sdformat_vendor:/opt/ros/jazzy/opt/gz_math_vendor:/opt/ros/jazzy/opt/gz_utils_vendor:/opt/ros/jazzy/opt/gz_tools_vendor:/opt/ros/jazzy/opt/gz_cmake_vendor:/opt/ros/jazzy DEBUGINFOD_URLS=https://debuginfod.ubuntu.com LD_LIBRARY_PATH=/home/zme/self_project/rebotArm_mujoco/install/robot_msgs/lib:${LD_LIBRARY_PATH} PYTHONPATH=/home/zme/self_project/rebotArm_mujoco/install/robot_msgs/lib/python3.12/site-packages:${PYTHONPATH} /usr/bin/cmake --build /home/zme/self_project/rebotArm_mujoco/build/robot_motion -- -j8 -l8
[4.501s] DEBUG:colcon.colcon_core.event_handler.log_command:Invoking command in '/home/zme/self_project/rebotArm_mujoco/build/robot_motion': AMENT_PREFIX_PATH=/home/zme/self_project/rebotArm_mujoco/install/robot_msgs:${AMENT_PREFIX_PATH} CMAKE_PREFIX_PATH=/home/zme/self_project/rebotArm_mujoco/install/robot_msgs:/opt/ros/jazzy/opt/sdformat_vendor:/opt/ros/jazzy/opt/gz_math_vendor:/opt/ros/jazzy/opt/gz_utils_vendor:/opt/ros/jazzy/opt/gz_tools_vendor:/opt/ros/jazzy/opt/gz_cmake_vendor:/opt/ros/jazzy DEBUGINFOD_URLS=https://debuginfod.ubuntu.com LD_LIBRARY_PATH=/home/zme/self_project/rebotArm_mujoco/install/robot_msgs/lib:${LD_LIBRARY_PATH} PYTHONPATH=/home/zme/self_project/rebotArm_mujoco/install/robot_msgs/lib/python3.12/site-packages:${PYTHONPATH} /usr/bin/cmake --install /home/zme/self_project/rebotArm_mujoco/build/robot_motion
[4.523s] Level 1:colcon.colcon_core.environment:create_environment_scripts_only(robot_motion)
[4.524s] Level 1:colcon.colcon_core.environment:checking '/home/zme/self_project/rebotArm_mujoco/install/robot_motion' for CMake module files
[4.529s] Level 1:colcon.colcon_core.environment:checking '/home/zme/self_project/rebotArm_mujoco/install/robot_motion' for CMake config files
[4.531s] Level 1:colcon.colcon_core.shell:create_environment_hook('robot_motion', 'cmake_prefix_path')
[4.532s] INFO:colcon.colcon_core.shell:Creating environment hook '/home/zme/self_project/rebotArm_mujoco/install/robot_motion/share/robot_motion/hook/cmake_prefix_path.ps1'
[4.533s] DEBUG:colcon.colcon_core.event_handler.log_command:Invoked command in '/home/zme/self_project/rebotArm_mujoco/build/robot_motion' returned '0': AMENT_PREFIX_PATH=/home/zme/self_project/rebotArm_mujoco/install/robot_msgs:${AMENT_PREFIX_PATH} CMAKE_PREFIX_PATH=/home/zme/self_project/rebotArm_mujoco/install/robot_msgs:/opt/ros/jazzy/opt/sdformat_vendor:/opt/ros/jazzy/opt/gz_math_vendor:/opt/ros/jazzy/opt/gz_utils_vendor:/opt/ros/jazzy/opt/gz_tools_vendor:/opt/ros/jazzy/opt/gz_cmake_vendor:/opt/ros/jazzy DEBUGINFOD_URLS=https://debuginfod.ubuntu.com LD_LIBRARY_PATH=/home/zme/self_project/rebotArm_mujoco/install/robot_msgs/lib:${LD_LIBRARY_PATH} PYTHONPATH=/home/zme/self_project/rebotArm_mujoco/install/robot_msgs/lib/python3.12/site-packages:${PYTHONPATH} /usr/bin/cmake --install /home/zme/self_project/rebotArm_mujoco/build/robot_motion
[4.535s] INFO:colcon.colcon_core.shell:Creating environment descriptor '/home/zme/self_project/rebotArm_mujoco/install/robot_motion/share/robot_motion/hook/cmake_prefix_path.dsv'
[4.535s] INFO:colcon.colcon_core.shell:Creating environment hook '/home/zme/self_project/rebotArm_mujoco/install/robot_motion/share/robot_motion/hook/cmake_prefix_path.sh'
[4.536s] Level 1:colcon.colcon_core.environment:checking '/home/zme/self_project/rebotArm_mujoco/install/robot_motion/lib'
[4.537s] Level 1:colcon.colcon_core.shell:create_environment_hook('robot_motion', 'ld_library_path_lib')
[4.537s] INFO:colcon.colcon_core.shell:Creating environment hook '/home/zme/self_project/rebotArm_mujoco/install/robot_motion/share/robot_motion/hook/ld_library_path_lib.ps1'
[4.537s] INFO:colcon.colcon_core.shell:Creating environment descriptor '/home/zme/self_project/rebotArm_mujoco/install/robot_motion/share/robot_motion/hook/ld_library_path_lib.dsv'
[4.538s] INFO:colcon.colcon_core.shell:Creating environment hook '/home/zme/self_project/rebotArm_mujoco/install/robot_motion/share/robot_motion/hook/ld_library_path_lib.sh'
[4.539s] Level 1:colcon.colcon_core.environment:checking '/home/zme/self_project/rebotArm_mujoco/install/robot_motion/bin'
[4.539s] Level 1:colcon.colcon_core.environment:checking '/home/zme/self_project/rebotArm_mujoco/install/robot_motion/lib/pkgconfig/robot_motion.pc'
[4.539s] Level 1:colcon.colcon_core.environment:checking '/home/zme/self_project/rebotArm_mujoco/install/robot_motion/lib/python3.12/site-packages'
[4.540s] Level 1:colcon.colcon_core.environment:checking '/home/zme/self_project/rebotArm_mujoco/install/robot_motion/bin'
[4.540s] INFO:colcon.colcon_core.shell:Creating package script '/home/zme/self_project/rebotArm_mujoco/install/robot_motion/share/robot_motion/package.ps1'
[4.542s] INFO:colcon.colcon_core.shell:Creating package descriptor '/home/zme/self_project/rebotArm_mujoco/install/robot_motion/share/robot_motion/package.dsv'
[4.542s] INFO:colcon.colcon_core.shell:Creating package script '/home/zme/self_project/rebotArm_mujoco/install/robot_motion/share/robot_motion/package.sh'
[4.544s] INFO:colcon.colcon_core.shell:Creating package script '/home/zme/self_project/rebotArm_mujoco/install/robot_motion/share/robot_motion/package.bash'
[4.544s] INFO:colcon.colcon_core.shell:Creating package script '/home/zme/self_project/rebotArm_mujoco/install/robot_motion/share/robot_motion/package.zsh'
[4.545s] Level 1:colcon.colcon_core.environment:create_file_with_runtime_dependencies(/home/zme/self_project/rebotArm_mujoco/install/robot_motion/share/colcon-core/packages/robot_motion)
[4.546s] Level 1:colcon.colcon_core.environment:create_environment_scripts_only(robot_motion)
[4.547s] Level 1:colcon.colcon_core.environment:checking '/home/zme/self_project/rebotArm_mujoco/install/robot_motion' for CMake module files
[4.548s] Level 1:colcon.colcon_core.environment:checking '/home/zme/self_project/rebotArm_mujoco/install/robot_motion' for CMake config files
[4.548s] Level 1:colcon.colcon_core.shell:create_environment_hook('robot_motion', 'cmake_prefix_path')
[4.549s] INFO:colcon.colcon_core.shell:Creating environment hook '/home/zme/self_project/rebotArm_mujoco/install/robot_motion/share/robot_motion/hook/cmake_prefix_path.ps1'
[4.550s] INFO:colcon.colcon_core.shell:Creating environment descriptor '/home/zme/self_project/rebotArm_mujoco/install/robot_motion/share/robot_motion/hook/cmake_prefix_path.dsv'
[4.551s] INFO:colcon.colcon_core.shell:Creating environment hook '/home/zme/self_project/rebotArm_mujoco/install/robot_motion/share/robot_motion/hook/cmake_prefix_path.sh'
[4.552s] Level 1:colcon.colcon_core.environment:checking '/home/zme/self_project/rebotArm_mujoco/install/robot_motion/lib'
[4.552s] Level 1:colcon.colcon_core.shell:create_environment_hook('robot_motion', 'ld_library_path_lib')
[4.553s] INFO:colcon.colcon_core.shell:Creating environment hook '/home/zme/self_project/rebotArm_mujoco/install/robot_motion/share/robot_motion/hook/ld_library_path_lib.ps1'
[4.554s] INFO:colcon.colcon_core.shell:Creating environment descriptor '/home/zme/self_project/rebotArm_mujoco/install/robot_motion/share/robot_motion/hook/ld_library_path_lib.dsv'
[4.555s] INFO:colcon.colcon_core.shell:Creating environment hook '/home/zme/self_project/rebotArm_mujoco/install/robot_motion/share/robot_motion/hook/ld_library_path_lib.sh'
[4.556s] Level 1:colcon.colcon_core.environment:checking '/home/zme/self_project/rebotArm_mujoco/install/robot_motion/bin'
[4.556s] Level 1:colcon.colcon_core.environment:checking '/home/zme/self_project/rebotArm_mujoco/install/robot_motion/lib/pkgconfig/robot_motion.pc'
[4.556s] Level 1:colcon.colcon_core.environment:checking '/home/zme/self_project/rebotArm_mujoco/install/robot_motion/lib/python3.12/site-packages'
[4.557s] Level 1:colcon.colcon_core.environment:checking '/home/zme/self_project/rebotArm_mujoco/install/robot_motion/bin'
[4.558s] INFO:colcon.colcon_core.shell:Creating package script '/home/zme/self_project/rebotArm_mujoco/install/robot_motion/share/robot_motion/package.ps1'
[4.560s] INFO:colcon.colcon_core.shell:Creating package descriptor '/home/zme/self_project/rebotArm_mujoco/install/robot_motion/share/robot_motion/package.dsv'
[4.563s] INFO:colcon.colcon_core.shell:Creating package script '/home/zme/self_project/rebotArm_mujoco/install/robot_motion/share/robot_motion/package.sh'
[4.564s] INFO:colcon.colcon_core.shell:Creating package script '/home/zme/self_project/rebotArm_mujoco/install/robot_motion/share/robot_motion/package.bash'
[4.565s] INFO:colcon.colcon_core.shell:Creating package script '/home/zme/self_project/rebotArm_mujoco/install/robot_motion/share/robot_motion/package.zsh'
[4.566s] Level 1:colcon.colcon_core.environment:create_file_with_runtime_dependencies(/home/zme/self_project/rebotArm_mujoco/install/robot_motion/share/colcon-core/packages/robot_motion)
[4.567s] INFO:colcon.colcon_ros.task.ament_cmake.build:Building ROS package in '/home/zme/self_project/rebotArm_mujoco/src/test_control' with build type 'ament_cmake'
[4.567s] INFO:colcon.colcon_cmake.task.cmake.build:Building CMake package in '/home/zme/self_project/rebotArm_mujoco/src/test_control'
[4.568s] INFO:colcon.colcon_core.shell:Skip shell extension 'powershell' for command environment: Not usable outside of PowerShell
[4.568s] DEBUG:colcon.colcon_core.shell:Skip shell extension 'dsv' for command environment
[4.599s] DEBUG:colcon.colcon_core.event_handler.log_command:Invoking command in '/home/zme/self_project/rebotArm_mujoco/build/test_control': AMENT_PREFIX_PATH=/home/zme/self_project/rebotArm_mujoco/install/robot_motion:/home/zme/self_project/rebotArm_mujoco/install/robot_msgs:${AMENT_PREFIX_PATH} CMAKE_PREFIX_PATH=/home/zme/self_project/rebotArm_mujoco/install/robot_motion:/home/zme/self_project/rebotArm_mujoco/install/robot_msgs:/opt/ros/jazzy/opt/sdformat_vendor:/opt/ros/jazzy/opt/gz_math_vendor:/opt/ros/jazzy/opt/gz_utils_vendor:/opt/ros/jazzy/opt/gz_tools_vendor:/opt/ros/jazzy/opt/gz_cmake_vendor:/opt/ros/jazzy DEBUGINFOD_URLS=https://debuginfod.ubuntu.com LD_LIBRARY_PATH=/home/zme/self_project/rebotArm_mujoco/install/robot_motion/lib:/home/zme/self_project/rebotArm_mujoco/install/robot_msgs/lib:${LD_LIBRARY_PATH} PYTHONPATH=/home/zme/self_project/rebotArm_mujoco/install/robot_msgs/lib/python3.12/site-packages:${PYTHONPATH} /usr/bin/cmake --build /home/zme/self_project/rebotArm_mujoco/build/test_control -- -j8 -l8
[37.149s] DEBUG:colcon.colcon_core.event_handler.log_command:Invoked command in '/home/zme/self_project/rebotArm_mujoco/build/test_control' returned '2': AMENT_PREFIX_PATH=/home/zme/self_project/rebotArm_mujoco/install/robot_motion:/home/zme/self_project/rebotArm_mujoco/install/robot_msgs:${AMENT_PREFIX_PATH} CMAKE_PREFIX_PATH=/home/zme/self_project/rebotArm_mujoco/install/robot_motion:/home/zme/self_project/rebotArm_mujoco/install/robot_msgs:/opt/ros/jazzy/opt/sdformat_vendor:/opt/ros/jazzy/opt/gz_math_vendor:/opt/ros/jazzy/opt/gz_utils_vendor:/opt/ros/jazzy/opt/gz_tools_vendor:/opt/ros/jazzy/opt/gz_cmake_vendor:/opt/ros/jazzy DEBUGINFOD_URLS=https://debuginfod.ubuntu.com LD_LIBRARY_PATH=/home/zme/self_project/rebotArm_mujoco/install/robot_motion/lib:/home/zme/self_project/rebotArm_mujoco/install/robot_msgs/lib:${LD_LIBRARY_PATH} PYTHONPATH=/home/zme/self_project/rebotArm_mujoco/install/robot_msgs/lib/python3.12/site-packages:${PYTHONPATH} /usr/bin/cmake --build /home/zme/self_project/rebotArm_mujoco/build/test_control -- -j8 -l8
[37.150s] Level 1:colcon.colcon_core.environment:create_environment_scripts_only(test_control)
[37.151s] Level 1:colcon.colcon_core.environment:checking '/home/zme/self_project/rebotArm_mujoco/install/test_control' for CMake module files
[37.152s] Level 1:colcon.colcon_core.environment:checking '/home/zme/self_project/rebotArm_mujoco/install/test_control' for CMake config files
[37.152s] Level 1:colcon.colcon_core.environment:checking '/home/zme/self_project/rebotArm_mujoco/install/test_control/bin'
[37.152s] Level 1:colcon.colcon_core.environment:checking '/home/zme/self_project/rebotArm_mujoco/install/test_control/lib/pkgconfig/test_control.pc'
[37.153s] Level 1:colcon.colcon_core.environment:checking '/home/zme/self_project/rebotArm_mujoco/install/test_control/lib/python3.12/site-packages'
[37.154s] Level 1:colcon.colcon_core.environment:checking '/home/zme/self_project/rebotArm_mujoco/install/test_control/bin'
[37.154s] INFO:colcon.colcon_core.shell:Creating package script '/home/zme/self_project/rebotArm_mujoco/install/test_control/share/test_control/package.ps1'
[37.156s] INFO:colcon.colcon_core.shell:Creating package descriptor '/home/zme/self_project/rebotArm_mujoco/install/test_control/share/test_control/package.dsv'
[37.157s] INFO:colcon.colcon_core.shell:Creating package script '/home/zme/self_project/rebotArm_mujoco/install/test_control/share/test_control/package.sh'
[37.159s] INFO:colcon.colcon_core.shell:Creating package script '/home/zme/self_project/rebotArm_mujoco/install/test_control/share/test_control/package.bash'
[37.160s] INFO:colcon.colcon_core.shell:Creating package script '/home/zme/self_project/rebotArm_mujoco/install/test_control/share/test_control/package.zsh'
[37.162s] Level 1:colcon.colcon_core.environment:create_file_with_runtime_dependencies(/home/zme/self_project/rebotArm_mujoco/install/test_control/share/colcon-core/packages/test_control)
[37.173s] DEBUG:colcon.colcon_parallel_executor.executor.parallel:closing loop
[37.173s] DEBUG:colcon.colcon_parallel_executor.executor.parallel:loop closed
[37.174s] DEBUG:colcon.colcon_parallel_executor.executor.parallel:run_until_complete finished with '2'
[37.175s] DEBUG:colcon.colcon_core.event_reactor:joining thread
[37.186s] INFO:colcon.colcon_core.plugin_system:Skipping extension 'colcon_notification.desktop_notification.terminal_notifier': Not used on non-Darwin systems
[37.187s] INFO:colcon.colcon_core.plugin_system:Skipping extension 'colcon_notification.desktop_notification.win32': Not used on non-Windows systems
[37.187s] INFO:colcon.colcon_notification.desktop_notification:Sending desktop notification using 'notify2'
[37.219s] DEBUG:colcon.colcon_core.event_reactor:joined thread
[37.220s] INFO:colcon.colcon_core.shell:Creating prefix script '/home/zme/self_project/rebotArm_mujoco/install/local_setup.ps1'
[37.222s] INFO:colcon.colcon_core.shell:Creating prefix util module '/home/zme/self_project/rebotArm_mujoco/install/_local_setup_util_ps1.py'
[37.225s] INFO:colcon.colcon_core.shell:Creating prefix chain script '/home/zme/self_project/rebotArm_mujoco/install/setup.ps1'
[37.228s] INFO:colcon.colcon_core.shell:Creating prefix script '/home/zme/self_project/rebotArm_mujoco/install/local_setup.sh'
[37.230s] INFO:colcon.colcon_core.shell:Creating prefix util module '/home/zme/self_project/rebotArm_mujoco/install/_local_setup_util_sh.py'
[37.232s] INFO:colcon.colcon_core.shell:Creating prefix chain script '/home/zme/self_project/rebotArm_mujoco/install/setup.sh'
[37.237s] INFO:colcon.colcon_core.shell:Creating prefix script '/home/zme/self_project/rebotArm_mujoco/install/local_setup.bash'
[37.240s] INFO:colcon.colcon_core.shell:Creating prefix chain script '/home/zme/self_project/rebotArm_mujoco/install/setup.bash'
[37.243s] INFO:colcon.colcon_core.shell:Creating prefix script '/home/zme/self_project/rebotArm_mujoco/install/local_setup.zsh'
[37.245s] INFO:colcon.colcon_core.shell:Creating prefix chain script '/home/zme/self_project/rebotArm_mujoco/install/setup.zsh'
