[0.005s] Invoking command in '/home/zhang/self_project/arm_study_ws/build/robot_motion': AMENT_PREFIX_PATH=/home/zhang/self_project/arm_study_ws/install/robot_msgs:${AMENT_PREFIX_PATH} CMAKE_PREFIX_PATH=/home/zhang/self_project/arm_study_ws/install/robot_msgs:/opt/ros/jazzy/opt/gz_sim_vendor:/opt/ros/jazzy/opt/gz_sensors_vendor:/opt/ros/jazzy/opt/gz_physics_vendor:/opt/ros/jazzy/opt/sdformat_vendor:/opt/ros/jazzy/opt/gz_gui_vendor:/opt/ros/jazzy/opt/gz_transport_vendor:/opt/ros/jazzy/opt/gz_rendering_vendor:/opt/ros/jazzy/opt/gz_plugin_vendor:/opt/ros/jazzy/opt/gz_fuel_tools_vendor:/opt/ros/jazzy/opt/gz_msgs_vendor:/opt/ros/jazzy/opt/gz_common_vendor:/opt/ros/jazzy/opt/gz_math_vendor:/opt/ros/jazzy/opt/gz_utils_vendor:/opt/ros/jazzy/opt/gz_tools_vendor:/opt/ros/jazzy/opt/gz_ogre_next_vendor:/opt/ros/jazzy/opt/gz_dartsim_vendor:/opt/ros/jazzy/opt/gz_cmake_vendor:/opt/ros/jazzy DEBUGINFOD_URLS=https://debuginfod.ubuntu.com LD_LIBRARY_PATH=/home/zhang/self_project/arm_study_ws/install/robot_msgs/lib:${LD_LIBRARY_PATH} PYTHONPATH=/home/zhang/self_project/arm_study_ws/install/robot_msgs/lib/python3.12/site-packages:${PYTHONPATH} /usr/bin/cmake /home/zhang/self_project/arm_study_ws/src/robot_motion -DCMAKE_INSTALL_PREFIX=/home/zhang/self_project/arm_study_ws/install/robot_motion
[0.041s] -- The C compiler identification is GNU 13.3.0
[0.072s] -- The CXX compiler identification is GNU 13.3.0
[0.080s] -- Detecting C compiler ABI info
[0.132s] -- Detecting C compiler ABI info - done
[0.138s] -- Check for working C compiler: /usr/bin/cc - skipped
[0.138s] -- Detecting C compile features
[0.138s] -- Detecting C compile features - done
[0.143s] -- Detecting CXX compiler ABI info
[0.200s] -- Detecting CXX compiler ABI info - done
[0.205s] -- Check for working CXX compiler: /usr/bin/c++ - skipped
[0.206s] -- Detecting CXX compile features
[0.206s] -- Detecting CXX compile features - done
[0.208s] -- Found ament_cmake: 2.5.4 (/opt/ros/jazzy/share/ament_cmake/cmake)
[0.298s] -- Found Python3: /usr/bin/python3 (found version "3.12.3") found components: Interpreter 
[0.368s] -- Found rclcpp: 28.1.13 (/opt/ros/jazzy/share/rclcpp/cmake)
[0.398s] -- Found rosidl_generator_c: 4.6.6 (/opt/ros/jazzy/share/rosidl_generator_c/cmake)
[0.406s] -- Found rosidl_generator_cpp: 4.6.6 (/opt/ros/jazzy/share/rosidl_generator_cpp/cmake)
[0.418s] -- Using all available rosidl_typesupport_c: rosidl_typesupport_fastrtps_c;rosidl_typesupport_introspection_c
[0.425s] -- Using all available rosidl_typesupport_cpp: rosidl_typesupport_fastrtps_cpp;rosidl_typesupport_introspection_cpp
[0.465s] -- Found rmw_implementation_cmake: 7.3.2 (/opt/ros/jazzy/share/rmw_implementation_cmake/cmake)
[0.466s] -- Found rmw_cyclonedds_cpp: 2.2.3 (/opt/ros/jazzy/share/rmw_cyclonedds_cpp/cmake)
[0.482s] -- Using RMW implementation 'rmw_cyclonedds_cpp' as default
[0.517s] -- Found std_msgs: 5.3.6 (/opt/ros/jazzy/share/std_msgs/cmake)
[0.524s] -- Found sensor_msgs: 5.3.6 (/opt/ros/jazzy/share/sensor_msgs/cmake)
[0.544s] -- Found robot_msgs: 0.0.0 (/home/zhang/self_project/arm_study_ws/install/robot_msgs/share/robot_msgs/cmake)
[0.549s] -- pinocchio_default FOUND. pinocchio_default at /opt/ros/jazzy/lib/x86_64-linux-gnu/libpinocchio_default.so
[0.549s] -- pinocchio_parsers FOUND. pinocchio_parsers at /opt/ros/jazzy/lib/x86_64-linux-gnu/libpinocchio_parsers.so
[0.551s] -- boost_filesystem FOUND. boost_filesystem at /lib/x86_64-linux-gnu/libboost_filesystem.so
[0.587s] -- Found Boost: /usr/include (found version "1.83.0") found components: filesystem serialization 
[0.588s] -- eigenpy FOUND. eigenpy at /opt/ros/jazzy/lib/x86_64-linux-gnu/libeigenpy.so
[0.604s] -- Checking for NumPy
[0.724s] --   NUMPY_INCLUDE_DIRS=/usr/lib/python3/dist-packages/numpy/core/include
[0.772s] --   NUMPY_VERSION=1.26.4
[0.974s] -- Found Python3: /usr/bin/python3 (found version "3.12.3") found components: Interpreter Development.Module NumPy 
[0.974s] -- PythonLibraryDirs: 
[0.974s] -- PythonLibVersionString: 3.12.3
[0.986s] -- Python site lib: lib/python3.12/site-packages
[0.986s] -- Python include dirs: /usr/include/python3.12
[1.011s] -- Checking for NumPy
[1.069s] --   NUMPY_INCLUDE_DIRS=/usr/lib/python3/dist-packages/numpy/core/include
[1.126s] --   NUMPY_VERSION=1.26.4
[1.126s] -- NumPy include dir: /usr/lib/python3/dist-packages/numpy/core/include
[1.131s] -- Found Boost: /usr/include (found version "1.83.0") found components: python312 
[1.307s] -- Default C++ standard: 201703
[1.307s] -- Minimal C++ standard upgraded to 11
[1.307s] -- C++ standard sufficient: Minimal required 11, currently defined: 17
[1.307s] -- CMAKE_CXX_STANDARD was not set: automatically set to currently defined standard 17
[1.314s] -- hpp-fcl FOUND. hpp-fcl at /opt/ros/jazzy/lib/x86_64-linux-gnu/libhpp-fcl.so
[1.322s] -- Found Boost: /usr/include (found version "1.83.0") found components: chrono serialization filesystem 
[1.324s] -- Minimal C++ standard upgraded to 14
[1.324s] -- C++ standard sufficient: Minimal required 14, currently defined: 17
[1.325s] -- C++ standard sufficient: Minimal required 14, currently defined: 17
[1.329s] -- Found qpOASES: /usr/local/include  
[1.329s] -- CasADi include: /usr/local/include
[1.329s] -- CasADi library: /usr/local/lib/libcasadi.so
[1.381s] -- Configuring done (1.4s)
[1.389s] -- Generating done (0.0s)
[1.391s] -- Build files have been written to: /home/zhang/self_project/arm_study_ws/build/robot_motion
[1.399s] Invoked command in '/home/zhang/self_project/arm_study_ws/build/robot_motion' returned '0': AMENT_PREFIX_PATH=/home/zhang/self_project/arm_study_ws/install/robot_msgs:${AMENT_PREFIX_PATH} CMAKE_PREFIX_PATH=/home/zhang/self_project/arm_study_ws/install/robot_msgs:/opt/ros/jazzy/opt/gz_sim_vendor:/opt/ros/jazzy/opt/gz_sensors_vendor:/opt/ros/jazzy/opt/gz_physics_vendor:/opt/ros/jazzy/opt/sdformat_vendor:/opt/ros/jazzy/opt/gz_gui_vendor:/opt/ros/jazzy/opt/gz_transport_vendor:/opt/ros/jazzy/opt/gz_rendering_vendor:/opt/ros/jazzy/opt/gz_plugin_vendor:/opt/ros/jazzy/opt/gz_fuel_tools_vendor:/opt/ros/jazzy/opt/gz_msgs_vendor:/opt/ros/jazzy/opt/gz_common_vendor:/opt/ros/jazzy/opt/gz_math_vendor:/opt/ros/jazzy/opt/gz_utils_vendor:/opt/ros/jazzy/opt/gz_tools_vendor:/opt/ros/jazzy/opt/gz_ogre_next_vendor:/opt/ros/jazzy/opt/gz_dartsim_vendor:/opt/ros/jazzy/opt/gz_cmake_vendor:/opt/ros/jazzy DEBUGINFOD_URLS=https://debuginfod.ubuntu.com LD_LIBRARY_PATH=/home/zhang/self_project/arm_study_ws/install/robot_msgs/lib:${LD_LIBRARY_PATH} PYTHONPATH=/home/zhang/self_project/arm_study_ws/install/robot_msgs/lib/python3.12/site-packages:${PYTHONPATH} /usr/bin/cmake /home/zhang/self_project/arm_study_ws/src/robot_motion -DCMAKE_INSTALL_PREFIX=/home/zhang/self_project/arm_study_ws/install/robot_motion
[1.399s] Invoking command in '/home/zhang/self_project/arm_study_ws/build/robot_motion': AMENT_PREFIX_PATH=/home/zhang/self_project/arm_study_ws/install/robot_msgs:${AMENT_PREFIX_PATH} CMAKE_PREFIX_PATH=/home/zhang/self_project/arm_study_ws/install/robot_msgs:/opt/ros/jazzy/opt/gz_sim_vendor:/opt/ros/jazzy/opt/gz_sensors_vendor:/opt/ros/jazzy/opt/gz_physics_vendor:/opt/ros/jazzy/opt/sdformat_vendor:/opt/ros/jazzy/opt/gz_gui_vendor:/opt/ros/jazzy/opt/gz_transport_vendor:/opt/ros/jazzy/opt/gz_rendering_vendor:/opt/ros/jazzy/opt/gz_plugin_vendor:/opt/ros/jazzy/opt/gz_fuel_tools_vendor:/opt/ros/jazzy/opt/gz_msgs_vendor:/opt/ros/jazzy/opt/gz_common_vendor:/opt/ros/jazzy/opt/gz_math_vendor:/opt/ros/jazzy/opt/gz_utils_vendor:/opt/ros/jazzy/opt/gz_tools_vendor:/opt/ros/jazzy/opt/gz_ogre_next_vendor:/opt/ros/jazzy/opt/gz_dartsim_vendor:/opt/ros/jazzy/opt/gz_cmake_vendor:/opt/ros/jazzy DEBUGINFOD_URLS=https://debuginfod.ubuntu.com LD_LIBRARY_PATH=/home/zhang/self_project/arm_study_ws/install/robot_msgs/lib:${LD_LIBRARY_PATH} PYTHONPATH=/home/zhang/self_project/arm_study_ws/install/robot_msgs/lib/python3.12/site-packages:${PYTHONPATH} /usr/bin/cmake --build /home/zhang/self_project/arm_study_ws/build/robot_motion -- -j20 -l20
[1.431s] [ 66%] [32mBuilding CXX object CMakeFiles/robot_motion.dir/src/nlp_ik.cpp.o[0m
[1.431s] [ 66%] [32mBuilding CXX object CMakeFiles/robot_motion.dir/src/pseudo_inverse_ik.cpp.o[0m
[28.184s] [100%] [32m[1mLinking CXX shared library librobot_motion.so[0m
[29.171s] [100%] Built target robot_motion
[29.177s] Invoked command in '/home/zhang/self_project/arm_study_ws/build/robot_motion' returned '0': AMENT_PREFIX_PATH=/home/zhang/self_project/arm_study_ws/install/robot_msgs:${AMENT_PREFIX_PATH} CMAKE_PREFIX_PATH=/home/zhang/self_project/arm_study_ws/install/robot_msgs:/opt/ros/jazzy/opt/gz_sim_vendor:/opt/ros/jazzy/opt/gz_sensors_vendor:/opt/ros/jazzy/opt/gz_physics_vendor:/opt/ros/jazzy/opt/sdformat_vendor:/opt/ros/jazzy/opt/gz_gui_vendor:/opt/ros/jazzy/opt/gz_transport_vendor:/opt/ros/jazzy/opt/gz_rendering_vendor:/opt/ros/jazzy/opt/gz_plugin_vendor:/opt/ros/jazzy/opt/gz_fuel_tools_vendor:/opt/ros/jazzy/opt/gz_msgs_vendor:/opt/ros/jazzy/opt/gz_common_vendor:/opt/ros/jazzy/opt/gz_math_vendor:/opt/ros/jazzy/opt/gz_utils_vendor:/opt/ros/jazzy/opt/gz_tools_vendor:/opt/ros/jazzy/opt/gz_ogre_next_vendor:/opt/ros/jazzy/opt/gz_dartsim_vendor:/opt/ros/jazzy/opt/gz_cmake_vendor:/opt/ros/jazzy DEBUGINFOD_URLS=https://debuginfod.ubuntu.com LD_LIBRARY_PATH=/home/zhang/self_project/arm_study_ws/install/robot_msgs/lib:${LD_LIBRARY_PATH} PYTHONPATH=/home/zhang/self_project/arm_study_ws/install/robot_msgs/lib/python3.12/site-packages:${PYTHONPATH} /usr/bin/cmake --build /home/zhang/self_project/arm_study_ws/build/robot_motion -- -j20 -l20
[29.178s] Invoking command in '/home/zhang/self_project/arm_study_ws/build/robot_motion': AMENT_PREFIX_PATH=/home/zhang/self_project/arm_study_ws/install/robot_msgs:${AMENT_PREFIX_PATH} CMAKE_PREFIX_PATH=/home/zhang/self_project/arm_study_ws/install/robot_msgs:/opt/ros/jazzy/opt/gz_sim_vendor:/opt/ros/jazzy/opt/gz_sensors_vendor:/opt/ros/jazzy/opt/gz_physics_vendor:/opt/ros/jazzy/opt/sdformat_vendor:/opt/ros/jazzy/opt/gz_gui_vendor:/opt/ros/jazzy/opt/gz_transport_vendor:/opt/ros/jazzy/opt/gz_rendering_vendor:/opt/ros/jazzy/opt/gz_plugin_vendor:/opt/ros/jazzy/opt/gz_fuel_tools_vendor:/opt/ros/jazzy/opt/gz_msgs_vendor:/opt/ros/jazzy/opt/gz_common_vendor:/opt/ros/jazzy/opt/gz_math_vendor:/opt/ros/jazzy/opt/gz_utils_vendor:/opt/ros/jazzy/opt/gz_tools_vendor:/opt/ros/jazzy/opt/gz_ogre_next_vendor:/opt/ros/jazzy/opt/gz_dartsim_vendor:/opt/ros/jazzy/opt/gz_cmake_vendor:/opt/ros/jazzy DEBUGINFOD_URLS=https://debuginfod.ubuntu.com LD_LIBRARY_PATH=/home/zhang/self_project/arm_study_ws/install/robot_msgs/lib:${LD_LIBRARY_PATH} PYTHONPATH=/home/zhang/self_project/arm_study_ws/install/robot_msgs/lib/python3.12/site-packages:${PYTHONPATH} /usr/bin/cmake --install /home/zhang/self_project/arm_study_ws/build/robot_motion
[29.183s] -- Install configuration: ""
[29.183s] -- Installing: /home/zhang/self_project/arm_study_ws/install/robot_motion/lib/librobot_motion.so
[29.202s] -- Set non-toolchain portion of runtime path of "/home/zhang/self_project/arm_study_ws/install/robot_motion/lib/librobot_motion.so" to ""
[29.202s] -- Installing: /home/zhang/self_project/arm_study_ws/install/robot_motion/include
[29.202s] -- Installing: /home/zhang/self_project/arm_study_ws/install/robot_motion/include/ik
[29.202s] -- Installing: /home/zhang/self_project/arm_study_ws/install/robot_motion/include/ik/nlp_ik.hpp
[29.202s] -- Installing: /home/zhang/self_project/arm_study_ws/install/robot_motion/include/ik/pseudo_inverse_ik.hpp
[29.202s] -- Installing: /home/zhang/self_project/arm_study_ws/install/robot_motion/share/robot_motion/cmake/robot_motionTargets.cmake
[29.202s] -- Installing: /home/zhang/self_project/arm_study_ws/install/robot_motion/share/robot_motion/cmake/robot_motionTargets-noconfig.cmake
[29.202s] -- Installing: /home/zhang/self_project/arm_study_ws/install/robot_motion/share/robot_motion/environment/library_path.sh
[29.202s] -- Installing: /home/zhang/self_project/arm_study_ws/install/robot_motion/share/robot_motion/environment/library_path.dsv
[29.202s] -- Installing: /home/zhang/self_project/arm_study_ws/install/robot_motion/share/ament_index/resource_index/package_run_dependencies/robot_motion
[29.202s] -- Installing: /home/zhang/self_project/arm_study_ws/install/robot_motion/share/ament_index/resource_index/parent_prefix_path/robot_motion
[29.202s] -- Installing: /home/zhang/self_project/arm_study_ws/install/robot_motion/share/robot_motion/environment/ament_prefix_path.sh
[29.203s] -- Installing: /home/zhang/self_project/arm_study_ws/install/robot_motion/share/robot_motion/environment/ament_prefix_path.dsv
[29.203s] -- Installing: /home/zhang/self_project/arm_study_ws/install/robot_motion/share/robot_motion/environment/path.sh
[29.203s] -- Installing: /home/zhang/self_project/arm_study_ws/install/robot_motion/share/robot_motion/environment/path.dsv
[29.203s] -- Installing: /home/zhang/self_project/arm_study_ws/install/robot_motion/share/robot_motion/local_setup.bash
[29.203s] -- Installing: /home/zhang/self_project/arm_study_ws/install/robot_motion/share/robot_motion/local_setup.sh
[29.203s] -- Installing: /home/zhang/self_project/arm_study_ws/install/robot_motion/share/robot_motion/local_setup.zsh
[29.203s] -- Installing: /home/zhang/self_project/arm_study_ws/install/robot_motion/share/robot_motion/local_setup.dsv
[29.203s] -- Installing: /home/zhang/self_project/arm_study_ws/install/robot_motion/share/robot_motion/package.dsv
[29.203s] -- Installing: /home/zhang/self_project/arm_study_ws/install/robot_motion/share/ament_index/resource_index/packages/robot_motion
[29.203s] -- Installing: /home/zhang/self_project/arm_study_ws/install/robot_motion/share/robot_motion/cmake/robot_motionTargetsExport.cmake
[29.203s] -- Installing: /home/zhang/self_project/arm_study_ws/install/robot_motion/share/robot_motion/cmake/robot_motionTargetsExport-noconfig.cmake
[29.203s] -- Installing: /home/zhang/self_project/arm_study_ws/install/robot_motion/share/robot_motion/cmake/ament_cmake_export_include_directories-extras.cmake
[29.203s] -- Installing: /home/zhang/self_project/arm_study_ws/install/robot_motion/share/robot_motion/cmake/ament_cmake_export_targets-extras.cmake
[29.203s] -- Installing: /home/zhang/self_project/arm_study_ws/install/robot_motion/share/robot_motion/cmake/ament_cmake_export_dependencies-extras.cmake
[29.203s] -- Installing: /home/zhang/self_project/arm_study_ws/install/robot_motion/share/robot_motion/cmake/robot_motionConfig.cmake
[29.203s] -- Installing: /home/zhang/self_project/arm_study_ws/install/robot_motion/share/robot_motion/cmake/robot_motionConfig-version.cmake
[29.203s] -- Installing: /home/zhang/self_project/arm_study_ws/install/robot_motion/share/robot_motion/package.xml
[29.205s] Invoked command in '/home/zhang/self_project/arm_study_ws/build/robot_motion' returned '0': AMENT_PREFIX_PATH=/home/zhang/self_project/arm_study_ws/install/robot_msgs:${AMENT_PREFIX_PATH} CMAKE_PREFIX_PATH=/home/zhang/self_project/arm_study_ws/install/robot_msgs:/opt/ros/jazzy/opt/gz_sim_vendor:/opt/ros/jazzy/opt/gz_sensors_vendor:/opt/ros/jazzy/opt/gz_physics_vendor:/opt/ros/jazzy/opt/sdformat_vendor:/opt/ros/jazzy/opt/gz_gui_vendor:/opt/ros/jazzy/opt/gz_transport_vendor:/opt/ros/jazzy/opt/gz_rendering_vendor:/opt/ros/jazzy/opt/gz_plugin_vendor:/opt/ros/jazzy/opt/gz_fuel_tools_vendor:/opt/ros/jazzy/opt/gz_msgs_vendor:/opt/ros/jazzy/opt/gz_common_vendor:/opt/ros/jazzy/opt/gz_math_vendor:/opt/ros/jazzy/opt/gz_utils_vendor:/opt/ros/jazzy/opt/gz_tools_vendor:/opt/ros/jazzy/opt/gz_ogre_next_vendor:/opt/ros/jazzy/opt/gz_dartsim_vendor:/opt/ros/jazzy/opt/gz_cmake_vendor:/opt/ros/jazzy DEBUGINFOD_URLS=https://debuginfod.ubuntu.com LD_LIBRARY_PATH=/home/zhang/self_project/arm_study_ws/install/robot_msgs/lib:${LD_LIBRARY_PATH} PYTHONPATH=/home/zhang/self_project/arm_study_ws/install/robot_msgs/lib/python3.12/site-packages:${PYTHONPATH} /usr/bin/cmake --install /home/zhang/self_project/arm_study_ws/build/robot_motion
