-- The C compiler identification is GNU 13.3.0
-- The CXX compiler identification is GNU 13.3.0
-- Detecting C compiler ABI info
-- Detecting C compiler ABI info - done
-- Check for working C compiler: /usr/bin/cc - skipped
-- Detecting C compile features
-- Detecting C compile features - done
-- Detecting CXX compiler ABI info
-- Detecting CXX compiler ABI info - done
-- Check for working CXX compiler: /usr/bin/c++ - skipped
-- Detecting CXX compile features
-- Detecting CXX compile features - done
-- Found ament_cmake: 2.5.6 (/opt/ros/jazzy/share/ament_cmake/cmake)
-- Found Python3: /usr/bin/python3 (found version "3.12.3") found components: Interpreter 
-- Found rosidl_default_generators: 1.6.1 (/opt/ros/jazzy/share/rosidl_default_generators/cmake)
-- Using all available rosidl_typesupport_c: rosidl_typesupport_fastrtps_c;rosidl_typesupport_introspection_c
-- Using all available rosidl_typesupport_cpp: rosidl_typesupport_fastrtps_cpp;rosidl_typesupport_introspection_cpp
-- Found rosidl_adapter: 4.6.9 (/opt/ros/jazzy/share/rosidl_adapter/cmake)
-- Found ament_cmake_ros: 0.12.1 (/opt/ros/jazzy/share/ament_cmake_ros/cmake)
-- Using all available rosidl_typesupport_c: rosidl_typesupport_fastrtps_c;rosidl_typesupport_introspection_c
-- Using all available rosidl_typesupport_cpp: rosidl_typesupport_fastrtps_cpp;rosidl_typesupport_introspection_cpp
-- Found python_cmake_module: 0.11.1 (/opt/ros/jazzy/share/python_cmake_module/cmake)
-- Found PythonExtra: /usr/bin/python3  
-- Found Python3: /usr/bin/python3 (found version "3.12.3") found components: Interpreter Development NumPy Development.Module Development.Embed 
-- Found Python3: /usr/bin/python3 (found version "3.12.3") found components: Interpreter 
-- Configuring done (7.0s)
-- Generating done (0.1s)
-- Build files have been written to: /home/zme/self_project/rebotArm_mujoco/build/robot_msgs
[  2%] [34m[1mGenerating Rust code for ROS interfaces[0m
[  5%] [34m[1mGenerating type hashes for ROS interfaces[0m
[  5%] Built target ament_cmake_python_copy_robot_msgs
[  5%] Built target robot_msgs__rosidl_generator_type_description
[  8%] [34m[1mGenerating C code for ROS interfaces[0m
[ 11%] [34m[1mGenerating C++ code for ROS interfaces[0m
running egg_info
creating robot_msgs.egg-info
writing robot_msgs.egg-info/PKG-INFO
writing dependency_links to robot_msgs.egg-info/dependency_links.txt
writing top-level names to robot_msgs.egg-info/top_level.txt
writing manifest file 'robot_msgs.egg-info/SOURCES.txt'
[ 11%] Built target robot_msgs__rs
reading manifest file 'robot_msgs.egg-info/SOURCES.txt'
writing manifest file 'robot_msgs.egg-info/SOURCES.txt'
[ 11%] Built target ament_cmake_python_build_robot_msgs_egg
[ 11%] Built target robot_msgs__cpp
[ 14%] [32mBuilding C object CMakeFiles/robot_msgs__rosidl_generator_c.dir/rosidl_generator_c/robot_msgs/msg/detail/arm_position_cmd__description.c.o[0m
[ 20%] [32mBuilding C object CMakeFiles/robot_msgs__rosidl_generator_c.dir/rosidl_generator_c/robot_msgs/msg/detail/arm_position_cmd__type_support.c.o[0m
[ 20%] [32mBuilding C object CMakeFiles/robot_msgs__rosidl_generator_c.dir/rosidl_generator_c/robot_msgs/msg/detail/arm_position_cmd__functions.c.o[0m
[ 22%] [32m[1mLinking C shared library librobot_msgs__rosidl_generator_c.so[0m
[ 22%] Built target robot_msgs__rosidl_generator_c
[ 25%] [34m[1mGenerating C++ introspection for ROS interfaces[0m
[ 31%] [34m[1mGenerating C type support dispatch for ROS interfaces[0m
[ 31%] [34m[1mGenerating C introspection for ROS interfaces[0m
[ 37%] [34m[1mGenerating C type support for eProsima Fast-RTPS[0m
[ 37%] [34m[1mGenerating C++ type support for eProsima Fast-RTPS[0m
[ 40%] [34m[1mGenerating C++ type support dispatch for ROS interfaces[0m
[ 42%] [32mBuilding CXX object CMakeFiles/robot_msgs__rosidl_typesupport_introspection_cpp.dir/rosidl_typesupport_introspection_cpp/robot_msgs/msg/detail/arm_position_cmd__type_support.cpp.o[0m
[ 45%] [32mBuilding C object CMakeFiles/robot_msgs__rosidl_typesupport_introspection_c.dir/rosidl_typesupport_introspection_c/robot_msgs/msg/detail/arm_position_cmd__type_support.c.o[0m
[ 48%] [32mBuilding CXX object CMakeFiles/robot_msgs__rosidl_typesupport_cpp.dir/rosidl_typesupport_cpp/robot_msgs/msg/arm_position_cmd__type_support.cpp.o[0m
[ 51%] [32mBuilding CXX object CMakeFiles/robot_msgs__rosidl_typesupport_c.dir/rosidl_typesupport_c/robot_msgs/msg/arm_position_cmd__type_support.cpp.o[0m
[ 54%] [32m[1mLinking C shared library librobot_msgs__rosidl_typesupport_introspection_c.so[0m
[ 57%] [32mBuilding CXX object CMakeFiles/robot_msgs__rosidl_typesupport_fastrtps_cpp.dir/rosidl_typesupport_fastrtps_cpp/robot_msgs/msg/detail/dds_fastrtps/arm_position_cmd__type_support.cpp.o[0m
[ 60%] [32m[1mLinking CXX shared library librobot_msgs__rosidl_typesupport_c.so[0m
[ 62%] [32mBuilding CXX object CMakeFiles/robot_msgs__rosidl_typesupport_fastrtps_c.dir/rosidl_typesupport_fastrtps_c/robot_msgs/msg/detail/arm_position_cmd__type_support_c.cpp.o[0m
[ 62%] Built target robot_msgs__rosidl_typesupport_introspection_c
[ 62%] Built target robot_msgs__rosidl_typesupport_c
[ 65%] [32m[1mLinking CXX shared library librobot_msgs__rosidl_typesupport_cpp.so[0m
[ 65%] Built target robot_msgs__rosidl_typesupport_cpp
[ 68%] [32m[1mLinking CXX shared library librobot_msgs__rosidl_typesupport_introspection_cpp.so[0m
[ 68%] Built target robot_msgs__rosidl_typesupport_introspection_cpp
[ 71%] [32m[1mLinking CXX shared library librobot_msgs__rosidl_typesupport_fastrtps_cpp.so[0m
[ 74%] [32m[1mLinking CXX shared library librobot_msgs__rosidl_typesupport_fastrtps_c.so[0m
[ 74%] Built target robot_msgs__rosidl_typesupport_fastrtps_cpp
[ 74%] Built target robot_msgs__rosidl_typesupport_fastrtps_c
[ 74%] Built target robot_msgs
[ 77%] [34m[1mGenerating Python code for ROS interfaces[0m
[ 77%] Built target robot_msgs__py
[ 80%] [32mBuilding C object CMakeFiles/robot_msgs__rosidl_generator_py.dir/rosidl_generator_py/robot_msgs/msg/_arm_position_cmd_s.c.o[0m
[ 82%] [32m[1mLinking C shared library librobot_msgs__rosidl_generator_py.so[0m
[ 82%] Built target robot_msgs__rosidl_generator_py
[ 85%] [32mBuilding C object CMakeFiles/robot_msgs_s__rosidl_typesupport_fastrtps_c.dir/rosidl_generator_py/robot_msgs/_robot_msgs_s.ep.rosidl_typesupport_fastrtps_c.c.o[0m
[ 88%] [32mBuilding C object CMakeFiles/robot_msgs_s__rosidl_typesupport_introspection_c.dir/rosidl_generator_py/robot_msgs/_robot_msgs_s.ep.rosidl_typesupport_introspection_c.c.o[0m
[ 91%] [32mBuilding C object CMakeFiles/robot_msgs_s__rosidl_typesupport_c.dir/rosidl_generator_py/robot_msgs/_robot_msgs_s.ep.rosidl_typesupport_c.c.o[0m
[ 94%] [32m[1mLinking C shared module rosidl_generator_py/robot_msgs/robot_msgs_s__rosidl_typesupport_fastrtps_c.so[0m
[ 97%] [32m[1mLinking C shared module rosidl_generator_py/robot_msgs/robot_msgs_s__rosidl_typesupport_c.so[0m
[100%] [32m[1mLinking C shared module rosidl_generator_py/robot_msgs/robot_msgs_s__rosidl_typesupport_introspection_c.so[0m
[100%] Built target robot_msgs_s__rosidl_typesupport_fastrtps_c
[100%] Built target robot_msgs_s__rosidl_typesupport_introspection_c
[100%] Built target robot_msgs_s__rosidl_typesupport_c
-- Install configuration: ""
-- Installing: /home/zme/self_project/rebotArm_mujoco/install/robot_msgs/share/ament_index/resource_index/rosidl_interfaces/robot_msgs
-- Installing: /home/zme/self_project/rebotArm_mujoco/install/robot_msgs/share/robot_msgs/msg/ArmPositionCmd.json
-- Installing: /home/zme/self_project/rebotArm_mujoco/install/robot_msgs/include/robot_msgs/robot_msgs
-- Installing: /home/zme/self_project/rebotArm_mujoco/install/robot_msgs/include/robot_msgs/robot_msgs/msg
-- Installing: /home/zme/self_project/rebotArm_mujoco/install/robot_msgs/include/robot_msgs/robot_msgs/msg/rosidl_generator_c__visibility_control.h
-- Installing: /home/zme/self_project/rebotArm_mujoco/install/robot_msgs/include/robot_msgs/robot_msgs/msg/arm_position_cmd.h
-- Installing: /home/zme/self_project/rebotArm_mujoco/install/robot_msgs/include/robot_msgs/robot_msgs/msg/detail
-- Installing: /home/zme/self_project/rebotArm_mujoco/install/robot_msgs/include/robot_msgs/robot_msgs/msg/detail/arm_position_cmd__functions.c
-- Installing: /home/zme/self_project/rebotArm_mujoco/install/robot_msgs/include/robot_msgs/robot_msgs/msg/detail/arm_position_cmd__struct.h
-- Installing: /home/zme/self_project/rebotArm_mujoco/install/robot_msgs/include/robot_msgs/robot_msgs/msg/detail/arm_position_cmd__description.c
-- Installing: /home/zme/self_project/rebotArm_mujoco/install/robot_msgs/include/robot_msgs/robot_msgs/msg/detail/arm_position_cmd__type_support.h
-- Installing: /home/zme/self_project/rebotArm_mujoco/install/robot_msgs/include/robot_msgs/robot_msgs/msg/detail/arm_position_cmd__functions.h
-- Installing: /home/zme/self_project/rebotArm_mujoco/install/robot_msgs/include/robot_msgs/robot_msgs/msg/detail/arm_position_cmd__type_support.c
-- Installing: /home/zme/self_project/rebotArm_mujoco/install/robot_msgs/share/robot_msgs/environment/library_path.sh
-- Installing: /home/zme/self_project/rebotArm_mujoco/install/robot_msgs/share/robot_msgs/environment/library_path.dsv
-- Installing: /home/zme/self_project/rebotArm_mujoco/install/robot_msgs/lib/librobot_msgs__rosidl_generator_c.so
-- Set non-toolchain portion of runtime path of "/home/zme/self_project/rebotArm_mujoco/install/robot_msgs/lib/librobot_msgs__rosidl_generator_c.so" to ""
-- Up-to-date: /home/zme/self_project/rebotArm_mujoco/install/robot_msgs/include/robot_msgs/robot_msgs
-- Up-to-date: /home/zme/self_project/rebotArm_mujoco/install/robot_msgs/include/robot_msgs/robot_msgs/msg
-- Installing: /home/zme/self_project/rebotArm_mujoco/install/robot_msgs/include/robot_msgs/robot_msgs/msg/rosidl_typesupport_fastrtps_c__visibility_control.h
-- Up-to-date: /home/zme/self_project/rebotArm_mujoco/install/robot_msgs/include/robot_msgs/robot_msgs/msg/detail
-- Installing: /home/zme/self_project/rebotArm_mujoco/install/robot_msgs/include/robot_msgs/robot_msgs/msg/detail/arm_position_cmd__rosidl_typesupport_fastrtps_c.h
-- Installing: /home/zme/self_project/rebotArm_mujoco/install/robot_msgs/lib/librobot_msgs__rosidl_typesupport_fastrtps_c.so
-- Set non-toolchain portion of runtime path of "/home/zme/self_project/rebotArm_mujoco/install/robot_msgs/lib/librobot_msgs__rosidl_typesupport_fastrtps_c.so" to ""
-- Up-to-date: /home/zme/self_project/rebotArm_mujoco/install/robot_msgs/include/robot_msgs/robot_msgs
-- Up-to-date: /home/zme/self_project/rebotArm_mujoco/install/robot_msgs/include/robot_msgs/robot_msgs/msg
-- Installing: /home/zme/self_project/rebotArm_mujoco/install/robot_msgs/include/robot_msgs/robot_msgs/msg/rosidl_typesupport_introspection_c__visibility_control.h
-- Up-to-date: /home/zme/self_project/rebotArm_mujoco/install/robot_msgs/include/robot_msgs/robot_msgs/msg/detail
-- Installing: /home/zme/self_project/rebotArm_mujoco/install/robot_msgs/include/robot_msgs/robot_msgs/msg/detail/arm_position_cmd__rosidl_typesupport_introspection_c.h
-- Installing: /home/zme/self_project/rebotArm_mujoco/install/robot_msgs/include/robot_msgs/robot_msgs/msg/detail/arm_position_cmd__type_support.c
-- Installing: /home/zme/self_project/rebotArm_mujoco/install/robot_msgs/lib/librobot_msgs__rosidl_typesupport_introspection_c.so
-- Set non-toolchain portion of runtime path of "/home/zme/self_project/rebotArm_mujoco/install/robot_msgs/lib/librobot_msgs__rosidl_typesupport_introspection_c.so" to ""
-- Installing: /home/zme/self_project/rebotArm_mujoco/install/robot_msgs/lib/librobot_msgs__rosidl_typesupport_c.so
-- Set non-toolchain portion of runtime path of "/home/zme/self_project/rebotArm_mujoco/install/robot_msgs/lib/librobot_msgs__rosidl_typesupport_c.so" to ""
-- Up-to-date: /home/zme/self_project/rebotArm_mujoco/install/robot_msgs/include/robot_msgs/robot_msgs
-- Up-to-date: /home/zme/self_project/rebotArm_mujoco/install/robot_msgs/include/robot_msgs/robot_msgs/msg
-- Installing: /home/zme/self_project/rebotArm_mujoco/install/robot_msgs/include/robot_msgs/robot_msgs/msg/rosidl_generator_cpp__visibility_control.hpp
-- Installing: /home/zme/self_project/rebotArm_mujoco/install/robot_msgs/include/robot_msgs/robot_msgs/msg/arm_position_cmd.hpp
-- Up-to-date: /home/zme/self_project/rebotArm_mujoco/install/robot_msgs/include/robot_msgs/robot_msgs/msg/detail
-- Installing: /home/zme/self_project/rebotArm_mujoco/install/robot_msgs/include/robot_msgs/robot_msgs/msg/detail/arm_position_cmd__traits.hpp
-- Installing: /home/zme/self_project/rebotArm_mujoco/install/robot_msgs/include/robot_msgs/robot_msgs/msg/detail/arm_position_cmd__struct.hpp
-- Installing: /home/zme/self_project/rebotArm_mujoco/install/robot_msgs/include/robot_msgs/robot_msgs/msg/detail/arm_position_cmd__type_support.hpp
-- Installing: /home/zme/self_project/rebotArm_mujoco/install/robot_msgs/include/robot_msgs/robot_msgs/msg/detail/arm_position_cmd__builder.hpp
-- Up-to-date: /home/zme/self_project/rebotArm_mujoco/install/robot_msgs/include/robot_msgs/robot_msgs
-- Up-to-date: /home/zme/self_project/rebotArm_mujoco/install/robot_msgs/include/robot_msgs/robot_msgs/msg
-- Installing: /home/zme/self_project/rebotArm_mujoco/install/robot_msgs/include/robot_msgs/robot_msgs/msg/rosidl_typesupport_fastrtps_cpp__visibility_control.h
-- Up-to-date: /home/zme/self_project/rebotArm_mujoco/install/robot_msgs/include/robot_msgs/robot_msgs/msg/detail
-- Installing: /home/zme/self_project/rebotArm_mujoco/install/robot_msgs/include/robot_msgs/robot_msgs/msg/detail/dds_fastrtps
-- Installing: /home/zme/self_project/rebotArm_mujoco/install/robot_msgs/include/robot_msgs/robot_msgs/msg/detail/arm_position_cmd__rosidl_typesupport_fastrtps_cpp.hpp
-- Installing: /home/zme/self_project/rebotArm_mujoco/install/robot_msgs/lib/librobot_msgs__rosidl_typesupport_fastrtps_cpp.so
-- Set non-toolchain portion of runtime path of "/home/zme/self_project/rebotArm_mujoco/install/robot_msgs/lib/librobot_msgs__rosidl_typesupport_fastrtps_cpp.so" to ""
-- Up-to-date: /home/zme/self_project/rebotArm_mujoco/install/robot_msgs/include/robot_msgs/robot_msgs
-- Up-to-date: /home/zme/self_project/rebotArm_mujoco/install/robot_msgs/include/robot_msgs/robot_msgs/msg
-- Up-to-date: /home/zme/self_project/rebotArm_mujoco/install/robot_msgs/include/robot_msgs/robot_msgs/msg/detail
-- Installing: /home/zme/self_project/rebotArm_mujoco/install/robot_msgs/include/robot_msgs/robot_msgs/msg/detail/arm_position_cmd__type_support.cpp
-- Installing: /home/zme/self_project/rebotArm_mujoco/install/robot_msgs/include/robot_msgs/robot_msgs/msg/detail/arm_position_cmd__rosidl_typesupport_introspection_cpp.hpp
-- Installing: /home/zme/self_project/rebotArm_mujoco/install/robot_msgs/lib/librobot_msgs__rosidl_typesupport_introspection_cpp.so
-- Set non-toolchain portion of runtime path of "/home/zme/self_project/rebotArm_mujoco/install/robot_msgs/lib/librobot_msgs__rosidl_typesupport_introspection_cpp.so" to ""
-- Installing: /home/zme/self_project/rebotArm_mujoco/install/robot_msgs/lib/librobot_msgs__rosidl_typesupport_cpp.so
-- Set non-toolchain portion of runtime path of "/home/zme/self_project/rebotArm_mujoco/install/robot_msgs/lib/librobot_msgs__rosidl_typesupport_cpp.so" to ""
-- Installing: /home/zme/self_project/rebotArm_mujoco/install/robot_msgs/share/robot_msgs/environment/pythonpath.sh
-- Installing: /home/zme/self_project/rebotArm_mujoco/install/robot_msgs/share/robot_msgs/environment/pythonpath.dsv
-- Installing: /home/zme/self_project/rebotArm_mujoco/install/robot_msgs/lib/python3.12/site-packages/robot_msgs-0.0.0-py3.12.egg-info
-- Installing: /home/zme/self_project/rebotArm_mujoco/install/robot_msgs/lib/python3.12/site-packages/robot_msgs-0.0.0-py3.12.egg-info/PKG-INFO
-- Installing: /home/zme/self_project/rebotArm_mujoco/install/robot_msgs/lib/python3.12/site-packages/robot_msgs-0.0.0-py3.12.egg-info/top_level.txt
-- Installing: /home/zme/self_project/rebotArm_mujoco/install/robot_msgs/lib/python3.12/site-packages/robot_msgs-0.0.0-py3.12.egg-info/dependency_links.txt
-- Installing: /home/zme/self_project/rebotArm_mujoco/install/robot_msgs/lib/python3.12/site-packages/robot_msgs-0.0.0-py3.12.egg-info/SOURCES.txt
-- Installing: /home/zme/self_project/rebotArm_mujoco/install/robot_msgs/lib/python3.12/site-packages/robot_msgs
-- Installing: /home/zme/self_project/rebotArm_mujoco/install/robot_msgs/lib/python3.12/site-packages/robot_msgs/_robot_msgs_s.ep.rosidl_typesupport_introspection_c.c
-- Installing: /home/zme/self_project/rebotArm_mujoco/install/robot_msgs/lib/python3.12/site-packages/robot_msgs/__init__.py
-- Installing: /home/zme/self_project/rebotArm_mujoco/install/robot_msgs/lib/python3.12/site-packages/robot_msgs/robot_msgs_s__rosidl_typesupport_c.so
-- Installing: /home/zme/self_project/rebotArm_mujoco/install/robot_msgs/lib/python3.12/site-packages/robot_msgs/robot_msgs_s__rosidl_typesupport_fastrtps_c.so
-- Installing: /home/zme/self_project/rebotArm_mujoco/install/robot_msgs/lib/python3.12/site-packages/robot_msgs/_robot_msgs_s.ep.rosidl_typesupport_fastrtps_c.c
-- Installing: /home/zme/self_project/rebotArm_mujoco/install/robot_msgs/lib/python3.12/site-packages/robot_msgs/msg
-- Installing: /home/zme/self_project/rebotArm_mujoco/install/robot_msgs/lib/python3.12/site-packages/robot_msgs/msg/__init__.py
-- Installing: /home/zme/self_project/rebotArm_mujoco/install/robot_msgs/lib/python3.12/site-packages/robot_msgs/msg/_arm_position_cmd.py
-- Installing: /home/zme/self_project/rebotArm_mujoco/install/robot_msgs/lib/python3.12/site-packages/robot_msgs/msg/_arm_position_cmd_s.c
-- Installing: /home/zme/self_project/rebotArm_mujoco/install/robot_msgs/lib/python3.12/site-packages/robot_msgs/robot_msgs_s__rosidl_typesupport_introspection_c.so
-- Installing: /home/zme/self_project/rebotArm_mujoco/install/robot_msgs/lib/python3.12/site-packages/robot_msgs/_robot_msgs_s.ep.rosidl_typesupport_c.c
Listing '/home/zme/self_project/rebotArm_mujoco/install/robot_msgs/lib/python3.12/site-packages/robot_msgs'...
Compiling '/home/zme/self_project/rebotArm_mujoco/install/robot_msgs/lib/python3.12/site-packages/robot_msgs/__init__.py'...
Listing '/home/zme/self_project/rebotArm_mujoco/install/robot_msgs/lib/python3.12/site-packages/robot_msgs/msg'...
Compiling '/home/zme/self_project/rebotArm_mujoco/install/robot_msgs/lib/python3.12/site-packages/robot_msgs/msg/__init__.py'...
Compiling '/home/zme/self_project/rebotArm_mujoco/install/robot_msgs/lib/python3.12/site-packages/robot_msgs/msg/_arm_position_cmd.py'...
-- Installing: /home/zme/self_project/rebotArm_mujoco/install/robot_msgs/lib/python3.12/site-packages/robot_msgs/robot_msgs_s__rosidl_typesupport_fastrtps_c.so
-- Set non-toolchain portion of runtime path of "/home/zme/self_project/rebotArm_mujoco/install/robot_msgs/lib/python3.12/site-packages/robot_msgs/robot_msgs_s__rosidl_typesupport_fastrtps_c.so" to ""
-- Installing: /home/zme/self_project/rebotArm_mujoco/install/robot_msgs/lib/python3.12/site-packages/robot_msgs/robot_msgs_s__rosidl_typesupport_introspection_c.so
-- Set non-toolchain portion of runtime path of "/home/zme/self_project/rebotArm_mujoco/install/robot_msgs/lib/python3.12/site-packages/robot_msgs/robot_msgs_s__rosidl_typesupport_introspection_c.so" to ""
-- Installing: /home/zme/self_project/rebotArm_mujoco/install/robot_msgs/lib/python3.12/site-packages/robot_msgs/robot_msgs_s__rosidl_typesupport_c.so
-- Set non-toolchain portion of runtime path of "/home/zme/self_project/rebotArm_mujoco/install/robot_msgs/lib/python3.12/site-packages/robot_msgs/robot_msgs_s__rosidl_typesupport_c.so" to ""
-- Installing: /home/zme/self_project/rebotArm_mujoco/install/robot_msgs/lib/librobot_msgs__rosidl_generator_py.so
-- Set non-toolchain portion of runtime path of "/home/zme/self_project/rebotArm_mujoco/install/robot_msgs/lib/librobot_msgs__rosidl_generator_py.so" to ""
-- Installing: /home/zme/self_project/rebotArm_mujoco/install/robot_msgs/share/ament_index/resource_index/rust_packages/robot_msgs
-- Installing: /home/zme/self_project/rebotArm_mujoco/install/robot_msgs/share/robot_msgs/rust
-- Installing: /home/zme/self_project/rebotArm_mujoco/install/robot_msgs/share/robot_msgs/rust/Cargo.toml
-- Installing: /home/zme/self_project/rebotArm_mujoco/install/robot_msgs/share/robot_msgs/rust/src
-- Installing: /home/zme/self_project/rebotArm_mujoco/install/robot_msgs/share/robot_msgs/rust/src/msg.rs
-- Installing: /home/zme/self_project/rebotArm_mujoco/install/robot_msgs/share/robot_msgs/rust/src/msg
-- Installing: /home/zme/self_project/rebotArm_mujoco/install/robot_msgs/share/robot_msgs/rust/src/msg/rmw.rs
-- Installing: /home/zme/self_project/rebotArm_mujoco/install/robot_msgs/share/robot_msgs/rust/src/lib.rs
-- Installing: /home/zme/self_project/rebotArm_mujoco/install/robot_msgs/share/robot_msgs/rust/build.rs
-- Installing: /home/zme/self_project/rebotArm_mujoco/install/robot_msgs/share/robot_msgs/msg/ArmPositionCmd.idl
-- Installing: /home/zme/self_project/rebotArm_mujoco/install/robot_msgs/share/robot_msgs/msg/ArmPositionCmd.msg
-- Installing: /home/zme/self_project/rebotArm_mujoco/install/robot_msgs/share/ament_index/resource_index/package_run_dependencies/robot_msgs
-- Installing: /home/zme/self_project/rebotArm_mujoco/install/robot_msgs/share/ament_index/resource_index/parent_prefix_path/robot_msgs
-- Installing: /home/zme/self_project/rebotArm_mujoco/install/robot_msgs/share/robot_msgs/environment/ament_prefix_path.sh
-- Installing: /home/zme/self_project/rebotArm_mujoco/install/robot_msgs/share/robot_msgs/environment/ament_prefix_path.dsv
-- Installing: /home/zme/self_project/rebotArm_mujoco/install/robot_msgs/share/robot_msgs/environment/path.sh
-- Installing: /home/zme/self_project/rebotArm_mujoco/install/robot_msgs/share/robot_msgs/environment/path.dsv
-- Installing: /home/zme/self_project/rebotArm_mujoco/install/robot_msgs/share/robot_msgs/local_setup.bash
-- Installing: /home/zme/self_project/rebotArm_mujoco/install/robot_msgs/share/robot_msgs/local_setup.sh
-- Installing: /home/zme/self_project/rebotArm_mujoco/install/robot_msgs/share/robot_msgs/local_setup.zsh
-- Installing: /home/zme/self_project/rebotArm_mujoco/install/robot_msgs/share/robot_msgs/local_setup.dsv
-- Installing: /home/zme/self_project/rebotArm_mujoco/install/robot_msgs/share/robot_msgs/package.dsv
-- Installing: /home/zme/self_project/rebotArm_mujoco/install/robot_msgs/share/ament_index/resource_index/packages/robot_msgs
-- Installing: /home/zme/self_project/rebotArm_mujoco/install/robot_msgs/share/robot_msgs/cmake/export_robot_msgs__rosidl_generator_cExport.cmake
-- Installing: /home/zme/self_project/rebotArm_mujoco/install/robot_msgs/share/robot_msgs/cmake/export_robot_msgs__rosidl_generator_cExport-noconfig.cmake
-- Installing: /home/zme/self_project/rebotArm_mujoco/install/robot_msgs/share/robot_msgs/cmake/export_robot_msgs__rosidl_typesupport_fastrtps_cExport.cmake
-- Installing: /home/zme/self_project/rebotArm_mujoco/install/robot_msgs/share/robot_msgs/cmake/export_robot_msgs__rosidl_typesupport_fastrtps_cExport-noconfig.cmake
-- Installing: /home/zme/self_project/rebotArm_mujoco/install/robot_msgs/share/robot_msgs/cmake/robot_msgs__rosidl_typesupport_introspection_cExport.cmake
-- Installing: /home/zme/self_project/rebotArm_mujoco/install/robot_msgs/share/robot_msgs/cmake/robot_msgs__rosidl_typesupport_introspection_cExport-noconfig.cmake
-- Installing: /home/zme/self_project/rebotArm_mujoco/install/robot_msgs/share/robot_msgs/cmake/robot_msgs__rosidl_typesupport_cExport.cmake
-- Installing: /home/zme/self_project/rebotArm_mujoco/install/robot_msgs/share/robot_msgs/cmake/robot_msgs__rosidl_typesupport_cExport-noconfig.cmake
-- Installing: /home/zme/self_project/rebotArm_mujoco/install/robot_msgs/share/robot_msgs/cmake/export_robot_msgs__rosidl_generator_cppExport.cmake
-- Installing: /home/zme/self_project/rebotArm_mujoco/install/robot_msgs/share/robot_msgs/cmake/export_robot_msgs__rosidl_typesupport_fastrtps_cppExport.cmake
-- Installing: /home/zme/self_project/rebotArm_mujoco/install/robot_msgs/share/robot_msgs/cmake/export_robot_msgs__rosidl_typesupport_fastrtps_cppExport-noconfig.cmake
-- Installing: /home/zme/self_project/rebotArm_mujoco/install/robot_msgs/share/robot_msgs/cmake/robot_msgs__rosidl_typesupport_introspection_cppExport.cmake
-- Installing: /home/zme/self_project/rebotArm_mujoco/install/robot_msgs/share/robot_msgs/cmake/robot_msgs__rosidl_typesupport_introspection_cppExport-noconfig.cmake
-- Installing: /home/zme/self_project/rebotArm_mujoco/install/robot_msgs/share/robot_msgs/cmake/robot_msgs__rosidl_typesupport_cppExport.cmake
-- Installing: /home/zme/self_project/rebotArm_mujoco/install/robot_msgs/share/robot_msgs/cmake/robot_msgs__rosidl_typesupport_cppExport-noconfig.cmake
-- Installing: /home/zme/self_project/rebotArm_mujoco/install/robot_msgs/share/robot_msgs/cmake/export_robot_msgs__rosidl_generator_pyExport.cmake
-- Installing: /home/zme/self_project/rebotArm_mujoco/install/robot_msgs/share/robot_msgs/cmake/export_robot_msgs__rosidl_generator_pyExport-noconfig.cmake
-- Installing: /home/zme/self_project/rebotArm_mujoco/install/robot_msgs/share/robot_msgs/cmake/rosidl_cmake-extras.cmake
-- Installing: /home/zme/self_project/rebotArm_mujoco/install/robot_msgs/share/robot_msgs/cmake/ament_cmake_export_include_directories-extras.cmake
-- Installing: /home/zme/self_project/rebotArm_mujoco/install/robot_msgs/share/robot_msgs/cmake/ament_cmake_export_libraries-extras.cmake
-- Installing: /home/zme/self_project/rebotArm_mujoco/install/robot_msgs/share/robot_msgs/cmake/ament_cmake_export_targets-extras.cmake
-- Installing: /home/zme/self_project/rebotArm_mujoco/install/robot_msgs/share/robot_msgs/cmake/rosidl_cmake_export_typesupport_targets-extras.cmake
-- Installing: /home/zme/self_project/rebotArm_mujoco/install/robot_msgs/share/robot_msgs/cmake/ament_cmake_export_dependencies-extras.cmake
-- Installing: /home/zme/self_project/rebotArm_mujoco/install/robot_msgs/share/robot_msgs/cmake/rosidl_cmake_export_typesupport_libraries-extras.cmake
-- Installing: /home/zme/self_project/rebotArm_mujoco/install/robot_msgs/share/robot_msgs/cmake/rosidl_cmake_aggregate_target-extras.cmake
-- Installing: /home/zme/self_project/rebotArm_mujoco/install/robot_msgs/share/robot_msgs/cmake/robot_msgsConfig.cmake
-- Installing: /home/zme/self_project/rebotArm_mujoco/install/robot_msgs/share/robot_msgs/cmake/robot_msgsConfig-version.cmake
-- Installing: /home/zme/self_project/rebotArm_mujoco/install/robot_msgs/share/robot_msgs/package.xml
