[0.004s] Invoking command in '/home/zhang/self_project/arm_study_ws/build/rebot_description': CMAKE_PREFIX_PATH=${CMAKE_PREFIX_PATH}:/opt/ros/jazzy CONDA_PROMPT_MODIFIER=(base) DEBUGINFOD_URLS=https://debuginfod.ubuntu.com /usr/bin/cmake --build /home/zhang/self_project/arm_study_ws/build/rebot_description -- -j20 -l20
[0.027s] Invoked command in '/home/zhang/self_project/arm_study_ws/build/rebot_description' returned '0': CMAKE_PREFIX_PATH=${CMAKE_PREFIX_PATH}:/opt/ros/jazzy CONDA_PROMPT_MODIFIER=(base) DEBUGINFOD_URLS=https://debuginfod.ubuntu.com /usr/bin/cmake --build /home/zhang/self_project/arm_study_ws/build/rebot_description -- -j20 -l20
[0.032s] Invoking command in '/home/zhang/self_project/arm_study_ws/build/rebot_description': CMAKE_PREFIX_PATH=${CMAKE_PREFIX_PATH}:/opt/ros/jazzy CONDA_PROMPT_MODIFIER=(base) DEBUGINFOD_URLS=https://debuginfod.ubuntu.com /usr/bin/cmake --install /home/zhang/self_project/arm_study_ws/build/rebot_description
[0.037s] -- Install configuration: ""
[0.037s] -- Up-to-date: /home/zhang/self_project/arm_study_ws/install/rebot_description/lib/rebot_description/arm_mujoco_node.py
[0.037s] -- Up-to-date: /home/zhang/self_project/arm_study_ws/install/rebot_description/share/rebot_description/urdf
[0.037s] -- Up-to-date: /home/zhang/self_project/arm_study_ws/install/rebot_description/share/rebot_description/urdf/reBot_DevArm_fixend.xml
[0.037s] -- Up-to-date: /home/zhang/self_project/arm_study_ws/install/rebot_description/share/rebot_description/urdf/meshes_rs
[0.037s] -- Up-to-date: /home/zhang/self_project/arm_study_ws/install/rebot_description/share/rebot_description/urdf/meshes_rs/pla2_green.STL
[0.037s] -- Up-to-date: /home/zhang/self_project/arm_study_ws/install/rebot_description/share/rebot_description/urdf/meshes_rs/pla2_black.STL
[0.037s] -- Up-to-date: /home/zhang/self_project/arm_study_ws/install/rebot_description/share/rebot_description/urdf/meshes_rs/motor_2_3.STL
[0.037s] -- Up-to-date: /home/zhang/self_project/arm_study_ws/install/rebot_description/share/rebot_description/urdf/meshes_rs/gripper_end.STL
[0.037s] -- Up-to-date: /home/zhang/self_project/arm_study_ws/install/rebot_description/share/rebot_description/urdf/meshes_rs/link2.STL
[0.037s] -- Up-to-date: /home/zhang/self_project/arm_study_ws/install/rebot_description/share/rebot_description/urdf/meshes_rs/cnc_right.STL
[0.037s] -- Up-to-date: /home/zhang/self_project/arm_study_ws/install/rebot_description/share/rebot_description/urdf/meshes_rs/link3.STL
[0.037s] -- Up-to-date: /home/zhang/self_project/arm_study_ws/install/rebot_description/share/rebot_description/urdf/meshes_rs/pla7_green.STL
[0.037s] -- Up-to-date: /home/zhang/self_project/arm_study_ws/install/rebot_description/share/rebot_description/urdf/meshes_rs/link1.STL
[0.037s] -- Up-to-date: /home/zhang/self_project/arm_study_ws/install/rebot_description/share/rebot_description/urdf/meshes_rs/pla5_green.STL
[0.037s] -- Up-to-date: /home/zhang/self_project/arm_study_ws/install/rebot_description/share/rebot_description/urdf/meshes_rs/cnc3.STL
[0.037s] -- Up-to-date: /home/zhang/self_project/arm_study_ws/install/rebot_description/share/rebot_description/urdf/meshes_rs/motor_6.STL
[0.037s] -- Up-to-date: /home/zhang/self_project/arm_study_ws/install/rebot_description/share/rebot_description/urdf/meshes_rs/link5.STL
[0.037s] -- Up-to-date: /home/zhang/self_project/arm_study_ws/install/rebot_description/share/rebot_description/urdf/meshes_rs/base_link.STL
[0.037s] -- Up-to-date: /home/zhang/self_project/arm_study_ws/install/rebot_description/share/rebot_description/urdf/meshes_rs/pla3_green.STL
[0.038s] -- Up-to-date: /home/zhang/self_project/arm_study_ws/install/rebot_description/share/rebot_description/urdf/meshes_rs/motor_5.STL
[0.038s] -- Up-to-date: /home/zhang/self_project/arm_study_ws/install/rebot_description/share/rebot_description/urdf/meshes_rs/cnc7.STL
[0.038s] -- Up-to-date: /home/zhang/self_project/arm_study_ws/install/rebot_description/share/rebot_description/urdf/meshes_rs/pla3_black.STL
[0.038s] -- Up-to-date: /home/zhang/self_project/arm_study_ws/install/rebot_description/share/rebot_description/urdf/meshes_rs/motor_4.STL
[0.038s] -- Up-to-date: /home/zhang/self_project/arm_study_ws/install/rebot_description/share/rebot_description/urdf/meshes_rs/cnc4.STL
[0.038s] -- Up-to-date: /home/zhang/self_project/arm_study_ws/install/rebot_description/share/rebot_description/urdf/meshes_rs/cnc_left.STL
[0.038s] -- Up-to-date: /home/zhang/self_project/arm_study_ws/install/rebot_description/share/rebot_description/urdf/meshes_rs/link4.STL
[0.038s] -- Up-to-date: /home/zhang/self_project/arm_study_ws/install/rebot_description/share/rebot_description/urdf/meshes_rs/pla_right.STL
[0.038s] -- Up-to-date: /home/zhang/self_project/arm_study_ws/install/rebot_description/share/rebot_description/urdf/meshes_rs/gripper_right.STL
[0.038s] -- Up-to-date: /home/zhang/self_project/arm_study_ws/install/rebot_description/share/rebot_description/urdf/meshes_rs/cnc2.STL
[0.038s] -- Up-to-date: /home/zhang/self_project/arm_study_ws/install/rebot_description/share/rebot_description/urdf/meshes_rs/pla_left.STL
[0.038s] -- Up-to-date: /home/zhang/self_project/arm_study_ws/install/rebot_description/share/rebot_description/urdf/meshes_rs/cnc5.STL
[0.038s] -- Up-to-date: /home/zhang/self_project/arm_study_ws/install/rebot_description/share/rebot_description/urdf/meshes_rs/gripper_left.STL
[0.038s] -- Up-to-date: /home/zhang/self_project/arm_study_ws/install/rebot_description/share/rebot_description/urdf/meshes_rs/link6.STL
[0.038s] -- Up-to-date: /home/zhang/self_project/arm_study_ws/install/rebot_description/share/rebot_description/urdf/meshes_rs/motor_7.STL
[0.038s] -- Up-to-date: /home/zhang/self_project/arm_study_ws/install/rebot_description/share/rebot_description/urdf/meshes
[0.038s] -- Up-to-date: /home/zhang/self_project/arm_study_ws/install/rebot_description/share/rebot_description/urdf/meshes/link3.stl
[0.038s] -- Up-to-date: /home/zhang/self_project/arm_study_ws/install/rebot_description/share/rebot_description/urdf/meshes/end_link.stl
[0.038s] -- Up-to-date: /home/zhang/self_project/arm_study_ws/install/rebot_description/share/rebot_description/urdf/meshes/link2.stl
[0.038s] -- Up-to-date: /home/zhang/self_project/arm_study_ws/install/rebot_description/share/rebot_description/urdf/meshes/link1.stl
[0.038s] -- Up-to-date: /home/zhang/self_project/arm_study_ws/install/rebot_description/share/rebot_description/urdf/meshes/link5.stl
[0.038s] -- Up-to-date: /home/zhang/self_project/arm_study_ws/install/rebot_description/share/rebot_description/urdf/meshes/link4.stl
[0.038s] -- Up-to-date: /home/zhang/self_project/arm_study_ws/install/rebot_description/share/rebot_description/urdf/meshes/base_link.stl
[0.038s] -- Up-to-date: /home/zhang/self_project/arm_study_ws/install/rebot_description/share/rebot_description/urdf/meshes/link6.stl
[0.038s] -- Up-to-date: /home/zhang/self_project/arm_study_ws/install/rebot_description/share/rebot_description/urdf/reBot_B601_DM_with_gripper.urdf
[0.038s] -- Up-to-date: /home/zhang/self_project/arm_study_ws/install/rebot_description/share/rebot_description/urdf/00-arm-rs_asm-v3.urdf
[0.038s] -- Up-to-date: /home/zhang/self_project/arm_study_ws/install/rebot_description/share/rebot_description/urdf/reBot_B601_DM_with_gripper.xml
[0.038s] -- Up-to-date: /home/zhang/self_project/arm_study_ws/install/rebot_description/share/rebot_description/urdf/meshes_b601_gripper
[0.038s] -- Up-to-date: /home/zhang/self_project/arm_study_ws/install/rebot_description/share/rebot_description/urdf/meshes_b601_gripper/link2.STL
[0.038s] -- Up-to-date: /home/zhang/self_project/arm_study_ws/install/rebot_description/share/rebot_description/urdf/meshes_b601_gripper/link3.STL
[0.038s] -- Up-to-date: /home/zhang/self_project/arm_study_ws/install/rebot_description/share/rebot_description/urdf/meshes_b601_gripper/gripper_link.STL
[0.038s] -- Up-to-date: /home/zhang/self_project/arm_study_ws/install/rebot_description/share/rebot_description/urdf/meshes_b601_gripper/link1.STL
[0.038s] -- Up-to-date: /home/zhang/self_project/arm_study_ws/install/rebot_description/share/rebot_description/urdf/meshes_b601_gripper/link5.STL
[0.038s] -- Up-to-date: /home/zhang/self_project/arm_study_ws/install/rebot_description/share/rebot_description/urdf/meshes_b601_gripper/base_link.STL
[0.038s] -- Up-to-date: /home/zhang/self_project/arm_study_ws/install/rebot_description/share/rebot_description/urdf/meshes_b601_gripper/link4.STL
[0.038s] -- Up-to-date: /home/zhang/self_project/arm_study_ws/install/rebot_description/share/rebot_description/urdf/meshes_b601_gripper/gripper_right.STL
[0.038s] -- Up-to-date: /home/zhang/self_project/arm_study_ws/install/rebot_description/share/rebot_description/urdf/meshes_b601_gripper/gripper_left.STL
[0.038s] -- Up-to-date: /home/zhang/self_project/arm_study_ws/install/rebot_description/share/rebot_description/urdf/meshes_b601_gripper/link6.STL
[0.038s] -- Up-to-date: /home/zhang/self_project/arm_study_ws/install/rebot_description/share/rebot_description/urdf/reBot-DevArm_fixend.urdf
[0.038s] -- Up-to-date: /home/zhang/self_project/arm_study_ws/install/rebot_description/share/rebot_description/script
[0.038s] -- Up-to-date: /home/zhang/self_project/arm_study_ws/install/rebot_description/share/rebot_description/script/arm_mujoco_node.py
[0.038s] -- Up-to-date: /home/zhang/self_project/arm_study_ws/install/rebot_description/share/ament_index/resource_index/package_run_dependencies/rebot_description
[0.039s] -- Up-to-date: /home/zhang/self_project/arm_study_ws/install/rebot_description/share/ament_index/resource_index/parent_prefix_path/rebot_description
[0.039s] -- Up-to-date: /home/zhang/self_project/arm_study_ws/install/rebot_description/share/rebot_description/environment/ament_prefix_path.sh
[0.039s] -- Up-to-date: /home/zhang/self_project/arm_study_ws/install/rebot_description/share/rebot_description/environment/ament_prefix_path.dsv
[0.039s] -- Up-to-date: /home/zhang/self_project/arm_study_ws/install/rebot_description/share/rebot_description/environment/path.sh
[0.039s] -- Up-to-date: /home/zhang/self_project/arm_study_ws/install/rebot_description/share/rebot_description/environment/path.dsv
[0.039s] -- Up-to-date: /home/zhang/self_project/arm_study_ws/install/rebot_description/share/rebot_description/local_setup.bash
[0.039s] -- Up-to-date: /home/zhang/self_project/arm_study_ws/install/rebot_description/share/rebot_description/local_setup.sh
[0.039s] -- Up-to-date: /home/zhang/self_project/arm_study_ws/install/rebot_description/share/rebot_description/local_setup.zsh
[0.039s] -- Up-to-date: /home/zhang/self_project/arm_study_ws/install/rebot_description/share/rebot_description/local_setup.dsv
[0.039s] -- Installing: /home/zhang/self_project/arm_study_ws/install/rebot_description/share/rebot_description/package.dsv
[0.039s] -- Up-to-date: /home/zhang/self_project/arm_study_ws/install/rebot_description/share/ament_index/resource_index/packages/rebot_description
[0.039s] -- Up-to-date: /home/zhang/self_project/arm_study_ws/install/rebot_description/share/rebot_description/cmake/rebot_descriptionConfig.cmake
[0.039s] -- Up-to-date: /home/zhang/self_project/arm_study_ws/install/rebot_description/share/rebot_description/cmake/rebot_descriptionConfig-version.cmake
[0.039s] -- Up-to-date: /home/zhang/self_project/arm_study_ws/install/rebot_description/share/rebot_description/package.xml
[0.039s] Invoked command in '/home/zhang/self_project/arm_study_ws/build/rebot_description' returned '0': CMAKE_PREFIX_PATH=${CMAKE_PREFIX_PATH}:/opt/ros/jazzy CONDA_PROMPT_MODIFIER=(base) DEBUGINFOD_URLS=https://debuginfod.ubuntu.com /usr/bin/cmake --install /home/zhang/self_project/arm_study_ws/build/rebot_description
